softscope_measurement_editor   ../csh/softsco9.html#softscope_measurement_editor
softscope_channel_display   ../csh/softsco8.html#softscope_channel_display
softscope_channel_properties   ../csh/softsco7.html#softscope_channel_properties
.BufferSize   ../csh/softsco7.html#BufferSize
.Color   ../csh/softsco7.html#Color
.Enabled   ../csh/softsco7.html#Enabled
.Expression   ../csh/softsco7.html#Expression
.Marker   ../csh/softsco7.html#Marker
.MarkerEdgeColor   ../csh/softsco7.html#MarkerEdgeColor
.MarkerFaceColor   ../csh/softsco7.html#MarkerFaceColor
.MarkerInterval   ../csh/softsco7.html#MarkerInterval
.MarkerSize   ../csh/softsco7.html#MarkerSize
.Name   ../csh/softsco7.html#Name
.ShowAsScientific   ../csh/softsco7.html#ShowAsScientific
.ShowIndicator   ../csh/softsco7.html#ShowIndicator
.ShowSequenceTriggers   ../csh/softsco7.html#ShowSequenceTriggers
.ShowVerticalValue   ../csh/softsco7.html#ShowVerticalValue
.Style   ../csh/softsco7.html#Style
.VerticalOffset   ../csh/softsco7.html#VerticalOffset
.VerticalScale   ../csh/softsco7.html#VerticalScale
.VerticalUnits   ../csh/softsco7.html#VerticalUnits
softscope_channel   ../csh/softsco6.html#softscope_channel
softscope_channel_editor   ../csh/softsco5.html#softscope_channel_editor
softscope_scope_properties   ../csh/softsco4.html#softscope_scope_properties
.Color   ../csh/softsco4.html#Color
.DataTipHitRange   ../csh/softsco4.html#DataTipHitRange
.HorizontalOffset   ../csh/softsco4.html#HorizontalOffset
.HorizontalOffsetSensitivity   ../csh/softsco4.html#HorizontalOffsetSensitivity
.HorizontalScale   ../csh/softsco4.html#HorizontalScale
.HorizontalScaleSensitivity   ../csh/softsco4.html#HorizontalScaleSensitivity
.HorizontalUnits   ../csh/softsco4.html#HorizontalUnits
.Layer   ../csh/softsco4.html#Layer
.Name   ../csh/softsco4.html#Name
.PixelsPerDivision   ../csh/softsco4.html#PixelsPerDivision
.ShowAsScientific   ../csh/softsco4.html#ShowAsScientific
.ShowDataTip   ../csh/softsco4.html#ShowDataTip
.ShowHorizontalValue   ../csh/softsco4.html#ShowHorizontalValue
.ShowName   ../csh/softsco4.html#ShowName
.VerticalOffsetSensitivity   ../csh/softsco4.html#VerticalOffsetSensitivity
.VerticalScaleSensitivity   ../csh/softsco4.html#VerticalScaleSensitivity
.XGrid   ../csh/softsco4.html#XGrid
.XGridColor   ../csh/softsco4.html#XGridColor
.XMinorGrid   ../csh/softsco4.html#XMinorGrid
.XTickColor   ../csh/softsco4.html#XTickColor
.YGrid   ../csh/softsco4.html#YGrid
.YGridColor   ../csh/softsco4.html#YGridColor
.YMinorGrid   ../csh/softsco4.html#YMinorGrid
.YTickColor   ../csh/softsco4.html#YTickColor
softscope_scope   ../csh/softsco3.html#softscope_scope
softscope_scope_editor   ../csh/softsco2.html#softscope_scope_editor
softscope_hardware_configuration   ../csh/softsc15.html#softscope_hardware_configuration
softscope_measurement_exporter   ../csh/softsc14.html#softscope_measurement_exporter
softscope_channel_exporter   ../csh/softsc13.html#softscope_channel_exporter
softscope_measurement_type   ../csh/softsc12.html#softscope_measurement_type
softscope_measurement_properties   ../csh/softsc11.html#softscope_measurement_properties
.BufferSize   ../csh/softsc11.html#BufferSize
.Color   ../csh/softsc11.html#Color
.DrawValueAlways   ../csh/softsc11.html#DrawValueAlways
.Enabled   ../csh/softsc11.html#Enabled
.Expression   ../csh/softsc11.html#Expression
.HorizontalAlignment   ../csh/softsc11.html#HorizontalAlignment
.Label   ../csh/softsc11.html#Label
.SelectedColor   ../csh/softsc11.html#SelectedColor
.VerticalAlignment   ../csh/softsc11.html#VerticalAlignment
softscope_measurement   ../csh/softsc10.html#softscope_measurement
