optim_tutorial   ../optim/tutorial.html#optim_tutorial
avoiding_global   ../optim/tutori14.html#avoiding_global
fsolve_analytic_jacobian_example   ../optim/tutori15.html#fsolve_analytic_jacobian_example
large_scale_examples   ../optim/tutori18.html#large_scale_examples
output_function   ../optim/tutori38.html#output_function
optim_medium_scale   ../optim/tutoriaa.html#optim_medium_scale
nonlinear_least   ../optim/_squares_implementation   ../optim/tutor12b.html#nonlinear_least   ../optim/_squares_implementation
revised_simplex   ../optim/tutor19b.html#revised_simplex
optim_large_scale   ../optim/tutoriab.html#optim_large_scale
trust_region_methods_for_nonlinear_minimization   ../optim/tutori2d.html#trust_region_methods_for_nonlinear_minimization
functions_by_category   ../optim/ref_intr.html#functions_by_category
function_parameters   ../optim/ref_int6.html#function_parameters
output_arguments   ../optim/ref_int5.html#output_arguments
function_arguments   ../optim/ref_int3.html#function_arguments
fields_in_optimvalues   ../optim/ref_int7.html#fields_in_optimvalues
