******************************************************************************
          TMS320C6x COFF Linker Version 4.00                   
******************************************************************************
>> Linked Fri Jan 19 14:50:37 2001

OUTPUT FILE NAME:   <rtdxtutorial_6x0x.out>
ENTRY POINT SYMBOL: "_c_int00"  address: 00004320


MEMORY CONFIGURATION

           name     origin    length      used    attributes    fill
         --------  --------  ---------  --------  ----------  --------
         IPRAM     00000000  000010000  000044a0     RWIX    
         SBSRAM    00400000  000040000  00000000     RWIX    
         SDRAM0    02000000  000400000  00000000     RWIX    
         SDRAM1    03000000  000400000  00000000     RWIX    
         IDRAM     80000000  000010000  0000aea0     RWIX    


SECTION ALLOCATION MAP

 output                                  attributes/
section   page    origin      length       input sections
--------  ----  ----------  ----------   ----------------
.intvecs   0    00000000    00000400     
                  00000000    00000400     intvecs.obj (.intvecs)

.text      0    00000400    000040a0     
                  00000400    00000ca0     rts6201.lib : memory.obj (.text)
                  000010a0    00000000     rtdx.lib : rtdx_buf.obj (.text)
                  000010a0    00000000     rts6201.lib : defs.obj (.text)
                  000010a0    00000000                 : sysmem.obj (.text)
                  000010a0    00000000     intvecs.obj (.text)
                  000010a0    00000000     rtdx.lib : version.obj (.text)
                  000010a0    000008e0     rts6201.lib : trgdrv.obj (.text)
                  00001980    000006e0                 : lowlev.obj (.text)
                  00002060    000004c0                 : fopen.obj (.text)
                  00002520    00000460     rtdx.lib : rtdx_mon.obj (.text)
                  00002980    000003a0     rts6201.lib : fputs.obj (.text)
                  00002d20    00000380     rtdx.lib : buffer1.obj (.text)
                  000030a0    00000260     rts6201.lib : memcpy.obj (.text)
                  00003300    000001e0     int16_rtdx.obj (.text)
                  000034e0    000001e0     rts6201.lib : _io_perm.obj (.text)
                  000036c0    000001c0                 : fflush.obj (.text)
                  00003880    000001c0                 : setvbuf.obj (.text)
                  00003a40    000001a0                 : autoinit.obj (.text)
                  00003be0    00000160     rtdx.lib : rtdx_us2.obj (.text)
                  00003d40    00000160     rts6201.lib : trgmsg.obj (.text)
                  00003ea0    00000140     rtdx.lib : intrpt_stub.obj (.text)
                  00003fe0    00000120     rts6201.lib : fclose.obj (.text)
                  00004100    00000120                 : exit.obj (.text)
                  00004220    00000100                 : fseek.obj (.text)
                  00004320    00000080                 : boot.obj (.text)
                  000043a0    00000080     rtdx.lib : rtdx_us1.obj (.text)
                  00004420    00000060              : buffer2.obj (.text)
                  00004480    00000020     rts6201.lib : remove.obj (.text)

.far       0    80000000    000009a4     UNINITIALIZED
                  80000000    00000404     rtdx.lib : rtdx_buf.obj (.far)
                  80000404    00000374     rts6201.lib : defs.obj (.far)
                  80000778    000000d0                 : trgdrv.obj (.far)
                  80000848    000000cc                 : lowlev.obj (.far)
                  80000914    00000088                 : exit.obj (.far)
                  8000099c    00000008                 : memory.obj (.far)

.stack     0    800009a8    00006000     UNINITIALIZED
                  800009a8    00000000     rts6201.lib : boot.obj (.stack)

.bss       0    800069a8    00000050     UNINITIALIZED
                  800069a8    00000024     int16_rtdx.obj (.bss)
                  800069cc    00000000     rts6201.lib : autoinit.obj (.bss)
                  800069cc    00000000                 : _io_perm.obj (.bss)
                  800069cc    00000000                 : trgmsg.obj (.bss)
                  800069cc    00000000                 : defs.obj (.bss)
                  800069cc    00000000                 : setvbuf.obj (.bss)
                  800069cc    00000000                 : fseek.obj (.bss)
                  800069cc    00000000                 : fflush.obj (.bss)
                  800069cc    00000000                 : exit.obj (.bss)
                  800069cc    00000000                 : boot.obj (.bss)
                  800069cc    00000000     intvecs.obj (.bss)
                  800069cc    00000000     rts6201.lib : fputs.obj (.bss)
                  800069cc    00000000                 : trgdrv.obj (.bss)
                  800069cc    00000000                 : memcpy.obj (.bss)
                  800069cc    00000000                 : lowlev.obj (.bss)
                  800069cc    00000000     rtdx.lib : version.obj (.bss)
                  800069cc    00000000              : rtdx_us2.obj (.bss)
                  800069cc    00000000              : intrpt_stub.obj (.bss)
                  800069cc    00000000              : rtdx_buf.obj (.bss)
                  800069cc    00000000              : buffer2.obj (.bss)
                  800069cc    00000000              : rtdx_us1.obj (.bss)
                  800069cc    00000000     rts6201.lib : memory.obj (.bss)
                  800069cc    00000000                 : fopen.obj (.bss)
                  800069cc    00000000                 : sysmem.obj (.bss)
                  800069cc    00000000                 : remove.obj (.bss)
                  800069cc    00000000                 : fclose.obj (.bss)
                  800069cc    0000001c     rtdx.lib : rtdx_mon.obj (.bss)
                  800069e8    00000008              : buffer1.obj (.bss:c)
                  800069f0    00000008              : buffer1.obj (.bss)

.cinit     0    800069f8    0000032c     
                  800069f8    00000244     rts6201.lib : defs.obj (.cinit)
                  80006c3c    00000004     --HOLE-- [fill = 00000000]
                  80006c40    00000054                 : lowlev.obj (.cinit)
                  80006c94    00000004     --HOLE-- [fill = 00000000]
                  80006c98    00000024     int16_rtdx.obj (.cinit)
                  80006cbc    00000004     --HOLE-- [fill = 00000000]
                  80006cc0    0000001c     rts6201.lib : sysmem.obj (.cinit)
                  80006cdc    00000004     --HOLE-- [fill = 00000000]
                  80006ce0    0000001c                 : exit.obj (.cinit)
                  80006cfc    00000004     --HOLE-- [fill = 00000000]
                  80006d00    00000010     rtdx.lib : buffer1.obj (.cinit:c)
                  80006d10    0000000c     rts6201.lib : memory.obj (.cinit)
                  80006d1c    00000008     --HOLE-- [fill = 00000000]

.pinit     0    80006d24    0000000c     
                  80006d24    00000004     rtdx.lib : rtdx_mon.obj (.pinit)
                  80006d28    00000004              : buffer1.obj (.pinit)
                  80006d2c    00000004     --HOLE-- [fill = 00000000]

.cio       0    80006d30    00000120     UNINITIALIZED
                  80006d30    00000120     rts6201.lib : trgmsg.obj (.cio)

.const     0    80006e50    00000028     
                  80006e50    00000026     int16_rtdx.obj (.const)
                  80006e76    00000002     rts6201.lib : fputs.obj (.const)

.data      0    80000000    00000000     UNINITIALIZED
                  80000000    00000000     int16_rtdx.obj (.data)
                  80000000    00000000     rtdx.lib : version.obj (.data)
                  80000000    00000000              : intrpt_stub.obj (.data)
                  80000000    00000000              : rtdx_mon.obj (.data)
                  80000000    00000000              : rtdx_buf.obj (.data)
                  80000000    00000000              : buffer2.obj (.data)
                  80000000    00000000              : buffer1.obj (.data)
                  80000000    00000000              : rtdx_us2.obj (.data)
                  80000000    00000000              : rtdx_us1.obj (.data)
                  80000000    00000000     rts6201.lib : remove.obj (.data)
                  80000000    00000000                 : fclose.obj (.data)
                  80000000    00000000                 : sysmem.obj (.data)
                  80000000    00000000                 : memory.obj (.data)
                  80000000    00000000                 : fopen.obj (.data)
                  80000000    00000000                 : setvbuf.obj (.data)
                  80000000    00000000                 : fseek.obj (.data)
                  80000000    00000000                 : fflush.obj (.data)
                  80000000    00000000                 : defs.obj (.data)
                  80000000    00000000                 : autoinit.obj (.data)
                  80000000    00000000                 : _io_perm.obj (.data)
                  80000000    00000000                 : trgmsg.obj (.data)
                  80000000    00000000                 : trgdrv.obj (.data)
                  80000000    00000000                 : memcpy.obj (.data)
                  80000000    00000000                 : lowlev.obj (.data)
                  80000000    00000000                 : fputs.obj (.data)
                  80000000    00000000                 : exit.obj (.data)
                  80000000    00000000                 : boot.obj (.data)
                  80000000    00000000     intvecs.obj (.data)

.switch    0    80006e78    0000002c     
                  80006e78    0000002c     rtdx.lib : rtdx_mon.obj (.switch)

.sysmem    0    80006ea8    00004000     UNINITIALIZED
                  80006ea8    00000000     rts6201.lib : sysmem.obj (.sysmem)


GLOBAL SYMBOLS: SORTED ALPHABETICALLY BY Name 

address    name
--------   ----
800069a8   $bss
800069a8   .bss
80000000   .data
00000400   .text
00004200   C$$EXIT
00003dcc   C$$IO$$
00003ea0   RTEMU_exe
00003ea0   RTEMU_msg
000018ec   _HOSTclock
000011b8   _HOSTclose
00001384   _HOSTlseek
000010a0   _HOSTopen
00001244   _HOSTread
00001538   _HOSTrename
00001860   _HOSTtime
00001464   _HOSTunlink
000012e8   _HOSTwrite
00000000   _HWI_Cache_Control
80000400   _RTDX_Buffer_End
00002f50   _RTDX_Buffer_Initialize
00004420   _RTDX_Buffer_Read
80000000   _RTDX_Buffer_Start
00002f78   _RTDX_Buffer_Write
00002560   _RTDX_Final_RT_Monitor
00002588   _RTDX_Init_RT_Monitor
000028c0   _RTDX_Mon_Write
000025ec   _RTDX_Poll
00003bf8   _RTDX_disableInput
000043b0   _RTDX_disableOutput
00003be0   _RTDX_enableInput
000043a0   _RTDX_enableOutput
fffffff7   _RTDX_interrupt_mask
00003ca8   _RTDX_readNB
00003c18   _RTDX_read
00000001   _RTDX_ver
00000001   _RTDX_ver_1_0_2
000043c0   _RTDX_write
800069e8   _RTDX_writing
80006d30   __CIOBUF_
00006000   __STACK_SIZE
00004000   __SYSMEM_SIZE
800069a8   ___bss__
800069f8   ___cinit__
80000000   ___data__
80000000   ___edata__
800069f8   ___end__
000044a0   ___etext__
80006d24   ___pinit__
00000400   ___text__
00003a40   __auto_init
80000998   __cleanup_ptr
00002454   __cleanup
80000848   __device
000037b4   __doflush
80000774   __ft_end
80000544   __ftable
00003f40   __irest_tn
8000099c   __memory_size
000034e0   __rd_ok
800009a8   __stack
800008c0   __stream
80006ea8   __sys_memory
80000404   __tmpnams
UNDEFED __vectors
000035a8   __wrt_ok
00004200   _abort
00001bd0   _add_device
000041c0   _atexit
UNDEFED _auto_init
00004320   _c_int00
00000720   _calloc
00001f54   _close
00004100   _exit
00003fe0   _fclose
000036c0   _fflush
00001a70   _finddevice
00002060   _fopen
000029e4   _fputs
00000ab8   _free
000020b0   _freopen
00004220   _fseek
00001b04   _getdevice
00001774   _getenv
00001980   _getnexfildes
800069bc   _ichan
00001f14   _lseek
00003300   _main
000005c8   _malloc
00000d90   _memalign
000030a0   _memcpy
00000590   _minit
800069c8   _ochan
00001dcc   _open
00002980   _puts
00001ed4   _read
00003dd8   _readmsg
000007e8   _realloc
800069a8   _recvd
00004480   _remove
00001d94   _remove_device
00002008   _rename
00003880   _setvbuf
000019dc   _tabinit
00001fc4   _unlink
00001ef4   _write
00003d40   _writemsg
800069f8   cinit
80000000   edata
800069f8   end
000044a0   etext
80006d24   pinit


GLOBAL SYMBOLS: SORTED BY Symbol Address 

address    name
--------   ----
00000000   _HWI_Cache_Control
00000001   _RTDX_ver
00000001   _RTDX_ver_1_0_2
00000400   ___text__
00000400   .text
00000590   _minit
000005c8   _malloc
00000720   _calloc
000007e8   _realloc
00000ab8   _free
00000d90   _memalign
000010a0   _HOSTopen
000011b8   _HOSTclose
00001244   _HOSTread
000012e8   _HOSTwrite
00001384   _HOSTlseek
00001464   _HOSTunlink
00001538   _HOSTrename
00001774   _getenv
00001860   _HOSTtime
000018ec   _HOSTclock
00001980   _getnexfildes
000019dc   _tabinit
00001a70   _finddevice
00001b04   _getdevice
00001bd0   _add_device
00001d94   _remove_device
00001dcc   _open
00001ed4   _read
00001ef4   _write
00001f14   _lseek
00001f54   _close
00001fc4   _unlink
00002008   _rename
00002060   _fopen
000020b0   _freopen
00002454   __cleanup
00002560   _RTDX_Final_RT_Monitor
00002588   _RTDX_Init_RT_Monitor
000025ec   _RTDX_Poll
000028c0   _RTDX_Mon_Write
00002980   _puts
000029e4   _fputs
00002f50   _RTDX_Buffer_Initialize
00002f78   _RTDX_Buffer_Write
000030a0   _memcpy
00003300   _main
000034e0   __rd_ok
000035a8   __wrt_ok
000036c0   _fflush
000037b4   __doflush
00003880   _setvbuf
00003a40   __auto_init
00003be0   _RTDX_enableInput
00003bf8   _RTDX_disableInput
00003c18   _RTDX_read
00003ca8   _RTDX_readNB
00003d40   _writemsg
00003dcc   C$$IO$$
00003dd8   _readmsg
00003ea0   RTEMU_msg
00003ea0   RTEMU_exe
00003f40   __irest_tn
00003fe0   _fclose
00004000   __SYSMEM_SIZE
00004100   _exit
000041c0   _atexit
00004200   C$$EXIT
00004200   _abort
00004220   _fseek
00004320   _c_int00
000043a0   _RTDX_enableOutput
000043b0   _RTDX_disableOutput
000043c0   _RTDX_write
00004420   _RTDX_Buffer_Read
00004480   _remove
000044a0   ___etext__
000044a0   etext
00006000   __STACK_SIZE
80000000   _RTDX_Buffer_Start
80000000   .data
80000000   edata
80000000   ___data__
80000000   ___edata__
80000400   _RTDX_Buffer_End
80000404   __tmpnams
80000544   __ftable
80000774   __ft_end
80000848   __device
800008c0   __stream
80000998   __cleanup_ptr
8000099c   __memory_size
800009a8   __stack
800069a8   .bss
800069a8   _recvd
800069a8   ___bss__
800069a8   $bss
800069bc   _ichan
800069c8   _ochan
800069e8   _RTDX_writing
800069f8   end
800069f8   cinit
800069f8   ___end__
800069f8   ___cinit__
80006d24   ___pinit__
80006d24   pinit
80006d30   __CIOBUF_
80006ea8   __sys_memory
fffffff7   _RTDX_interrupt_mask
UNDEFED _auto_init
UNDEFED __vectors

[111 symbols]
