mathematics func_b10.html#mathematics
arrays_and_matrices func_b10.html#arrays_and_matrices
specialized_matrices func_b11.html#specialized_matrices
linear_algebra func_b12.html#linear_algebra
elementary_math func_b13.html#elementary_math
data_analysis_and_fourier_transforms func_b14.html#data_analysis_and_fourier_transforms
polynomials func_b15.html#polynomials
interpolation_and_computational_geometry func_b16.html#interpolation_and_computational_geometry
coordinate_system_conversion func_b17.html#coordinate_system_conversion
nonlinear_numerical_methods func_b18.html#nonlinear_numerical_methods
specialized_math func_b19.html#specialized_math
sparse_matrices func_b20.html#sparse_matrices
special_variables_and_constants func_b21.html#special_variables_and_constants
programming_and_data_types func_b22.html#programming_and_data_types
operators_and_operations func_b25.html#operators_and_operations
bitwise_operation_category func_b25.html#bitwise_operation_category
programming_in_matlab func_b26.html#programming_in_matlab
file_io func_b27.html#file_io
filename_construction func_b28.html#filename_construction
opening_loading_saving_files func_b29.html#opening_loading_saving_files
low_level_file_io func_b30.html#low_level_file_io
xml_documents func_b32.html#xml_documents
audio_and_audio_video func_b35.html#audio_and_audio_video
graphics_fc func_b37.html#graphics_fc
basic_plots_and_graphs func_b38.html#basic_plots_and_graphs
annotating_plots func_b39.html#annotating_plots
specialized_plotting func_b40.html#specialized_plotting
bit_mapped_images func_b41.html#bit_mapped_images
handle_graphics func_b43.html#handle_graphics
finding_and_identifying_graphics_objects func_b43.html#finding_and_identifying_graphics_objects
object_creation_functions func_b43.html#object_creation_functions
figure_windows func_b43.html#figure_windows
axes_operations func_b43.html#axes_operations
3d_visualization func_b44.html#3d_visualization
surface_and_mesh_plots func_b45.html#surface_and_mesh_plots
creating_surfaces_and_meshes func_b45.html#creating_surfaces_and_meshes
surface func_b45.html#surface
 func_b45.html#
 func_b45.html#
 func_b45.html#
 func_b45.html#
 func_b45.html#
 func_b45.html#
 func_b45.html#
domain_generation func_b45.html#domain_generation
color_operations func_b45.html#color_operations
colormaps func_b45.html#colormaps
view_control func_b46.html#view_control
controlling_the_camera_viewpoint func_b46.html#controlling_the_camera_viewpoint
setting_the_aspect_ratio_and_axis_limits func_b46.html#setting_the_aspect_ratio_and_axis_limits
object_manipulation func_b46.html#object_manipulation
selecting_region_of_interest func_b46.html#selecting_region_of_interest
lighting func_b47.html#lighting
transparency func_b48.html#transparency
volume_visualization func_b49.html#volume_visualization
creating_graphical_user_interfaces func_b50.html#creating_graphical_user_interfaces
predefined_dialog_boxes func_b51.html#predefined_dialog_boxes
user_interface_deployment func_b52.html#user_interface_deployment
user_interface_development func_b53.html#user_interface_development
user_interface_objects func_b54.html#user_interface_objects
finding_and_identifying_objects func_b55.html#finding_and_identifying_objects
gui_utility_functions func_b56.html#gui_utility_functions
controlling_program_execution func_b57.html#controlling_program_execution
starting_and_quitting func_by3.html#starting_and_quitting
command_window func_by4.html#command_window
getting_help func_by5.html#getting_help
workspace_file_and_path func_by6.html#workspace_file_and_path
system func_by8.html#system
performance func_by9.html#performance
functions_by_category func_by__01.html#functions_by_category
coneplot_lighting coneplot.html#coneplot_lighting
cmapeditor_ref colormapeditor.html#cmapeditor_ref
delaunay_ex1 delaunay.html#delaunay_ex1
delaunay_ex2 delaunay.html#delaunay_ex2
stretch_to_fill axes.html#stretch_to_fill
Axes.ALim axes_props.html#ALim
Axes.ALimMode axes_props.html#ALimMode
Axes.AmbientLightColor axes_props.html#AmbientLightColor
Axes.AspectRatio axes_props.html#AspectRatio
Axes.Box axes_props.html#Box
Axes.BusyAction axes_props.html#BusyAction
Axes.ButtonDownFcn axes_props.html#ButtonDownFcn
Axes.CameraPosition axes_props.html#CameraPosition
Axes.CameraPositionMode axes_props.html#CameraPositionMode
Axes.CameraTarget axes_props.html#CameraTarget
Axes.CameraTargetMode axes_props.html#CameraTargetMode
Axes.CameraUpVector axes_props.html#CameraUpVector
Axes.CameraUpVectorMode axes_props.html#CameraUpVectorMode
Axes.CameraViewAngle axes_props.html#CameraViewAngle
Axes.CameraViewAngleMode axes_props.html#CameraViewAngleMode
Axes.Children axes_props.html#Children
Axes.CLim axes_props.html#CLim
Axes.CLimMode axes_props.html#CLimMode
Axes.Clipping axes_props.html#Clipping
Axes.Color axes_props.html#Color
Axes.ColorOrder axes_props.html#ColorOrder
Axes.CreateFcn axes_props.html#CreateFcn
Axes.CurrentPoint axes_props.html#CurrentPoint
Axes.DataAspectRatio axes_props.html#DataAspectRatio
Axes.DataAspectRatioMode axes_props.html#DataAspectRatioMode
Axes.DeleteFcn axes_props.html#DeleteFcn
Axes.DrawMode axes_props.html#DrawMode
Axes.FontAngle axes_props.html#FontAngle
Axes.FontName axes_props.html#FontName
Axes.FontSize axes_props.html#FontSize
Axes.FontUnits axes_props.html#FontUnits
Axes.FontWeight axes_props.html#FontWeight
Axes.GridLineStyle axes_props.html#GridLineStyle
Axes.HandleVisibility axes_props.html#HandleVisibility
Axes.HitTest axes_props.html#HitTest
Axes.Interruptible axes_props.html#Interruptible
Axes.Layer axes_props.html#Layer
Axes.LineStyleOrder axes_props.html#LineStyleOrder
Axes.LineWidth axes_props.html#LineWidth
Axes.MinorGridLineStyle axes_props.html#MinorGridLineStyle
Axes.NextPlot axes_props.html#NextPlot
Axes.Parent axes_props.html#Parent
Axes.PlotBoxAspectRatio axes_props.html#PlotBoxAspectRatio
Axes.PlotBoxAspectRatioMode axes_props.html#PlotBoxAspectRatioMode
Axes.Position axes_props.html#Position
Axes.Projection axes_props.html#Projection
Axes.Selected axes_props.html#Selected
Axes.SelectionHighlight axes_props.html#SelectionHighlight
Axes.Tag axes_props.html#Tag
Axes.TickDir axes_props.html#TickDir
Axes.TickDirMode axes_props.html#TickDirMode
Axes.TickLength axes_props.html#TickLength
Axes.Title axes_props.html#Title
Axes.Type axes_props.html#Type
Axes.UIContextMenu axes_props.html#UIContextMenu
Axes.Units axes_props.html#Units
Axes.UserData axes_props.html#UserData
Axes.View axes_props.html#View
Axes.Visible axes_props.html#Visible
Axes.XAxisLocation axes_props.html#XAxisLocation
Axes.YAxisLocation axes_props.html#YAxisLocation
Axes.XColor axes_props.html#XColor
Axes.YColor axes_props.html#YColor
Axes.ZColor axes_props.html#ZColor
Axes.XDir axes_props.html#XDir
Axes.YDir axes_props.html#YDir
Axes.ZDir axes_props.html#ZDir
Axes.XGrid axes_props.html#XGrid
Axes.YGrid axes_props.html#YGrid
Axes.ZGrid axes_props.html#ZGrid
Axes.XLabel axes_props.html#XLabel
Axes.YLabel axes_props.html#YLabel
Axes.ZLabel axes_props.html#ZLabel
Axes.XLim axes_props.html#XLim
Axes.YLim axes_props.html#YLim
Axes.ZLim axes_props.html#ZLim
Axes.XLimMode axes_props.html#XLimMode
Axes.YLimMode axes_props.html#YLimMode
Axes.ZLimMode axes_props.html#ZLimMode
Axes.XMinorGrid axes_props.html#XMinorGrid
Axes.YMinorGrid axes_props.html#YMinorGrid
Axes.ZMinorGrid axes_props.html#ZMinorGrid
Axes.XMinorTick axes_props.html#XMinorTick
Axes.YMinorTick axes_props.html#YMinorTick
Axes.ZMinorTick axes_props.html#ZMinorTick
Axes.XScale axes_props.html#XScale
Axes.YScale axes_props.html#YScale
Axes.ZScale axes_props.html#ZScale
Axes.XTick axes_props.html#XTick
Axes.YTick axes_props.html#YTick
Axes.ZTick axes_props.html#ZTick
Axes.XTickLabel axes_props.html#XTickLabel
Axes.YTickLabel axes_props.html#YTickLabel
Axes.ZTickLabel axes_props.html#ZTickLabel
Axes.XTickMode axes_props.html#XTickMode
Axes.YTickMode axes_props.html#YTickMode
Axes.ZTickMode axes_props.html#ZTickMode
Axes.XTickLabelMode axes_props.html#XTickLabelMode
Axes.YTickLabelMode axes_props.html#YTickLabelMode
Axes.ZTickLabelMode axes_props.html#ZTickLabelMode
