% Topic map for Control System Toolbox online help--R12.1
%
% The paths in this map file assume that the map file is in the
% directory docroot/mapfiles.
%
% $Revision: 1.25 $
%
% TOPIC ID              	TOPIC FILE
%------------------------------------------------------------------------------------
%
% The "Getting Started" book
%

collection	      	      ../toolbox/control/getstart.html
viewer_operatingpoint         ../toolbox/control/getstart/analy19a.html#specifying_operating_conditions

%
% SISO Design Tool help  -- "What's this?" cursor help.
%
% Topic key		      	Topic map

currentcompensator 		../toolbox/control/csh/csh7.html#currentcompensator
sisorootlocusplot 		../toolbox/control/csh/csh6.html#sisorootlocusplot
sisonotchwidthmarker 		../toolbox/control/csh/csh5.html#sisonotchwidthmarker
sisonyquistline 			../toolbox/control/csh/csh4.html#sisonyquistline
bodegainconstraint 		../toolbox/control/csh/csh3.html#bodegainconstraint
sisobode 				../toolbox/control/csh/csh2.html#sisobode
feedbacksign 			../toolbox/control/csh/csh9.html#feedbacksign
feedbackstructure 		../toolbox/control/csh/csh8.html#feedbackstructure
sisoprefilter 			../toolbox/control/csh/csh26.html#sisoprefilter
peakgainconstraint 		../toolbox/control/csh/csh25.html#peakgainconstraint
gainmarginconstraint 		../toolbox/control/csh/csh24.html#gainmarginconstraint
phasemarginconstraint 		../toolbox/control/csh/csh23.html#phasemarginconstraint
nicholsgainphasestems 		../toolbox/control/csh/csh22.html#nicholsgainphasestems
nicholsgainphasetext 		../toolbox/control/csh/csh21.html#nicholsgainphasetext
sisonicholsplot 			../toolbox/control/csh/csh20.html#sisonicholsplot
sisostatusbar 			../toolbox/control/csh/csh19.html#sisostatusbar
gainphasemargin 			../toolbox/control/csh/csh18.html#gainphasemargin
sisosystempolezero 		../toolbox/control/csh/csh17.html#sisosystempolezero
nicholssystempole 		../toolbox/control/csh/csh17.html#nicholssystempole
nicholssystemzero 		../toolbox/control/csh/csh17.html#nicholssystemzero
dampingratioconstraint 		../toolbox/control/csh/csh16.html#dampingratioconstraint
naturalfrequencyconstraint 	../toolbox/control/csh/csh15.html#naturalfrequencyconstraint
settlingtimeconstraint 		../toolbox/control/csh/csh14.html#settlingtimeconstraint
isofrequencygrid 			../toolbox/control/csh/csh13.html#isofrequencygrid
isodampinggrid 			../toolbox/control/csh/csh12.html#isodampinggrid
nicholscompensatorpole 		../toolbox/control/csh/csh11.html#nicholscompensatorpole
nicholscompensatorzero 		../toolbox/control/csh/csh11.html#nicholscompensatorzero
sisocompensatorpolezero 	../toolbox/control/csh/csh11.html#sisocompensatorpolezero
closedlooppoles 			../toolbox/control/csh/csh10.html#closedlooppoles


% Properties and preferences for LTI Viewer, SISO Design Tool and response plots
% Topic key				     Topic map
properties_and_preferences         ../toolbox/control/proppref/intro.html#customization
toolbox_preferences                ../toolbox/control/proppref/toolbox.html#toolbox_preferences_editor
lti_viewer_preferences             ../toolbox/control/proppref/tools.html#lti_viewer_preferences_editor
viewer_preferences                 ../toolbox/control/proppref/tools.html#lti_viewer_preferences_editor
sisotool_preferences               ../toolbox/control/proppref/tools6.html#siso_design_preferences
sisotool_properties                ../toolbox/control/proppref/propert9.html#siso_tool_property_editor
setting_response_plot_properties   ../toolbox/control/proppref/properti.html#setting_response_plot_properties
response_properties                ../toolbox/control/proppref/properti.html#property_editor


% SISO Design Tool and LTI Viewer features
% Topic key				     Topic map
tool_and_viewer_reference          ../toolbox/control/toolviewer/introduc.html#tool_and_viewer_reference
lti_viewer                         ../toolbox/control/toolviewer/ltiviewa.html#lti_viewer
viewer_import                      ../toolbox/control/toolviewer/ltiview4.html#lti_browser
viewer_export                      ../toolbox/control/toolviewer/ltiview4.html#lti_viewer_export
viewer_plotconfigurations          ../toolbox/control/toolviewer/ltiview7.html#plot_configurations_window
viewer_delete                      ../toolbox/control/toolviewer/ltiview9.html#lti_browser_delete
viewer_linestyles                  ../toolbox/control/toolviewer/ltivie10.html#lti_viewer_line_styles
lti_right_click_menus              ../toolbox/control/toolviewer/ltiview6.html#lti_right_click_menus
siso_right_click_menus             ../toolbox/control/toolviewer/sisocs35.html#siso_right_click_menus

%  PULLDOWN MENUS   
controlmainhelp               ../toolbox/control/control_product_page.html

viewermainhelp                ../toolbox/control/quick/guiqui14.html
viewer_iopoints               ../toolbox/control/getstart/analy19a.html#specifying_operating_conditions
viewer_importexport 		../toolbox/control/quick/guiqui15.html#viewer_importexport
viewer_responsetypes 		../toolbox/control/quick/guiqui16.html#viewer_responsetypes
viewer_mimomodels 		../toolbox/control/quick/guiqui17.html#viewer_mimomodels
viewer_customizing 		../toolbox/control/quick/guiqui18.html#viewer_customizing

controldemos                  ../toolbox/control/control_product_page.html
aboutcontrol                  ../toolbox/control/csh/aboutcontrol.html

sisotoolmainhelp 			../toolbox/control/quick/guiquic2.html#sisotoolmainhelp
sisoimportexport 			../toolbox/control/quick/guiquic3.html#sisoimportexport
sisocompdesign 			../toolbox/control/quick/guiquic5.html#sisocompdesign
sisoloopresponses 		../toolbox/control/quick/guiqui10.html#sisoloopresponses
sisomodeldata 			../toolbox/control/quick/guiqui11.html#sisomodeldata
sisosavecomp 			../toolbox/control/quick/guiqui12.html#sisosavecomp
sisocustomizing 			../toolbox/control/quick/guiqui13.html#sisocustomizing

% Edit compensator window
 sisopolezeroformat          ../toolbox/control/toolviewer/sisocsh6.html#sisopolezeroformat
 sisopolezeroadd             ../toolbox/control/toolviewer/sisocsh6.html#sisopolezeroadd
 sisopolezerodelete          ../toolbox/control/toolviewer/sisocsh6.html#sisozeropoledelete
 
% Response plot setup
  sisoresploopdiagram         ../toolbox/control/toolviewer/sisocsh7.html#sisoresploopdiagram
  sisorespplotlist            ../toolbox/control/toolviewer/sisocsh7.html#sisorespplotlist
  sisorespplotcontents        ../toolbox/control/toolviewer/sisocsh7.html#sisorespplotcontents

% Conversions
  sisoconversion              ../toolbox/control/toolviewer/sisocsh8.html#sisoconversion
  sisoconversiondomain        ../toolbox/control/toolviewer/sisocsh8.html#sisoconversiondomain 
  sisoconversionmethod        ../toolbox/control/toolviewer/sisocsh8.html#sisoconversionmethod

% Design constraints
  settlingtimeconstraint      ../toolbox/control/toolviewer/sisocs17.html#settlingtimeconstraint
  dampingratioconstraint      ../toolbox/control/toolviewer/sisocs17.html#sisodampingratioconstraint
  naturalfrequencyconstraint  ../toolbox/control/toolviewer/sisocs17.html#naturalfrequencyconstraint

% Help buttons

  sisoimportdialog          ../toolbox/control/toolviewer/sisocsh3.html#sisoimportdialog
  sisoexportdialog          ../toolbox/control/toolviewer/sisocsh3.html#sisoexportdialog
  sisoretrievedialog        ../toolbox/control/toolviewer/sisocsh6.html#sisoretrievedialog
  sisoeditcompensator       ../toolbox/control/toolviewer/sisocsh6.html#sisoeditcompensator
  sisorootlocusconstraint   ../toolbox/control/toolviewer/sisocs37.html#sisorootlocusconstraint
  sisoresponsedialog        ../toolbox/control/toolviewer/sisocsh7.html#sisoresponsedialog
  response_arrayselector    ../toolbox/control/toolviewer/ltivie13.html#array_selector
  response_ioselector       ../toolbox/control/toolviewer/plotri10.html#io_selector
  sisoconstraintnew         ../toolbox/control/toolviewer/sisocs16.html#sisoconstraintnew
  sisoconstraintedit        ../toolbox/control/toolviewer/sisocs17.html#sisoconstraintedit




