% Topic map for context-sensitive help for the Instrument Interfacing Object.
%
% The paths in this map file assume that the map file is in the
% directory docroot/mapfiles.
%
% $Revision$
%
% TOPIC ID              	TOPIC FILE
%------------------------------------------------------------------------------------
%
% Context-Sensitive Help Topics for the Instrument Control Toolbox
%

%
% INSTRCREATE GUI
%
% Select the object to create
HelpCreateObj		../toolbox/instrument/csh/createobjhelp.html
HelpCreateVisaObj		../toolbox/instrument/csh/createvisaobjhelp.html
% Serial Port Hardware and Comm Windows
HelpSHW			../toolbox/instrument/csh/shwhelp.html
HelpSComm			../toolbox/instrument/csh/scommhelp.html
% GPIB Hardware and Comm Windows
HelpGHW			../toolbox/instrument/csh/ghwhelp.html
HelpGComm			../toolbox/instrument/csh/gcommhelp.html
% VISA Serial Hardware and Comm Windows
HelpVSHW			../toolbox/instrument/csh/vshwhelp.html
HelpVSComm			../toolbox/instrument/csh/vscommhelp.html
% VISA GPIB Hardware and Comm Windows
HelpVGHW			../toolbox/instrument/csh/vghwhelp.html
HelpVGComm			../toolbox/instrument/csh/vgcommhelp.html
% VISA GPIB VXI Hardware and Comm Windows
HelpVGVHW			../toolbox/instrument/csh/vgvhwhelp.html
HelpVGVComm			../toolbox/instrument/csh/vgvcommhelp.html
% VISA VXI Hardware and Comm Windows
HelpVVHW			../toolbox/instrument/csh/vvhwhelp.html
HelpVVComm			../toolbox/instrument/csh/vvcommhelp.html
% Save the object
HelpSave			../toolbox/instrument/csh/saveobjhelp.html

%
% INSTRCOMM GUI
%
HelpASCIIComm		../toolbox/instrument/csh/commhelp.html

