developable_surfaces   ../toolbox/map/project4.html#developable_surfaces
/#gstereo   ../toolbox/map/front16.html#/#gstereo
eqdconic   ../toolbox/map/front16.html#eqdconic
axesm.MapProjection   ../toolbox/map/axesm.html#MapProjection
axesm.Zone   ../toolbox/map/axesm.html#Zone
axesm.AngleUnits   ../toolbox/map/axesm.html#AngleUnits
axesm.Aspect   ../toolbox/map/axesm.html#Aspect
axesm.FalseEasting   ../toolbox/map/axesm.html#FalseEasting
axesm.FalseNorthing   ../toolbox/map/axesm.html#FalseNorthing
axesm.FixedOrient   ../toolbox/map/axesm.html#FixedOrient
axesm.Geoid   ../toolbox/map/axesm.html#Geoid
axesm.MapLatLimit   ../toolbox/map/axesm.html#MapLatLimit
axesm.MapLonLimit   ../toolbox/map/axesm.html#MapLonLimit
axesm.MapParallels   ../toolbox/map/axesm.html#MapParallels
axesm.Parallels   ../toolbox/map/axesm.html#Parallels
axesm.Origin   ../toolbox/map/axesm.html#Origin
axesm.ScaleFactor   ../toolbox/map/axesm.html#ScaleFactor
axesm.TrimLat   ../toolbox/map/axesm.html#TrimLat
axesm.TrimLon   ../toolbox/map/axesm.html#TrimLon
axesm.Frame   ../toolbox/map/axesm.html#Frame
axesm.FFill   ../toolbox/map/axesm.html#FFill
axesm.FEdgeColor   ../toolbox/map/axesm.html#FEdgeColor
axesm.FFaceColor   ../toolbox/map/axesm.html#FFaceColor
axesm.FLatLimit   ../toolbox/map/axesm.html#FLatLimit
axesm.FLineWidth   ../toolbox/map/axesm.html#FLineWidth
axesm.FLonLimit   ../toolbox/map/axesm.html#FLonLimit
axesm.Grid   ../toolbox/map/axesm.html#Grid
axesm.GAltitude   ../toolbox/map/axesm.html#GAltitude
axesm.GColor   ../toolbox/map/axesm.html#GColor
axesm.GLineStyle   ../toolbox/map/axesm.html#GLineStyle
axesm.GLineWidth   ../toolbox/map/axesm.html#GLineWidth
axesm.MLineException   ../toolbox/map/axesm.html#MLineException
axesm.MLineFill   ../toolbox/map/axesm.html#MLineFill
axesm.MLineLimit   ../toolbox/map/axesm.html#MLineLimit
axesm.MLineLocation   ../toolbox/map/axesm.html#MLineLocation
axesm.PLineException   ../toolbox/map/axesm.html#PLineException
axesm.PLineFill   ../toolbox/map/axesm.html#PLineFill
axesm.PLineLimit   ../toolbox/map/axesm.html#PLineLimit
axesm.PLineLocation   ../toolbox/map/axesm.html#PLineLocation
axesm.FontAngle   ../toolbox/map/axesm.html#FontAngle
axesm.FontColor   ../toolbox/map/axesm.html#FontColor
axesm.FontName   ../toolbox/map/axesm.html#FontName
axesm.FontSize   ../toolbox/map/axesm.html#FontSize
axesm.FontUnits   ../toolbox/map/axesm.html#FontUnits
axesm.FontWeight   ../toolbox/map/axesm.html#FontWeight
axesm.LabelFormat   ../toolbox/map/axesm.html#LabelFormat
axesm.LabelRotation   ../toolbox/map/axesm.html#LabelRotation
axesm.LabelUnits   ../toolbox/map/axesm.html#LabelUnits
axesm.MeridianLabel   ../toolbox/map/axesm.html#MeridianLabel
axesm.MLabelLocation   ../toolbox/map/axesm.html#MLabelLocation
axesm.MLabelParallel   ../toolbox/map/axesm.html#MLabelParallel
axesm.MLabelRound   ../toolbox/map/axesm.html#MLabelRound
axesm.ParallelLabel   ../toolbox/map/axesm.html#ParallelLabel
axesm.PLabelLocation   ../toolbox/map/axesm.html#PLabelLocation
axesm.PLabelMeridian   ../toolbox/map/axesm.html#PLabelMeridian
axesm.PLabelRound   ../toolbox/map/axesm.html#PLabelRound
mapviewref   ../toolbox/map/mapview.html#mapviewref
scaleruler.Color   ../toolbox/map/scaleruler.html#Color
scaleruler.FontAngle   ../toolbox/map/scaleruler.html#FontAngle
scaleruler.FontName   ../toolbox/map/scaleruler.html#FontName
scaleruler.FontSize   ../toolbox/map/scaleruler.html#FontSize
scaleruler.FontUnits   ../toolbox/map/scaleruler.html#FontUnits
scaleruler.FontWeight   ../toolbox/map/scaleruler.html#FontWeight
scaleruler.Label   ../toolbox/map/scaleruler.html#Label
scaleruler.LineWidth   ../toolbox/map/scaleruler.html#LineWidth
scaleruler.MajorTick   ../toolbox/map/scaleruler.html#MajorTick
scaleruler.MajorTickLabel   ../toolbox/map/scaleruler.html#MajorTickLabel
scaleruler.MajorTickLength   ../toolbox/map/scaleruler.html#MajorTickLength
scaleruler.MinorTick   ../toolbox/map/scaleruler.html#MinorTick
scaleruler.MinorTickLabel   ../toolbox/map/scaleruler.html#MinorTickLabel
scaleruler.MinorTickLength   ../toolbox/map/scaleruler.html#MinorTickLength
scaleruler.RulerStyle   ../toolbox/map/scaleruler.html#RulerStyle
scaleruler.TickDir   ../toolbox/map/scaleruler.html#TickDir
scaleruler.TickMode   ../toolbox/map/scaleruler.html#TickMode
scaleruler.XLoc   ../toolbox/map/scaleruler.html#XLoc
scaleruler.YLoc   ../toolbox/map/scaleruler.html#YLoc
scaleruler.Azimuth   ../toolbox/map/scaleruler.html#Azimuth
scaleruler.Lat   ../toolbox/map/scaleruler.html#Lat
scaleruler.Long   ../toolbox/map/scaleruler.html#Long
scaleruler.Radius   ../toolbox/map/scaleruler.html#Radius
scaleruler.Units   ../toolbox/map/scaleruler.html#Units
scaleruler.Children   ../toolbox/map/scaleruler.html#Children
aitoff   ../toolbox/map/aitoffprojection.html#aitoff
eqaconic   ../toolbox/map/albersequalareaconicprojection.html#eqaconic
apianus   ../toolbox/map/apianusiiprojection.html#apianus
balthsrt   ../toolbox/map/balthasartcylindricalprojection.html#balthsrt
behrmann   ../toolbox/map/behrmanncylindricalprojection.html#behrmann
bonne   ../toolbox/map/bonneprojection.html#bonne
braun   ../toolbox/map/braunperspectivecylindricalprojection.html#braun
breusing   ../toolbox/map/breusingharmonicmeanprojection.html#breusing
bries   ../toolbox/map/briesemeisterprojection.html#bries
cassini   ../toolbox/map/cassinicylindricalprojection.html#cassini
ccylin   ../toolbox/map/centralcylindricalprojection.html#ccylin
collig   ../toolbox/map/collignonprojection.html#collig
craster   ../toolbox/map/crasterparabolicprojection.html#craster
eckert1   ../toolbox/map/eckertiprojection.html#eckert1
eckert2   ../toolbox/map/eckertllprojection.html#eckert2
eckert3   ../toolbox/map/eckertlllprojection.html#eckert3
eckert4   ../toolbox/map/eckertivprojection.html#eckert4
eckert5   ../toolbox/map/eckertvprojection.html#eckert5
eckert6   ../toolbox/map/eckertviprojection.html#eckert6
eqacylin   ../toolbox/map/equalareacylindricalprojection.html#eqacylin
eqdazim   ../toolbox/map/equidistantazimuthalprojection.html#eqdazim
eqdconic   ../toolbox/map/equidistantconicprojection.html#eqdconic
eqdcylin   ../toolbox/map/equidistantcylindricalprojection.html#eqdcylin
fournier   ../toolbox/map/fournierprojection.html#fournier
giso   ../toolbox/map/gallisographicprojection.html#giso
gortho   ../toolbox/map/gallorthographicprojection.html#gortho
gstereo   ../toolbox/map/gallstereographicprojection.html#gstereo
globe   ../toolbox/map/globe.html#globe
gnomonic   ../toolbox/map/gnomonicprojection.html#gnomonic
goode   ../toolbox/map/goodehomolosineprojection.html#goode
hammer   ../toolbox/map/hammerprojection.html#hammer
hatano   ../toolbox/map/hatanoasymmetricalequalareaprojection.html#hatano
kavrsky5   ../toolbox/map/kavraiskyvprojection.html#kavrsky5
kavrsky6   ../toolbox/map/kavraiskyviprojection.html#kavrsky6
eqaazim   ../toolbox/map/lambertazimuthalequalareaprojection.html#eqaazim
lambert   ../toolbox/map/lambertconformalconicprojection.html#lambert
lambcyln   ../toolbox/map/lambertequalareacylindricalprojection.html#lambcyln
loximuth   ../toolbox/map/loximuthalprojection.html#loximuth
flatplrp   ../toolbox/map/mcbrydethomasflatpolarparabolicprojection.html#flatplrp
flatplrq   ../toolbox/map/mcbrydethomasflatpolarquarticprojection.html#flatplrq
flatplrs   ../toolbox/map/mcbrydethomasflatpolarsinusoidalprojection.html#flatplrs
mercator   ../toolbox/map/mercatorprojection.html#mercator
miller   ../toolbox/map/millercylindricalprojection.html#miller
mollweid   ../toolbox/map/mollweideprojection.html#mollweid
murdoch1   ../toolbox/map/murdochiconicprojection.html#murdoch1
murdoch3   ../toolbox/map/murdochiiiminimumerrorconicprojection.html#murdoch3
ortho   ../toolbox/map/orthographicprojection.html#ortho
pcarree   ../toolbox/map/platecarreacuteeprojection.html#pcarree
polycon   ../toolbox/map/polyconicprojection.html#polycon
putnins5   ../toolbox/map/putninsp5projection.html#putnins5
quartic   ../toolbox/map/quarticauthalicprojection.html#quartic
robinson   ../toolbox/map/robinsonprojection.html#robinson
sinusoid   ../toolbox/map/sinusoidalprojection.html#sinusoid
stereo   ../toolbox/map/stereographicprojection.html#stereo
tranmerc   ../toolbox/map/transversemercatorprojection.html#tranmerc
modsine   ../toolbox/map/tissotmodifiedsinusoidalprojection.html#modsine
trystan   ../toolbox/map/trystanedwardscylindricalprojection.html#trystan
ups   ../toolbox/map/universalpolarstereographicprojection.html#ups
utm   ../toolbox/map/universaltransversemercatorprojection.html#utm
vgrint1   ../toolbox/map/vandergrinteniprojection.html#vgrint1
vperspec   ../toolbox/map/verticalperspectiveazimuthalprojection.html#vperspec
wagner4   ../toolbox/map/wagnerivprojection.html#wagner4
werner   ../toolbox/map/wernerprojection.html#werner
wetch   ../toolbox/map/wetchcylindricalprojection.html#wetch
wiechel   ../toolbox/map/wiechelprojection.html#wiechel
winkel   ../toolbox/map/winkeliprojection.html#winkel
developable_surfaces   ../toolbox/map/map_glos.html#developable_surfaces
geographicdatastructure   ../toolbox/map/map_glos.html#geographicdatastructure
