mathematical_analysis   ../techdoc/math_anal/intro_ma.html#mathematical_analysis
matrices_and_linear_algebra   ../techdoc/math_anal/mat_lina.html#matrices_and_linear_algebra
mla_function_summary   ../techdoc/math_anal/mat_lin2.html#mla_function_summary
polynomials_and_interpolation   ../techdoc/math_anal/poly_int.html#polynomials_and_interpolation
seamount_data_set   ../techdoc/math_anal/poly_i18.html#seamount_data_set
tessellation_in_higher_dimensions   ../techdoc/math_anal/poly_i19.html#tessellation_in_higher_dimensions
math_voronoi_diagrams_nd   ../techdoc/math_anal/poly_i19.html#math_voronoi_diagrams_nd
data_analysis_and_statistics   ../techdoc/math_anal/datafun.html#data_analysis_and_statistics
basic_data_analysis_functions   ../techdoc/math_anal/datafun3.html#basic_data_analysis_functions
data_preprocessing   ../techdoc/math_anal/datafun7.html#data_preprocessing
case_study_curve_fitting   ../techdoc/math_anal/datafu13.html#case_study_curve_fitting
basic_fitting_interface   ../techdoc/math_anal/datafu18.html#basic_fitting_interface
basic_fitting_gui   ../techdoc/math_anal/datafu18.html#basic_fitting_gui
fourier_analysis_and_the_fast_fourier_transform   ../techdoc/math_anal/datafu20.html#fourier_analysis_and_the_fast_fourier_transform
difference_equations_and_filtering   ../techdoc/math_anal/datafu19.html#difference_equations_and_filtering
funfun_function_summary   ../techdoc/math_anal/funfun2.html#funfun_function_summary
function_functions   ../techdoc/math_anal/funfun.html#function_functions
convert_optim_to_v5   ../techdoc/math_anal/funfun12.html#convert_optim_to_v5
ordinary_differential_equations   ../techdoc/math_anal/diffeq2.html#ordinary_differential_equations
ordinary_differential_equations   ../techdoc/math_anal/diffeq.html#ordinary_differential_equations
differential_equations   ../techdoc/math_anal/diffeq.html#differential_equations
odeperform   ../techdoc/math_anal/diffeq7.html#odeperform
ode_solver_output_properties   ../techdoc/math_anal/diffeq7.html#ode_solver_output_properties
diffeq_dde   ../techdoc/math_anal/diffeq10.html#diffeq_dde
bvp_problems   ../techdoc/math_anal/diffeq17.html#bvp_problems
dde23_performance   ../techdoc/math_anal/diffeq16.html#dde23_performance
dde_solver_output_properties   ../techdoc/math_anal/diffeq16.html#dde_solver_output_properties
bvpsingular   ../techdoc/math_anal/diffeq23.html#bvpsingular
bvp4c_performance   ../techdoc/math_anal/diffeq24.html#bvp4c_performance
sparse_matrices   ../techdoc/math_anal/sparse.html#sparse_matrices
simultaneous_linear_equations   ../techdoc/math_anal/sparse19.html#simultaneous_linear_equations
