the_matlab_environment   ../techdoc/matlab_env/ml_envir.html#the_matlab_environment
matlabenvironment_startquit   ../techdoc/matlab_env/start_qu.html#matlabenvironment_startquit
matlab_env_starting   ../techdoc/matlab_env/start_q2.html#matlab_env_starting
matlab_env_startup_directory   ../techdoc/matlab_env/start_q3.html#matlab_env_startup_directory
matlabenvironment_startupoptions   ../techdoc/matlab_env/start_q4.html#matlabenvironment_startupoptions
matlab_env_startupmfile   ../techdoc/matlab_env/start_q4.html#matlab_env_startupmfile
toolbox_cache   ../techdoc/matlab_env/start_q5.html#toolbox_cache
TIPS_env1_toolbox_caching   ../techdoc/matlab_env/start_q5.html#TIPS_env1_toolbox_caching
toolbox_path_caching   ../techdoc/matlab_env/start_q5.html#toolbox_path_caching
enable_tbcache_diagnostics   ../techdoc/matlab_env/start_q5.html#enable_tbcache_diagnostics
verbose_cache_operation   ../techdoc/matlab_env/start_q5.html#verbose_cache_operation
matlab_env_quitting_matlab   ../techdoc/matlab_env/start_q6.html#matlab_env_quitting_matlab
matlabenvironment_desktop   ../techdoc/matlab_env/desktop.html#matlabenvironment_desktop
matlabenvironment_configuringdesktop   ../techdoc/matlab_env/desktop5.html#matlabenvironment_configuringdesktop
desktop_arranging_documents   ../techdoc/matlab_env/desktop5.html#desktop_arranging_documents
matlabenvironment_commondesktop   ../techdoc/matlab_env/deskto16.html#matlabenvironment_commondesktop
matlab_shortcuts   ../techdoc/matlab_env/deskto18.html#matlab_shortcuts
creating_shortcuts   ../techdoc/matlab_env/deskto19.html#creating_shortcuts
matlabenv_shortcuts_toolbar   ../techdoc/matlab_env/deskto21.html#matlabenv_shortcuts_toolbar
matlabenv_shortcuts_organize   ../techdoc/matlab_env/deskto22.html#matlabenv_shortcuts_organize
web_browser   ../techdoc/matlab_env/deskto23.html#web_browser
matlab_env_web_prefs   ../techdoc/matlab_env/deskto23.html#matlab_env_web_prefs
matlab_env_desktopshortcuts   ../techdoc/matlab_env/deskto26.html#matlab_env_desktopshortcuts
matlab_env_treeviewkeys   ../techdoc/matlab_env/deskto26.html#matlab_env_treeviewkeys
matlabenvironment_pagesetup   ../techdoc/matlab_env/deskto29.html#matlabenvironment_pagesetup
matlabenvironment_matlabcentral   ../techdoc/matlab_env/deskto31.html#matlabenvironment_matlabcentral
matlab_env_fonts_colors_otherprefs   ../techdoc/matlab_env/deskto32.html#matlab_env_fonts_colors_otherprefs
matlab_env_fonts_prefs   ../techdoc/matlab_env/deskto33.html#matlab_env_fonts_prefs
default_font_settings   ../techdoc/matlab_env/deskto33.html#default_font_settings
matlab_env_customfonts_prefs   ../techdoc/matlab_env/deskto34.html#matlab_env_customfonts_prefs
matlab_env_colors_prefs   ../techdoc/matlab_env/deskto36.html#matlab_env_colors_prefs
matlab_env_syntaxcolors   ../techdoc/matlab_env/deskto37.html#matlab_env_syntaxcolors
matlab_env_general_prefs   ../techdoc/matlab_env/deskto38.html#matlab_env_general_prefs
matlab_env_recycle_preference   ../techdoc/matlab_env/deskto38.html#matlab_env_recycle_preference
matlab_env_matfiles_prefs   ../techdoc/matlab_env/deskto39.html#matlab_env_matfiles_prefs
matlab_env_sourcecontrol_prefs   ../techdoc/matlab_env/deskto39.html#matlab_env_sourcecontrol_prefs
matlabenvironment_preferences   ../techdoc/matlab_env/deskto40.html#matlabenvironment_preferences
matlabenvironment_commands   ../techdoc/matlab_env/commands.html#matlabenvironment_commands
matlab_env_cw_ch   ../techdoc/matlab_env/commands.html#matlab_env_cw_ch
matlabenvironment_commandline   ../techdoc/matlab_env/command2.html#matlabenvironment_commandline
matlab_env_errors   ../techdoc/matlab_env/command3.html#matlab_env_errors
TIPS_env3_external_programs   ../techdoc/matlab_env/command4.html#TIPS_env3_external_programs
matlabenvironment_clipboardfeatures   ../techdoc/matlab_env/command8.html#matlabenvironment_clipboardfeatures
TIPS_env3_long_lines   ../techdoc/matlab_env/command9.html#TIPS_env3_long_lines
matlabenvironment_previouslines   ../techdoc/matlab_env/comman10.html#matlabenvironment_previouslines
TIPS_env3_recalling_lines   ../techdoc/matlab_env/comman10.html#TIPS_env3_recalling_lines
TIPS_env3_tab_completion   ../techdoc/matlab_env/comman11.html#TIPS_env3_tab_completion
matlabenvironment_cwincrementalsearch   ../techdoc/matlab_env/comman19.html#matlabenvironment_cwincrementalsearch
matlab_env_commandwindow_prefs   ../techdoc/matlab_env/comman20.html#matlab_env_commandwindow_prefs
matlabenvironment_textdisplaypref   ../techdoc/matlab_env/comman21.html#matlabenvironment_textdisplaypref
matlab_env_cwkeyboard_prefs   ../techdoc/matlab_env/comman22.html#matlab_env_cwkeyboard_prefs
matlabenvironment_commandwindow_parantheses   ../techdoc/matlab_env/comman23.html#matlabenvironment_commandwindow_parantheses
matlabenvironment_commandhistory   ../techdoc/matlab_env/comman23.html#matlabenvironment_commandhistory
TIPS_env3_command_history   ../techdoc/matlab_env/comman23.html#TIPS_env3_command_history
matlab_env__commandhistory_prefs   ../techdoc/matlab_env/comman28.html#matlab_env__commandhistory_prefs
matlabenvironment_help   ../techdoc/matlab_env/help.html#matlabenvironment_help
matlabenv_refpage   ../techdoc/matlab_env/help2.html#matlabenv_refpage
matlabenvironment_productpage   ../techdoc/matlab_env/help2.html#matlabenvironment_productpage
matlabenvironment_helpbrowser   ../techdoc/matlab_env/help4.html#matlabenvironment_helpbrowser
TIPS_env4_help_browser   ../techdoc/matlab_env/help7.html#TIPS_env4_help_browser
matlabenvironment_index   ../techdoc/matlab_env/help9.html#matlabenvironment_index
matlabenvironment_search   ../techdoc/matlab_env/help11.html#matlabenvironment_search
matlabenvironment_searchfor   ../techdoc/matlab_env/help11.html#matlabenvironment_searchfor
matlabenv_booleansearch   ../techdoc/matlab_env/help12.html#matlabenv_booleansearch
matlabenv_helpbrowserfavorites   ../techdoc/matlab_env/help14.html#matlabenv_helpbrowserfavorites
matlabenvironment_demos   ../techdoc/matlab_env/help18.html#matlabenvironment_demos
TIPS_env4_running_demos   ../techdoc/matlab_env/help18.html#TIPS_env4_running_demos
matlab_env_help_prefs   ../techdoc/matlab_env/help19.html#matlab_env_help_prefs
matlabenvironment_helpfunctions   ../techdoc/matlab_env/help23.html#matlabenvironment_helpfunctions
../matlab_env/#matlabenvironment_docfunction   ../techdoc/matlab_env/help23.html#../matlab_env/#matlabenvironment_docfunction
matlabenvironment_docfunction   ../techdoc/matlab_env/help24.html#matlabenvironment_docfunction
matlabenvironment_overloadedfunction   ../techdoc/matlab_env/help24.html#matlabenvironment_overloadedfunction
matlabenvironment_helpfunction   ../techdoc/matlab_env/help25.html#matlabenvironment_helpfunction
matlabenv_matlabcentral   ../techdoc/matlab_env/help27.html#matlabenv_matlabcentral
matlab_env_cssm   ../techdoc/matlab_env/help28.html#matlab_env_cssm
matlabenvironment_filepathworkspace   ../techdoc/matlab_env/ws_path_.html#matlabenvironment_filepathworkspace
matlabenvironment_workspace   ../techdoc/matlab_env/ws_path2.html#matlabenvironment_workspace
TIPS_env5_matlab_workspace   ../techdoc/matlab_env/ws_path2.html#TIPS_env5_matlab_workspace
matlabenvironment_workspacebrowser   ../techdoc/matlab_env/ws_path3.html#matlabenvironment_workspacebrowser
TIPS_env5_save_workspace   ../techdoc/matlab_env/ws_path4.html#TIPS_env5_save_workspace
TIPS_env5_load_workspace   ../techdoc/matlab_env/ws_path5.html#TIPS_env5_load_workspace
matlab_env_workspace_prefs   ../techdoc/matlab_env/ws_path8.html#matlab_env_workspace_prefs
matlabenvironment_arrayeditor   ../techdoc/matlab_env/ws_path9.html#matlabenvironment_arrayeditor
matlab_env_arrayeditor_prefs   ../techdoc/matlab_env/ws_pat16.html#matlab_env_arrayeditor_prefs
matlabenvironment_searchpath   ../techdoc/matlab_env/ws_pat17.html#matlabenvironment_searchpath
TIPS_env5_search_path   ../techdoc/matlab_env/ws_pat17.html#TIPS_env5_search_path
matlabenvironment_shadowed   ../techdoc/matlab_env/ws_pat17.html#matlabenvironment_shadowed
matlab_env_finding_path   ../techdoc/matlab_env/ws_pat18.html#matlab_env_finding_path
matlabenvironment_pathbrowser   ../techdoc/matlab_env/ws_pat19.html#matlabenvironment_pathbrowser
matlab_env_savepath   ../techdoc/matlab_env/ws_pat25.html#matlab_env_savepath
matlab_env_path_futuresessions   ../techdoc/matlab_env/ws_pat26.html#matlab_env_path_futuresessions
matlab_env_startup_path   ../techdoc/matlab_env/ws_pat26.html#matlab_env_startup_path
matlab_env_pathproblems   ../techdoc/matlab_env/ws_pat27.html#matlab_env_pathproblems
matlabenvironment_fileoperations   ../techdoc/matlab_env/ws_pat28.html#matlabenvironment_fileoperations
matlabenvironment_currentdirectoryfield   ../techdoc/matlab_env/ws_pat28.html#matlabenvironment_currentdirectoryfield
matlabenvironment_filebrowser   ../techdoc/matlab_env/ws_pat29.html#matlabenvironment_filebrowser
findfiles   ../techdoc/matlab_env/ws_pat33.html#findfiles
matlab_env_currentdirectory_prefs   ../techdoc/matlab_env/ws_pat35.html#matlab_env_currentdirectory_prefs
matlabenvironment_editordebugger   ../techdoc/matlab_env/edit_deb.html#matlabenvironment_editordebugger
ways_to_edit_and_debug_files   ../techdoc/matlab_env/edit_de4.html#ways_to_edit_and_debug_files
matlabenvironment_editor   ../techdoc/matlab_env/edit_d12.html#matlabenvironment_editor
Editor:features   ../techdoc/matlab_env/edit_d12.html#Editor:features
TIPS_env7_commenting   ../techdoc/matlab_env/edit_d14.html#TIPS_env7_commenting
matlabenvironment_syntaxcoloring   ../techdoc/matlab_env/edit_d16.html#matlabenvironment_syntaxcoloring
TIPS_env7_replace_string   ../techdoc/matlab_env/edit_d19.html#TIPS_env7_replace_string
matlabenvironment_eddebugincrementalsearch   ../techdoc/matlab_env/edit_d20.html#matlabenvironment_eddebugincrementalsearch
matlabenvironment_autosave   ../techdoc/matlab_env/edit_d22.html#matlabenvironment_autosave
TIPS_env7_debugging_mfiles   ../techdoc/matlab_env/edit_d25.html#TIPS_env7_debugging_mfiles
TIPS_env7_finding_errors   ../techdoc/matlab_env/edit_d26.html#TIPS_env7_finding_errors
TIPS_env7_error_types   ../techdoc/matlab_env/edit_d26.html#TIPS_env7_error_types
TIPS_env7_debug_features   ../techdoc/matlab_env/edit_d29.html#TIPS_env7_debug_features
TIPS_env7_setting_breakpoints   ../techdoc/matlab_env/edit_d31.html#TIPS_env7_setting_breakpoints
matlabenvironment_invalidbreakpoints   ../techdoc/matlab_env/edit_d32.html#matlabenvironment_invalidbreakpoints
datatips   ../techdoc/matlab_env/edit_d36.html#datatips
matlab_env_conditional_breakpoints   ../techdoc/matlab_env/edit_d44.html#matlab_env_conditional_breakpoints
matlab_env_error_breakpoints   ../techdoc/matlab_env/edit_d45.html#matlab_env_error_breakpoints
matlab_env_message_identifiers   ../techdoc/matlab_env/edit_d45.html#matlab_env_message_identifiers
matlabenvironment_cellscripts   ../techdoc/matlab_env/edit_d46.html#matlabenvironment_cellscripts
matlab_env_visdirtools   ../techdoc/matlab_env/tuning_r.html#matlab_env_visdirtools
tuning_and_refining_mfiles   ../techdoc/matlab_env/tuning_r.html#tuning_and_refining_mfiles
matlab_env_visual_directory   ../techdoc/matlab_env/tuning_2.html#matlab_env_visual_directory
matlab_env_directory_rpts   ../techdoc/matlab_env/tuning_8.html#matlab_env_directory_rpts
matlab_env_todo_rpt   ../techdoc/matlab_env/tuning_9.html#matlab_env_todo_rpt
matlab_env_help_rpt   ../techdoc/matlab_env/tuning10.html#matlab_env_help_rpt
matlab_env_contents_rpt   ../techdoc/matlab_env/tuning12.html#matlab_env_contents_rpt
matlab_env_dependency_rpt   ../techdoc/matlab_env/tuning13.html#matlab_env_dependency_rpt
matlab_env_comparison_rpt   ../techdoc/matlab_env/tuning14.html#matlab_env_comparison_rpt
matlab_env_coverage_rpt   ../techdoc/matlab_env/tuning15.html#matlab_env_coverage_rpt
matlab_env_mlint   ../techdoc/matlab_env/tuning16.html#matlab_env_mlint
mlint_gui   ../techdoc/matlab_env/tuning17.html#mlint_gui
measuring_performance   ../techdoc/matlab_env/tuning19.html#measuring_performance
profiler_summary   ../techdoc/matlab_env/tuning22.html#profiler_summary
profiler   ../techdoc/matlab_env/tuning23.html#profiler
profile_summary   ../techdoc/matlab_env/tuning24.html#profile_summary
profile_function   ../techdoc/matlab_env/tuning26.html#profile_function
publishing_cells   ../techdoc/matlab_env/noteboo2.html#publishing_cells
matlabenvironment_notebook   ../techdoc/matlab_env/noteboo9.html#matlabenvironment_notebook
matlabenvironment_notebookmacros   ../techdoc/matlab_env/notebo33.html#matlabenvironment_notebookmacros
matlabenvironment_sourcecontrol   ../techdoc/matlab_env/source_c.html#matlabenvironment_sourcecontrol
sourcecontrol_selectingmenus   ../techdoc/matlab_env/source_3.html#sourcecontrol_selectingmenus
sourcecontrol_checkoutmenus   ../techdoc/matlab_env/source_5.html#sourcecontrol_checkoutmenus
sourcecontrol_checkinmenus   ../techdoc/matlab_env/source_6.html#sourcecontrol_checkinmenus
sourcecontrol_undocheckoutmenus   ../techdoc/matlab_env/source_8.html#sourcecontrol_undocheckoutmenus
sourcecontrol_selectingmenus   ../techdoc/matlab_env/source15.html#sourcecontrol_selectingmenus
sourcecontrol_checkinmenus   ../techdoc/matlab_env/source16.html#sourcecontrol_checkinmenus
sourcecontrol_checkoutmenus   ../techdoc/matlab_env/source17.html#sourcecontrol_checkoutmenus
sourcecontrol_undocheckoutmenus   ../techdoc/matlab_env/source18.html#sourcecontrol_undocheckoutmenus
undocking_tools   ../techdoc/matlab_env/guiref7.html#undocking_tools
docking_tools   ../techdoc/matlab_env/guiref7.html#docking_tools
tabbing_tools   ../techdoc/matlab_env/guiref8.html#tabbing_tools
navigating_among_documents   ../techdoc/matlab_env/guiref10.html#navigating_among_documents
matlab_env_positioning_moving_resizing   ../techdoc/matlab_env/guiref10.html#matlab_env_positioning_moving_resizing
undocking_documents   ../techdoc/matlab_env/guiref12.html#undocking_documents
docking_documents   ../techdoc/matlab_env/guiref12.html#docking_documents
start_button_config   ../techdoc/matlab_env/guiref14.html#start_button_config
matlab_env_editor_prefs   ../techdoc/matlab_env/guiref18.html#matlab_env_editor_prefs
matlab_env__editor_prefs   ../techdoc/matlab_env/guiref18.html#matlab_env__editor_prefs
TIPS_env7_editor_preferences   ../techdoc/matlab_env/guiref18.html#TIPS_env7_editor_preferences
matlab_env_editor_preference   ../techdoc/matlab_env/guiref18.html#matlab_env_editor_preference
matlabenvironment_emacslink   ../techdoc/matlab_env/guiref18.html#matlabenvironment_emacslink
matlabenvironment_prompt   ../techdoc/matlab_env/guiref18.html#matlabenvironment_prompt
debuggeroptions   ../techdoc/matlab_env/guiref18.html#debuggeroptions
matlab_env_editordisplay_prefs   ../techdoc/matlab_env/guiref19.html#matlab_env_editordisplay_prefs
matlab_env_editorkeyboard_prefs   ../techdoc/matlab_env/guiref20.html#matlab_env_editorkeyboard_prefs
editor_keybinding_preference   ../techdoc/matlab_env/guiref20.html#editor_keybinding_preference
matlabenvironment_editor_parantheses   ../techdoc/matlab_env/guiref20.html#matlabenvironment_editor_parantheses
matlabenvironment_edparenmatchingprefs   ../techdoc/matlab_env/guiref20.html#matlabenvironment_edparenmatchingprefs
matlab_env_editorlanguage_prefs   ../techdoc/matlab_env/guiref21.html#matlab_env_editorlanguage_prefs
matlab_env_mfile_indenting_enterkey   ../techdoc/matlab_env/guiref22.html#matlab_env_mfile_indenting_enterkey
matlabenvironment_commentformatting   ../techdoc/matlab_env/guiref22.html#matlabenvironment_commentformatting
matab_env_editorpublish_prefs   ../techdoc/matlab_env/guiref26.html#matab_env_editorpublish_prefs
matlab_env_editorpublishimages_prefs   ../techdoc/matlab_env/guiref27.html#matlab_env_editorpublishimages_prefs
matlab_env_editorautosave_prefs   ../techdoc/matlab_env/guiref28.html#matlab_env_editorautosave_prefs
#matlabenvironment_autosaveprefs   ../techdoc/matlab_env/guiref28.html##matlabenvironment_autosaveprefs
