   ../toolbox/mpc/chsimulink3.html#
MPCmask   ../toolbox/mpc/chsimulink3.html#MPCmask
load_project   ../toolbox/mpc/chmpcrefmpctool6.html#load_project
save_project   ../toolbox/mpc/chmpcrefmpctool6.html#save_project
import_plant_cshelp   ../toolbox/mpc/mpcmpctoolcshelp2.html#import_plant_cshelp
import_controller_cshelp   ../toolbox/mpc/mpcmpctoolcshelp7.html#import_controller_cshelp
MPCIMPORTMPCOBJ   ../toolbox/mpc/mpcmpctoolcshelp7.html#MPCIMPORTMPCOBJ
MPCOBJEXPORTER   ../toolbox/mpc/mpcmpctoolcshelp10.html#MPCOBJEXPORTER
MPCGUIMAIN   ../toolbox/mpc/mpcmpctoolcshelp11.html#MPCGUIMAIN
MPCMODELSMAIN   ../toolbox/mpc/mpcmpctoolcshelp12.html#MPCMODELSMAIN
MPCCONTROLLERS   ../toolbox/mpc/mpcmpctoolcshelp14.html#MPCCONTROLLERS
MPCSIMSMAIN   ../toolbox/mpc/mpcmpctoolcshelp15.html#MPCSIMSMAIN
MPCCONHORIZON   ../toolbox/mpc/mpcmpctoolcshelp17.html#MPCCONHORIZON
MPCCONCONSTRAINT   ../toolbox/mpc/mpcmpctoolcshelp18.html#MPCCONCONSTRAINT
MPCCONSOFT   ../toolbox/mpc/mpcmpctoolcshelp19.html#MPCCONSOFT
MPCCONWEIGHT   ../toolbox/mpc/mpcmpctoolcshelp20.html#MPCCONWEIGHT
MPCCONESTIMATOR   ../toolbox/mpc/mpcmpctoolcshelp21.html#MPCCONESTIMATOR
MPCSIMMAIN   ../toolbox/mpc/mpcmpctoolcshelp22.html#MPCSIMMAIN
