xPCTutorial   ../toolbox/xpc/ch_basic_tutorial.html#xPCTutorial
getting_started   ../toolbox/xpc/ch_basic_tutorial.html#getting_started
xpc_target_remote_control_tool   ../toolbox/xpc/ch_basic_tutorial21a.html#xpc_target_remote_control_tool
tgsc_ml   ../toolbox/xpc/ch_target_scope_obj.html#tgsc_ml
sigs_params   ../toolbox/xpc/ch_signals_parameters.html#sigs_params
HostCompiler   ../toolbox/xpc/ch_basic_tutorial_mngr7.html#HostCompiler
xPCExplrTutorial   ../toolbox/xpc/ch_basic_tutorial_mngr.html#xPCExplrTutorial
TargetCommunication   ../toolbox/xpc/ch_basic_tutorial_mngr9.html#TargetCommunication
TargetBootDisk   ../toolbox/xpc/ch_basic_tutorial_mngr13.html#TargetBootDisk
TargetSettings   ../toolbox/xpc/ch_basic_tutorial_mngr12.html#TargetSettings
TargetAppearance   ../toolbox/xpc/ch_basic_tutorial_mngr12.html#TargetAppearance
TargetNetwork   ../toolbox/xpc/ch_basic_tutorial_mngr11.html#TargetNetwork
TargetSerial   ../toolbox/xpc/ch_basic_tutorial_mngr10.html#TargetSerial
TargetModelHierarchy   ../toolbox/xpc/ch_basic_tutorial_mngr22.html#TargetModelHierarchy
xPCScopes   ../toolbox/xpc/ch_basic_tutorial_mngr23a.html#xPCScopes
files_fs   ../toolbox/xpc/ch_fs.html#files_fs
object_ref   ../toolbox/xpc/ch_function_reference.html#object_ref
api_ref   ../toolbox/xpc/api_ch_functions.html#api_ref
xpcioref   ../toolbox/xpc/pt_io_block_reference2.html#xpcioref
serial_comm   ../toolbox/xpc/ch_io_rs232.html#serial_comm
RS232_Binary-Mode_RS232-Binary-Receive   ../toolbox/xpc/ch_io_rs23212.html#RS232_Binary-Mode_RS232-Binary-Receive
RS232_Binary-Mode_RS232-Binary-Send   ../toolbox/xpc/ch_io_rs23212.html#RS232_Binary-Mode_RS232-Binary-Send
RS232_Binary_Mode_Pack   ../toolbox/xpc/ch_io_rs23212.html#RS232_Binary_Mode_Pack
RS232_Binary_Mode_Unpack   ../toolbox/xpc/ch_io_rs23212.html#RS232_Binary_Mode_Unpack
RS232_Binary_Example   ../toolbox/xpc/ch_io_rs23212.html#RS232_Binary_Example
RS232_Asynchronous-Mode_Receive   ../toolbox/xpc/ch_io_rs23211.html#RS232_Asynchronous-Mode_Receive
RS232_Setup   ../toolbox/xpc/ch_io_rs23210.html#RS232_Setup
RS232_RS232   ../toolbox/xpc/ch_io_rs23210.html#RS232_RS232
RS232_Synchronous-Mode_RS232   ../toolbox/xpc/ch_io_rs23210.html#RS232_Synchronous-Mode_RS232
RS232_Synchronous-Mode_Send-&-Receive   ../toolbox/xpc/ch_io_rs23210.html#RS232_Synchronous-Mode_Send-&-Receive
RS232_Asynchronous-Mode_RS232   ../toolbox/xpc/ch_io_rs23210.html#RS232_Asynchronous-Mode_RS232
RS232_Asynchronous-Mode_Send   ../toolbox/xpc/ch_io_rs23210.html#RS232_Asynchronous-Mode_Send
RS232_Asynchronous-Mode_RS232-1   ../toolbox/xpc/ch_io_rs23210.html#RS232_Asynchronous-Mode_RS232-1
Quatech_ASCII_Encode   ../toolbox/xpc/ch_io_rs23216.html#Quatech_ASCII_Encode
Quatech_ASCII_Decode   ../toolbox/xpc/ch_io_rs23216.html#Quatech_ASCII_Decode
Quatech_State   ../toolbox/xpc/ch_io_rs23216.html#Quatech_State
Baseboard_Serial_Subsystem   ../toolbox/xpc/ch_io_rs23216.html#Baseboard_Serial_Subsystem
Quatech_Subsystem   ../toolbox/xpc/ch_io_rs23216.html#Quatech_Subsystem
Baseboard_MODEM_Control   ../toolbox/xpc/ch_io_rs23216.html#Baseboard_MODEM_Control
Quatech_MODEM_Control   ../toolbox/xpc/ch_io_rs23216.html#Quatech_MODEM_Control
Emerald_MODEM_Control   ../toolbox/xpc/ch_io_rs23216.html#Emerald_MODEM_Control
Emerald_MODEM_Status   ../toolbox/xpc/ch_io_rs23216.html#Emerald_MODEM_Status
Quatech_MODEM_Status   ../toolbox/xpc/ch_io_rs23216.html#Quatech_MODEM_Status
Baseboard_MODEM_Status   ../toolbox/xpc/ch_io_rs23216.html#Baseboard_MODEM_Status
Quatech_Setup   ../toolbox/xpc/ch_io_rs23216.html#Quatech_Setup
Baseboard_Setup   ../toolbox/xpc/ch_io_rs23216.html#Baseboard_Setup
Baseboard_Read_HW   ../toolbox/xpc/ch_io_rs23216.html#Baseboard_Read_HW
Quatech_Read_HW   ../toolbox/xpc/ch_io_rs23216.html#Quatech_Read_HW
Quatech_Write_HW   ../toolbox/xpc/ch_io_rs23216.html#Quatech_Write_HW
Baseboard_Write_HW   ../toolbox/xpc/ch_io_rs23216.html#Baseboard_Write_HW
Quatech_Interrupt_Query   ../toolbox/xpc/ch_io_rs23216.html#Quatech_Interrupt_Query
Baseboard_Interrupt_Query   ../toolbox/xpc/ch_io_rs23216.html#Baseboard_Interrupt_Query
Quatech_Enable_Int   ../toolbox/xpc/ch_io_rs23216.html#Quatech_Enable_Int
Baseboard_Enable_Int   ../toolbox/xpc/ch_io_rs23216.html#Baseboard_Enable_Int
Quatech_Filter_Ints   ../toolbox/xpc/ch_io_rs23216.html#Quatech_Filter_Ints
Baseboard_Filter_Ints   ../toolbox/xpc/ch_io_rs23216.html#Baseboard_Filter_Ints
Quatech_Interrupt_Check   ../toolbox/xpc/ch_io_rs23216.html#Quatech_Interrupt_Check
Quatech_FIFO_Read   ../toolbox/xpc/ch_io_rs23216.html#Quatech_FIFO_Read
Quatech_FIFO_Write   ../toolbox/xpc/ch_io_rs23216.html#Quatech_FIFO_Write
NationalInstruments_GPIB-232CT-A_board   ../toolbox/xpc/ch_io_gpib9.html#NationalInstruments_GPIB-232CT-A_board
NationalInstruments_GPIB-232CT-A-1_GPIB   ../toolbox/xpc/ch_io_gpib11.html#NationalInstruments_GPIB-232CT-A-1_GPIB
NationalInstruments_GPIB-232CT-A_GPIB   ../toolbox/xpc/ch_io_gpib10.html#NationalInstruments_GPIB-232CT-A_GPIB
Softing_CAN-AC2-ISA-Philips-C200   ../toolbox/xpc/ch_io_can9.html#Softing_CAN-AC2-ISA-Philips-C200
Softing_CAN-AC2-ISA-Intel-527_Setup   ../toolbox/xpc/ch_io_can14.html#Softing_CAN-AC2-ISA-Intel-527_Setup
Softing_CAN-AC2-ISA-Intel-527   ../toolbox/xpc/ch_io_can13.html#Softing_CAN-AC2-ISA-Intel-527
Softing_CAN-AC2-ISA-Philips-C200_Receive   ../toolbox/xpc/ch_io_can12.html#Softing_CAN-AC2-ISA-Philips-C200_Receive
Softing_CAN-AC2-ISA-Philips-C200_Send   ../toolbox/xpc/ch_io_can11.html#Softing_CAN-AC2-ISA-Philips-C200_Send
Softing_CAN-AC2-ISA-Philips-C200_Setup   ../toolbox/xpc/ch_io_can10.html#Softing_CAN-AC2-ISA-Philips-C200_Setup
Softing_CAN-AC2-ISA-Intel-527_Send   ../toolbox/xpc/ch_io_can15.html#Softing_CAN-AC2-ISA-Intel-527_Send
Softing_CAN-AC2-PCI-SJA-1000_Setup   ../toolbox/xpc/ch_io_can18.html#Softing_CAN-AC2-PCI-SJA-1000_Setup
Softing_CAN-AC2-PCI-SJA-1000   ../toolbox/xpc/ch_io_can17.html#Softing_CAN-AC2-PCI-SJA-1000
Softing_CAN-AC2-ISA-Intel-527_Receive   ../toolbox/xpc/ch_io_can16.html#Softing_CAN-AC2-ISA-Intel-527_Receive
Softing_CAN-AC2-104-SJA-1000_Send   ../toolbox/xpc/ch_io_can23.html#Softing_CAN-AC2-104-SJA-1000_Send
Softing_CAN-AC2-104-SJA-1000_Setup   ../toolbox/xpc/ch_io_can22.html#Softing_CAN-AC2-104-SJA-1000_Setup
Softing_CAN-AC2-104-SJA-1000   ../toolbox/xpc/ch_io_can21.html#Softing_CAN-AC2-104-SJA-1000
Softing_CAN-AC2-PCI-SJA-1000_Receive   ../toolbox/xpc/ch_io_can20.html#Softing_CAN-AC2-PCI-SJA-1000_Receive
Softing_CAN-AC2-PCI-SJA-1000_Send   ../toolbox/xpc/ch_io_can19.html#Softing_CAN-AC2-PCI-SJA-1000_Send
Utilities_CAN-Timeout-Detection   ../toolbox/xpc/ch_io_can28.html#Utilities_CAN-Timeout-Detection
Utilities_CAN-bit-unpacking   ../toolbox/xpc/ch_io_can27.html#Utilities_CAN-bit-unpacking
Utilities_CAN-bit-packing   ../toolbox/xpc/ch_io_can26.html#Utilities_CAN-bit-packing
Softing_CAN-AC2-104-SJA-1000_Receive   ../toolbox/xpc/ch_io_can24.html#Softing_CAN-AC2-104-SJA-1000_Receive
Softing_CAN-AC2-PCI-SJA-1000_FIFO   ../toolbox/xpc/ch_io_can_fifo4.html#Softing_CAN-AC2-PCI-SJA-1000_FIFO
Softing_CAN-AC2-PCI-SJA-1000_FIFO-Read-XMT-Level   ../toolbox/xpc/ch_io_can_fifo9.html#Softing_CAN-AC2-PCI-SJA-1000_FIFO-Read-XMT-Level
Softing_CAN-AC2-PCI-SJA-1000_FIFO-Read-Filter   ../toolbox/xpc/ch_io_can_fifo8.html#Softing_CAN-AC2-PCI-SJA-1000_FIFO-Read-Filter
Softing_CAN-AC2-PCI-SJA-1000_FIFO-Read   ../toolbox/xpc/ch_io_can_fifo7.html#Softing_CAN-AC2-PCI-SJA-1000_FIFO-Read
Softing_CAN-AC2-PCI-SJA-1000_FIFO-Write   ../toolbox/xpc/ch_io_can_fifo6.html#Softing_CAN-AC2-PCI-SJA-1000_FIFO-Write
Softing_CAN-AC2-PCI-SJA-1000_FIFO-Setup   ../toolbox/xpc/ch_io_can_fifo5.html#Softing_CAN-AC2-PCI-SJA-1000_FIFO-Setup
Softing_CAN-AC2-104-SJA-1000_FIFO-Write   ../toolbox/xpc/ch_io_can_fifo15.html#Softing_CAN-AC2-104-SJA-1000_FIFO-Write
Softing_CAN-AC2-104-SJA-1000_FIFO-Setup   ../toolbox/xpc/ch_io_can_fifo14.html#Softing_CAN-AC2-104-SJA-1000_FIFO-Setup
Softing_CAN-AC2-104-SJA-1000_FIFO   ../toolbox/xpc/ch_io_can_fifo13.html#Softing_CAN-AC2-104-SJA-1000_FIFO
Softing_CAN-AC2-PCI-SJA-1000_FIFO-Reset-RCV   ../toolbox/xpc/ch_io_can_fifo12.html#Softing_CAN-AC2-PCI-SJA-1000_FIFO-Reset-RCV
Softing_CAN-AC2-PCI-SJA-1000_FIFO-Read-RCV-Level   ../toolbox/xpc/ch_io_can_fifo11.html#Softing_CAN-AC2-PCI-SJA-1000_FIFO-Read-RCV-Level
Softing_CAN-AC2-PCI-SJA-1000_FIFO-Reset-XMT   ../toolbox/xpc/ch_io_can_fifo10.html#Softing_CAN-AC2-PCI-SJA-1000_FIFO-Reset-XMT
Softing_CAN-AC2-104-SJA-1000_FIFO-Reset-RCV   ../toolbox/xpc/ch_io_can_fifo21.html#Softing_CAN-AC2-104-SJA-1000_FIFO-Reset-RCV
Softing_CAN-AC2-104-SJA-1000_FIFO-Read-RCV-Level   ../toolbox/xpc/ch_io_can_fifo20.html#Softing_CAN-AC2-104-SJA-1000_FIFO-Read-RCV-Level
Softing_CAN-AC2-104-SJA-1000_FIFO-Reset-XMT   ../toolbox/xpc/ch_io_can_fifo19.html#Softing_CAN-AC2-104-SJA-1000_FIFO-Reset-XMT
Softing_CAN-AC2-104-SJA-1000_FIFO-Read-XMT-Level   ../toolbox/xpc/ch_io_can_fifo18.html#Softing_CAN-AC2-104-SJA-1000_FIFO-Read-XMT-Level
Softing_CAN-AC2-104-SJA-1000_FIFO-Read-Filter   ../toolbox/xpc/ch_io_can_fifo17.html#Softing_CAN-AC2-104-SJA-1000_FIFO-Read-Filter
Softing_CAN-AC2-104-SJA-1000_FIFO-Read   ../toolbox/xpc/ch_io_can_fifo16.html#Softing_CAN-AC2-104-SJA-1000_FIFO-Read
UDP   ../toolbox/xpc/ch_io_udp.html#UDP
AccesIO_WDG-CSM_Watchdog   ../toolbox/xpc/cp_access_io3.html#AccesIO_WDG-CSM_Watchdog
AccesIO_WDG-CSM   ../toolbox/xpc/cp_access_io2.html#AccesIO_WDG-CSM
UDP_Send   ../toolbox/xpc/ch_io_udp9.html#UDP_Send
UDP_Receive   ../toolbox/xpc/ch_io_udp8.html#UDP_Receive
UDP_Byte-Reversal   ../toolbox/xpc/ch_io_udp12.html#UDP_Byte-Reversal
UDP_Unpack   ../toolbox/xpc/ch_io_udp11.html#UDP_Unpack
UDP_Pack   ../toolbox/xpc/ch_io_udp10.html#UDP_Pack
Adlink_3-Phase-PWM   ../toolbox/xpc/cp_adlink3.html#Adlink_3-Phase-PWM
ADDI-DATA_PA-1700_Encoder   ../toolbox/xpc/cp_addi_data5.html#ADDI-DATA_PA-1700_Encoder
ADDI-DATA_PA-1700   ../toolbox/xpc/cp_addi_data4.html#ADDI-DATA_PA-1700
ADDI-DATA_APCI-1710-enc_Encoder   ../toolbox/xpc/cp_addi_data3.html#ADDI-DATA_APCI-1710-enc_Encoder
ADDI-DATA_APCI-1710   ../toolbox/xpc/cp_addi_data2.html#ADDI-DATA_APCI-1710
Advantech_PCL-711B_DA   ../toolbox/xpc/cp_advantech9.html#Advantech_PCL-711B_DA
Advantech_PCL-711B_AD   ../toolbox/xpc/cp_advantech8.html#Advantech_PCL-711B_AD
Advantech_PCL-711B   ../toolbox/xpc/cp_advantech7.html#Advantech_PCL-711B
Advantech_PCL-1800_DOUT   ../toolbox/xpc/cp_advantech6.html#Advantech_PCL-1800_DOUT
Advantech_PCL-1800_DIN   ../toolbox/xpc/cp_advantech5.html#Advantech_PCL-1800_DIN
Advantech_PCL-1800_DA   ../toolbox/xpc/cp_advantech4.html#Advantech_PCL-1800_DA
Advantech_PCL-1800_AD   ../toolbox/xpc/cp_advantech3.html#Advantech_PCL-1800_AD
Advantech_PCL-812PG   ../toolbox/xpc/cp_advantech27.html#Advantech_PCL-812PG
Advantech_PCL-812_DOUT   ../toolbox/xpc/cp_advantech26.html#Advantech_PCL-812_DOUT
Advantech_PCL-812_DIN   ../toolbox/xpc/cp_advantech25.html#Advantech_PCL-812_DIN
Advantech_PCL-812_DA   ../toolbox/xpc/cp_advantech24.html#Advantech_PCL-812_DA
Advantech_PCL-812_AD   ../toolbox/xpc/cp_advantech23.html#Advantech_PCL-812_AD
Advantech_PCL-812   ../toolbox/xpc/cp_advantech22.html#Advantech_PCL-812
Advantech_PCL-728_DA   ../toolbox/xpc/cp_advantech21.html#Advantech_PCL-728_DA
Advantech_PCL-728   ../toolbox/xpc/cp_advantech20.html#Advantech_PCL-728
Advantech_PCL-1800   ../toolbox/xpc/cp_advantech2.html#Advantech_PCL-1800
Advantech_PCL-727_DOUT   ../toolbox/xpc/cp_advantech19.html#Advantech_PCL-727_DOUT
Advantech_PCL-727_DIN   ../toolbox/xpc/cp_advantech18.html#Advantech_PCL-727_DIN
Advantech_PCL-727_DA   ../toolbox/xpc/cp_advantech17.html#Advantech_PCL-727_DA
Advantech_PCL-727   ../toolbox/xpc/cp_advantech16.html#Advantech_PCL-727
Advantech_PCL-726_DOUT   ../toolbox/xpc/cp_advantech15.html#Advantech_PCL-726_DOUT
Advantech_PCL-726_DIN   ../toolbox/xpc/cp_advantech14.html#Advantech_PCL-726_DIN
Advantech_PCL-726_DA   ../toolbox/xpc/cp_advantech13.html#Advantech_PCL-726_DA
Advantech_PCL-726   ../toolbox/xpc/cp_advantech12.html#Advantech_PCL-726
Advantech_PCL-711B_DOUT   ../toolbox/xpc/cp_advantech11.html#Advantech_PCL-711B_DOUT
Advantech_PCL-711B_DIN   ../toolbox/xpc/cp_advantech10.html#Advantech_PCL-711B_DIN
Advantech_PCL-818L   ../toolbox/xpc/cp_advantech52.html#Advantech_PCL-818L
Advantech_PCL-818HG_DOUT   ../toolbox/xpc/cp_advantech51.html#Advantech_PCL-818HG_DOUT
Advantech_PCL-818HG_DIN   ../toolbox/xpc/cp_advantech50.html#Advantech_PCL-818HG_DIN
Advantech_PCL-818HG_DA   ../toolbox/xpc/cp_advantech49.html#Advantech_PCL-818HG_DA
Advantech_PCL-818HG_AD   ../toolbox/xpc/cp_advantech48.html#Advantech_PCL-818HG_AD
Advantech_PCL-818HG   ../toolbox/xpc/cp_advantech47.html#Advantech_PCL-818HG
Advantech_PCL-818HD_DOUT   ../toolbox/xpc/cp_advantech46.html#Advantech_PCL-818HD_DOUT
Advantech_PCL-818HD_DIN   ../toolbox/xpc/cp_advantech45.html#Advantech_PCL-818HD_DIN
Advantech_PCL-818HD_DA   ../toolbox/xpc/cp_advantech44.html#Advantech_PCL-818HD_DA
Advantech_PCL-818HD_AD   ../toolbox/xpc/cp_advantech43.html#Advantech_PCL-818HD_AD
Advantech_PCL-818HD   ../toolbox/xpc/cp_advantech42.html#Advantech_PCL-818HD
Advantech_PCL-818H_DOUT   ../toolbox/xpc/cp_advantech41.html#Advantech_PCL-818H_DOUT
Advantech_PCL-818H_DIN   ../toolbox/xpc/cp_advantech40.html#Advantech_PCL-818H_DIN
Advantech_PCL-818H_DA   ../toolbox/xpc/cp_advantech39.html#Advantech_PCL-818H_DA
Advantech_PCL-818H_AD   ../toolbox/xpc/cp_advantech38.html#Advantech_PCL-818H_AD
Advantech_PCL-818H   ../toolbox/xpc/cp_advantech37.html#Advantech_PCL-818H
Advantech_PCL-818_DOUT   ../toolbox/xpc/cp_advantech36.html#Advantech_PCL-818_DOUT
Advantech_PCL-818_DIN   ../toolbox/xpc/cp_advantech35.html#Advantech_PCL-818_DIN
Advantech_PCL-818_DA   ../toolbox/xpc/cp_advantech34.html#Advantech_PCL-818_DA
Advantech_PCL-818_AD   ../toolbox/xpc/cp_advantech33.html#Advantech_PCL-818_AD
Advantech_PCL-818   ../toolbox/xpc/cp_advantech32.html#Advantech_PCL-818
Advantech_PCL-812PG_DOUT   ../toolbox/xpc/cp_advantech31.html#Advantech_PCL-812PG_DOUT
Advantech_PCL-812PG_DIN   ../toolbox/xpc/cp_advantech30.html#Advantech_PCL-812PG_DIN
Advantech_PCL-812PG_DA   ../toolbox/xpc/cp_advantech29.html#Advantech_PCL-812PG_DA
Advantech_PCL-812PG_AD   ../toolbox/xpc/cp_advantech28.html#Advantech_PCL-812PG_AD
Analogic_AIM16_DOUT   ../toolbox/xpc/cp_analogic9.html#Analogic_AIM16_DOUT
Analogic_AIM16_DIN   ../toolbox/xpc/cp_analogic8.html#Analogic_AIM16_DIN
Analogic_AIM16_AD   ../toolbox/xpc/cp_analogic7.html#Analogic_AIM16_AD
Analogic_AIM12_DOUT   ../toolbox/xpc/cp_analogic5.html#Analogic_AIM12_DOUT
Analogic_AIM12_DIN   ../toolbox/xpc/cp_analogic4.html#Analogic_AIM12_DIN
Analogic_AIM12_AD   ../toolbox/xpc/cp_analogic3.html#Analogic_AIM12_AD
Advantech_PCL-818L_DOUT   ../toolbox/xpc/cp_advantech56.html#Advantech_PCL-818L_DOUT
Advantech_PCL-818L_DIN   ../toolbox/xpc/cp_advantech55.html#Advantech_PCL-818L_DIN
Advantech_PCL-818L_DA   ../toolbox/xpc/cp_advantech54.html#Advantech_PCL-818L_DA
Advantech_PCL-818L_AD   ../toolbox/xpc/cp_advantech53.html#Advantech_PCL-818L_AD
Apex_PC-12SD_SynchroResolver   ../toolbox/xpc/cp_apex3.html#Apex_PC-12SD_SynchroResolver
Apex_PC-12SD   ../toolbox/xpc/cp_apex2.html#Apex_PC-12SD
Apex_73LD3_LVDT   ../toolbox/xpc/cp_apex5.html#Apex_73LD3_LVDT
NAII_73SD3_SD   ../toolbox/xpc/cp_apex7.html#NAII_73SD3_SD
NAII_76LD1_LD   ../toolbox/xpc/cp_apex9.html#NAII_76LD1_LD
NAII_76CL1_DL   ../toolbox/xpc/cp_apex12.html#NAII_76CL1_DL
NAII_76CL1_LD   ../toolbox/xpc/cp_apex11.html#NAII_76CL1_LD
BittWare_Audio-PMC   ../toolbox/xpc/cp_bittware2.html#BittWare_Audio-PMC
NAII_76CS1_DS   ../toolbox/xpc/cp_apex15a.html#NAII_76CS1_DS
NAII_76CS1_SD   ../toolbox/xpc/cp_apex14a.html#NAII_76CS1_SD
BittWare_Audio-PMC_AD   ../toolbox/xpc/cp_bittware3.html#BittWare_Audio-PMC_AD
BittWare_Audio-PMC_DA   ../toolbox/xpc/cp_bittware4.html#BittWare_Audio-PMC_DA
Burr-Brown_PCI-20041C_DIN   ../toolbox/xpc/cp_burr_brown9.html#Burr-Brown_PCI-20041C_DIN
Burr-Brown_PCI-20041C   ../toolbox/xpc/cp_burr_brown8.html#Burr-Brown_PCI-20041C
Burr-Brown_PCI-20023M_AD   ../toolbox/xpc/cp_burr_brown7.html#Burr-Brown_PCI-20023M_AD
Burr-Brown_PCI-20023M   ../toolbox/xpc/cp_burr_brown6.html#Burr-Brown_PCI-20023M
Burr-Brown_PCI-20019M_AD   ../toolbox/xpc/cp_burr_brown5.html#Burr-Brown_PCI-20019M_AD
Burr-Brown_PCI-20019M   ../toolbox/xpc/cp_burr_brown4.html#Burr-Brown_PCI-20019M
Burr-Brown_PCI-20003M_DA   ../toolbox/xpc/cp_burr_brown3.html#Burr-Brown_PCI-20003M_DA
Burr-Brown_PCI-20003M   ../toolbox/xpc/cp_burr_brown2.html#Burr-Brown_PCI-20003M
Burr-Brown_PCI-20098C_DOUT   ../toolbox/xpc/cp_burr_brown14.html#Burr-Brown_PCI-20098C_DOUT
Burr-Brown_PCI-20098C_DIN   ../toolbox/xpc/cp_burr_brown13.html#Burr-Brown_PCI-20098C_DIN
Burr-Brown_PCI-20098C_AD   ../toolbox/xpc/cp_burr_brown12.html#Burr-Brown_PCI-20098C_AD
Burr-Brown_PCI-20098C   ../toolbox/xpc/cp_burr_brown11.html#Burr-Brown_PCI-20098C
Burr-Brown_PCI-20041C_DOUT   ../toolbox/xpc/cp_burr_brown10.html#Burr-Brown_PCI-20041C_DOUT
BVM_PMCDIO64-1_DOUT   ../toolbox/xpc/cp_bvm4.html#BVM_PMCDIO64-1_DOUT
BVM_PMCDIO64_DIN   ../toolbox/xpc/cp_bvm3.html#BVM_PMCDIO64_DIN
ComputerBoards_CIO-CTRxx_Counter   ../toolbox/xpc/cp_computer_boards9.html#ComputerBoards_CIO-CTRxx_Counter
ComputerBoards_CIO-CTR05-5_Counter   ../toolbox/xpc/cp_computer_boards8.html#ComputerBoards_CIO-CTR05-5_Counter
ComputerBoards_CIO-CTR05-4_Counter   ../toolbox/xpc/cp_computer_boards7.html#ComputerBoards_CIO-CTR05-4_Counter
ComputerBoards_CIO-CTR05-3_Counter   ../toolbox/xpc/cp_computer_boards6.html#ComputerBoards_CIO-CTR05-3_Counter
ComputerBoards_CIO-CTR05-2_Counter   ../toolbox/xpc/cp_computer_boards5.html#ComputerBoards_CIO-CTR05-2_Counter
ComputerBoards_CIO-CTR05-1_Counter   ../toolbox/xpc/cp_computer_boards4.html#ComputerBoards_CIO-CTR05-1_Counter
ComputerBoards_CIO-CTR05_Counter   ../toolbox/xpc/cp_computer_boards3.html#ComputerBoards_CIO-CTR05_Counter
ComputerBoards_CIO-CTR05_board   ../toolbox/xpc/cp_computer_boards2.html#ComputerBoards_CIO-CTR05_board
ComputerBoards_CIO-CTR10-1_Counter   ../toolbox/xpc/cp_computer_boards12.html#ComputerBoards_CIO-CTR10-1_Counter
ComputerBoards_CIO-CTR10_Counter   ../toolbox/xpc/cp_computer_boards11.html#ComputerBoards_CIO-CTR10_Counter
ComputerBoards_CIO-CTR10_board   ../toolbox/xpc/cp_computer_boards10.html#ComputerBoards_CIO-CTR10_board
ComputerBoards_CIO-DAS1601-12_DIN   ../toolbox/xpc/cp_computer_boards36.html#ComputerBoards_CIO-DAS1601-12_DIN
ComputerBoards_CIO-DAS1601-12_DA   ../toolbox/xpc/cp_computer_boards35.html#ComputerBoards_CIO-DAS1601-12_DA
ComputerBoards_CIO-DAS1601-12_AD   ../toolbox/xpc/cp_computer_boards34.html#ComputerBoards_CIO-DAS1601-12_AD
ComputerBoards_CIO-DAS1601-12   ../toolbox/xpc/cp_computer_boards33.html#ComputerBoards_CIO-DAS1601-12
ComputerBoards_CIO-DAS16JR-16_AD   ../toolbox/xpc/cp_computer_boards32.html#ComputerBoards_CIO-DAS16JR-16_AD
ComputerBoards_CIO-DAS16JR-16   ../toolbox/xpc/cp_computer_boards31.html#ComputerBoards_CIO-DAS16JR-16
ComputerBoards_CIO-DAS16JR-EXP_AD   ../toolbox/xpc/cp_computer_boards30.html#ComputerBoards_CIO-DAS16JR-EXP_AD
ComputerBoards_CIO-DAS16-JR_AD   ../toolbox/xpc/cp_computer_boards29.html#ComputerBoards_CIO-DAS16-JR_AD
ComputerBoards_CIO-DAS16-JR   ../toolbox/xpc/cp_computer_boards28.html#ComputerBoards_CIO-DAS16-JR
ComputerBoards_CIO-DAS16-330_AD   ../toolbox/xpc/cp_computer_boards27.html#ComputerBoards_CIO-DAS16-330_AD
ComputerBoards_CIO-DAS16-300   ../toolbox/xpc/cp_computer_boards26.html#ComputerBoards_CIO-DAS16-300
ComputerBoards_CIO-DAC16-16_DA   ../toolbox/xpc/cp_computer_boards25.html#ComputerBoards_CIO-DAC16-16_DA
ComputerBoards_CIO-DAC16-16   ../toolbox/xpc/cp_computer_boards24.html#ComputerBoards_CIO-DAC16-16
ComputerBoards_CIO-DAC16_DA   ../toolbox/xpc/cp_computer_boards23.html#ComputerBoards_CIO-DAC16_DA
ComputerBoards_CIO-DAC16   ../toolbox/xpc/cp_computer_boards22.html#ComputerBoards_CIO-DAC16
ComputerBoards_CIO-DAC08-16_DA   ../toolbox/xpc/cp_computer_boards21.html#ComputerBoards_CIO-DAC08-16_DA
ComputerBoards_CIO-DAC08-16   ../toolbox/xpc/cp_computer_boards20.html#ComputerBoards_CIO-DAC08-16
ComputerBoards_CIO-DAC08_DA   ../toolbox/xpc/cp_computer_boards19.html#ComputerBoards_CIO-DAC08_DA
ComputerBoards_CIO-DAC08   ../toolbox/xpc/cp_computer_boards18.html#ComputerBoards_CIO-DAC08
ComputerBoards_CIO-CTR10-5_Counter   ../toolbox/xpc/cp_computer_boards16.html#ComputerBoards_CIO-CTR10-5_Counter
ComputerBoards_CIO-CTR10-4_Counter   ../toolbox/xpc/cp_computer_boards15.html#ComputerBoards_CIO-CTR10-4_Counter
ComputerBoards_CIO-CTR10-3_Counter   ../toolbox/xpc/cp_computer_boards14.html#ComputerBoards_CIO-CTR10-3_Counter
ComputerBoards_CIO-CTR10-2_Counter   ../toolbox/xpc/cp_computer_boards13.html#ComputerBoards_CIO-CTR10-2_Counter
ComputerBoards_CIO-DIO24H_DIN   ../toolbox/xpc/cp_computer_boards61.html#ComputerBoards_CIO-DIO24H_DIN
ComputerBoards_CIO-DIO24H   ../toolbox/xpc/cp_computer_boards60.html#ComputerBoards_CIO-DIO24H
add2_CIO-DIO24_SignalConditioning   ../toolbox/xpc/cp_computer_boards59.html#add2_CIO-DIO24_SignalConditioning
ComputerBoards_CIO-DIO24_DOUT   ../toolbox/xpc/cp_computer_boards58.html#ComputerBoards_CIO-DIO24_DOUT
ComputerBoards_CIO-DIO24_DIN   ../toolbox/xpc/cp_computer_boards57.html#ComputerBoards_CIO-DIO24_DIN
ComputerBoards_CIO-DIO24   ../toolbox/xpc/cp_computer_boards56.html#ComputerBoards_CIO-DIO24
ComputerBoards_CIO-DDA06-16_DOUT   ../toolbox/xpc/cp_computer_boards55.html#ComputerBoards_CIO-DDA06-16_DOUT
ComputerBoards_CIO-DDA06-16_DIN   ../toolbox/xpc/cp_computer_boards54.html#ComputerBoards_CIO-DDA06-16_DIN
ComputerBoards_CIO-DDA06-16_DA   ../toolbox/xpc/cp_computer_boards53.html#ComputerBoards_CIO-DDA06-16_DA
ComputerBoards_CIO-DDA06-16   ../toolbox/xpc/cp_computer_boards52.html#ComputerBoards_CIO-DDA06-16
ComputerBoards_CIO-DDA06_DOUT   ../toolbox/xpc/cp_computer_boards51.html#ComputerBoards_CIO-DDA06_DOUT
ComputerBoards_CIO-DDA06_DIN   ../toolbox/xpc/cp_computer_boards50.html#ComputerBoards_CIO-DDA06_DIN
ComputerBoards_CIO-DDA06_DA   ../toolbox/xpc/cp_computer_boards49.html#ComputerBoards_CIO-DDA06_DA
ComputerBoards_CIO-DDA06   ../toolbox/xpc/cp_computer_boards48.html#ComputerBoards_CIO-DDA06
ComputerBoards_CIO-DAS1602-16_DOUT   ../toolbox/xpc/cp_computer_boards47.html#ComputerBoards_CIO-DAS1602-16_DOUT
ComputerBoards_CIO-DAS1602-16_DIN   ../toolbox/xpc/cp_computer_boards46.html#ComputerBoards_CIO-DAS1602-16_DIN
ComputerBoards_CIO-DAS1602-16_DA   ../toolbox/xpc/cp_computer_boards45.html#ComputerBoards_CIO-DAS1602-16_DA
ComputerBoards_CIO-DAS1602-16_AD   ../toolbox/xpc/cp_computer_boards44.html#ComputerBoards_CIO-DAS1602-16_AD
ComputerBoards_CIO-DAS1602-16   ../toolbox/xpc/cp_computer_boards43.html#ComputerBoards_CIO-DAS1602-16
ComputerBoards_CIO-DAS1602-12_DOUT   ../toolbox/xpc/cp_computer_boards42.html#ComputerBoards_CIO-DAS1602-12_DOUT
ComputerBoards_CIO-DAS1602-12_DIN   ../toolbox/xpc/cp_computer_boards41.html#ComputerBoards_CIO-DAS1602-12_DIN
ComputerBoards_CIO-DAS1602-12_DA   ../toolbox/xpc/cp_computer_boards40.html#ComputerBoards_CIO-DAS1602-12_DA
ComputerBoards_CIO-DAS1602-12_AD   ../toolbox/xpc/cp_computer_boards39.html#ComputerBoards_CIO-DAS1602-12_AD
ComputerBoards_CIO-DAS1602-12   ../toolbox/xpc/cp_computer_boards38.html#ComputerBoards_CIO-DAS1602-12
ComputerBoards_CIO-DAS1601-12_DOUT   ../toolbox/xpc/cp_computer_boards37.html#ComputerBoards_CIO-DAS1601-12_DOUT
ComputerBoards_CIO-QUAD02   ../toolbox/xpc/cp_computer_boards80.html#ComputerBoards_CIO-QUAD02
ComputerBoards_CIO-PDISO16_DOUT   ../toolbox/xpc/cp_computer_boards79.html#ComputerBoards_CIO-PDISO16_DOUT
ComputerBoards_CIO-PDISO16_DIN   ../toolbox/xpc/cp_computer_boards78.html#ComputerBoards_CIO-PDISO16_DIN
ComputerBoards_CIO-PDISO16   ../toolbox/xpc/cp_computer_boards77.html#ComputerBoards_CIO-PDISO16
ComputerBoards_CIO-DO24DD_DOUT   ../toolbox/xpc/cp_computer_boards76.html#ComputerBoards_CIO-DO24DD_DOUT
ComputerBoards_CIO-DO24DD   ../toolbox/xpc/cp_computer_boards75.html#ComputerBoards_CIO-DO24DD
ComputerBoards_CIO-DIO192_DOUT   ../toolbox/xpc/cp_computer_boards74.html#ComputerBoards_CIO-DIO192_DOUT
ComputerBoards_CIO-DIO192_DIN   ../toolbox/xpc/cp_computer_boards73.html#ComputerBoards_CIO-DIO192_DIN
ComputerBoards_CIO-DIO192   ../toolbox/xpc/cp_computer_boards72.html#ComputerBoards_CIO-DIO192
ComputerBoards_CIO-DIO96_DOUT   ../toolbox/xpc/cp_computer_boards71.html#ComputerBoards_CIO-DIO96_DOUT
ComputerBoards_CIO-DIO96_DIN   ../toolbox/xpc/cp_computer_boards70.html#ComputerBoards_CIO-DIO96_DIN
ComputerBoards_CIO-DIO96   ../toolbox/xpc/cp_computer_boards69.html#ComputerBoards_CIO-DIO96
ComputerBoards_CIO-DIO48H_DOUT   ../toolbox/xpc/cp_computer_boards68.html#ComputerBoards_CIO-DIO48H_DOUT
ComputerBoards_CIO-DIO48H_DIN   ../toolbox/xpc/cp_computer_boards67.html#ComputerBoards_CIO-DIO48H_DIN
ComputerBoards_CIO-DIO48H   ../toolbox/xpc/cp_computer_boards66.html#ComputerBoards_CIO-DIO48H
ComputerBoards_CIO-DIO48_DOUT   ../toolbox/xpc/cp_computer_boards65.html#ComputerBoards_CIO-DIO48_DOUT
ComputerBoards_CIO-DIO48_DIN   ../toolbox/xpc/cp_computer_boards64.html#ComputerBoards_CIO-DIO48_DIN
ComputerBoards_CIO-DIO48   ../toolbox/xpc/cp_computer_boards63.html#ComputerBoards_CIO-DIO48
ComputerBoards_CIO-DIO24H_DOUT   ../toolbox/xpc/cp_computer_boards62.html#ComputerBoards_CIO-DIO24H_DOUT
ComputerBoards_CIO-QUAD04   ../toolbox/xpc/cp_computer_boards83.html#ComputerBoards_CIO-QUAD04
ComputerBoards_CIO-QUAD02_Encoder   ../toolbox/xpc/cp_computer_boards81.html#ComputerBoards_CIO-QUAD02_Encoder
ComputerBoards_PC104-DIO48_DIN   ../toolbox/xpc/cp_computer_boards97.html#ComputerBoards_PC104-DIO48_DIN
ComputerBoards_PC104-DIO48   ../toolbox/xpc/cp_computer_boards96.html#ComputerBoards_PC104-DIO48
ComputerBoards_PC104-DAS16JR-16_DOUT   ../toolbox/xpc/cp_computer_boards95.html#ComputerBoards_PC104-DAS16JR-16_DOUT
ComputerBoards_PC104-DAS16JR-16_DIN   ../toolbox/xpc/cp_computer_boards94.html#ComputerBoards_PC104-DAS16JR-16_DIN
ComputerBoards_PC104-DAS16JR-16_AD   ../toolbox/xpc/cp_computer_boards93.html#ComputerBoards_PC104-DAS16JR-16_AD
ComputerBoards_PC104-DAS16JR-16   ../toolbox/xpc/cp_computer_boards92.html#ComputerBoards_PC104-DAS16JR-16
ComputerBoards_PC104-DAS16JR-12_DOUT   ../toolbox/xpc/cp_computer_boards91.html#ComputerBoards_PC104-DAS16JR-12_DOUT
ComputerBoards_PC104-DAS16JR-12_DIN   ../toolbox/xpc/cp_computer_boards90.html#ComputerBoards_PC104-DAS16JR-12_DIN
ComputerBoards_PC104-DAS16JR-12_AD   ../toolbox/xpc/cp_computer_boards89.html#ComputerBoards_PC104-DAS16JR-12_AD
ComputerBoards_PC104-DAS16JR   ../toolbox/xpc/cp_computer_boards88.html#ComputerBoards_PC104-DAS16JR
ComputerBoards_PC104-DAC06_DA   ../toolbox/xpc/cp_computer_boards87.html#ComputerBoards_PC104-DAC06_DA
ComputerBoards_PC104-DAC06   ../toolbox/xpc/cp_computer_boards86.html#ComputerBoards_PC104-DAC06
ComputerBoards_CIO-QUAD04_Encoder   ../toolbox/xpc/cp_computer_boards84.html#ComputerBoards_CIO-QUAD04_Encoder
ComputerBoards_PCI-CTR05_board   ../toolbox/xpc/cp_computer_boards99.html#ComputerBoards_PCI-CTR05_board
ComputerBoards_PC104-DIO48_DOUT   ../toolbox/xpc/cp_computer_boards98.html#ComputerBoards_PC104-DIO48_DOUT
ComputerBoards_PCI-DAS1602-12_DIN   ../toolbox/xpc/cp_computer_boards119.html#ComputerBoards_PCI-DAS1602-12_DIN
ComputerBoards_PCI-DAS1602-12_DA   ../toolbox/xpc/cp_computer_boards118.html#ComputerBoards_PCI-DAS1602-12_DA
ComputerBoards_PCI-DAS1602-12_AD   ../toolbox/xpc/cp_computer_boards117.html#ComputerBoards_PCI-DAS1602-12_AD
ComputerBoards_PCI-DAS1602-12   ../toolbox/xpc/cp_computer_boards116.html#ComputerBoards_PCI-DAS1602-12
ComputerBoards_PCI-DAS1200-JR_DOUT   ../toolbox/xpc/cp_computer_boards115.html#ComputerBoards_PCI-DAS1200-JR_DOUT
ComputerBoards_PCI-DAS1200-JR_DIN   ../toolbox/xpc/cp_computer_boards114.html#ComputerBoards_PCI-DAS1200-JR_DIN
ComputerBoards_PCI-DAS1200-JR_AD   ../toolbox/xpc/cp_computer_boards113.html#ComputerBoards_PCI-DAS1200-JR_AD
ComputerBoards_PCI-DAS1200-JR   ../toolbox/xpc/cp_computer_boards112.html#ComputerBoards_PCI-DAS1200-JR
ComputerBoards_PCI-DAS1200_DOUT   ../toolbox/xpc/cp_computer_boards111.html#ComputerBoards_PCI-DAS1200_DOUT
ComputerBoards_PCI-DAS1200_DIN   ../toolbox/xpc/cp_computer_boards110.html#ComputerBoards_PCI-DAS1200_DIN
ComputerBoards_PCI-DAS1200_DA   ../toolbox/xpc/cp_computer_boards109.html#ComputerBoards_PCI-DAS1200_DA
ComputerBoards_PCI-DAS1200_AD   ../toolbox/xpc/cp_computer_boards108.html#ComputerBoards_PCI-DAS1200_AD
ComputerBoards_PCI-DAS1200   ../toolbox/xpc/cp_computer_boards107.html#ComputerBoards_PCI-DAS1200
ComputerBoards_PCI-CTRxx_Counter   ../toolbox/xpc/cp_computer_boards106.html#ComputerBoards_PCI-CTRxx_Counter
ComputerBoards_PCI-CTR05-5_Counter   ../toolbox/xpc/cp_computer_boards105.html#ComputerBoards_PCI-CTR05-5_Counter
ComputerBoards_PCI-CTR05-4_Counter   ../toolbox/xpc/cp_computer_boards104.html#ComputerBoards_PCI-CTR05-4_Counter
ComputerBoards_PCI-CTR05-3_Counter   ../toolbox/xpc/cp_computer_boards103.html#ComputerBoards_PCI-CTR05-3_Counter
ComputerBoards_PCI-CTR05-2_Counter   ../toolbox/xpc/cp_computer_boards102.html#ComputerBoards_PCI-CTR05-2_Counter
ComputerBoards_PCI-CTR05-1_Counter   ../toolbox/xpc/cp_computer_boards101.html#ComputerBoards_PCI-CTR05-1_Counter
ComputerBoards_PCI-CTR05_Counter   ../toolbox/xpc/cp_computer_boards100.html#ComputerBoards_PCI-CTR05_Counter
ComputerBoards_PCI-DDA04-16_DIN   ../toolbox/xpc/cp_computer_boards140.html#ComputerBoards_PCI-DDA04-16_DIN
ComputerBoards_PCI-DDA04-16_DA   ../toolbox/xpc/cp_computer_boards139.html#ComputerBoards_PCI-DDA04-16_DA
ComputerBoards_PCI-DDA04-16   ../toolbox/xpc/cp_computer_boards138.html#ComputerBoards_PCI-DDA04-16
ComputerBoards_PCI-DDA04-12_DOUT   ../toolbox/xpc/cp_computer_boards137.html#ComputerBoards_PCI-DDA04-12_DOUT
ComputerBoards_PCI-DDA04-12_DIN   ../toolbox/xpc/cp_computer_boards136.html#ComputerBoards_PCI-DDA04-12_DIN
ComputerBoards_PCI-DDA04-12_DA   ../toolbox/xpc/cp_computer_boards135.html#ComputerBoards_PCI-DDA04-12_DA
ComputerBoards_PCI-DDA04-12   ../toolbox/xpc/cp_computer_boards134.html#ComputerBoards_PCI-DDA04-12
ComputerBoards_PCI-DDA02-16_DOUT   ../toolbox/xpc/cp_computer_boards133.html#ComputerBoards_PCI-DDA02-16_DOUT
ComputerBoards_PCI-DDA02-16_DIN   ../toolbox/xpc/cp_computer_boards132.html#ComputerBoards_PCI-DDA02-16_DIN
ComputerBoards_PCI-DDA02-16_DA   ../toolbox/xpc/cp_computer_boards131.html#ComputerBoards_PCI-DDA02-16_DA
ComputerBoards_PCI-DDA02-16   ../toolbox/xpc/cp_computer_boards130.html#ComputerBoards_PCI-DDA02-16
ComputerBoards_PCI-DDA02-12_DOUT   ../toolbox/xpc/cp_computer_boards129.html#ComputerBoards_PCI-DDA02-12_DOUT
ComputerBoards_PCI-DDA02-12_DIN   ../toolbox/xpc/cp_computer_boards128.html#ComputerBoards_PCI-DDA02-12_DIN
ComputerBoards_PCI-DDA02-12_DA   ../toolbox/xpc/cp_computer_boards127.html#ComputerBoards_PCI-DDA02-12_DA
ComputerBoards_PCI-DDA02-12   ../toolbox/xpc/cp_computer_boards126.html#ComputerBoards_PCI-DDA02-12
ComputerBoards_PCI-DAS1602-16_DOUT   ../toolbox/xpc/cp_computer_boards125.html#ComputerBoards_PCI-DAS1602-16_DOUT
ComputerBoards_PCI-DAS1602-16_DIN   ../toolbox/xpc/cp_computer_boards124.html#ComputerBoards_PCI-DAS1602-16_DIN
ComputerBoards_PCI-DAS1602-16_DA   ../toolbox/xpc/cp_computer_boards123.html#ComputerBoards_PCI-DAS1602-16_DA
ComputerBoards_PCI-DAS1602-16_AD   ../toolbox/xpc/cp_computer_boards122.html#ComputerBoards_PCI-DAS1602-16_AD
ComputerBoards_PCI-DAS1602-16   ../toolbox/xpc/cp_computer_boards121.html#ComputerBoards_PCI-DAS1602-16
ComputerBoards_PCI-DAS1602-12_DOUT   ../toolbox/xpc/cp_computer_boards120.html#ComputerBoards_PCI-DAS1602-12_DOUT
ComputerBoards_PCI-DIO96   ../toolbox/xpc/cp_computer_boards163.html#ComputerBoards_PCI-DIO96
ComputerBoards_PCI-DIO96H_DOUT   ../toolbox/xpc/cp_computer_boards162.html#ComputerBoards_PCI-DIO96H_DOUT
ComputerBoards_PCI-DIO96H_DIN   ../toolbox/xpc/cp_computer_boards161.html#ComputerBoards_PCI-DIO96H_DIN
ComputerBoards_PCI-DIO96H   ../toolbox/xpc/cp_computer_boards160.html#ComputerBoards_PCI-DIO96H
ComputerBoards_PCI-DIO48H_DOUT   ../toolbox/xpc/cp_computer_boards159.html#ComputerBoards_PCI-DIO48H_DOUT
ComputerBoards_PCI-DIO48H_DIN   ../toolbox/xpc/cp_computer_boards158.html#ComputerBoards_PCI-DIO48H_DIN
ComputerBoards_PCI-DIO48H   ../toolbox/xpc/cp_computer_boards157.html#ComputerBoards_PCI-DIO48H
ComputerBoards_PCI-DIO24H_DOUT   ../toolbox/xpc/cp_computer_boards156.html#ComputerBoards_PCI-DIO24H_DOUT
ComputerBoards_PCI-DIO24H_DIN   ../toolbox/xpc/cp_computer_boards155.html#ComputerBoards_PCI-DIO24H_DIN
ComputerBoards_PCI-DIO24H   ../toolbox/xpc/cp_computer_boards154.html#ComputerBoards_PCI-DIO24H
add2_PCI-DIO24_SignalConditioning   ../toolbox/xpc/cp_computer_boards153.html#add2_PCI-DIO24_SignalConditioning
ComputerBoards_PCI-DIO24_DOUT   ../toolbox/xpc/cp_computer_boards152.html#ComputerBoards_PCI-DIO24_DOUT
ComputerBoards_PCI-DIO24_DIN   ../toolbox/xpc/cp_computer_boards151.html#ComputerBoards_PCI-DIO24_DIN
ComputerBoards_PCI-DIO24   ../toolbox/xpc/cp_computer_boards150.html#ComputerBoards_PCI-DIO24
ComputerBoards_PCI-DDA08-16_DOUT   ../toolbox/xpc/cp_computer_boards149.html#ComputerBoards_PCI-DDA08-16_DOUT
ComputerBoards_PCI-DDA08-16_DIN   ../toolbox/xpc/cp_computer_boards148.html#ComputerBoards_PCI-DDA08-16_DIN
ComputerBoards_PCI-DDA08-16_DA   ../toolbox/xpc/cp_computer_boards147.html#ComputerBoards_PCI-DDA08-16_DA
ComputerBoards_PCI-DDA08-16   ../toolbox/xpc/cp_computer_boards146.html#ComputerBoards_PCI-DDA08-16
ComputerBoards_PCI-DDA08-12_DOUT   ../toolbox/xpc/cp_computer_boards145.html#ComputerBoards_PCI-DDA08-12_DOUT
ComputerBoards_PCI-DDA08-12_DIN   ../toolbox/xpc/cp_computer_boards144.html#ComputerBoards_PCI-DDA08-12_DIN
ComputerBoards_PCI-DDA08-12_DA   ../toolbox/xpc/cp_computer_boards143.html#ComputerBoards_PCI-DDA08-12_DA
ComputerBoards_PCI-DDA08-12   ../toolbox/xpc/cp_computer_boards142.html#ComputerBoards_PCI-DDA08-12
ComputerBoards_PCI-DDA04-16_DOUT   ../toolbox/xpc/cp_computer_boards141.html#ComputerBoards_PCI-DDA04-16_DOUT
ComputerBoards_PCI-DIO96_DOUT   ../toolbox/xpc/cp_computer_boards165.html#ComputerBoards_PCI-DIO96_DOUT
ComputerBoards_PCI-DIO96_DIN   ../toolbox/xpc/cp_computer_boards164.html#ComputerBoards_PCI-DIO96_DIN
ComputerBoards_PCI-PDISO8_DOUT   ../toolbox/xpc/cp_computer_boards168.html#ComputerBoards_PCI-PDISO8_DOUT
ComputerBoards_PCI-PDISO8_DIN   ../toolbox/xpc/cp_computer_boards167.html#ComputerBoards_PCI-PDISO8_DIN
ComputerBoards_PCI-QUAD04   ../toolbox/xpc/cp_computer_boards184.html#ComputerBoards_PCI-QUAD04
ComputerBoards_PCI-DUAL-AC5_DOUT   ../toolbox/xpc/cp_computer_boards183.html#ComputerBoards_PCI-DUAL-AC5_DOUT
ComputerBoards_PCI-DUAL-AC5_DIN   ../toolbox/xpc/cp_computer_boards182.html#ComputerBoards_PCI-DUAL-AC5_DIN
ComputerBoards_PCI-DUAL-AC5   ../toolbox/xpc/cp_computer_boards181.html#ComputerBoards_PCI-DUAL-AC5
ComputerBoards_PCIM-DDA06-16_DOUT   ../toolbox/xpc/cp_computer_boards180.html#ComputerBoards_PCIM-DDA06-16_DOUT
ComputerBoards_PCIM-DDA06-16_DIN   ../toolbox/xpc/cp_computer_boards179.html#ComputerBoards_PCIM-DDA06-16_DIN
ComputerBoards_PCIM-DDA06-16_DA   ../toolbox/xpc/cp_computer_boards178.html#ComputerBoards_PCIM-DDA06-16_DA
ComputerBoards_PCIM-DDA06-16   ../toolbox/xpc/cp_computer_boards177.html#ComputerBoards_PCIM-DDA06-16
ComputerBoards_PCIM-DAS1602-16_DOUT   ../toolbox/xpc/cp_computer_boards176.html#ComputerBoards_PCIM-DAS1602-16_DOUT
ComputerBoards_PCIM-DAS1602-16_DIN   ../toolbox/xpc/cp_computer_boards175.html#ComputerBoards_PCIM-DAS1602-16_DIN
ComputerBoards_PCIM-DAS1602-16_DA   ../toolbox/xpc/cp_computer_boards174.html#ComputerBoards_PCIM-DAS1602-16_DA
ComputerBoards_PCIM-DAS1602-16_AD   ../toolbox/xpc/cp_computer_boards173.html#ComputerBoards_PCIM-DAS1602-16_AD
ComputerBoards_PCIM-DAS1602-16   ../toolbox/xpc/cp_computer_boards172.html#ComputerBoards_PCIM-DAS1602-16
ComputerBoards_PCI-PDISO16_DOUT   ../toolbox/xpc/cp_computer_boards171.html#ComputerBoards_PCI-PDISO16_DOUT
ComputerBoards_PCI-PDISO16_DIN   ../toolbox/xpc/cp_computer_boards170.html#ComputerBoards_PCI-PDISO16_DIN
ComputerBoards_PCI-DAS-TC_Thermocouple   ../toolbox/xpc/cp_computer_boards188.html#ComputerBoards_PCI-DAS-TC_Thermocouple
ComputerBoards_PCI-DAS-TC   ../toolbox/xpc/cp_computer_boards187.html#ComputerBoards_PCI-DAS-TC
ComputerBoards_PCI-QUAD04_Encoder   ../toolbox/xpc/cp_computer_boards185.html#ComputerBoards_PCI-QUAD04_Encoder
Contec_AD12-16UE_board   ../toolbox/xpc/cp_contec9.html#Contec_AD12-16UE_board
Contec_AD12-16E_DA   ../toolbox/xpc/cp_contec8.html#Contec_AD12-16E_DA
Contec_AD12-16E_AD   ../toolbox/xpc/cp_contec7.html#Contec_AD12-16E_AD
Contec_AD12-16E_board   ../toolbox/xpc/cp_contec6.html#Contec_AD12-16E_board
Contec_AD12-16_DOUT   ../toolbox/xpc/cp_contec5.html#Contec_AD12-16_DOUT
Contec_AD12-16_DIN   ../toolbox/xpc/cp_contec4.html#Contec_AD12-16_DIN
Contec_AD12-16_AD   ../toolbox/xpc/cp_contec3.html#Contec_AD12-16_AD
Contec_AD12-16_board   ../toolbox/xpc/cp_contec2.html#Contec_AD12-16_board
Contec_AD12-16UE_DA   ../toolbox/xpc/cp_contec11.html#Contec_AD12-16UE_DA
Contec_AD12-16UE_AD   ../toolbox/xpc/cp_contec10.html#Contec_AD12-16UE_AD
Contec_CNT24-4D_Encoder   ../toolbox/xpc/cp_contec27.html#Contec_CNT24-4D_Encoder
Contec_CNT24-4D_board   ../toolbox/xpc/cp_contec26.html#Contec_CNT24-4D_board
Contec_PIO-3232T_DOUT   ../toolbox/xpc/cp_contec25.html#Contec_PIO-3232T_DOUT
Contec_PIO-3232T_DIN   ../toolbox/xpc/cp_contec24.html#Contec_PIO-3232T_DIN
Contec_DA12-16_DA   ../toolbox/xpc/cp_contec22.html#Contec_DA12-16_DA
Contec_DA12-4_DA   ../toolbox/xpc/cp_contec20.html#Contec_DA12-4_DA
Contec_AD16-16E_DA   ../toolbox/xpc/cp_contec18.html#Contec_AD16-16E_DA
Contec_AD16-16E_AD   ../toolbox/xpc/cp_contec17.html#Contec_AD16-16E_AD
Contec_AD12-64_DOUT   ../toolbox/xpc/cp_contec15.html#Contec_AD12-64_DOUT
Contec_AD12-64_DIN   ../toolbox/xpc/cp_contec14.html#Contec_AD12-64_DIN
Contec_AD12-64_AD   ../toolbox/xpc/cp_contec13.html#Contec_AD12-64_AD
DataTranslation_DT2821-F-8DI_DA   ../toolbox/xpc/cp_data_translation9.html#DataTranslation_DT2821-F-8DI_DA
DataTranslation_DT2821-F-8DI_AD   ../toolbox/xpc/cp_data_translation8.html#DataTranslation_DT2821-F-8DI_AD
DataTranslation_DT2821-F-8DI   ../toolbox/xpc/cp_data_translation7.html#DataTranslation_DT2821-F-8DI
DataTranslation_DT2821_DOUT   ../toolbox/xpc/cp_data_translation6.html#DataTranslation_DT2821_DOUT
DataTranslation_DT2821_DIN   ../toolbox/xpc/cp_data_translation5.html#DataTranslation_DT2821_DIN
DataTranslation_DT2821_DA   ../toolbox/xpc/cp_data_translation4.html#DataTranslation_DT2821_DA
DataTranslation_DT2821_AD   ../toolbox/xpc/cp_data_translation3.html#DataTranslation_DT2821_AD
DataTranslation_DT2821-F-16SE_DOUT   ../toolbox/xpc/cp_data_translation21.html#DataTranslation_DT2821-F-16SE_DOUT
DataTranslation_DT2821-F-16SE_DIN   ../toolbox/xpc/cp_data_translation20.html#DataTranslation_DT2821-F-16SE_DIN
DataTranslation_DT2821   ../toolbox/xpc/cp_data_translation2.html#DataTranslation_DT2821
DataTranslation_DT2821-F-16SE_DA   ../toolbox/xpc/cp_data_translation19.html#DataTranslation_DT2821-F-16SE_DA
DataTranslation_DT2821-F-16SE_AD   ../toolbox/xpc/cp_data_translation18.html#DataTranslation_DT2821-F-16SE_AD
DataTranslation_DT2821-F-16SE   ../toolbox/xpc/cp_data_translation17.html#DataTranslation_DT2821-F-16SE
DataTranslation_DT2821-G-8DI_DOUT   ../toolbox/xpc/cp_data_translation16.html#DataTranslation_DT2821-G-8DI_DOUT
DataTranslation_DT2821-G-8DI_DIN   ../toolbox/xpc/cp_data_translation15.html#DataTranslation_DT2821-G-8DI_DIN
DataTranslation_DT2821-G-8DI_DA   ../toolbox/xpc/cp_data_translation14.html#DataTranslation_DT2821-G-8DI_DA
DataTranslation_DT2821-G-8DI_AD   ../toolbox/xpc/cp_data_translation13.html#DataTranslation_DT2821-G-8DI_AD
DataTranslation_DT2821-G-8DI   ../toolbox/xpc/cp_data_translation12.html#DataTranslation_DT2821-G-8DI
DataTranslation_DT2821-F-8DI_DOUT   ../toolbox/xpc/cp_data_translation11.html#DataTranslation_DT2821-F-8DI_DOUT
DataTranslation_DT2821-F-8DI_DIN   ../toolbox/xpc/cp_data_translation10.html#DataTranslation_DT2821-F-8DI_DIN
DataTranslation_DT2825_DOUT   ../toolbox/xpc/cp_data_translation44.html#DataTranslation_DT2825_DOUT
DataTranslation_DT2825_DIN   ../toolbox/xpc/cp_data_translation43.html#DataTranslation_DT2825_DIN
DataTranslation_DT2825_DA   ../toolbox/xpc/cp_data_translation42.html#DataTranslation_DT2825_DA
DataTranslation_DT2825_AD   ../toolbox/xpc/cp_data_translation41.html#DataTranslation_DT2825_AD
DataTranslation_DT2825   ../toolbox/xpc/cp_data_translation40.html#DataTranslation_DT2825
DataTranslation_DT2824-PGL_DOUT   ../toolbox/xpc/cp_data_translation39.html#DataTranslation_DT2824-PGL_DOUT
DataTranslation_DT2824-PGL_DIN   ../toolbox/xpc/cp_data_translation38.html#DataTranslation_DT2824-PGL_DIN
DataTranslation_DT2824-PGL_AD   ../toolbox/xpc/cp_data_translation37.html#DataTranslation_DT2824-PGL_AD
DataTranslation_DT2824-PGL   ../toolbox/xpc/cp_data_translation36.html#DataTranslation_DT2824-PGL
DataTranslation_DT2824-PGH_DOUT   ../toolbox/xpc/cp_data_translation35.html#DataTranslation_DT2824-PGH_DOUT
DataTranslation_DT2824-PGH_DIN   ../toolbox/xpc/cp_data_translation34.html#DataTranslation_DT2824-PGH_DIN
DataTranslation_DT2824-PGH_AD   ../toolbox/xpc/cp_data_translation33.html#DataTranslation_DT2824-PGH_AD
DataTranslation_DT2824-PGH   ../toolbox/xpc/cp_data_translation32.html#DataTranslation_DT2824-PGH
DataTranslation_DT2823_DOUT   ../toolbox/xpc/cp_data_translation31.html#DataTranslation_DT2823_DOUT
DataTranslation_DT2823_DIN   ../toolbox/xpc/cp_data_translation30.html#DataTranslation_DT2823_DIN
DataTranslation_DT2823_DA   ../toolbox/xpc/cp_data_translation29.html#DataTranslation_DT2823_DA
DataTranslation_DT2823_AD   ../toolbox/xpc/cp_data_translation28.html#DataTranslation_DT2823_AD
DataTranslation_DT2823   ../toolbox/xpc/cp_data_translation27.html#DataTranslation_DT2823
DataTranslation_DT2821-G-16SE_DOUT   ../toolbox/xpc/cp_data_translation26.html#DataTranslation_DT2821-G-16SE_DOUT
DataTranslation_DT2821-G-16SE_DIN   ../toolbox/xpc/cp_data_translation25.html#DataTranslation_DT2821-G-16SE_DIN
DataTranslation_DT2821-G-16SE_DA   ../toolbox/xpc/cp_data_translation24.html#DataTranslation_DT2821-G-16SE_DA
DataTranslation_DT2821-G-16SE_AD   ../toolbox/xpc/cp_data_translation23.html#DataTranslation_DT2821-G-16SE_AD
DataTranslation_DT2821-G-16SE   ../toolbox/xpc/cp_data_translation22.html#DataTranslation_DT2821-G-16SE
DataTranslation_DT2828_DOUT   ../toolbox/xpc/cp_data_translation54.html#DataTranslation_DT2828_DOUT
DataTranslation_DT2828_DIN   ../toolbox/xpc/cp_data_translation53.html#DataTranslation_DT2828_DIN
DataTranslation_DT2828_DA   ../toolbox/xpc/cp_data_translation52.html#DataTranslation_DT2828_DA
DataTranslation_DT2828_AD   ../toolbox/xpc/cp_data_translation51.html#DataTranslation_DT2828_AD
DataTranslation_DT2828   ../toolbox/xpc/cp_data_translation50.html#DataTranslation_DT2828
DataTranslation_DT2827_DOUT   ../toolbox/xpc/cp_data_translation49.html#DataTranslation_DT2827_DOUT
DataTranslation_DT2827_DIN   ../toolbox/xpc/cp_data_translation48.html#DataTranslation_DT2827_DIN
DataTranslation_DT2827_DA   ../toolbox/xpc/cp_data_translation47.html#DataTranslation_DT2827_DA
DataTranslation_DT2827_AD   ../toolbox/xpc/cp_data_translation46.html#DataTranslation_DT2827_AD
DataTranslation_DT2827   ../toolbox/xpc/cp_data_translation45.html#DataTranslation_DT2827
Diamond_MM-16-AT_DA   ../toolbox/xpc/cp_diamond9.html#Diamond_MM-16-AT_DA
Diamond_MM-16-AT_AD   ../toolbox/xpc/cp_diamond8.html#Diamond_MM-16-AT_AD
Diamond_MM-16-AT_board   ../toolbox/xpc/cp_diamond7.html#Diamond_MM-16-AT_board
Diamond_MM_DOUT   ../toolbox/xpc/cp_diamond6.html#Diamond_MM_DOUT
Diamond_MM_DIN   ../toolbox/xpc/cp_diamond5.html#Diamond_MM_DIN
Diamond_MM_DA   ../toolbox/xpc/cp_diamond4.html#Diamond_MM_DA
Diamond_MM_AD   ../toolbox/xpc/cp_diamond3.html#Diamond_MM_AD
Diamond_Garnet-MM_DOUT   ../toolbox/xpc/cp_diamond20.html#Diamond_Garnet-MM_DOUT
Diamond_MM_board   ../toolbox/xpc/cp_diamond2.html#Diamond_MM_board
Diamond_Garnet-MM_DIN   ../toolbox/xpc/cp_diamond19.html#Diamond_Garnet-MM_DIN
Diamond_Garnet-MM   ../toolbox/xpc/cp_diamond18.html#Diamond_Garnet-MM
Diamond_MM-32_DOUT   ../toolbox/xpc/cp_diamond17.html#Diamond_MM-32_DOUT
Diamond_MM-32_DIN   ../toolbox/xpc/cp_diamond16.html#Diamond_MM-32_DIN
Diamond_MM-32_DA   ../toolbox/xpc/cp_diamond15.html#Diamond_MM-32_DA
Diamond_MM-32-Frame_AD   ../toolbox/xpc/cp_diamond14.html#Diamond_MM-32-Frame_AD
Diamond_MM-32_AD   ../toolbox/xpc/cp_diamond13.html#Diamond_MM-32_AD
Diamond_Diamond-MM-32   ../toolbox/xpc/cp_diamond12.html#Diamond_Diamond-MM-32
Diamond_MM-16-AT_DOUT   ../toolbox/xpc/cp_diamond11.html#Diamond_MM-16-AT_DOUT
Diamond_MM-16-AT_DIN   ../toolbox/xpc/cp_diamond10.html#Diamond_MM-16-AT_DIN
Diamond_QUARTZ-MM-10_DOUT   ../toolbox/xpc/cp_diamond44.html#Diamond_QUARTZ-MM-10_DOUT
Diamond_QUARTZ-MM-10_DIN   ../toolbox/xpc/cp_diamond43.html#Diamond_QUARTZ-MM-10_DIN
Diamond_Quartz-MM-10_board   ../toolbox/xpc/cp_diamond42.html#Diamond_Quartz-MM-10_board
Diamond_QUARTZ-MM_Counter   ../toolbox/xpc/cp_diamond41.html#Diamond_QUARTZ-MM_Counter
Diamond_QUARTZ-MM-5-5_Counter   ../toolbox/xpc/cp_diamond40.html#Diamond_QUARTZ-MM-5-5_Counter
Diamond_QUARTZ-MM-5-4_Counter   ../toolbox/xpc/cp_diamond39.html#Diamond_QUARTZ-MM-5-4_Counter
Diamond_QUARTZ-MM-5-3_Counter   ../toolbox/xpc/cp_diamond38.html#Diamond_QUARTZ-MM-5-3_Counter
Diamond_QUARTZ-MM-5-2_Counter   ../toolbox/xpc/cp_diamond37.html#Diamond_QUARTZ-MM-5-2_Counter
Diamond_QUARTZ-MM-5-1_Counter   ../toolbox/xpc/cp_diamond36.html#Diamond_QUARTZ-MM-5-1_Counter
Diamond_QUARTZ-MM-5_Counter   ../toolbox/xpc/cp_diamond35.html#Diamond_QUARTZ-MM-5_Counter
Diamond_QUARTZ-MM-5_DOUT   ../toolbox/xpc/cp_diamond34.html#Diamond_QUARTZ-MM-5_DOUT
Diamond_QUARTZ-MM-5_DIN   ../toolbox/xpc/cp_diamond33.html#Diamond_QUARTZ-MM-5_DIN
Diamond_Quartz-MM-5_board   ../toolbox/xpc/cp_diamond32.html#Diamond_Quartz-MM-5_board
Diamond_Prometheus_DOUT   ../toolbox/xpc/cp_diamond31.html#Diamond_Prometheus_DOUT
Diamond_Prometheus_DIN   ../toolbox/xpc/cp_diamond30.html#Diamond_Prometheus_DIN
Diamond_Prometheus_DA   ../toolbox/xpc/cp_diamond29.html#Diamond_Prometheus_DA
Diamond_Prometheus_AD   ../toolbox/xpc/cp_diamond28.html#Diamond_Prometheus_AD
Diamond_Onyx-MM-DIO_DOUT   ../toolbox/xpc/cp_diamond26.html#Diamond_Onyx-MM-DIO_DOUT
Diamond_Onyx-MM-DIO_DIN   ../toolbox/xpc/cp_diamond25.html#Diamond_Onyx-MM-DIO_DIN
Diamond_Onyx-MM-DIO   ../toolbox/xpc/cp_diamond24.html#Diamond_Onyx-MM-DIO
Diamond_Onyx-MM_DOUT   ../toolbox/xpc/cp_diamond23.html#Diamond_Onyx-MM_DOUT
Diamond_Onyx-MM_DIN   ../toolbox/xpc/cp_diamond22.html#Diamond_Onyx-MM_DIN
Diamond_Ruby-MM-1612_DOUT   ../toolbox/xpc/cp_diamond63.html#Diamond_Ruby-MM-1612_DOUT
Diamond_Ruby-MM-1612_DIN   ../toolbox/xpc/cp_diamond62.html#Diamond_Ruby-MM-1612_DIN
Diamond_Ruby-MM-1612_DA   ../toolbox/xpc/cp_diamond61.html#Diamond_Ruby-MM-1612_DA
Diamond_Ruby-MM-416_DOUT   ../toolbox/xpc/cp_diamond59.html#Diamond_Ruby-MM-416_DOUT
Diamond_Ruby-MM-416_DIN   ../toolbox/xpc/cp_diamond58.html#Diamond_Ruby-MM-416_DIN
Diamond_Ruby-MM-416_DA   ../toolbox/xpc/cp_diamond57.html#Diamond_Ruby-MM-416_DA
Diamond_Ruby-MM_DOUT   ../toolbox/xpc/cp_diamond55.html#Diamond_Ruby-MM_DOUT
Diamond_Ruby-MM_DIN   ../toolbox/xpc/cp_diamond54.html#Diamond_Ruby-MM_DIN
Diamond_Ruby-MM_DA   ../toolbox/xpc/cp_diamond53.html#Diamond_Ruby-MM_DA
Diamond_Ruby-MM   ../toolbox/xpc/cp_diamond52.html#Diamond_Ruby-MM
Diamond_QUARTZ-MM-10-5_Counter   ../toolbox/xpc/cp_diamond50.html#Diamond_QUARTZ-MM-10-5_Counter
Diamond_QUARTZ-MM-10-4_Counter   ../toolbox/xpc/cp_diamond49.html#Diamond_QUARTZ-MM-10-4_Counter
Diamond_QUARTZ-MM-10-3_Counter   ../toolbox/xpc/cp_diamond48.html#Diamond_QUARTZ-MM-10-3_Counter
Diamond_QUARTZ-MM-10-2_Counter   ../toolbox/xpc/cp_diamond47.html#Diamond_QUARTZ-MM-10-2_Counter
Diamond_QUARTZ-MM-10-1_Counter   ../toolbox/xpc/cp_diamond46.html#Diamond_QUARTZ-MM-10-1_Counter
Diamond_QUARTZ-MM-10_Counter   ../toolbox/xpc/cp_diamond45.html#Diamond_QUARTZ-MM-10_Counter
GeneralStandards_ADADIO_AD   ../toolbox/xpc/cp_general_standards9.html#GeneralStandards_ADADIO_AD
General_Standards_PMC-16AO12-DA   ../toolbox/xpc/cp_general_standards17.html#General_Standards_PMC-16AO12-DA
General_Standards_PMC-16AO12   ../toolbox/xpc/cp_general_standards16.html#General_Standards_PMC-16AO12
GeneralStandards_Create-Enable-Signal_DA   ../toolbox/xpc/cp_general_standards15.html#GeneralStandards_Create-Enable-Signal_DA
GeneralStandards_ADADIO_DOUT   ../toolbox/xpc/cp_general_standards14.html#GeneralStandards_ADADIO_DOUT
GeneralStandards_ADADIO_DIN   ../toolbox/xpc/cp_general_standards13.html#GeneralStandards_ADADIO_DIN
GeneralStandards_ADADIO-1_DA   ../toolbox/xpc/cp_general_standards12.html#GeneralStandards_ADADIO-1_DA
GeneralStandards_ADADIO_DA   ../toolbox/xpc/cp_general_standards11.html#GeneralStandards_ADADIO_DA
GeneralStandards_ADADIO-1_AD   ../toolbox/xpc/cp_general_standards10.html#GeneralStandards_ADADIO-1_AD
Humusoft_AD-512_DOUT   ../toolbox/xpc/cp_humusoft6.html#Humusoft_AD-512_DOUT
Humusoft_AD-512_DIN   ../toolbox/xpc/cp_humusoft5.html#Humusoft_AD-512_DIN
Humusoft_AD-512_DA   ../toolbox/xpc/cp_humusoft4.html#Humusoft_AD-512_DA
Humusoft_AD-512_AD   ../toolbox/xpc/cp_humusoft3.html#Humusoft_AD-512_AD
Humusoft_AD512   ../toolbox/xpc/cp_humusoft2.html#Humusoft_AD512
Gespac_GESPIA-2A_DOUT   ../toolbox/xpc/cp_gespac7.html#Gespac_GESPIA-2A_DOUT
Gespac_GESPIA-2A_DIN   ../toolbox/xpc/cp_gespac6.html#Gespac_GESPIA-2A_DIN
Gespac_GESPIA-2A   ../toolbox/xpc/cp_gespac5.html#Gespac_GESPIA-2A
Gespac_GESADA-1_DA   ../toolbox/xpc/cp_gespac4.html#Gespac_GESADA-1_DA
Gespac_GESADA-1_AD   ../toolbox/xpc/cp_gespac3.html#Gespac_GESADA-1_AD
Gespac_GESADA-1   ../toolbox/xpc/cp_gespac2.html#Gespac_GESADA-1
KeithleyMetrabyte_KPCI-1801HC_DIN   ../toolbox/xpc/cp_keithley_metrabyte9.html#KeithleyMetrabyte_KPCI-1801HC_DIN
KeithleyMetrabyte_KPCI-1801HC_DA   ../toolbox/xpc/cp_keithley_metrabyte8.html#KeithleyMetrabyte_KPCI-1801HC_DA
KeithleyMetrabyte_KPCI-1801HC_AD   ../toolbox/xpc/cp_keithley_metrabyte7.html#KeithleyMetrabyte_KPCI-1801HC_AD
KeithleyMetrabyte_KCPI-1801HC   ../toolbox/xpc/cp_keithley_metrabyte6.html#KeithleyMetrabyte_KCPI-1801HC
KeithleyMetrabyte_DAS-1800HR_DOUT   ../toolbox/xpc/cp_keithley_metrabyte5.html#KeithleyMetrabyte_DAS-1800HR_DOUT
KeithleyMetrabyte_DAS-1800HR_DIN   ../toolbox/xpc/cp_keithley_metrabyte4.html#KeithleyMetrabyte_DAS-1800HR_DIN
KeithleyMetrabyte_DAS-1800HR_AD   ../toolbox/xpc/cp_keithley_metrabyte3.html#KeithleyMetrabyte_DAS-1800HR_AD
KeithleyMetrabyte_DAS-1800HR   ../toolbox/xpc/cp_keithley_metrabyte2.html#KeithleyMetrabyte_DAS-1800HR
KeithleyMetrabyte_KPCI-1801HC_DOUT   ../toolbox/xpc/cp_keithley_metrabyte10.html#KeithleyMetrabyte_KPCI-1801HC_DOUT
KeithleyMetrabyte_KPCI-1802HC_DOUT   ../toolbox/xpc/cp_keithley_metrabyte15.html#KeithleyMetrabyte_KPCI-1802HC_DOUT
KeithleyMetrabyte_KPCI-1802HC_DIN   ../toolbox/xpc/cp_keithley_metrabyte14.html#KeithleyMetrabyte_KPCI-1802HC_DIN
KeithleyMetrabyte_KPCI-1802HC_DA   ../toolbox/xpc/cp_keithley_metrabyte13.html#KeithleyMetrabyte_KPCI-1802HC_DA
KeithleyMetrabyte_KPCI-1802HC_AD   ../toolbox/xpc/cp_keithley_metrabyte12.html#KeithleyMetrabyte_KPCI-1802HC_AD
KeithleyMetrabyte_KCPI-1802HC   ../toolbox/xpc/cp_keithley_metrabyte11.html#KeithleyMetrabyte_KCPI-1802HC
NationalInstruments_AT-AO-6   ../toolbox/xpc/cp_national_instruments2.html#NationalInstruments_AT-AO-6
NationalInstruments_PC-TIO-10_board   ../toolbox/xpc/cp_national_instruments9.html#NationalInstruments_PC-TIO-10_board
NationalInstruments_PC-DIO-24_DOUT   ../toolbox/xpc/cp_national_instruments8.html#NationalInstruments_PC-DIO-24_DOUT
NationalInstruments_PC-DIO-24_DIN   ../toolbox/xpc/cp_national_instruments7.html#NationalInstruments_PC-DIO-24_DIN
NationalInstruments_PC-DIO-24   ../toolbox/xpc/cp_national_instruments6.html#NationalInstruments_PC-DIO-24
NationalInstruments_AT-AO-10_DA   ../toolbox/xpc/cp_national_instruments5.html#NationalInstruments_AT-AO-10_DA
NationalInstruments_AT-AO-10   ../toolbox/xpc/cp_national_instruments4.html#NationalInstruments_AT-AO-10
NationalInstruments_AT-AO-6_DA   ../toolbox/xpc/cp_national_instruments3.html#NationalInstruments_AT-AO-6_DA
NationalInstruments_PCI-6023E_CTRMEAS   ../toolbox/xpc/cp_national_instruments24.html#NationalInstruments_PCI-6023E_CTRMEAS
NationalInstruments_PCI-6023E_DIN   ../toolbox/xpc/cp_national_instruments24.html#NationalInstruments_PCI-6023E_DIN
NationalInstruments_PCI-6023E_CTR   ../toolbox/xpc/cp_national_instruments23.html#NationalInstruments_PCI-6023E_CTR
NationalInstruments_PCI-6023E_DIN   ../toolbox/xpc/cp_national_instruments23.html#NationalInstruments_PCI-6023E_DIN
NationalInstruments_PCI-6023E_DOUT   ../toolbox/xpc/cp_national_instruments22.html#NationalInstruments_PCI-6023E_DOUT
NationalInstruments_PCI-6023E_DIN   ../toolbox/xpc/cp_national_instruments21.html#NationalInstruments_PCI-6023E_DIN
NationalInstruments_PCI-6023E_AD   ../toolbox/xpc/cp_national_instruments20.html#NationalInstruments_PCI-6023E_AD
NationalInstruments_PCI-6023E   ../toolbox/xpc/cp_national_instruments19.html#NationalInstruments_PCI-6023E
NationalInstruments_PC-TIO-xx_Counter   ../toolbox/xpc/cp_national_instruments18.html#NationalInstruments_PC-TIO-xx_Counter
NationalInstruments_PC-TIO-10-5_Counter   ../toolbox/xpc/cp_national_instruments17.html#NationalInstruments_PC-TIO-10-5_Counter
NationalInstruments_PC-TIO-10-4_Counter   ../toolbox/xpc/cp_national_instruments16.html#NationalInstruments_PC-TIO-10-4_Counter
NationalInstruments_PC-TIO-10-3_Counter   ../toolbox/xpc/cp_national_instruments15.html#NationalInstruments_PC-TIO-10-3_Counter
NationalInstruments_PC-TIO-10-2_Counter   ../toolbox/xpc/cp_national_instruments14.html#NationalInstruments_PC-TIO-10-2_Counter
NationalInstruments_PC-TIO-10-1_Counter   ../toolbox/xpc/cp_national_instruments13.html#NationalInstruments_PC-TIO-10-1_Counter
NationalInstruments_PC-TIO-10_Counter   ../toolbox/xpc/cp_national_instruments12.html#NationalInstruments_PC-TIO-10_Counter
NationalInstruments_PC-TIO-10_DOUT   ../toolbox/xpc/cp_national_instruments11.html#NationalInstruments_PC-TIO-10_DOUT
NationalInstruments_PC-TIO-10_DIN   ../toolbox/xpc/cp_national_instruments10.html#NationalInstruments_PC-TIO-10_DIN
NationalInstruments_PCI-MIO-16XE-10_CTR   ../toolbox/xpc/cp_national_instruments44.html#NationalInstruments_PCI-MIO-16XE-10_CTR
NationalInstruments_PCI-6023E_DIN   ../toolbox/xpc/cp_national_instruments44.html#NationalInstruments_PCI-6023E_DIN
NationalInstruments_PCI-MIO-16XE-10_DOUT   ../toolbox/xpc/cp_national_instruments43.html#NationalInstruments_PCI-MIO-16XE-10_DOUT
NationalInstruments_PCI-MIO-16XE-10_DIN   ../toolbox/xpc/cp_national_instruments42.html#NationalInstruments_PCI-MIO-16XE-10_DIN
NationalInstruments_PCI-MIO-16XE-10_DA   ../toolbox/xpc/cp_national_instruments41.html#NationalInstruments_PCI-MIO-16XE-10_DA
NationalInstruments_PCI-MIO-16XE-10_AD   ../toolbox/xpc/cp_national_instruments40.html#NationalInstruments_PCI-MIO-16XE-10_AD
NationalInstruments_PCI-MIO-16XE-10   ../toolbox/xpc/cp_national_instruments39.html#NationalInstruments_PCI-MIO-16XE-10
NationalInstruments_PCI-6025E_CTRMEAS   ../toolbox/xpc/cp_national_instruments38.html#NationalInstruments_PCI-6025E_CTRMEAS
NationalInstruments_PCI-6023E_DIN   ../toolbox/xpc/cp_national_instruments38.html#NationalInstruments_PCI-6023E_DIN
NationalInstruments_PCI-6025E_CTR   ../toolbox/xpc/cp_national_instruments37.html#NationalInstruments_PCI-6025E_CTR
NationalInstruments_PCI-6023E_DIN   ../toolbox/xpc/cp_national_instruments37.html#NationalInstruments_PCI-6023E_DIN
NationalInstruments_PCI-6025E-8255_DOUT   ../toolbox/xpc/cp_national_instruments36.html#NationalInstruments_PCI-6025E-8255_DOUT
NationalInstruments_PCI-6025E_DOUT   ../toolbox/xpc/cp_national_instruments36.html#NationalInstruments_PCI-6025E_DOUT
NationalInstruments_PCI-6025E-8255_DIN   ../toolbox/xpc/cp_national_instruments35.html#NationalInstruments_PCI-6025E-8255_DIN
NationalInstruments_PCI-6025E_DIN   ../toolbox/xpc/cp_national_instruments35.html#NationalInstruments_PCI-6025E_DIN
NationalInstruments_PCI-6025E_DA   ../toolbox/xpc/cp_national_instruments34.html#NationalInstruments_PCI-6025E_DA
NationalInstruments_PCI-6025E_AD   ../toolbox/xpc/cp_national_instruments33.html#NationalInstruments_PCI-6025E_AD
NationalInstruments_PCI-6025E   ../toolbox/xpc/cp_national_instruments32.html#NationalInstruments_PCI-6025E
NationalInstruments_PCI-6024E_CTRMEAS   ../toolbox/xpc/cp_national_instruments31.html#NationalInstruments_PCI-6024E_CTRMEAS
NationalInstruments_PCI-6023E_DIN   ../toolbox/xpc/cp_national_instruments31.html#NationalInstruments_PCI-6023E_DIN
NationalInstruments_PCI-6024E_CTR   ../toolbox/xpc/cp_national_instruments30.html#NationalInstruments_PCI-6024E_CTR
NationalInstruments_PCI-6023E_DIN   ../toolbox/xpc/cp_national_instruments30.html#NationalInstruments_PCI-6023E_DIN
NationalInstruments_PCI-6024E_DOUT   ../toolbox/xpc/cp_national_instruments29.html#NationalInstruments_PCI-6024E_DOUT
NationalInstruments_PCI-6024E_DIN   ../toolbox/xpc/cp_national_instruments28.html#NationalInstruments_PCI-6024E_DIN
NationalInstruments_PCI-6024E_DA   ../toolbox/xpc/cp_national_instruments27.html#NationalInstruments_PCI-6024E_DA
NationalInstruments_PCI-6024E_AD   ../toolbox/xpc/cp_national_instruments26.html#NationalInstruments_PCI-6024E_AD
NationalInstruments_PCI-6024E   ../toolbox/xpc/cp_national_instruments25.html#NationalInstruments_PCI-6024E
NationalInstruments_PCI-6052E_DOUT   ../toolbox/xpc/cp_national_instruments64.html#NationalInstruments_PCI-6052E_DOUT
NationalInstruments_PCI-6052E_DIN   ../toolbox/xpc/cp_national_instruments63.html#NationalInstruments_PCI-6052E_DIN
NationalInstruments_PCI-6052E_DA   ../toolbox/xpc/cp_national_instruments62.html#NationalInstruments_PCI-6052E_DA
NationalInstruments_PCI-6052E_AD   ../toolbox/xpc/cp_national_instruments61.html#NationalInstruments_PCI-6052E_AD
NationalInstruments_PCI-6052E   ../toolbox/xpc/cp_national_instruments60.html#NationalInstruments_PCI-6052E
NationalInstruments_PCI-MIO-16E-4_CTRMEAS   ../toolbox/xpc/cp_national_instruments59.html#NationalInstruments_PCI-MIO-16E-4_CTRMEAS
NationalInstruments_PCI-6023E_DIN   ../toolbox/xpc/cp_national_instruments59.html#NationalInstruments_PCI-6023E_DIN
NationalInstruments_PCI-MIO-16E-4_CTR   ../toolbox/xpc/cp_national_instruments58.html#NationalInstruments_PCI-MIO-16E-4_CTR
NationalInstruments_PCI-6023E_DIN   ../toolbox/xpc/cp_national_instruments58.html#NationalInstruments_PCI-6023E_DIN
NationalInstruments_PCI-MIO-16E-4_DOUT   ../toolbox/xpc/cp_national_instruments57.html#NationalInstruments_PCI-MIO-16E-4_DOUT
NationalInstruments_PCI-MIO-16E-4_DIN   ../toolbox/xpc/cp_national_instruments56.html#NationalInstruments_PCI-MIO-16E-4_DIN
NationalInstruments_PCI-MIO-16E-4_DA   ../toolbox/xpc/cp_national_instruments55.html#NationalInstruments_PCI-MIO-16E-4_DA
NationalInstruments_PCI-MIO-16E-4_AD   ../toolbox/xpc/cp_national_instruments54.html#NationalInstruments_PCI-MIO-16E-4_AD
NationalInstruments_PCI-MIO-16E-4   ../toolbox/xpc/cp_national_instruments53.html#NationalInstruments_PCI-MIO-16E-4
NationalInstruments_PCI-6031E_CTRMEAS   ../toolbox/xpc/cp_national_instruments52.html#NationalInstruments_PCI-6031E_CTRMEAS
NationalInstruments_PCI-6023E_DIN   ../toolbox/xpc/cp_national_instruments52.html#NationalInstruments_PCI-6023E_DIN
NationalInstruments_PCI-6031E_CTR   ../toolbox/xpc/cp_national_instruments51.html#NationalInstruments_PCI-6031E_CTR
NationalInstruments_PCI-6023E_DIN   ../toolbox/xpc/cp_national_instruments51.html#NationalInstruments_PCI-6023E_DIN
NationalInstruments_PCI-6031E_DOUT   ../toolbox/xpc/cp_national_instruments50.html#NationalInstruments_PCI-6031E_DOUT
NationalInstruments_PCI-6031E_DIN   ../toolbox/xpc/cp_national_instruments49.html#NationalInstruments_PCI-6031E_DIN
NationalInstruments_PCI-6031E_DA   ../toolbox/xpc/cp_national_instruments48.html#NationalInstruments_PCI-6031E_DA
NationalInstruments_PCI-6031E_AD   ../toolbox/xpc/cp_national_instruments47.html#NationalInstruments_PCI-6031E_AD
NationalInstruments_PCI-6031E   ../toolbox/xpc/cp_national_instruments46.html#NationalInstruments_PCI-6031E
NationalInstruments_PCI-MIO-16XE-10_CTRMEAS   ../toolbox/xpc/cp_national_instruments45.html#NationalInstruments_PCI-MIO-16XE-10_CTRMEAS
NationalInstruments_PCI-6023E_DIN   ../toolbox/xpc/cp_national_instruments45.html#NationalInstruments_PCI-6023E_DIN
NationalInstruments_PCI-6527   ../toolbox/xpc/cp_national_instruments84.html#NationalInstruments_PCI-6527
NationalInstruments_PCI-6503_DOUT   ../toolbox/xpc/cp_national_instruments83.html#NationalInstruments_PCI-6503_DOUT
NationalInstruments_PCI-6503_DIN   ../toolbox/xpc/cp_national_instruments82.html#NationalInstruments_PCI-6503_DIN
NationalInstruments_PCI-6503   ../toolbox/xpc/cp_national_instruments81.html#NationalInstruments_PCI-6503
NationalInstruments_PCI-6071E_CTRMEAS   ../toolbox/xpc/cp_national_instruments80.html#NationalInstruments_PCI-6071E_CTRMEAS
NationalInstruments_PCI-6023E_DIN   ../toolbox/xpc/cp_national_instruments80.html#NationalInstruments_PCI-6023E_DIN
NationalInstruments_PCI-6071E_CTR   ../toolbox/xpc/cp_national_instruments79.html#NationalInstruments_PCI-6071E_CTR
NationalInstruments_PCI-6023E_DIN   ../toolbox/xpc/cp_national_instruments79.html#NationalInstruments_PCI-6023E_DIN
NationalInstruments_PCI-6071E_DOUT   ../toolbox/xpc/cp_national_instruments78.html#NationalInstruments_PCI-6071E_DOUT
NationalInstruments_PCI-6071E_DIN   ../toolbox/xpc/cp_national_instruments77.html#NationalInstruments_PCI-6071E_DIN
NationalInstruments_PCI-6071E_DA   ../toolbox/xpc/cp_national_instruments76.html#NationalInstruments_PCI-6071E_DA
NationalInstruments_PCI-6071E_AD   ../toolbox/xpc/cp_national_instruments75.html#NationalInstruments_PCI-6071E_AD
NationalInstruments_PCI-6071E   ../toolbox/xpc/cp_national_instruments74.html#NationalInstruments_PCI-6071E
NationalInstruments_PCI-MIO-16E-1_CTRMEAS   ../toolbox/xpc/cp_national_instruments73.html#NationalInstruments_PCI-MIO-16E-1_CTRMEAS
NationalInstruments_PCI-6023E_DIN   ../toolbox/xpc/cp_national_instruments73.html#NationalInstruments_PCI-6023E_DIN
NationalInstruments_PCI-MIO-16E-1_CTR   ../toolbox/xpc/cp_national_instruments72.html#NationalInstruments_PCI-MIO-16E-1_CTR
NationalInstruments_PCI-6023E_DIN   ../toolbox/xpc/cp_national_instruments72.html#NationalInstruments_PCI-6023E_DIN
NationalInstruments_PCI-MIO-16E-1_DOUT   ../toolbox/xpc/cp_national_instruments71.html#NationalInstruments_PCI-MIO-16E-1_DOUT
NationalInstruments_PCI-MIO-16E-1_DIN   ../toolbox/xpc/cp_national_instruments70.html#NationalInstruments_PCI-MIO-16E-1_DIN
NationalInstruments_PCI-MIO-16E-1_DA   ../toolbox/xpc/cp_national_instruments69.html#NationalInstruments_PCI-MIO-16E-1_DA
NationalInstruments_PCI-MIO-16E-1_AD   ../toolbox/xpc/cp_national_instruments68.html#NationalInstruments_PCI-MIO-16E-1_AD
NationalInstruments_PCI-MIO-16E-1   ../toolbox/xpc/cp_national_instruments67.html#NationalInstruments_PCI-MIO-16E-1
NationalInstruments_PCI-6052E_CTRMEAS   ../toolbox/xpc/cp_national_instruments66.html#NationalInstruments_PCI-6052E_CTRMEAS
NationalInstruments_PCI-6023E_DIN   ../toolbox/xpc/cp_national_instruments66.html#NationalInstruments_PCI-6023E_DIN
NationalInstruments_PCI-6052E_CTR   ../toolbox/xpc/cp_national_instruments65.html#NationalInstruments_PCI-6052E_CTR
NationalInstruments_PCI-6023E_DIN   ../toolbox/xpc/cp_national_instruments65.html#NationalInstruments_PCI-6023E_DIN
NationalInstruments_PCI-6711   ../toolbox/xpc/cp_national_instruments99.html#NationalInstruments_PCI-6711
NationalInstruments_PXI-6711   ../toolbox/xpc/cp_national_instruments99.html#NationalInstruments_PXI-6711
NationalInstruments_PCI-6704_DA   ../toolbox/xpc/cp_national_instruments98.html#NationalInstruments_PCI-6704_DA
NationalInstruments_PCI-6704   ../toolbox/xpc/cp_national_instruments97.html#NationalInstruments_PCI-6704
NationalInstruments_PCI-6703_DA   ../toolbox/xpc/cp_national_instruments96.html#NationalInstruments_PCI-6703_DA
NationalInstruments_PCI-6703   ../toolbox/xpc/cp_national_instruments95.html#NationalInstruments_PCI-6703
NationalInstruments_PCI-6602_CTRMEAS   ../toolbox/xpc/cp_national_instruments94.html#NationalInstruments_PCI-6602_CTRMEAS
NationalInstruments_PCI-6602_CTR   ../toolbox/xpc/cp_national_instruments93.html#NationalInstruments_PCI-6602_CTR
NI_PCI-6602_Encoder   ../toolbox/xpc/cp_national_instruments92.html#NI_PCI-6602_Encoder
NI_PXI-6602_Encoder   ../toolbox/xpc/cp_national_instruments92.html#NI_PXI-6602_Encoder
NI_PCI-6602   ../toolbox/xpc/cp_national_instruments91.html#NI_PCI-6602
NationalInstruments_PCI-6601_CTRMEAS   ../toolbox/xpc/cp_national_instruments90.html#NationalInstruments_PCI-6601_CTRMEAS
NationalInstruments_PCI-6601_CTR   ../toolbox/xpc/cp_national_instruments89.html#NationalInstruments_PCI-6601_CTR
NI_PCI-6601_Encoder   ../toolbox/xpc/cp_national_instruments88.html#NI_PCI-6601_Encoder
NI_PCI-6601_Encoder   ../toolbox/xpc/cp_national_instruments88.html#NI_PCI-6601_Encoder
NI_PCI-6601   ../toolbox/xpc/cp_national_instruments87.html#NI_PCI-6601
NationalInstruments_PCI-6503_DOUT   ../toolbox/xpc/cp_national_instruments86.html#NationalInstruments_PCI-6503_DOUT
NationalInstruments_PCI-6527_DOUT   ../toolbox/xpc/cp_national_instruments86.html#NationalInstruments_PCI-6527_DOUT
NationalInstruments_PCI-6503_DIN   ../toolbox/xpc/cp_national_instruments85.html#NationalInstruments_PCI-6503_DIN
NationalInstruments_PCI-6527_DIN   ../toolbox/xpc/cp_national_instruments85.html#NationalInstruments_PCI-6527_DIN
NationalInstruments_PCI-DIO-96_DIN   ../toolbox/xpc/cp_national_instruments108.html#NationalInstruments_PCI-DIO-96_DIN
NationalInstruments_PCI-6713_DOUT   ../toolbox/xpc/cp_national_instruments106.html#NationalInstruments_PCI-6713_DOUT
NationalInstruments_PXI-6713_DOUT   ../toolbox/xpc/cp_national_instruments106.html#NationalInstruments_PXI-6713_DOUT
NationalInstruments_PCI-6713_DIN   ../toolbox/xpc/cp_national_instruments105.html#NationalInstruments_PCI-6713_DIN
NationalInstruments_PXI-6713_DIN   ../toolbox/xpc/cp_national_instruments105.html#NationalInstruments_PXI-6713_DIN
NationalInstruments_PCI-6713_DA   ../toolbox/xpc/cp_national_instruments104.html#NationalInstruments_PCI-6713_DA
NationalInstruments_PXI-6713_DA   ../toolbox/xpc/cp_national_instruments104.html#NationalInstruments_PXI-6713_DA
NationalInstruments_PCI-6713   ../toolbox/xpc/cp_national_instruments103.html#NationalInstruments_PCI-6713
NationalInstruments_PXI-6713   ../toolbox/xpc/cp_national_instruments103.html#NationalInstruments_PXI-6713
NationalInstruments_PCI-6711_DOUT   ../toolbox/xpc/cp_national_instruments102.html#NationalInstruments_PCI-6711_DOUT
NationalInstruments_PXI-6711_DOUT   ../toolbox/xpc/cp_national_instruments102.html#NationalInstruments_PXI-6711_DOUT
NationalInstruments_PCI-6711_DIN   ../toolbox/xpc/cp_national_instruments101.html#NationalInstruments_PCI-6711_DIN
NationalInstruments_PXI-6711_DIN   ../toolbox/xpc/cp_national_instruments101.html#NationalInstruments_PXI-6711_DIN
NationalInstruments_PCI-6711_DA   ../toolbox/xpc/cp_national_instruments100.html#NationalInstruments_PCI-6711_DA
NationalInstruments_PXI-6711_DA   ../toolbox/xpc/cp_national_instruments100.html#NationalInstruments_PXI-6711_DA
NationalInstruments_PXI-6071E_AD   ../toolbox/xpc/cp_national_instruments125.html#NationalInstruments_PXI-6071E_AD
NationalInstruments_PXI-6071E   ../toolbox/xpc/cp_national_instruments124.html#NationalInstruments_PXI-6071E
NationalInstruments_PXI-6070E_CTRMEAS   ../toolbox/xpc/cp_national_instruments123.html#NationalInstruments_PXI-6070E_CTRMEAS
NationalInstruments_PCI-6023E_DIN   ../toolbox/xpc/cp_national_instruments123.html#NationalInstruments_PCI-6023E_DIN
NationalInstruments_PXI-6070E_CTR   ../toolbox/xpc/cp_national_instruments122.html#NationalInstruments_PXI-6070E_CTR
NationalInstruments_PCI-6023E_DIN   ../toolbox/xpc/cp_national_instruments122.html#NationalInstruments_PCI-6023E_DIN
NationalInstruments_PXI-6070E_DOUT   ../toolbox/xpc/cp_national_instruments121.html#NationalInstruments_PXI-6070E_DOUT
NationalInstruments_PXI-6070E_DIN   ../toolbox/xpc/cp_national_instruments120.html#NationalInstruments_PXI-6070E_DIN
NationalInstruments_PXI-6070E_DA   ../toolbox/xpc/cp_national_instruments119.html#NationalInstruments_PXI-6070E_DA
NationalInstruments_PXI-6070E_AD   ../toolbox/xpc/cp_national_instruments118.html#NationalInstruments_PXI-6070E_AD
NationalInstruments_PXI-6070E   ../toolbox/xpc/cp_national_instruments117.html#NationalInstruments_PXI-6070E
NationalInstruments_PXI-6040E_CTRMEAS   ../toolbox/xpc/cp_national_instruments116.html#NationalInstruments_PXI-6040E_CTRMEAS
NationalInstruments_PCI-6023E_DIN   ../toolbox/xpc/cp_national_instruments116.html#NationalInstruments_PCI-6023E_DIN
NationalInstruments_PXI-6040E_CTR   ../toolbox/xpc/cp_national_instruments115.html#NationalInstruments_PXI-6040E_CTR
NationalInstruments_PCI-6023E_DIN   ../toolbox/xpc/cp_national_instruments115.html#NationalInstruments_PCI-6023E_DIN
NationalInstruments_PXI-6040E_DOUT   ../toolbox/xpc/cp_national_instruments114.html#NationalInstruments_PXI-6040E_DOUT
NationalInstruments_PXI-6040E_DIN   ../toolbox/xpc/cp_national_instruments113.html#NationalInstruments_PXI-6040E_DIN
NationalInstruments_PXI-6040E_DA   ../toolbox/xpc/cp_national_instruments112.html#NationalInstruments_PXI-6040E_DA
NationalInstruments_PXI-6040E_AD   ../toolbox/xpc/cp_national_instruments111.html#NationalInstruments_PXI-6040E_AD
NationalInstruments_PXI-6040E   ../toolbox/xpc/cp_national_instruments110.html#NationalInstruments_PXI-6040E
NationalInstruments_PCI-DIO-96_DOUT   ../toolbox/xpc/cp_national_instruments109.html#NationalInstruments_PCI-DIO-96_DOUT
NationalInstruments_PCI-6704_DA   ../toolbox/xpc/cp_national_instruments138.html#NationalInstruments_PCI-6704_DA
NationalInstruments_PXI-6704   ../toolbox/xpc/cp_national_instruments137.html#NationalInstruments_PXI-6704
NationalInstruments_PXI-6527_DOUT   ../toolbox/xpc/cp_national_instruments136.html#NationalInstruments_PXI-6527_DOUT
NationalInstruments_PXI-6527_DIN   ../toolbox/xpc/cp_national_instruments135.html#NationalInstruments_PXI-6527_DIN
NationalInstruments_PXI-6508_DOUT   ../toolbox/xpc/cp_national_instruments133.html#NationalInstruments_PXI-6508_DOUT
NationalInstruments_PXI-6508_DIN   ../toolbox/xpc/cp_national_instruments132.html#NationalInstruments_PXI-6508_DIN
NationalInstruments_PXI-6508   ../toolbox/xpc/cp_national_instruments131.html#NationalInstruments_PXI-6508
NationalInstruments_PXI-6071E_CTRMEAS   ../toolbox/xpc/cp_national_instruments130.html#NationalInstruments_PXI-6071E_CTRMEAS
NationalInstruments_PCI-6023E_DIN   ../toolbox/xpc/cp_national_instruments130.html#NationalInstruments_PCI-6023E_DIN
NationalInstruments_PXI-6071E_CTR   ../toolbox/xpc/cp_national_instruments129.html#NationalInstruments_PXI-6071E_CTR
NationalInstruments_PCI-6023E_DIN   ../toolbox/xpc/cp_national_instruments129.html#NationalInstruments_PCI-6023E_DIN
NationalInstruments_PXI-6071E_DOUT   ../toolbox/xpc/cp_national_instruments128.html#NationalInstruments_PXI-6071E_DOUT
NationalInstruments_PXI-6071E_DIN   ../toolbox/xpc/cp_national_instruments127.html#NationalInstruments_PXI-6071E_DIN
NationalInstruments_PXI-6071E_DA   ../toolbox/xpc/cp_national_instruments126.html#NationalInstruments_PXI-6071E_DA
Quanser_Q8_CNT   ../toolbox/xpc/cp_quanser8.html#Quanser_Q8_CNT
Quanser_Q8_ENC   ../toolbox/xpc/cp_quanser7.html#Quanser_Q8_ENC
Quanser_Q8_DOUT   ../toolbox/xpc/cp_quanser6.html#Quanser_Q8_DOUT
Quanser_Q8_DIN   ../toolbox/xpc/cp_quanser5.html#Quanser_Q8_DIN
Quanser_Q8_DA   ../toolbox/xpc/cp_quanser4.html#Quanser_Q8_DA
Quanser_Q8_AD   ../toolbox/xpc/cp_quanser3.html#Quanser_Q8_AD
Quanser_Q8_board   ../toolbox/xpc/cp_quanser2.html#Quanser_Q8_board
RealTimeDevices_DM6420_DIN   ../toolbox/xpc/cp_real_time_devices5.html#RealTimeDevices_DM6420_DIN
RealTimeDevices_DM6420_DA   ../toolbox/xpc/cp_real_time_devices4.html#RealTimeDevices_DM6420_DA
RealTimeDevices_DM6420_AD   ../toolbox/xpc/cp_real_time_devices3.html#RealTimeDevices_DM6420_AD
RealTimeDevices_DM6420   ../toolbox/xpc/cp_real_time_devices2.html#RealTimeDevices_DM6420
RTD_DM6430_DA   ../toolbox/xpc/cp_real_time_devices9.html#RTD_DM6430_DA
RealTimeDevices_DM6430_AD   ../toolbox/xpc/cp_real_time_devices8.html#RealTimeDevices_DM6430_AD
RealTimeDevices_DM6430   ../toolbox/xpc/cp_real_time_devices7.html#RealTimeDevices_DM6430
RealTimeDevices_DM6420_DOUT   ../toolbox/xpc/cp_real_time_devices6.html#RealTimeDevices_DM6420_DOUT
RealTimeDevices_DM6814   ../toolbox/xpc/cp_real_time_devices26.html#RealTimeDevices_DM6814
RealTimeDevices_DM6804_Counter   ../toolbox/xpc/cp_real_time_devices25.html#RealTimeDevices_DM6804_Counter
RealTimeDevices_DM6804-6_Counter   ../toolbox/xpc/cp_real_time_devices24.html#RealTimeDevices_DM6804-6_Counter
RealTimeDevices_DM6804-5_Counter   ../toolbox/xpc/cp_real_time_devices23.html#RealTimeDevices_DM6804-5_Counter
RealTimeDevices_DM6804-4_Counter   ../toolbox/xpc/cp_real_time_devices22.html#RealTimeDevices_DM6804-4_Counter
RealTimeDevices_DM6804-3_Counter   ../toolbox/xpc/cp_real_time_devices21.html#RealTimeDevices_DM6804-3_Counter
RealTimeDevices_DM6804-2_Counter   ../toolbox/xpc/cp_real_time_devices20.html#RealTimeDevices_DM6804-2_Counter
RealTimeDevices_DM6804-1_Counter   ../toolbox/xpc/cp_real_time_devices19.html#RealTimeDevices_DM6804-1_Counter
RealTimeDevices_DM6804_DOUT   ../toolbox/xpc/cp_real_time_devices18.html#RealTimeDevices_DM6804_DOUT
RealTimeDevices_DM6804_DIN   ../toolbox/xpc/cp_real_time_devices17.html#RealTimeDevices_DM6804_DIN
RealTimeDevices_DM6804_board   ../toolbox/xpc/cp_real_time_devices16.html#RealTimeDevices_DM6804_board
RealTimeDevices_DM6604_DOUT   ../toolbox/xpc/cp_real_time_devices15.html#RealTimeDevices_DM6604_DOUT
RealTimeDevices_DM6604_DIN   ../toolbox/xpc/cp_real_time_devices14.html#RealTimeDevices_DM6604_DIN
RealTimeDevices_DM6604_DA   ../toolbox/xpc/cp_real_time_devices13.html#RealTimeDevices_DM6604_DA
RealTimeDevices_DM6604   ../toolbox/xpc/cp_real_time_devices12.html#RealTimeDevices_DM6604
RealTimeDevices_DM6430_DOUT   ../toolbox/xpc/cp_real_time_devices11.html#RealTimeDevices_DM6430_DOUT
RealTimeDevices_DM6430_DIN   ../toolbox/xpc/cp_real_time_devices10.html#RealTimeDevices_DM6430_DIN
RealTimeDevices_DM7420_DOUT   ../toolbox/xpc/cp_real_time_devices35.html#RealTimeDevices_DM7420_DOUT
RealTimeDevices_DM7420_DIN   ../toolbox/xpc/cp_real_time_devices34.html#RealTimeDevices_DM7420_DIN
RealTimeDevices_DM7420_AD   ../toolbox/xpc/cp_real_time_devices33.html#RealTimeDevices_DM7420_AD
RealTimeDevices_DM7420   ../toolbox/xpc/cp_real_time_devices32.html#RealTimeDevices_DM7420
RTD_DM6816_PWM   ../toolbox/xpc/cp_real_time_devices31.html#RTD_DM6816_PWM
RealTimeDevices_DM7420_AD   ../toolbox/xpc/cp_real_time_devices31.html#RealTimeDevices_DM7420_AD
RealTimeDevices_DM6816_board   ../toolbox/xpc/cp_real_time_devices30.html#RealTimeDevices_DM6816_board
RTD_DM6814_DOUT   ../toolbox/xpc/cp_real_time_devices29.html#RTD_DM6814_DOUT
RTD_DM6814_DIN   ../toolbox/xpc/cp_real_time_devices28.html#RTD_DM6814_DIN
RealTimeDevices_DM6814_Encoder   ../toolbox/xpc/cp_real_time_devices27.html#RealTimeDevices_DM6814_Encoder
SBSTechnologies_IP-DAC_DA   ../toolbox/xpc/cp_sbs_technologies9.html#SBSTechnologies_IP-DAC_DA
SBSTechnologies_IP-16DAC_DA   ../toolbox/xpc/cp_sbs_technologies7.html#SBSTechnologies_IP-16DAC_DA
SBSTechnologies_IP-16ADC_AD   ../toolbox/xpc/cp_sbs_technologies5.html#SBSTechnologies_IP-16ADC_AD
Flex-104A_IPCarrier   ../toolbox/xpc/cp_sbs_technologies3.html#Flex-104A_IPCarrier
PCI-40A_IPCarrier   ../toolbox/xpc/cp_sbs_technologies21.html#PCI-40A_IPCarrier
SBSTechnologies_IP-Unidig-E-48_DOUT   ../toolbox/xpc/cp_sbs_technologies19.html#SBSTechnologies_IP-Unidig-E-48_DOUT
SBSTechnologies_IP-Unidig-E-48_DIN   ../toolbox/xpc/cp_sbs_technologies18.html#SBSTechnologies_IP-Unidig-E-48_DIN
IP-Synchro   ../toolbox/xpc/cp_sbs_technologies16.html#IP-Synchro
SBSTechnologies_IP-HiADC_AD   ../toolbox/xpc/cp_sbs_technologies14.html#SBSTechnologies_IP-HiADC_AD
SBSTechnologies_IP-Digital-24_DOUT   ../toolbox/xpc/cp_sbs_technologies12.html#SBSTechnologies_IP-Digital-24_DOUT
SBSTechnologies_IP-Digital-24_DIN   ../toolbox/xpc/cp_sbs_technologies11.html#SBSTechnologies_IP-Digital-24_DIN
Sensoray_526_DO   ../toolbox/xpc/cp_sensoray8.html#Sensoray_526_DO
Sensoray_526_DI   ../toolbox/xpc/cp_sensoray7.html#Sensoray_526_DI
Sensoray_526_DualDA   ../toolbox/xpc/cp_sensoray6.html#Sensoray_526_DualDA
Sensoray_526_DA   ../toolbox/xpc/cp_sensoray5.html#Sensoray_526_DA
Sensoray_526_DualAD   ../toolbox/xpc/cp_sensoray4a.html#Sensoray_526_DualAD
Sensoray_526_AD   ../toolbox/xpc/cp_sensoray3.html#Sensoray_526_AD
SBS_25x0_Write   ../toolbox/xpc/cp_sbs_technologies28.html#SBS_25x0_Write
SBS_25x0_Read   ../toolbox/xpc/cp_sbs_technologies27.html#SBS_25x0_Read
SBS_25x0_Init   ../toolbox/xpc/cp_sbs_technologies26.html#SBS_25x0_Init
Sensoray_526_Encoder   ../toolbox/xpc/cp_sensoray9.html#Sensoray_526_Encoder
Systran_SC150_Write   ../toolbox/xpc/cp_systran8.html#Systran_SC150_Write
Systran_SC150_Read   ../toolbox/xpc/cp_systran7.html#Systran_SC150_Read
Systran_SC150_Init   ../toolbox/xpc/cp_systran6.html#Systran_SC150_Init
UEI_PD2-MF-12bit-series_AD   ../toolbox/xpc/cp_uei9.html#UEI_PD2-MF-12bit-series_AD
Diamond_Diamond-MM_DOUT   ../toolbox/xpc/cp_uei13.html#Diamond_Diamond-MM_DOUT
UEI_PD2-MF-12bit-series_DOUT   ../toolbox/xpc/cp_uei13.html#UEI_PD2-MF-12bit-series_DOUT
Diamond_Diamond-MM_DIN   ../toolbox/xpc/cp_uei12.html#Diamond_Diamond-MM_DIN
UEI_PD2-MF-12bit-series_DIN   ../toolbox/xpc/cp_uei12.html#UEI_PD2-MF-12bit-series_DIN
UEI_PD2-MF-12bit-series_DA   ../toolbox/xpc/cp_uei11.html#UEI_PD2-MF-12bit-series_DA
UEI_PD2-MF-12bit-Frame-series_AD   ../toolbox/xpc/cp_uei10.html#UEI_PD2-MF-12bit-Frame-series_AD
UEI_PD2-MF-14bit-series_AD   ../toolbox/xpc/cp_uei15.html#UEI_PD2-MF-14bit-series_AD
UEI_PD2-MF-16bit-series_AD   ../toolbox/xpc/cp_uei21.html#UEI_PD2-MF-16bit-series_AD
UEI_PD2-MF-14bit-series_DOUT   ../toolbox/xpc/cp_uei19.html#UEI_PD2-MF-14bit-series_DOUT
UEI_PD2-MF-14bit-series_DIN   ../toolbox/xpc/cp_uei18.html#UEI_PD2-MF-14bit-series_DIN
UEI_PD2-MF-14bit-series_DA   ../toolbox/xpc/cp_uei17.html#UEI_PD2-MF-14bit-series_DA
UEI_PD2-MF-14bit-Frame-series_AD   ../toolbox/xpc/cp_uei16.html#UEI_PD2-MF-14bit-Frame-series_AD
UEI_PD2-MF-16bit-series_DIN   ../toolbox/xpc/cp_uei24.html#UEI_PD2-MF-16bit-series_DIN
UEI_PD2-MF-16bit-series_DA   ../toolbox/xpc/cp_uei23.html#UEI_PD2-MF-16bit-series_DA
UEI_PD2-MF-16bit-Frame-series_AD   ../toolbox/xpc/cp_uei22.html#UEI_PD2-MF-16bit-Frame-series_AD
UEI_PD2-MFS-12bit-series_AD   ../toolbox/xpc/cp_uei27.html#UEI_PD2-MFS-12bit-series_AD
UEI_PD2-MF-16bit-series_DOUT   ../toolbox/xpc/cp_uei25.html#UEI_PD2-MF-16bit-series_DOUT
UEI_PD2-MFS-14bit-series_AD   ../toolbox/xpc/cp_uei33.html#UEI_PD2-MFS-14bit-series_AD
UEI_PD2-MFS-12bit-series_DOUT   ../toolbox/xpc/cp_uei31.html#UEI_PD2-MFS-12bit-series_DOUT
UEI_PD2-MFS-12bit-series_DIN   ../toolbox/xpc/cp_uei30.html#UEI_PD2-MFS-12bit-series_DIN
UEI_PD2-MFS-12bit-series_DA   ../toolbox/xpc/cp_uei29.html#UEI_PD2-MFS-12bit-series_DA
UEI_PD2-MFS-12bit-Frame-series_AD   ../toolbox/xpc/cp_uei28.html#UEI_PD2-MFS-12bit-Frame-series_AD
UEI_PD2-MFS-16bit-series_AD   ../toolbox/xpc/cp_uei39.html#UEI_PD2-MFS-16bit-series_AD
UEI_PD2-MFS-14bit-series_DOUT   ../toolbox/xpc/cp_uei37.html#UEI_PD2-MFS-14bit-series_DOUT
UEI_PD2-MFS-14bit-series_DIN   ../toolbox/xpc/cp_uei36.html#UEI_PD2-MFS-14bit-series_DIN
UEI_PD2-MFS-1bit-series_DA   ../toolbox/xpc/cp_uei35.html#UEI_PD2-MFS-1bit-series_DA
UEI_PD2-MFS-14bit-series_DA   ../toolbox/xpc/cp_uei35.html#UEI_PD2-MFS-14bit-series_DA
UEI_PD2-MFS-14bit-Frame-series_AD   ../toolbox/xpc/cp_uei34.html#UEI_PD2-MFS-14bit-Frame-series_AD
UEI_PDXI-MF-12bit-series_AD   ../toolbox/xpc/cp_uei45.html#UEI_PDXI-MF-12bit-series_AD
UEI_PD2-MFS-16bit-series_DOUT   ../toolbox/xpc/cp_uei43.html#UEI_PD2-MFS-16bit-series_DOUT
UEI_PD2-MFS-16bit-series_DIN   ../toolbox/xpc/cp_uei42.html#UEI_PD2-MFS-16bit-series_DIN
UEI_PD2-MFS-16bit-series_DA   ../toolbox/xpc/cp_uei41.html#UEI_PD2-MFS-16bit-series_DA
UEI_PD2-MFS-16bit-Frame-series_AD   ../toolbox/xpc/cp_uei40.html#UEI_PD2-MFS-16bit-Frame-series_AD
UEI_PDXI-MF-14bit-series_AD   ../toolbox/xpc/cp_uei51.html#UEI_PDXI-MF-14bit-series_AD
UEI_PDXI-MF-12bit-series_DOUT   ../toolbox/xpc/cp_uei49.html#UEI_PDXI-MF-12bit-series_DOUT
UEI_PDXI-MF-12bit-series_DIN   ../toolbox/xpc/cp_uei48.html#UEI_PDXI-MF-12bit-series_DIN
UEI_PDXI-MF-12bit-series_DA   ../toolbox/xpc/cp_uei47.html#UEI_PDXI-MF-12bit-series_DA
UEI_PDXI-MF-12bit-Frame-series_AD   ../toolbox/xpc/cp_uei46.html#UEI_PDXI-MF-12bit-Frame-series_AD
UEI_PDXI-MF-16bit-series_AD   ../toolbox/xpc/cp_uei57.html#UEI_PDXI-MF-16bit-series_AD
UEI_PDXI-MF-14bit-series_DOUT   ../toolbox/xpc/cp_uei55.html#UEI_PDXI-MF-14bit-series_DOUT
UEI_PDXI-MF-14bit-series_DIN   ../toolbox/xpc/cp_uei54.html#UEI_PDXI-MF-14bit-series_DIN
UEI_PDXI-MF-14bit-series_DA   ../toolbox/xpc/cp_uei53.html#UEI_PDXI-MF-14bit-series_DA
UEI_PDXI-MF-14bit-Frame-series_AD   ../toolbox/xpc/cp_uei52.html#UEI_PDXI-MF-14bit-Frame-series_AD
UEI_PDXI-MFS-12bit-series_AD   ../toolbox/xpc/cp_uei63.html#UEI_PDXI-MFS-12bit-series_AD
UEI_PDXI-MF-16bit-series_DOUT   ../toolbox/xpc/cp_uei61.html#UEI_PDXI-MF-16bit-series_DOUT
UEI_PDXI-MF-16bit-series_DIN   ../toolbox/xpc/cp_uei60.html#UEI_PDXI-MF-16bit-series_DIN
UEI_PDXI-MF-16bit-series_DA   ../toolbox/xpc/cp_uei59.html#UEI_PDXI-MF-16bit-series_DA
UEI_PDXI-MF-16bit-Frame-series_AD   ../toolbox/xpc/cp_uei58.html#UEI_PDXI-MF-16bit-Frame-series_AD
UEI_PDXI-MFS-14bit-series_AD   ../toolbox/xpc/cp_uei69.html#UEI_PDXI-MFS-14bit-series_AD
UEI_PDXI-MFS-12bit-series_DOUT   ../toolbox/xpc/cp_uei67.html#UEI_PDXI-MFS-12bit-series_DOUT
UEI_PDXI-MFS-12bit-series_DIN   ../toolbox/xpc/cp_uei66.html#UEI_PDXI-MFS-12bit-series_DIN
UEI_PDXI-MFS-12bit-series_DA   ../toolbox/xpc/cp_uei65.html#UEI_PDXI-MFS-12bit-series_DA
UEI_PDXI-MFS-12bit-Frame-series_AD   ../toolbox/xpc/cp_uei64.html#UEI_PDXI-MFS-12bit-Frame-series_AD
UEI_PDXI-MFS-16bit-series_AD   ../toolbox/xpc/cp_uei75.html#UEI_PDXI-MFS-16bit-series_AD
UEI_PDXI-MFS-14bit-series_DOUT   ../toolbox/xpc/cp_uei73.html#UEI_PDXI-MFS-14bit-series_DOUT
UEI_PDXI-MFS-14bit-series_DIN   ../toolbox/xpc/cp_uei72.html#UEI_PDXI-MFS-14bit-series_DIN
UEI_PDXI-MFS-14bit-series_DA   ../toolbox/xpc/cp_uei71.html#UEI_PDXI-MFS-14bit-series_DA
UEI_PDXI-MFS-14bit-Frame-series_AD   ../toolbox/xpc/cp_uei70.html#UEI_PDXI-MFS-14bit-Frame-series_AD
UEI_PDXI-MFS-16bit-series_DIN   ../toolbox/xpc/cp_uei78.html#UEI_PDXI-MFS-16bit-series_DIN
UEI_PDXI-MFS-16bit-series_DA   ../toolbox/xpc/cp_uei77.html#UEI_PDXI-MFS-16bit-series_DA
UEI_PDXI-MFS-16bit-Frame-series_AD   ../toolbox/xpc/cp_uei76.html#UEI_PDXI-MFS-16bit-Frame-series_AD
Versalogic_VSBC-6_DIN   ../toolbox/xpc/cp_versalogic4.html#Versalogic_VSBC-6_DIN
Versalogic_VSBC-6_Watchdog   ../toolbox/xpc/cp_versalogic3.html#Versalogic_VSBC-6_Watchdog
Versalogic_VSBC-6_AD   ../toolbox/xpc/cp_versalogic3.html#Versalogic_VSBC-6_AD
Versalogic_VSBC-6   ../toolbox/xpc/cp_versalogic2.html#Versalogic_VSBC-6
Versalogic_VSBC-6   ../toolbox/xpc/cp_versalogic2.html#Versalogic_VSBC-6
UEI_PDXI-AO-series_DOUT   ../toolbox/xpc/cp_uei87.html#UEI_PDXI-AO-series_DOUT
UEI_PDXI-AO-series_DIN   ../toolbox/xpc/cp_uei86.html#UEI_PDXI-AO-series_DIN
UEI_PDXI-AO-series_DA   ../toolbox/xpc/cp_uei85.html#UEI_PDXI-AO-series_DA
UEI_PD2-AO-series_DOUT   ../toolbox/xpc/cp_uei83.html#UEI_PD2-AO-series_DOUT
UEI_PD2-AO-series_DIN   ../toolbox/xpc/cp_uei82.html#UEI_PD2-AO-series_DIN
UEI_PD2-AO-series_DA   ../toolbox/xpc/cp_uei81.html#UEI_PD2-AO-series_DA
UEI_PDXI-MFS-16bit-series_DOUT   ../toolbox/xpc/cp_uei79.html#UEI_PDXI-MFS-16bit-series_DOUT
VMIC_5565_Pack   ../toolbox/xpc/cp_vmic9.html#VMIC_5565_Pack
VMIC_5565_Write   ../toolbox/xpc/cp_vmic8.html#VMIC_5565_Write
VMIC_5565_Read   ../toolbox/xpc/cp_vmic7.html#VMIC_5565_Read
VMIC_5565_Init   ../toolbox/xpc/cp_vmic6.html#VMIC_5565_Init
VMIC_5565_Broadcast   ../toolbox/xpc/cp_vmic11.html#VMIC_5565_Broadcast
VMIC_5565_Unpack   ../toolbox/xpc/cp_vmic10.html#VMIC_5565_Unpack
Versalogic_VSBC-6_Watchdog   ../toolbox/xpc/cp_versalogic6.html#Versalogic_VSBC-6_Watchdog
Versalogic_VSBC-6_DOUT   ../toolbox/xpc/cp_versalogic5.html#Versalogic_VSBC-6_DOUT
Misc_To-xPC-Target   ../toolbox/xpc/cp_miscellaneous7.html#Misc_To-xPC-Target
Misc_From-xPC-Target   ../toolbox/xpc/cp_miscellaneous6.html#Misc_From-xPC-Target
Misc_Scope-(xPC)   ../toolbox/xpc/cp_miscellaneous2.html#Misc_Scope-(xPC)
Misc_Scope-(xPC)   ../toolbox/xpc/cp_miscellaneous2.html#Misc_Scope-(xPC)
Misc_From-File   ../toolbox/xpc/cp_miscellaneous8.html#Misc_From-File
Misc_xPC-Target-TET   ../toolbox/xpc/cp_miscellaneous15.html#Misc_xPC-Target-TET
Misc_IO-port-write   ../toolbox/xpc/cp_miscellaneous14.html#Misc_IO-port-write
Misc_IO-port-read   ../toolbox/xpc/cp_miscellaneous13.html#Misc_IO-port-read
Misc_Software-Reboot   ../toolbox/xpc/cp_miscellaneous11.html#Misc_Software-Reboot
AsynchronousEvent   ../toolbox/xpc/cp_miscellaneous17.html#AsynchronousEvent
Misc_xPC-Target-Time   ../toolbox/xpc/cp_miscellaneous16.html#Misc_xPC-Target-Time
AsynchronousEvent_Async-Buffer-Write   ../toolbox/xpc/cp_miscellaneous21.html#AsynchronousEvent_Async-Buffer-Write
AsynchronousEvent_Async-Buffer-Read   ../toolbox/xpc/cp_miscellaneous21.html#AsynchronousEvent_Async-Buffer-Read
AsynchronousEvent_Async-Rate-Transition   ../toolbox/xpc/cp_miscellaneous20.html#AsynchronousEvent_Async-Rate-Transition
AsynchronousEvent_IRQ-Source   ../toolbox/xpc/cp_miscellaneous19.html#AsynchronousEvent_IRQ-Source
Burr-Brown_PCI-20098C   ../toolbox/xpc/ch_obsolete8.html#Burr-Brown_PCI-20098C
Burr-Brown_PCI-20098C_AD   ../toolbox/xpc/ch_obsolete8.html#Burr-Brown_PCI-20098C_AD
Burr-Brown_PCI-20098C_DIN   ../toolbox/xpc/ch_obsolete8.html#Burr-Brown_PCI-20098C_DIN
Burr-Brown_PCI-20098C_DOUT   ../toolbox/xpc/ch_obsolete8.html#Burr-Brown_PCI-20098C_DOUT
Burr-Brown_PCI-20041C   ../toolbox/xpc/ch_obsolete7.html#Burr-Brown_PCI-20041C
Burr-Brown_PCI-20041C_DIN   ../toolbox/xpc/ch_obsolete7.html#Burr-Brown_PCI-20041C_DIN
Burr-Brown_PCI-20041C_DOUT   ../toolbox/xpc/ch_obsolete7.html#Burr-Brown_PCI-20041C_DOUT
Burr-Brown_PCI-20023M   ../toolbox/xpc/ch_obsolete6.html#Burr-Brown_PCI-20023M
Burr-Brown_PCI-20023M_AD   ../toolbox/xpc/ch_obsolete6.html#Burr-Brown_PCI-20023M_AD
Burr-Brown_PCI-20019M   ../toolbox/xpc/ch_obsolete5.html#Burr-Brown_PCI-20019M
Burr-Brown_PCI-20019M_AD   ../toolbox/xpc/ch_obsolete5.html#Burr-Brown_PCI-20019M_AD
Burr-Brown_PCI-20003M   ../toolbox/xpc/ch_obsolete4.html#Burr-Brown_PCI-20003M
Burr-Brown_PCI-20003M_DA   ../toolbox/xpc/ch_obsolete4.html#Burr-Brown_PCI-20003M_DA
Gespac_GESPIA-2A   ../toolbox/xpc/ch_obsolete13.html#Gespac_GESPIA-2A
Gespac_GESPIA-2A_DIN   ../toolbox/xpc/ch_obsolete13.html#Gespac_GESPIA-2A_DIN
Gespac_GESPIA-2A_DOUT   ../toolbox/xpc/ch_obsolete13.html#Gespac_GESPIA-2A_DOUT
Gespac_GESADA-1   ../toolbox/xpc/ch_obsolete12.html#Gespac_GESADA-1
Gespac_GESADA-1_AD   ../toolbox/xpc/ch_obsolete12.html#Gespac_GESADA-1_AD
Gespac_GESADA-1_DA   ../toolbox/xpc/ch_obsolete12.html#Gespac_GESADA-1_DA
BVM_PMCDIO64_DIN   ../toolbox/xpc/ch_obsolete10.html#BVM_PMCDIO64_DIN
BVM_PMCDIO64-1_DOUT   ../toolbox/xpc/ch_obsolete10.html#BVM_PMCDIO64-1_DOUT
