******************************************************************************
          TMS320C6x COFF Linker Version 4.00                   
******************************************************************************
>> Linked Mon Jan 22 15:37:21 2001

OUTPUT FILE NAME:   <rtdxdemo_6x1x.out>
ENTRY POINT SYMBOL: "_c_int00"  address: 00002020


MEMORY CONFIGURATION

           name     origin    length      used    attributes    fill
         --------  --------  ---------  --------  ----------  --------
         PMEM      00000000  000010000  00007e0a     RWIX    
         BMEM      80000000  001000000  00000000     RWIX    


SECTION ALLOCATION MAP

 output                                  attributes/
section   page    origin      length       input sections
--------  ----  ----------  ----------   ----------------
.intvecs   0    00000000    00000400     
                  00000000    00000400     intvecs.obj (.intvecs)

.text      0    00000400    00001d80     
                  00000400    00000740     rtdx_lms.obj (.text)
                  00000b40    00000000     rtdx_buf.obj (.text)
                  00000b40    00000000     intvecs.obj (.text)
                  00000b40    00000000     rtdx.lib : version.obj (.text)
                  00000b40    00000480     rts6201.lib : imath40.obj (.text)
                  00000fc0    00000460     rtdx.lib : rtdx_mon.obj (.text)
                  00001420    00000380              : buffer1.obj (.text)
                  000017a0    00000260     rts6201.lib : memcpy.obj (.text)
                  00001a00    000001a0                 : autoinit.obj (.text)
                  00001ba0    00000160     rtdx.lib : rtdx_us2.obj (.text)
                  00001d00    00000140              : intrpt_stub.obj (.text)
                  00001e40    00000120     rts6201.lib : exit.obj (.text)
                  00001f60    000000c0                 : divi.obj (.text)
                  00002020    00000080                 : boot.obj (.text)
                  000020a0    00000080     rtdx.lib : rtdx_us1.obj (.text)
                  00002120    00000060              : buffer2.obj (.text)

.far       0    00002180    000009ec     UNINITIALIZED
                  00002180    00000964     rtdx_buf.obj (.far)
                  00002ae4    00000088     rts6201.lib : exit.obj (.far)

.stack     0    00002b70    00001000     UNINITIALIZED
                  00002b70    00000000     rts6201.lib : boot.obj (.stack)

.bss       0    00003b70    000041e2     UNINITIALIZED
                  00003b70    000041b4     rtdx_lms.obj (.bss)
                  00007d24    00000000     rts6201.lib : imath40.obj (.bss)
                  00007d24    00000000                 : exit.obj (.bss)
                  00007d24    00000000                 : memcpy.obj (.bss)
                  00007d24    00000000                 : autoinit.obj (.bss)
                  00007d24    00000000     intvecs.obj (.bss)
                  00007d24    00000000     rtdx_buf.obj (.bss)
                  00007d24    00000000     rts6201.lib : boot.obj (.bss)
                  00007d24    00000000                 : divi.obj (.bss)
                  00007d24    00000000     rtdx.lib : buffer2.obj (.bss)
                  00007d24    00000000              : intrpt_stub.obj (.bss)
                  00007d24    00000000              : version.obj (.bss)
                  00007d24    00000000              : rtdx_us2.obj (.bss)
                  00007d24    00000000              : rtdx_us1.obj (.bss)
                  00007d24    0000001c              : rtdx_mon.obj (.bss)
                  00007d40    00000008              : buffer1.obj (.bss)
                  00007d48    00000008              : buffer1.obj (.bss:c)
                  00007d50    00000002     rtdx_lms.obj (.bss:c)

.cinit     0    00007d58    00000084     
                  00007d58    0000003c     rtdx_lms.obj (.cinit)
                  00007d94    00000004     --HOLE-- [fill = 00000000]
                  00007d98    0000001c     rts6201.lib : exit.obj (.cinit)
                  00007db4    00000004     --HOLE-- [fill = 00000000]
                  00007db8    00000010     rtdx.lib : buffer1.obj (.cinit:c)
                  00007dc8    0000000a     rtdx_lms.obj (.cinit:c)
                  00007dd2    0000000a     --HOLE-- [fill = 00000000]

.pinit     0    00007ddc    0000000c     
                  00007ddc    00000004     rtdx.lib : rtdx_mon.obj (.pinit)
                  00007de0    00000004              : buffer1.obj (.pinit)
                  00007de4    00000004     --HOLE-- [fill = 00000000]

.cio       0    00000000    00000000     UNINITIALIZED

.const     0    00000000    00000000     UNINITIALIZED

.data      0    00000000    00000000     UNINITIALIZED
                  00000000    00000000     rtdx_lms.obj (.data)
                  00000000    00000000     rtdx.lib : version.obj (.data)
                  00000000    00000000              : intrpt_stub.obj (.data)
                  00000000    00000000              : rtdx_mon.obj (.data)
                  00000000    00000000              : buffer2.obj (.data)
                  00000000    00000000              : buffer1.obj (.data)
                  00000000    00000000              : rtdx_us2.obj (.data)
                  00000000    00000000              : rtdx_us1.obj (.data)
                  00000000    00000000     rts6201.lib : memcpy.obj (.data)
                  00000000    00000000                 : autoinit.obj (.data)
                  00000000    00000000                 : imath40.obj (.data)
                  00000000    00000000                 : exit.obj (.data)
                  00000000    00000000                 : boot.obj (.data)
                  00000000    00000000                 : divi.obj (.data)
                  00000000    00000000     intvecs.obj (.data)
                  00000000    00000000     rtdx_buf.obj (.data)

.switch    0    00007de8    0000002c     
                  00007de8    0000002c     rtdx.lib : rtdx_mon.obj (.switch)

.sysmem    0    00000000    00000000     UNINITIALIZED


GLOBAL SYMBOLS: SORTED ALPHABETICALLY BY Name 

address    name
--------   ----
00003b70   $bss
00003b70   .bss
00000000   .data
00000400   .text
00001f40   C$$EXIT
00001d00   RTEMU_exe
00001d00   RTEMU_msg
00000000   _HWI_Cache_Control
00002ae0   _RTDX_Buffer_End
00001650   _RTDX_Buffer_Initialize
00002120   _RTDX_Buffer_Read
00002180   _RTDX_Buffer_Start
00001678   _RTDX_Buffer_Write
00001000   _RTDX_Final_RT_Monitor
00001028   _RTDX_Init_RT_Monitor
00001360   _RTDX_Mon_Write
0000108c   _RTDX_Poll
00001bb8   _RTDX_disableInput
000020b0   _RTDX_disableOutput
00001ba0   _RTDX_enableInput
000020a0   _RTDX_enableOutput
fffffff7   _RTDX_interrupt_mask
00001bd8   _RTDX_read
00001c68   _RTDX_readNB
00000001   _RTDX_ver_1_0_2
00000001   _RTDX_ver
000020c0   _RTDX_write
00007d48   _RTDX_writing
00001000   __STACK_SIZE
00003b70   ___bss__
00007d58   ___cinit__
00000000   ___data__
00000000   ___edata__
00007d52   ___end__
00002180   ___etext__
00007ddc   ___pinit__
00000400   ___text__
00001a00   __auto_init
00002b68   __cleanup_ptr
00001f60   __divi
00000ed8   __divli
00000bd8   __divul
00001da0   __irest_tn
00000e38   __remli
00000b40   __remul
00002b70   __stack
UNDEFED __vectors
00001f40   _abort
00001f00   _atexit
UNDEFED _auto_init
00002020   _c_int00
00005d08   _error
00001e40   _exit
00003b70   _filtParms
00004c84   _hPrime
00007d08   _ichan0
00007d14   _ichan1
00003b7a   _k
00000400   _main
00003b78   _m
000017a0   _memcpy
00007d50   _mu
00005506   _normError
00005504   _normFactor
00003b7c   _numFrames
00007d20   _ochan0
00005508   _outBuf
00003b7e   _shiftBits
00004c00   _xTaps
00003b80   _x
00004380   _y
00004d04   _yPrime
00007d58   cinit
00000000   edata
00007d52   end
00002180   etext
00007ddc   pinit


GLOBAL SYMBOLS: SORTED BY Symbol Address 

address    name
--------   ----
00000000   _HWI_Cache_Control
00000000   ___edata__
00000000   ___data__
00000000   .data
00000000   edata
00000001   _RTDX_ver
00000001   _RTDX_ver_1_0_2
00000400   .text
00000400   _main
00000400   ___text__
00000b40   __remul
00000bd8   __divul
00000e38   __remli
00000ed8   __divli
00001000   __STACK_SIZE
00001000   _RTDX_Final_RT_Monitor
00001028   _RTDX_Init_RT_Monitor
0000108c   _RTDX_Poll
00001360   _RTDX_Mon_Write
00001650   _RTDX_Buffer_Initialize
00001678   _RTDX_Buffer_Write
000017a0   _memcpy
00001a00   __auto_init
00001ba0   _RTDX_enableInput
00001bb8   _RTDX_disableInput
00001bd8   _RTDX_read
00001c68   _RTDX_readNB
00001d00   RTEMU_exe
00001d00   RTEMU_msg
00001da0   __irest_tn
00001e40   _exit
00001f00   _atexit
00001f40   C$$EXIT
00001f40   _abort
00001f60   __divi
00002020   _c_int00
000020a0   _RTDX_enableOutput
000020b0   _RTDX_disableOutput
000020c0   _RTDX_write
00002120   _RTDX_Buffer_Read
00002180   _RTDX_Buffer_Start
00002180   etext
00002180   ___etext__
00002ae0   _RTDX_Buffer_End
00002b68   __cleanup_ptr
00002b70   __stack
00003b70   ___bss__
00003b70   $bss
00003b70   .bss
00003b70   _filtParms
00003b78   _m
00003b7a   _k
00003b7c   _numFrames
00003b7e   _shiftBits
00003b80   _x
00004380   _y
00004c00   _xTaps
00004c84   _hPrime
00004d04   _yPrime
00005504   _normFactor
00005506   _normError
00005508   _outBuf
00005d08   _error
00007d08   _ichan0
00007d14   _ichan1
00007d20   _ochan0
00007d48   _RTDX_writing
00007d50   _mu
00007d52   ___end__
00007d52   end
00007d58   cinit
00007d58   ___cinit__
00007ddc   pinit
00007ddc   ___pinit__
fffffff7   _RTDX_interrupt_mask
UNDEFED __vectors
UNDEFED _auto_init

[77 symbols]
