******************************************************************************
          TMS320C6x COFF Linker Version 4.00                   
******************************************************************************
>> Linked Mon Jan 22 15:28:02 2001

OUTPUT FILE NAME:   <rtdxdemo_6x0x.out>
ENTRY POINT SYMBOL: "_c_int00"  address: 00002020


MEMORY CONFIGURATION

           name     origin    length      used    attributes    fill
         --------  --------  ---------  --------  ----------  --------
         IPRAM     00000000  000010000  00002180     RWIX    
         SBSRAM    00400000  000040000  00000000     RWIX    
         SDRAM0    02000000  000400000  00000000     RWIX    
         SDRAM1    03000000  000400000  00000000     RWIX    
         IDRAM     80000000  000010000  0000ac8a     RWIX    


SECTION ALLOCATION MAP

 output                                  attributes/
section   page    origin      length       input sections
--------  ----  ----------  ----------   ----------------
.intvecs   0    00000000    00000400     
                  00000000    00000400     intvecs.obj (.intvecs)

.text      0    00000400    00001d80     
                  00000400    00000740     rtdx_lms.obj (.text)
                  00000b40    00000000     rtdx.lib : version.obj (.text)
                  00000b40    00000000     intvecs.obj (.text)
                  00000b40    00000000     rtdx_buf.obj (.text)
                  00000b40    00000480     rts6201.lib : imath40.obj (.text)
                  00000fc0    00000460     rtdx.lib : rtdx_mon.obj (.text)
                  00001420    00000380              : buffer1.obj (.text)
                  000017a0    00000260     rts6201.lib : memcpy.obj (.text)
                  00001a00    000001a0                 : autoinit.obj (.text)
                  00001ba0    00000160     rtdx.lib : rtdx_us2.obj (.text)
                  00001d00    00000140              : intrpt_stub.obj (.text)
                  00001e40    00000120     rts6201.lib : exit.obj (.text)
                  00001f60    000000c0                 : divi.obj (.text)
                  00002020    00000080                 : boot.obj (.text)
                  000020a0    00000080     rtdx.lib : rtdx_us1.obj (.text)
                  00002120    00000060              : buffer2.obj (.text)

.far       0    80000000    000009ec     UNINITIALIZED
                  80000000    00000964     rtdx_buf.obj (.far)
                  80000964    00000088     rts6201.lib : exit.obj (.far)

.stack     0    800009f0    00006000     UNINITIALIZED
                  800009f0    00000000     rts6201.lib : boot.obj (.stack)

.bss       0    800069f0    000041e2     UNINITIALIZED
                  800069f0    000041b4     rtdx_lms.obj (.bss)
                  8000aba4    00000000     rtdx.lib : rtdx_us2.obj (.bss)
                  8000aba4    00000000              : buffer2.obj (.bss)
                  8000aba4    00000000              : intrpt_stub.obj (.bss)
                  8000aba4    00000000     rtdx_buf.obj (.bss)
                  8000aba4    00000000     intvecs.obj (.bss)
                  8000aba4    00000000     rtdx.lib : rtdx_us1.obj (.bss)
                  8000aba4    00000000              : version.obj (.bss)
                  8000aba4    00000000     rts6201.lib : exit.obj (.bss)
                  8000aba4    00000000                 : boot.obj (.bss)
                  8000aba4    00000000                 : memcpy.obj (.bss)
                  8000aba4    00000000                 : imath40.obj (.bss)
                  8000aba4    00000000                 : autoinit.obj (.bss)
                  8000aba4    00000000                 : divi.obj (.bss)
                  8000aba4    0000001c     rtdx.lib : rtdx_mon.obj (.bss)
                  8000abc0    00000008              : buffer1.obj (.bss:c)
                  8000abc8    00000008              : buffer1.obj (.bss)
                  8000abd0    00000002     rtdx_lms.obj (.bss:c)

.cinit     0    8000abd8    00000084     
                  8000abd8    0000003c     rtdx_lms.obj (.cinit)
                  8000ac14    00000004     --HOLE-- [fill = 00000000]
                  8000ac18    0000001c     rts6201.lib : exit.obj (.cinit)
                  8000ac34    00000004     --HOLE-- [fill = 00000000]
                  8000ac38    00000010     rtdx.lib : buffer1.obj (.cinit:c)
                  8000ac48    0000000a     rtdx_lms.obj (.cinit:c)
                  8000ac52    0000000a     --HOLE-- [fill = 00000000]

.pinit     0    8000ac5c    0000000c     
                  8000ac5c    00000004     rtdx.lib : rtdx_mon.obj (.pinit)
                  8000ac60    00000004              : buffer1.obj (.pinit)
                  8000ac64    00000004     --HOLE-- [fill = 00000000]

.cio       0    80000000    00000000     UNINITIALIZED

.const     0    80000000    00000000     UNINITIALIZED

.data      0    80000000    00000000     UNINITIALIZED
                  80000000    00000000     rtdx_lms.obj (.data)
                  80000000    00000000     rts6201.lib : memcpy.obj (.data)
                  80000000    00000000                 : imath40.obj (.data)
                  80000000    00000000                 : exit.obj (.data)
                  80000000    00000000                 : boot.obj (.data)
                  80000000    00000000                 : autoinit.obj (.data)
                  80000000    00000000                 : divi.obj (.data)
                  80000000    00000000     rtdx.lib : version.obj (.data)
                  80000000    00000000              : intrpt_stub.obj (.data)
                  80000000    00000000              : rtdx_mon.obj (.data)
                  80000000    00000000              : buffer2.obj (.data)
                  80000000    00000000              : buffer1.obj (.data)
                  80000000    00000000              : rtdx_us2.obj (.data)
                  80000000    00000000              : rtdx_us1.obj (.data)
                  80000000    00000000     intvecs.obj (.data)
                  80000000    00000000     rtdx_buf.obj (.data)

.switch    0    8000ac68    0000002c     
                  8000ac68    0000002c     rtdx.lib : rtdx_mon.obj (.switch)

.sysmem    0    80000000    00000000     UNINITIALIZED


GLOBAL SYMBOLS: SORTED ALPHABETICALLY BY Name 

address    name
--------   ----
800069f0   $bss
800069f0   .bss
80000000   .data
00000400   .text
00001f40   C$$EXIT
00001d00   RTEMU_exe
00001d00   RTEMU_msg
00000000   _HWI_Cache_Control
80000960   _RTDX_Buffer_End
00001650   _RTDX_Buffer_Initialize
00002120   _RTDX_Buffer_Read
80000000   _RTDX_Buffer_Start
00001678   _RTDX_Buffer_Write
00001000   _RTDX_Final_RT_Monitor
00001028   _RTDX_Init_RT_Monitor
00001360   _RTDX_Mon_Write
0000108c   _RTDX_Poll
00001bb8   _RTDX_disableInput
000020b0   _RTDX_disableOutput
00001ba0   _RTDX_enableInput
000020a0   _RTDX_enableOutput
fffffff7   _RTDX_interrupt_mask
00001bd8   _RTDX_read
00001c68   _RTDX_readNB
00000001   _RTDX_ver
00000001   _RTDX_ver_1_0_2
000020c0   _RTDX_write
8000abc0   _RTDX_writing
00006000   __STACK_SIZE
800069f0   ___bss__
8000abd8   ___cinit__
80000000   ___data__
80000000   ___edata__
8000abd2   ___end__
00002180   ___etext__
8000ac5c   ___pinit__
00000400   ___text__
00001a00   __auto_init
800009e8   __cleanup_ptr
00001f60   __divi
00000ed8   __divli
00000bd8   __divul
00001da0   __irest_tn
00000e38   __remli
00000b40   __remul
800009f0   __stack
UNDEFED __vectors
00001f40   _abort
00001f00   _atexit
UNDEFED _auto_init
00002020   _c_int00
80008b88   _error
00001e40   _exit
800069f0   _filtParms
80007b04   _hPrime
8000ab88   _ichan0
8000ab94   _ichan1
800069fa   _k
00000400   _main
000017a0   _memcpy
8000abd0   _mu
800069f8   _m
80008386   _normError
80008384   _normFactor
800069fc   _numFrames
8000aba0   _ochan0
80008388   _outBuf
800069fe   _shiftBits
80006a00   _x
80007a80   _xTaps
80007200   _y
80007b84   _yPrime
8000abd8   cinit
80000000   edata
8000abd2   end
00002180   etext
8000ac5c   pinit


GLOBAL SYMBOLS: SORTED BY Symbol Address 

address    name
--------   ----
00000000   _HWI_Cache_Control
00000001   _RTDX_ver_1_0_2
00000001   _RTDX_ver
00000400   ___text__
00000400   _main
00000400   .text
00000b40   __remul
00000bd8   __divul
00000e38   __remli
00000ed8   __divli
00001000   _RTDX_Final_RT_Monitor
00001028   _RTDX_Init_RT_Monitor
0000108c   _RTDX_Poll
00001360   _RTDX_Mon_Write
00001650   _RTDX_Buffer_Initialize
00001678   _RTDX_Buffer_Write
000017a0   _memcpy
00001a00   __auto_init
00001ba0   _RTDX_enableInput
00001bb8   _RTDX_disableInput
00001bd8   _RTDX_read
00001c68   _RTDX_readNB
00001d00   RTEMU_exe
00001d00   RTEMU_msg
00001da0   __irest_tn
00001e40   _exit
00001f00   _atexit
00001f40   C$$EXIT
00001f40   _abort
00001f60   __divi
00002020   _c_int00
000020a0   _RTDX_enableOutput
000020b0   _RTDX_disableOutput
000020c0   _RTDX_write
00002120   _RTDX_Buffer_Read
00002180   etext
00002180   ___etext__
00006000   __STACK_SIZE
80000000   edata
80000000   ___data__
80000000   .data
80000000   _RTDX_Buffer_Start
80000000   ___edata__
80000960   _RTDX_Buffer_End
800009e8   __cleanup_ptr
800009f0   __stack
800069f0   ___bss__
800069f0   _filtParms
800069f0   .bss
800069f0   $bss
800069f8   _m
800069fa   _k
800069fc   _numFrames
800069fe   _shiftBits
80006a00   _x
80007200   _y
80007a80   _xTaps
80007b04   _hPrime
80007b84   _yPrime
80008384   _normFactor
80008386   _normError
80008388   _outBuf
80008b88   _error
8000ab88   _ichan0
8000ab94   _ichan1
8000aba0   _ochan0
8000abc0   _RTDX_writing
8000abd0   _mu
8000abd2   ___end__
8000abd2   end
8000abd8   cinit
8000abd8   ___cinit__
8000ac5c   pinit
8000ac5c   ___pinit__
fffffff7   _RTDX_interrupt_mask
UNDEFED _auto_init
UNDEFED __vectors

[77 symbols]
