block_diagram   ../tic6000/build4.html#block_diagram
LED_19   ../tic6000/build8.html#LED_19
DAC_19   ../tic6000/build7.html#DAC_19
ADC_19   ../tic6000/build6.html#ADC_19
c6000_compile_19   ../tic6000/build20.html#c6000_compile_19
./#ti_c6000_code_generation   ../tic6000/build19.html#./#ti_c6000_code_generation
c6000_target_19   ../tic6000/build18.html#c6000_target_19
matlab_ccs_19   ../tic6000/build18.html#matlab_ccs_19
target_general_19   ../tic6000/build17.html#target_general_19
target_lang_19   ../tic6000/build16.html#target_lang_19
target_config_19   ../tic6000/build15.html#target_config_19
RESET_19   ../tic6000/build10.html#RESET_19
c6000_runtime_19   ../tic6000/build22.html#c6000_runtime_19
c6000_link_19   ../tic6000/build21.html#c6000_link_19
profile   ../tic6000/report:to   ../tic6000/generate   ../tic6000/using_dsp_bios17.html#profile   ../tic6000/report:to   ../tic6000/generate
profile   ../tic6000/report:critical   ../tic6000/headroom   ../tic6000/using_dsp_bios16.html#profile   ../tic6000/report:critical   ../tic6000/headroom
profile   ../tic6000/report:time   ../tic6000/between   ../tic6000/interrupts   ../tic6000/using_dsp_bios16.html#profile   ../tic6000/report:time   ../tic6000/between   ../tic6000/interrupts
profile   ../tic6000/report:number   ../tic6000/of   ../tic6000/interrupts   ../tic6000/counted   ../tic6000/using_dsp_bios16.html#profile   ../tic6000/report:number   ../tic6000/of   ../tic6000/interrupts   ../tic6000/counted
profile   ../tic6000/report:CPU   ../tic6000/clock   ../tic6000/speed   ../tic6000/using_dsp_bios16.html#profile   ../tic6000/report:CPU   ../tic6000/clock   ../tic6000/speed
profile   ../tic6000/report:CPU   ../tic6000/load   ../tic6000/using_dsp_bios16.html#profile   ../tic6000/report:CPU   ../tic6000/load
profile   ../tic6000/report:maximum   ../tic6000/time   ../tic6000/spent   ../tic6000/in   ../tic6000/this   ../tic6000/subsystem   ../tic6000/per   ../tic6000/interrupt   ../tic6000/(Max   ../tic6000/time)   ../tic6000/using_dsp_bios16.html#profile   ../tic6000/report:maximum   ../tic6000/time   ../tic6000/spent   ../tic6000/in   ../tic6000/this   ../tic6000/subsystem   ../tic6000/per   ../tic6000/interrupt   ../tic6000/(Max   ../tic6000/time)
profile   ../tic6000/report:maximum   ../tic6000/percent   ../tic6000/of   ../tic6000/interrupt   ../tic6000/interval   ../tic6000/(Max   ../tic6000/%)   ../tic6000/using_dsp_bios16.html#profile   ../tic6000/report:maximum   ../tic6000/percent   ../tic6000/of   ../tic6000/interrupt   ../tic6000/interval   ../tic6000/(Max   ../tic6000/%)
profile   ../tic6000/report:STS   ../tic6000/objects   ../tic6000/using_dsp_bios16.html#profile   ../tic6000/report:STS   ../tic6000/objects
profiling_code   ../tic6000/using_dsp_bios10.html#profiling_code
profiling   ../tic6000/using_dsp_bios10.html#profiling
DSP/BIOS,   ../tic6000/to   ../tic6000/enable   ../tic6000/using_dsp_bios20.html#DSP/BIOS,   ../tic6000/to   ../tic6000/enable
