stats_toolbox   ../stats/introduc.html#stats_toolbox
distribution_fitting   ../stats/prob_d12.html#distribution_fitting
import_data   ../stats/prob_d15.html#import_data
set_bin_rules   ../stats/prob_d15.html#set_bin_rules
evaluate_fits   ../stats/prob_d19.html#evaluate_fits
manage_fits   ../stats/prob_d18.html#manage_fits
new_fit   ../stats/prob_d16.html#new_fit
exclude_data   ../stats/prob_d20.html#exclude_data
overview_of_the_distributions   ../stats/prob_d25.html#overview_of_the_distributions
extreme_value   ../stats/prob_d33.html#extreme_value
random_effects   ../stats/linear12.html#random_effects
polytool_demo   ../stats/linear22.html#polytool_demo
rstool_demo   ../stats/linear24.html#rstool_demo
stepwise_regression_demo   ../stats/linear26.html#stepwise_regression_demo
stepwise_demo   ../stats/linear26.html#stepwise_demo
nlintool_demo   ../stats/nonlin_4.html#nlintool_demo
hidden_Markov   ../stats/hidden_m.html#hidden_Markov
functions_by_category   ../stats/referenc.html#functions_by_category
