CGCALIBRATE   ../toolbox/mbc/calibrate/install.html#CGCALIBRATE
CGDDVIEW   ../toolbox/mbc/calibrate/setup4.html#CGDDVIEW
CGMODELVIEW   ../toolbox/mbc/calibrate/setup8.html#CGMODELVIEW
CGNORMVIEW   ../toolbox/mbc/calibrate/norm.html#CGNORMVIEW
CGFEATUREVIEW   ../toolbox/mbc/calibrate/featcal2.html#CGFEATUREVIEW
CGTABLEVIEW   ../toolbox/mbc/calibrate/featca15.html#CGTABLEVIEW
CGTRADEOFFVIEW   ../toolbox/mbc/calibrate/tocal.html#CGTRADEOFFVIEW
CGADDTRADEOFFTBL   ../toolbox/mbc/calibrate/tocal5.html#CGADDTRADEOFFTBL
CGTRADEOFFTBLVIEW   ../toolbox/mbc/calibrate/tocal7.html#CGTRADEOFFTBLVIEW
CGTRADEOFFMULTI   ../toolbox/mbc/calibrate/tocal11.html#CGTRADEOFFMULTI
CGOPTIM   ../toolbox/mbc/calibrate/optim2.html#CGOPTIM
CGOBJECTIVEGUI   ../toolbox/mbc/calibrate/optim8.html#CGOBJECTIVEGUI
CGCONSTRAINTGUI   ../toolbox/mbc/calibrate/optim8.html#CGCONSTRAINTGUI
CGOPTIMOUTPUT   ../toolbox/mbc/calibrate/optim9.html#CGOPTIMOUTPUT
CGDATASETVIEW   ../toolbox/mbc/calibrate/datasets.html#CGDATASETVIEW
CGTABLEPROPS   ../toolbox/mbc/calibrate/calman3.html#CGTABLEPROPS
CGCALMANAGER   ../toolbox/mbc/calibrate/calman2.html#CGCALMANAGER
CGSURFVIEW   ../toolbox/mbc/calibrate/surview.html#CGSURFVIEW
CGHISTORYVIEWER   ../toolbox/mbc/calibrate/genref4.html#CGHISTORYVIEWER
