dbtb_vqb   ../toolbox/database/vqb2.html#dbtb_vqb
vqb_binary_other   ../toolbox/database/vqb25.html#vqb_binary_other
vqb_export   ../toolbox/database/vqb26.html#vqb_export
vqb_boolean   ../toolbox/database/vqb27.html#vqb_boolean
dbtb_gs   ../toolbox/database/tutor.html#dbtb_gs
dbtb_binary_other   ../toolbox/database/tutor7.html#dbtb_binary_other
db_confds   ../toolbox/database/confds.html#db_confds
fetch   ../toolbox/database/fetch.html#fetch
insert   ../toolbox/database/insert.html#insert
setdbprefs   ../toolbox/database/setdbprefs.html#setdbprefs
vqb_dialogbox   ../toolbox/database/csh.html#vqb_dialogbox
vqb_where   ../toolbox/database/csh8.html#vqb_where
vqb_subquery   ../toolbox/database/csh13.html#vqb_subquery
vqb_groupby   ../toolbox/database/csh14.html#vqb_groupby
vqb_having   ../toolbox/database/csh15.html#vqb_having
vqb_orderby   ../toolbox/database/csh16.html#vqb_orderby
vqb_charting   ../toolbox/database/csh23.html#vqb_charting
vqb_prefs   ../toolbox/database/csh36.html#vqb_prefs
