dspblks_related_prods_section   ../toolbox/dspblks/dsp1_in4.html#dspblks_related_prods_section
dspblksWorkingWithSignals   ../toolbox/dspblks/dsp3_sig.html#dspblksWorkingWithSignals
DSP   ../toolbox/dspblks/Samples   ../toolbox/dspblks/and   ../toolbox/dspblks/Frames   ../toolbox/dspblks/dsp3_s13.html#DSP   ../toolbox/dspblks/Samples   ../toolbox/dspblks/and   ../toolbox/dspblks/Frames
DSPpolynomialFunctionsLibraryList   ../toolbox/dspblks/dsp9.html#DSPpolynomialFunctionsLibraryList
DSPlinearSystemSolversLibraryList   ../toolbox/dspblks/dsp8.html#DSPlinearSystemSolversLibraryList
DSPmatrixFactorizationsLibraryList   ../toolbox/dspblks/dsp8.html#DSPmatrixFactorizationsLibraryList
DSPmatrixInversesLibraryList   ../toolbox/dspblks/dsp8.html#DSPmatrixInversesLibraryList
DSPmatrixOperationsLibraryList   ../toolbox/dspblks/dsp8.html#DSPmatrixOperationsLibraryList
DSPmathOperationsLibraryList   ../toolbox/dspblks/dsp7.html#DSPmathOperationsLibraryList
DSPadaptiveFiltersLibraryList   ../toolbox/dspblks/dsp5.html#DSPadaptiveFiltersLibraryList
DSPfilterDesignsLibraryList   ../toolbox/dspblks/dsp5.html#DSPfilterDesignsLibraryList
DSPlinearPredictionLibraryList   ../toolbox/dspblks/dsp4.html#DSPlinearPredictionLibraryList
DSPparametricEstimationLibraryList   ../toolbox/dspblks/dsp4.html#DSPparametricEstimationLibraryList
DSPpowerSpectrumEstimationLibraryList   ../toolbox/dspblks/dsp4.html#DSPpowerSpectrumEstimationLibraryList
DSPsourcesLibraryList   ../toolbox/dspblks/dsp3.html#DSPsourcesLibraryList
DSPsignalOperationsLibraryList   ../toolbox/dspblks/dsp13.html#DSPsignalOperationsLibraryList
DSPbuffersLibraryList   ../toolbox/dspblks/dsp12.html#DSPbuffersLibraryList
DSPindexingLibraryList   ../toolbox/dspblks/dsp12.html#DSPindexingLibraryList
DSPsignalAttributesLibraryList   ../toolbox/dspblks/dsp12.html#DSPsignalAttributesLibraryList
DSPswitchesAndCountersLibraryList   ../toolbox/dspblks/dsp12.html#DSPswitchesAndCountersLibraryList
DSPquantizersLibraryList   ../toolbox/dspblks/dsp11.html#DSPquantizersLibraryList
DSPwin32LibraryList   ../toolbox/dspblks/dsp10.html#DSPwin32LibraryList
DSPtransformsLibraryList   ../toolbox/dspblks/dsp15.html#DSPtransformsLibraryList
DSPstatisticsLibraryList   ../toolbox/dspblks/dsp14.html#DSPstatisticsLibraryList
dspblksfdatool_overview   ../toolbox/dspblks/digitalfilterdesign.html#dspblksfdatool_overview
fdatool_realizemdl_frame   ../toolbox/dspblks/filterrealizationwizard.html#fdatool_realizemdl_frame
fdatool_dspfwiz_panel   ../toolbox/dspblks/filterrealizationwizard.html#fdatool_dspfwiz_panel
dspblks_dsp_links_refpage   ../toolbox/dspblks/dsp_links.html#dspblks_dsp_links_refpage
dspblks_dtype_support   ../toolbox/dspblks/dsp_data.html#dspblks_dtype_support
effect_disable_enable_booleans   ../toolbox/dspblks/dsp_dat9.html#effect_disable_enable_booleans
list_boolean_suppting_blks   ../toolbox/dspblks/dsp_dat8.html#list_boolean_suppting_blks
dspblks_fixpt_support   ../toolbox/dspblks/dsp_dat5.html#dspblks_fixpt_support
dspblks_defining_customDtypes   ../toolbox/dspblks/dsp_dat4.html#dspblks_defining_customDtypes
matlab:doc   ../toolbox/dspblks/boolean   ../toolbox/dspblks/dsp_dat2.html#matlab:doc   ../toolbox/dspblks/boolean
steps_disable_boolean_suppt   ../toolbox/dspblks/dsp_da10.html#steps_disable_boolean_suppt
dspblks_code_gen_support   ../toolbox/dspblks/dsp_code.html#dspblks_code_gen_support
