dftransforms   ../toolbox/filterdesign/uow_ftra.html#dftransforms
haykin   ../toolbox/filterdesign/adapti16.html#haykin
dsplink_working_with_quantized_filters   ../toolbox/filterdesign/quant_qf.html#dsplink_working_with_quantized_filters
nlm_fdatool   ../toolbox/filterdesign/fdatool6.html#nlm_fdatool
fdatool_quantfilt   ../toolbox/filterdesign/fdatool3.html#fdatool_quantfilt
quantized_optimize_dialog   ../toolbox/filterdesign/fdatool9.html#quantized_optimize_dialog
filt_structs   ../toolbox/filterdesign/fdatool8.html#filt_structs
scale_in_outs   ../toolbox/filterdesign/fdatoo14.html#scale_in_outs
scale_tfcoeffs   ../toolbox/filterdesign/fdatoo12.html#scale_tfcoeffs
fdatool_xform_location_specs   ../toolbox/filterdesign/fdatoo23.html#fdatool_xform_location_specs
fdatool_xform_target_specs   ../toolbox/filterdesign/fdatoo22.html#fdatool_xform_target_specs
fdatool_xform_point_specs   ../toolbox/filterdesign/fdatoo21.html#fdatool_xform_point_specs
fdatool_xform_orig_specs   ../toolbox/filterdesign/fdatoo20.html#fdatool_xform_orig_specs
fdatool_trans   ../toolbox/filterdesign/fdatoo19.html#fdatool_trans
export_qfilt_workspace   ../toolbox/filterdesign/fdatoo18.html#export_qfilt_workspace
export_qfilt_text   ../toolbox/filterdesign/fdatoo18.html#export_qfilt_text
export_qfilt_mat   ../toolbox/filterdesign/fdatoo18.html#export_qfilt_mat
filters,   ../toolbox/filterdesign/export   ../toolbox/filterdesign/as   ../toolbox/filterdesign/MAT-file   ../toolbox/filterdesign/fdatoo18.html#filters,   ../toolbox/filterdesign/export   ../toolbox/filterdesign/as   ../toolbox/filterdesign/MAT-file
qfilt_structs   ../toolbox/filterdesign/propref5.html#qfilt_structs
qfilt_structures   ../toolbox/filterdesign/propref7.html#qfilt_structures
df2_with_quantizers   ../toolbox/filterdesign/propref7.html#df2_with_quantizers
normalize   ../toolbox/filterdesign/normalize.html#normalize
fdatool_quantizeoverview_frame   ../toolbox/filterdesign/fdatoolc.html#fdatool_quantizeoverview_frame
fdatool_setquantization_tab   ../toolbox/filterdesign/fdatoolc.html#fdatool_setquantization_tab
fdatool_sum_textbox   ../toolbox/filterdesign/fdatoo9a.html#fdatool_sum_textbox
fdatool_product_textbox   ../toolbox/filterdesign/fdatoo8a.html#fdatool_product_textbox
fdatool_multiplicand_textbox   ../toolbox/filterdesign/fdatoo7a.html#fdatool_multiplicand_textbox
fdatool_output_textbox   ../toolbox/filterdesign/fdatoo6a.html#fdatool_output_textbox
fdatool_input_textbox   ../toolbox/filterdesign/fdatoo5a.html#fdatool_input_textbox
fdatool_coeff_textbox   ../toolbox/filterdesign/fdatoo4a.html#fdatool_coeff_textbox
fdatool_quantizer_checkbox   ../toolbox/filterdesign/fdatoo3b.html#fdatool_quantizer_checkbox
fdatool_quantfilt   ../toolbox/filterdesign/fdatoo2a.html#fdatool_quantfilt
fdatool_unitquantize_checkbox   ../toolbox/filterdesign/fdatoo16.html#fdatool_unitquantize_checkbox
fdatool_scalevalues   ../toolbox/filterdesign/fdato22a.html#fdatool_scalevalues
fdatool_scalevalues   ../toolbox/filterdesign/fdato21a.html#fdatool_scalevalues
fdatool_scalevalues   ../toolbox/filterdesign/fdato21a.html#fdatool_scalevalues
fdatool_scalevalues   ../toolbox/filterdesign/fdato20a.html#fdatool_scalevalues
fdatool_normden_checkbox   ../toolbox/filterdesign/fdato19a.html#fdatool_normden_checkbox
fdatool_normnum_checkbox   ../toolbox/filterdesign/fdato18a.html#fdatool_normnum_checkbox
fdatool_fracadjust_checkbox   ../toolbox/filterdesign/fdato17a.html#fdatool_fracadjust_checkbox
fdatool_optim_button   ../toolbox/filterdesign/fdato15a.html#fdatool_optim_button
fdatool_apply_button   ../toolbox/filterdesign/fdato14a.html#fdatool_apply_button
fdatool_format_editboxes   ../toolbox/filterdesign/fdato13a.html#fdatool_format_editboxes
fdatool_ofmode_popupmenus   ../toolbox/filterdesign/fdato12a.html#fdatool_ofmode_popupmenus
fdatool_rmode_popupmenus   ../toolbox/filterdesign/fdato11a.html#fdatool_rmode_popupmenus
fdatool_mode_popupmenus   ../toolbox/filterdesign/fdato10a.html#fdatool_mode_popupmenus
xform_location_specs   ../toolbox/filterdesign/fdatoo29.html#xform_location_specs
fdatool_xform_location_specs   ../toolbox/filterdesign/fdatoo28.html#fdatool_xform_location_specs
fdatool_xform_target_specs   ../toolbox/filterdesign/fdatoo27.html#fdatool_xform_target_specs
fdatool_xform_point_specs   ../toolbox/filterdesign/fdatoo26.html#fdatool_xform_point_specs
fdatool_xform_orig_specs   ../toolbox/filterdesign/fdato25a.html#fdatool_xform_orig_specs
fdatool_xform_overview   ../toolbox/filterdesign/fdato24a.html#fdatool_xform_overview
