% Topic map for context-sensitive help for the MATLAB environment.
%
% The paths in this map file assume that the map file is in the
% directory docroot/mapfiles.
%
% $Revision: 1.1 $
%
% TOPIC ID              	TOPIC FILE
%------------------------------------------------------------------------------------
%
% Context-Sensitive Help Topics for the Help Browser
%
HelpNavContentsPane		../techdoc/matlab_env_csh/help.html
HelpNavIndexPaneSrch		../techdoc/matlab_env_csh/indexsearch.html
HelpNavSrchPaneSrchForField	../techdoc/matlab_env_csh/searchdoc.html
HelpNavSrchPaneGoToFcnField	../techdoc/matlab_env_csh/gotofunction.html
HelpNavSrchPaneAllProdCheckBox	../techdoc/matlab_env_csh/help.html
HelpNavSrchPaneSelProdCheckBox	../techdoc/matlab_env_csh/help.html
%
ViewerSrchTextField		../techdoc/matlab_env_csh/findinpage.html
ViewerHistoryComboBox		../techdoc/matlab_env_csh/history.html	
%
%
CommandHistory			../techdoc/matlab_env_csh/commandhistory.html
CommandWindow			../techdoc/matlab_env_csh/commandwindow.html
