plot_editor   ../techdoc/creating_plots/cp_over6.html#plot_editor
plot_editor_r11 ../techdoc/plotedit
prop_editor  ../techdoc/creating_plots/cp_ove19.html#property_editor
objectmain ../techdoc/creating_plots/cp_ove19.html#property_editor
functionmain ../techdoc/creating_plots/cp_ove19.html#property_editor
pe_ax_props ../techdoc/plotedit/ploted19.html#pe_ax_props
pe_ax_title_labels ../techdoc/plotedit/ploted19.html#pe_ax_title_labels
pe_ax_limits ../techdoc/plotedit/ploted19.html#pe_ax_limits
pe_ax_tick_step ../techdoc/plotedit/ploted19.html#pe_ax_tick_step
pe_ax_scale ../techdoc/plotedit/ploted19.html#pe_ax_scale
pe_ax_grid ../techdoc/plotedit/ploted19.html#pe_ax_grid
pe_line_change_props ../techdoc/plotedit/ploted25.html#pe_line_change_props
pe_line_width ../techdoc/plotedit/ploted25.html#pe_line_width
pe_line_style ../techdoc/plotedit/ploted25.html#pe_line_style
pe_line_marker_size ../techdoc/plotedit/ploted25.html#pe_line_marker_size
pe_line_marker_symbol ../techdoc/plotedit/ploted25.html#pe_line_marker_symbol
pe_line_marker_size ../techdoc/plotedit/ploted25.html#pe_line_marker_size
pe_line_color ../techdoc/plotedit/ploted25.html#pe_line_color
pe_line_marker_size ../techdoc/plotedit/ploted25.html#pe_line_marker_size
