print_collection_intro   ../techdoc/printing/collecti.html#print_collection_intro
specifying_printer   ../techdoc/printing/output2.html#specifying_printer
printer_drivers   ../techdoc/printing/output4.html#printer_drivers
drivers_specifying   ../techdoc/printing/output4.html#drivers_specifying
default_device   ../techdoc/printing/output4.html#default_device
drivers_types_of   ../techdoc/printing/output5.html#drivers_types_of
drivers_choosing   ../techdoc/printing/output6.html#drivers_choosing
platform_considerations   ../techdoc/printing/output6.html#platform_considerations
printer_support   ../techdoc/printing/output6.html#printer_support
color_support   ../techdoc/printing/output6.html#color_support
driver_specific_settings   ../techdoc/printing/output6.html#driver_specific_settings
font_support   ../techdoc/printing/output7.html#font_support
post_ghost_fonts   ../techdoc/printing/output7.html#post_ghost_fonts
postscript_drivers   ../techdoc/printing/output9.html#postscript_drivers
early_postscript   ../techdoc/printing/output9.html#early_postscript
drivers_matlab   ../techdoc/printing/output8.html#drivers_matlab
printing_preferences   ../techdoc/printing/output8.html#printing_preferences
correcting_windows_color   ../techdoc/printing/output8.html#correcting_windows_color
appending_figures   ../techdoc/printing/output14.html#appending_figures
printing_to_file   ../techdoc/printing/output12.html#printing_to_file
hpgl_drivers   ../techdoc/printing/output11.html#hpgl_drivers
ghostscript_drivers   ../techdoc/printing/output10.html#ghostscript_drivers
paper_size_type   ../techdoc/printing/printse2.html#paper_size_type
unit_of_measure   ../techdoc/printing/printse4.html#unit_of_measure
paper_orientation   ../techdoc/printing/printse3.html#paper_orientation
xxx_size_and_position   ../techdoc/printing/printse5.html#xxx_size_and_position
figure_size_and_position   ../techdoc/printing/printse5.html#figure_size_and_position
../printing/#previewing   ../techdoc/printing/printse6.html#../printing/#previewing
print_fine_tuning   ../techdoc/printing/printfin.html#print_fine_tuning
renderer_setting   ../techdoc/printing/printfi2.html#renderer_setting
renderer_comparison   ../techdoc/printing/printfi2.html#renderer_comparison
renderer_default   ../techdoc/printing/printfi2.html#renderer_default
renderer_driver_format   ../techdoc/printing/printfi2.html#renderer_driver_format
renderer_reasons   ../techdoc/printing/printfi2.html#renderer_reasons
printing_renderer_menu   ../techdoc/printing/printfi2.html#printing_renderer_menu
printing_renderer_commands   ../techdoc/printing/printfi2.html#printing_renderer_commands
setting_resolution   ../techdoc/printing/printfi3.html#setting_resolution
default_resolution   ../techdoc/printing/printfi4.html#default_resolution
xxx_lines_and_text   ../techdoc/printing/printfi9.html#xxx_lines_and_text
ticks_and_limits   ../techdoc/printing/printfi8.html#ticks_and_limits
locking_page_setup   ../techdoc/printing/printfi8.html#locking_page_setup
locking_commands   ../techdoc/printing/printfi8.html#locking_commands
retaining_background_colors   ../techdoc/printing/printfi7.html#retaining_background_colors
driver_and_color_setting   ../techdoc/printing/printf10.html#driver_and_color_setting
setting_lines_and_text   ../techdoc/printing/printf10.html#setting_lines_and_text
excluding_interface_controls   ../techdoc/printing/printf14.html#excluding_interface_controls
best_black_and_white   ../techdoc/printing/printf11.html#best_black_and_white
example_line_styles   ../techdoc/printing/printf11.html#example_line_styles
uncropped_output   ../techdoc/printing/printf15.html#uncropped_output
cmyk_color_space   ../techdoc/printing/printf18.html#cmyk_color_space
boundingbox_menu   ../techdoc/printing/printf17.html#boundingbox_menu
boundingbox_commands   ../techdoc/printing/printf17.html#boundingbox_commands
windows_uncropped_figure   ../techdoc/printing/printf17.html#windows_uncropped_figure
crop_setting_table   ../techdoc/printing/printf16.html#crop_setting_table
exporting_overview   ../techdoc/printing/exportin.html#exporting_overview
print_intro   ../techdoc/printing/exporti2.html#print_intro
exporting_ghostscript   ../techdoc/printing/exporti7.html#exporting_ghostscript
exporting_choosing   ../techdoc/printing/exporti6.html#exporting_choosing
exporting_formats   ../techdoc/printing/exporti5.html#exporting_formats
exporting_eps_files   ../techdoc/printing/exporti5.html#exporting_eps_files
JPEG_files   ../techdoc/printing/exporti5.html#JPEG_files
exporting_setting_file_format   ../techdoc/printing/exporti4.html#exporting_setting_file_format
export_format_table   ../techdoc/printing/exporti4.html#export_format_table
exporting_bitmap_vector   ../techdoc/printing/exporti8.html#exporting_bitmap_vector
tiff_preview_caution   ../techdoc/printing/exporti8.html#tiff_preview_caution
renderer_and_filesize   ../techdoc/printing/exporti8.html#renderer_and_filesize
exporting_preserve_colors   ../techdoc/printing/exporti9.html#exporting_preserve_colors
bit_depth   ../techdoc/printing/exporti9.html#bit_depth
exporting_best_results   ../techdoc/printing/export10.html#exporting_best_results
setting_copy_preferences   ../techdoc/printing/export15.html#setting_copy_preferences
printing_preferences   ../techdoc/printing/export15.html#printing_preferences
figure_template   ../techdoc/printing/export14.html#figure_template
exporting_clipboard_formats   ../techdoc/printing/export13.html#exporting_clipboard_formats
clipboard_export_GUI   ../techdoc/printing/export13.html#clipboard_export_GUI
copy_options_preferences   ../techdoc/printing/export11.html#copy_options_preferences
exporting_importing   ../techdoc/printing/export22.html#exporting_importing
exporting_getframe   ../techdoc/printing/export21.html#exporting_getframe
exporting_to_clipboard_commands   ../techdoc/printing/export20.html#exporting_to_clipboard_commands
../techdoc/ref/printing.html#export_formats   ../techdoc/printing/export17.html#../techdoc/ref/printing.html#export_formats
editable_format_table   ../techdoc/printing/export23.html#editable_format_table
pagesetup   ../techdoc/printing/csh2.html#pagesetup
pc_printdlg   ../techdoc/printing/csh.html#pc_printdlg
paper   ../techdoc/printing/csh3.html#paper
size_and_position   ../techdoc/printing/csh4.html#size_and_position
lines_and_text   ../techdoc/printing/csh5.html#lines_and_text
lines_and_text   ../techdoc/printing/csh5.html#lines_and_text
axes_and_figure   ../techdoc/printing/csh6.html#axes_and_figure
printpreview   ../techdoc/printing/csh7.html#printpreview
unix_printdlg   ../techdoc/printing/csh8.html#unix_printdlg
newlink   ../techdoc/printing/unix_options   ../techdoc/printing/csh9.html#newlink   ../techdoc/printing/unix_options
gotolink   ../techdoc/printing/drivers   ../techdoc/printing/csh9.html#gotolink   ../techdoc/printing/drivers
