helpmenu.rptgen   ../toolbox/rptgen/getting2.html#helpmenu.rptgen
obj.RptgenML.Root   ../toolbox/rptgen/getting2.html#obj.RptgenML.Root
topic.LicenseNotFound   ../toolbox/rptgen/getting9.html#topic.LicenseNotFound
helpmenu.editor   ../toolbox/rptgen/getting8.html#helpmenu.editor
obj.RptgenML.LibraryRpt   ../toolbox/rptgen/getting8.html#obj.RptgenML.LibraryRpt
prefs.OutputFormats   ../toolbox/rptgen/gettin17.html#prefs.OutputFormats
obj.RptgenML.CReport   ../toolbox/rptgen/generat2.html#obj.RptgenML.CReport
obj.RptgenML.FileConverter   ../toolbox/rptgen/genera10.html#obj.RptgenML.FileConverter
category.Report_Generator   ../toolbox/rptgen/ref_int4.html#category.Report_Generator
category.Formatting   ../toolbox/rptgen/ref_int3.html#category.Formatting
category.Logical_and_Flow_Control   ../toolbox/rptgen/ref_int5.html#category.Logical_and_Flow_Control
category.Requirements_Management_Interface   ../toolbox/rptgen/ref_int8.html#category.Requirements_Management_Interface
category.MATLAB   ../toolbox/rptgen/ref_int7.html#category.MATLAB
category.Handle_Graphics   ../toolbox/rptgen/ref_int6.html#category.Handle_Graphics
category.Simulink   ../toolbox/rptgen/ref_int9.html#category.Simulink
category.Simulink_Blocks   ../toolbox/rptgen/ref_in10.html#category.Simulink_Blocks
category.Stateflow   ../toolbox/rptgen/ref_in11.html#category.Stateflow
category.Fixed_Point   ../toolbox/rptgen/ref_in12.html#category.Fixed_Point
obj.rptgen_hg.chg_ax_snap   ../toolbox/rptgen/axessnapshot.html#obj.rptgen_hg.chg_ax_snap
obj.rptgen_hg.chg_ax_loop   ../toolbox/rptgen/axesloop.html#obj.rptgen_hg.chg_ax_loop
obj.rptgen_sl.csl_blk_loop   ../toolbox/rptgen/blockloop.html#obj.rptgen_sl.csl_blk_loop
obj.rptgen_sl.csl_blk_sort_list   ../toolbox/rptgen/blockexecutionorderlist.html#obj.rptgen_sl.csl_blk_sort_list
obj.rptgen.crg_comment   ../toolbox/rptgen/comment.html#obj.rptgen.crg_comment
obj.rptgen_sf.csf_chart_loop   ../toolbox/rptgen/chartloop.html#obj.rptgen_sf.csf_chart_loop
obj.rptgen.cfr_section   ../toolbox/rptgen/chaptersubsection.html#obj.rptgen.cfr_section
obj.rptgen_sl.csl_blk_bus   ../toolbox/rptgen/bus.html#obj.rptgen_sl.csl_blk_bus
obj.rptgen_sl.csl_blk_count   ../toolbox/rptgen/blocktypecount.html#obj.rptgen_sl.csl_blk_count
obj.rptgen_sf.csf_chart_loop   ../toolbox/rptgen/blocktypecount.html#obj.rptgen_sf.csf_chart_loop
obj.rptgen_hg.chg_fig_loop   ../rptgentoolbox//figureloop.html#obj.rptgen_hg.chg_fig_loop
obj.rptgen.cml_eval   ../toolbox/rptgen/evaluatematlabexpression.html#obj.rptgen.cml_eval
obj.rptgen.crg_empty   ../toolbox/rptgen/emptycomponent.html#obj.rptgen.crg_empty
obj.rptgen_sl.csl_blk_doc   ../toolbox/rptgen/documentation.html#obj.rptgen_sl.csl_blk_doc
obj.rptgen_hg.chg_obj_name   ../toolbox/rptgen/handlegraphicsname.html#obj.rptgen_hg.chg_obj_name
obj.rptgen_hg.chg_obj_anchor   ../toolbox/rptgen/handlegraphicslinkinganchor.html#obj.rptgen_hg.chg_obj_anchor
obj.rptgen_lo.clo_for   ../toolbox/rptgen/forloop.html#obj.rptgen_lo.clo_for
obj.rptgen_fp.cfp_summ_table   ../toolbox/rptgen/fixedpointsummarytable.html#obj.rptgen_fp.cfp_summ_table
obj.rptgen_fp.cfp_prop_table   ../toolbox/rptgen/fixedpointpropertytable.html#obj.rptgen_fp.cfp_prop_table
obj.rptgen_fp.cfp_options   ../toolbox/rptgen/fixedpointloggingoptions.html#obj.rptgen_fp.cfp_options
obj.rptgen_fp.cfp_blk_loop   ../toolbox/rptgen/fixedpointblockloop.html#obj.rptgen_fp.cfp_blk_loop
obj.rptgen_hg.chg_fig_snap   ../toolbox/rptgen/figuresnapshot.html#obj.rptgen_hg.chg_fig_snap
obj.rptgen.cfr_link   ../toolbox/rptgen/link.html#obj.rptgen.cfr_link
obj.rptgen.cml_variable   ../toolbox/rptgen/insertvariable.html#obj.rptgen.cml_variable
obj.rptgen.crg_import_file   ../toolbox/rptgen/importfile.html#obj.rptgen.crg_import_file
obj.rptgen.cfr_image   ../toolbox/rptgen/image.html#obj.rptgen.cfr_image
obj.rptgen_hg.chg_summ_table   ../toolbox/rptgen/handlegraphicssummarytable.html#obj.rptgen_hg.chg_summ_table
obj.rptgen_hg.chg_prop_table   ../toolbox/rptgen/handlegraphicspropertytable.html#obj.rptgen_hg.chg_prop_table
obj.rptgen_hg.chg_property   ../toolbox/rptgen/handlegraphicsparameter.html#obj.rptgen_hg.chg_property
obj.rptgen_hg.chg_obj_loop   ../toolbox/rptgen/handlegraphicsobjectloop.html#obj.rptgen_hg.chg_obj_loop
obj.rptgen.cml_ver   ../toolbox/rptgen/matlabtoolboxversionnumber.html#obj.rptgen.cml_ver
obj.rptgen.cml_prop_table   ../toolbox/rptgen/matlabpropertytable.html#obj.rptgen.cml_prop_table
obj.rptgen_sf.csf_machine_loop   ../toolbox/rptgen/machineloop.html#obj.rptgen_sf.csf_machine_loop
obj.rptgen_sl.csl_blk_lookup   ../toolbox/rptgen/lookuptable.html#obj.rptgen_sl.csl_blk_lookup
obj.rptgen_lo.clo_then   ../toolbox/rptgen/logicalthen.html#obj.rptgen_lo.clo_then
obj.rptgen_lo.clo_if   ../toolbox/rptgen/logicalif.html#obj.rptgen_lo.clo_if
obj.rptgen_lo.clo_else_if   ../toolbox/rptgen/logicalelseif.html#obj.rptgen_lo.clo_else_if
obj.rptgen_lo.clo_else   ../toolbox/rptgen/logicalelse.html#obj.rptgen_lo.clo_else
obj.rptgen.cfr_list   ../toolbox/rptgen/list.html#obj.rptgen.cfr_list
obj.rptgen_sl.csl_mdl_loop   ../toolbox/rptgen/modelloop.html#obj.rptgen_sl.csl_mdl_loop
obj.rptgen_sl.csl_mdl_changelog   ../toolbox/rptgen/modelchangelog.html#obj.rptgen_sl.csl_mdl_changelog
obj.rptgen_sl.csl_auto_table   ../toolbox/rptgen/simulinkautomatictable.html#obj.rptgen_sl.csl_auto_table
obj.rptgen_sl.csl_sig_loop   ../toolbox/rptgen/signalloop.html#obj.rptgen_sl.csl_sig_loop
obj.rptgen_sl.csl_blk_scope   ../toolbox/rptgen/scopesnapshot.html#obj.rptgen_sl.csl_blk_scope
obj.RptgenRMI.CReqTable   ../toolbox/rptgen/requirementstable.html#obj.RptgenRMI.CReqTable
obj.rptgen.cfr_paragraph   ../toolbox/rptgen/paragraph.html#obj.rptgen.cfr_paragraph
obj.rptgen.crg_nest_set   ../toolbox/rptgen/nestsetupfile.html#obj.rptgen.crg_nest_set
obj.rptgen_sl.csl_mdl_sim   ../toolbox/rptgen/modelsimulation.html#obj.rptgen_sl.csl_mdl_sim
obj.rptgen_sf.csf_auto_table   ../toolbox/rptgen/stateflowautomatictable.html#obj.rptgen_sf.csf_auto_table
obj.rptgen_sf.csf_state_loop   ../toolbox/rptgen/stateloop.html#obj.rptgen_sf.csf_state_loop
obj.rptgen_sl.csl_summ_table   ../toolbox/rptgen/simulinksummarytable.html#obj.rptgen_sl.csl_summ_table
obj.rptgen_sl.csl_prop_table   ../toolbox/rptgen/simulinkpropertytable.html#obj.rptgen_sl.csl_prop_table
obj.rptgen_sl.csl_property   ../toolbox/rptgen/simulinkproperty.html#obj.rptgen_sl.csl_property
obj.rptgen_sl.csl_obj_name   ../toolbox/rptgen/simulinkname.html#obj.rptgen_sl.csl_obj_name
obj.rptgen_sl.csl_obj_anchor   ../toolbox/rptgen/simulinklinkinganchor.html#obj.rptgen_sl.csl_obj_anchor
obj.rptgen_sl.csl_obj_fun_var   ../toolbox/rptgen/simulinkfunctionsandvariables.html#obj.rptgen_sl.csl_obj_fun_var
obj.rptgen_sf.csf_prop_table   ../toolbox/rptgen/stateflowpropertytable.html#obj.rptgen_sf.csf_prop_table
obj.rptgen_sf.csf_property   ../toolbox/rptgen/stateflowproperty.html#obj.rptgen_sf.csf_property
obj.rptgen_sf.csf_obj_loop   ../toolbox/rptgen/stateflowobjectloop.html#obj.rptgen_sf.csf_obj_loop
obj.rptgen_sf.csf_obj_name   ../toolbox/rptgen/stateflowname.html#obj.rptgen_sf.csf_obj_name
obj.rptgen_sf.csf_obj_anchor   ../toolbox/rptgen/stateflowlinkinganchor.html#obj.rptgen_sf.csf_obj_anchor
obj.rptgen_sf.csf_hier_loop   ../toolbox/rptgen/stateflowhierarchyloop.html#obj.rptgen_sf.csf_hier_loop
obj.rptgen_sf.csf_obj_anchor   ../toolbox/rptgen/stateflowhierarchyloop.html#obj.rptgen_sf.csf_obj_anchor
obj.rptgen_sf.csf_hier   ../toolbox//rptgen/stateflowhierarchy.html#obj.rptgen_sf.csf_hier
obj.rptgen_sf.csf_obj_filter   ../toolbox/rptgen/stateflowfilter.html#obj.rptgen_sf.csf_obj_filter
obj.rptgen_sf.csf_count   ../toolbox/rptgen/stateflowcount.html#obj.rptgen_sf.csf_count
obj.rptgen_sl.csl_sys_loop   ../toolbox/rptgen/systemloop.html#obj.rptgen_sl.csl_sys_loop
obj.rptgen_sl.csl_sys_list   ../toolbox/rptgen/systemhierarchy.html#obj.rptgen_sl.csl_sys_list
obj.rptgen_sl.csl_sys_filter   ../toolbox/rptgen/systemfilter.html#obj.rptgen_sl.csl_sys_filter
obj.rptgen.crg_halt_gen   ../toolbox/rptgen/stopreportgeneration.html#obj.rptgen.crg_halt_gen
obj.rptgen_sf.csf_summ_table   ../toolbox/rptgen/stateflowsummarytable.html#obj.rptgen_sf.csf_summ_table
obj.rptgen_sf.csf_obj_snap   ../toolbox/rptgen/stateflowsnapshot.html#obj.rptgen_sf.csf_obj_snap
obj.rptgen_sl.csl_sys_snap   ../toolbox/rptgen/systemsnapshot.html#obj.rptgen_sl.csl_sys_snap
obj.rptgen_lo.clo_while   ../toolbox/rptgen/whileloop.html#obj.rptgen_lo.clo_while
obj.rptgen.cml_whos   ../toolbox/rptgen/variabletable.html#obj.rptgen.cml_whos
obj.rptgen_sf.csf_truthtable   ../toolbox/rptgen/truthtable.html#obj.rptgen_sf.csf_truthtable
obj.rptgen_sl.csl_blk_toworkspace   ../toolbox/rptgen/toworkspaceplot.html#obj.rptgen_sl.csl_blk_toworkspace
obj.rptgen.cfr_titlepage   ../toolbox/rptgen/titlepage.html#obj.rptgen.cfr_titlepage
obj.rptgen.crg_tds   ../toolbox/rptgen/timedatestamp.html#obj.rptgen.crg_tds
obj.rptgen.cfr_text   ../toolbox/rptgen/text.html#obj.rptgen.cfr_text
obj.rptgen.cfr_table   ../toolbox/rptgen/table.html#obj.rptgen.cfr_table
