% Topic map for Simulink online help
%
% The paths in this map file assume that the map file is in the
% directory docroot/mapfiles.
%
% $Revision$
%
% TOPIC ID              	TOPIC FILE
%------------------------------------------------------------------------------------
%
% The Simulink "book"
%
collection			../toolbox/simulink/simulink_product_page.html
%
% MATLAB guide
%
matlab				../techdoc/matlab_product_page.html
%
% S-Function Guide              
%
sfg				../toolbox/simulink/sfg/sfun_intro.html
%
% Block Reference              
%
blocks				../toolbox/simulink/slref/blocks_alphabetical_list.html
%
% Mouse & Keyboard Shortcuts  
%
shortcuts			../toolbox/simulink/ug/basics11.html
         
%
%
% Block Dialog Help
%
abs				../toolbox/simulink/slref/abs.html
actionport			../toolbox/simulink/slref/actionport.html
algebraicconstraint		../toolbox/simulink/slref/algebraicconstraint.html
assertion	                ../toolbox/simulink/slref/assertion.html
assignment	                ../toolbox/simulink/slref/assignment.html
backlash			../toolbox/simulink/slref/backlash.html
bandlimitedwhitenoise		../toolbox/simulink/slref/bandlimitedwhitenoise.html
bias                            ../toolbox/simulink/slref/bias.html
bitset                          ../toolbox/simulink/slref/bitset.html
bitclear                        ../toolbox/simulink/slref/bitclear.html
bitwiseoperator                 ../toolbox/simulink/slref/bitwiseoperator.html
bitwiselogicaloperator		../toolbox/simulink/slref/bitwiselogicaloperator.html
buscreator			../toolbox/simulink/slref/buscreator.html
busselector			../toolbox/simulink/slref/busselector.html
checkdiscretegradient		../toolbox/simulink/slref/checkdiscretegradient.html
checkdynamicgap 		../toolbox/simulink/slref/checkdynamicgap.html
checkdynamicrange 		../toolbox/simulink/slref/checkdynamicrange.html
checkstaticgap  		../toolbox/simulink/slref/checkstaticgap.html
checkstaticrange  		../toolbox/simulink/slref/checkstaticrange.html
checkdynamiclowerbound  	../toolbox/simulink/slref/checkdynamiclowerbound.html
checkdynamicupperbound  	../toolbox/simulink/slref/checkdynamicupperbound.html
checkinputresolution	  	../toolbox/simulink/slref/checkinputresolution.html
checkstaticlowerbound  		../toolbox/simulink/slref/checkstaticlowerbound.html
checkstaticupperbound	  	../toolbox/simulink/slref/checkstaticupperbound.html
chirpsignal			../toolbox/simulink/slref/chirpsignal.html
clock				../toolbox/simulink/slref/clock.html
codereusesubsystem              ../toolbox/simulink/slref/codereusesubsystem.html
combinatoriallogic		../toolbox/simulink/slref/combinatoriallogic.html
comparetoconstant               ../toolbox/simulink/slref/comparetoconstant.html
comparetozero                   ../toolbox/simulink/slref/comparetozero.html
complextomagnitudeangle		../toolbox/simulink/slref/complextomagnitudeangle.html
complextorealimag		../toolbox/simulink/slref/complextorealimag.html
configurablesubsystem		../toolbox/simulink/slref/configurablesubsystem.html
constant			../toolbox/simulink/slref/constant.html
cosine                          ../toolbox/simulink/slref/cosine.html
coulombandviscousfriction	../toolbox/simulink/slref/coulombandviscousfriction.html
counterfreerunning              ../toolbox/simulink/slref/counterfreerunning.html
counterlimited                  ../toolbox/simulink/slref/counterlimited.html
datastorememory			../toolbox/simulink/slref/datastorememory.html
datastoreread			../toolbox/simulink/slref/datastoreread.html
datastorewrite			../toolbox/simulink/slref/datastorewrite.html
datatypeconversion		../toolbox/simulink/slref/datatypeconversion.html
datatypeconversioninherited     ../toolbox/simulink/slref/datatypeconversioninherited.html
datatypeduplicate               ../toolbox/simulink/slref/datatypeduplicate.html
datatypepropagation             ../toolbox/simulink/slref/datatypepropagation.html
datatypescalingstrip            ../toolbox/simulink/slref/datatypescalingstrip.html
deadzone			../toolbox/simulink/slref/deadzone.html
deadzonedynamic                 ../toolbox/simulink/slref/deadzonedynamic.html
decrementrealworld              ../toolbox/simulink/slref/decrementrealworld.html
decrementstoredinteger          ../toolbox/simulink/slref/decrementstoredinteger.html
decrementtimetozero             ../toolbox/simulink/slref/decrementtimetozero.html
decrementtozero                 ../toolbox/simulink/slref/decrementtozero.html
demux				../toolbox/simulink/slref/demux.html
derivative			../toolbox/simulink/slref/derivative.html
discretederivative              ../toolbox/simulink/slref/discretederivative.html
detectchange                    ../toolbox/simulink/slref/detectchange.html
detectdecrease                  ../toolbox/simulink/slref/detectdecrease.html
detectincrease                  ../toolbox/simulink/slref/detectincrease.html
detectfallnegative              ../toolbox/simulink/slref/detectfallnegative.html
detectfallnonpositive           ../toolbox/simulink/slref/detectfallnonpositive.html
detectrisenonnegative           ../toolbox/simulink/slref/detectrisenonnegative.html
detectrisepositive              ../toolbox/simulink/slref/detectrisepositive.html
difference                      ../toolbox/simulink/slref/difference.html
digitalclock			../toolbox/simulink/slref/digitalclock.html
directlookuptablend             ../toolbox/simulink/slref/directlookuptablend.html
discretefilter			../toolbox/simulink/slref/discretefilter.html
discretestatespace		../toolbox/simulink/slref/discretestatespace.html
discretetimeintegrator		../toolbox/simulink/slref/discretetimeintegrator.html
discretetransferfcn		../toolbox/simulink/slref/discretetransferfcn.html
discretezeropole		../toolbox/simulink/slref/discretezeropole.html
display				../toolbox/simulink/slref/display.html
dotproduct			../toolbox/simulink/slref/dotproduct.html
docblock			../toolbox/simulink/slref/docblock.html
enable				../toolbox/simulink/slref/enable.html
environmentcontroller		../toolbox/simulink/slref/environmentcontroller.html
extractbits                     ../toolbox/simulink/slref/extractbits.html
fcn				../toolbox/simulink/slref/fcn.html
firstorderhold			../toolbox/simulink/slref/firstorderhold.html
for				../toolbox/simulink/slref/foriterator.html
from				../toolbox/simulink/slref/from.html
fromfile			../toolbox/simulink/slref/fromfile.html
fromworkspace			../toolbox/simulink/slref/fromworkspace.html
functioncallgenerator		../toolbox/simulink/slref/functioncallgenerator.html
gain				../toolbox/simulink/slref/gain.html
goto				../toolbox/simulink/slref/goto.html
gototagvisibility		../toolbox/simulink/slref/gototagvisibility.html
ground				../toolbox/simulink/slref/ground.html
hitcrossing			../toolbox/simulink/slref/hitcrossing.html
ic				../toolbox/simulink/slref/ic.html
if				../toolbox/simulink/slref/if.html
incrementrealworld              ../toolbox/simulink/slref/incrementrealworld.html
incrementstoredinteger          ../toolbox/simulink/slref/incrementstoredinteger.html
inport				../toolbox/simulink/slref/inport.html
integerdelay                    ../toolbox/simulink/slref/integerdelay.html
integrator			../toolbox/simulink/slref/integrator.html
interpolationndusingprelookup   ../toolbox/simulink/slref/interpolationndusingprelookup.html
intervaltest                    ../toolbox/simulink/slref/intervaltest.html
intervaltestdynamic             ../toolbox/simulink/slref/intervaltestdynamic.html
logicaloperator			../toolbox/simulink/slref/logicaloperator.html
lookuptable			../toolbox/simulink/slref/lookuptable.html
lookuptabledynamic              ../toolbox/simulink/slref/lookuptabledynamic.html
lookuptablend                   ../toolbox/simulink/slref/lookuptablend.html
lookuptable2d			../toolbox/simulink/slref/lookuptable2d.html
magnitudeangletocomplex		../toolbox/simulink/slref/magnitudeangletocomplex.html
manualswitch			../toolbox/simulink/slref/manualswitch.html
mathfunction			../toolbox/simulink/slref/mathfunction.html			
matlabfcn			../toolbox/simulink/slref/matlabfcn.html
matrixgain			../toolbox/simulink/slref/matrixgain.html
matrixconcatenation             ../toolbox/simulink/slref/matrixconcatenation.html
memory				../toolbox/simulink/slref/memory.html
merge				../toolbox/simulink/slref/merge.html
minmax				../toolbox/simulink/slref/minmax.html
minmaxrunningresettable		../toolbox/simulink/slref/minmaxrunningresettable.html
model                           ../toolbox/simulink/slref/model.html
modelinfo			../toolbox/simulink/slref/modelinfo.html
msfunction                      ../toolbox/simulink/slref/mfilesfunction.html
multiportswitch			../toolbox/simulink/slref/multiportswitch.html
mux				../toolbox/simulink/slref/mux.html
out				../toolbox/simulink/slref/outport.html
polynomial                      ../toolbox/simulink/slref/polynomial.html
prelookupindexsearch            ../toolbox/simulink/slref/prelookupindexsearch.html
product				../toolbox/simulink/slref/product.html
probe				../toolbox/simulink/slref/probe.html
discretepulsegenerator		../toolbox/simulink/slref/pulsegenerator.html
pulsegenerator			../toolbox/simulink/slref/pulsegenerator.html
quantizer			../toolbox/simulink/slref/quantizer.html
ramp				../toolbox/simulink/slref/ramp.html
randomnumber			../toolbox/simulink/slref/randomnumber.html
ratelimiter			../toolbox/simulink/slref/ratelimiter.html
ratelimiterdynamic              ../toolbox/simulink/slref/ratelimiterdynamic.html
ratetransition	                ../toolbox/simulink/slref/ratetransition.html
realimagtocomplex		../toolbox/simulink/slref/realimagtocomplex.html
relationaloperator		../toolbox/simulink/slref/relationaloperator.html
relay				../toolbox/simulink/slref/relay.html
reshape                         ../toolbox/simulink/slref/reshape.html
repeatingsequence		../toolbox/simulink/slref/repeatingsequence.html
repeatingsequencestair          ../toolbox/simulink/slref/repeatingsequencestair.html
repeatingsequenceinterpolated   ../toolbox/simulink/slref/repeatingsequenceinterpolated.html
roundingfunction		../toolbox/simulink/slref/roundingfunction.html
saturation			../toolbox/simulink/slref/saturation.html
saturationdynamic               ../toolbox/simulink/slref/saturationdynamic.html
shiftarithmetic                 ../toolbox/simulink/slref/shiftarithmetic.html
scope				../toolbox/simulink/slref/scope.html
signalviewerscope		../toolbox/simulink/slref/scope.html
selector			../toolbox/simulink/slref/selector.html
sfunction			../toolbox/simulink/slref/sfunction.html
sfunctionbuilder		../toolbox/simulink/slref/sfunctionbuilder.html
sine                            ../toolbox/simulink/slref/sine.html
sign				../toolbox/simulink/slref/sign.html
signalbuilder			../toolbox/simulink/slref/signalbuilder.html
signalconversion                ../toolbox/simulink/slref/signalconversion.html
signalgenerator			../toolbox/simulink/slref/signalgenerator.html
signalspecification             ../toolbox/simulink/slref/signalspecification.html
sinewave			../toolbox/simulink/slref/sinewave.html
slidergain			../toolbox/simulink/slref/slidergain.html
statespace			../toolbox/simulink/slref/statespace.html
step				../toolbox/simulink/slref/step.html
stopsimulation			../toolbox/simulink/slref/stopsimulation.html
subsystem			../toolbox/simulink/slref/subsystem.html
triggeredsubsystem		../toolbox/simulink/slref/triggeredsubsystem.html
enabledsubsystem		../toolbox/simulink/slref/enabledsubsystem.html
enabledandtriggeredsubsystem	../toolbox/simulink/slref/enabledandtriggeredsubsystem.html 
functioncallsubsystem		../toolbox/simulink/slref/functioncallsubsystem.html
foriteratorsubsystem		../toolbox/simulink/slref/foriteratorsubsystem.html
whileiteratorsubsystem		../toolbox/simulink/slref/whileiteratorsubsystem.html
actionsubsystem			../toolbox/simulink/slref/ifactionsubsystem.html
sum				../toolbox/simulink/slref/sum.html
switch				../toolbox/simulink/slref/switch.html
switchcase			../toolbox/simulink/slref/switchcase.html
tappeddelayline                 ../toolbox/simulink/slref/tappeddelay.html
terminator			../toolbox/simulink/slref/terminator.html
timebasedlinearization		../toolbox/simulink/slref/timebasedlinearization.html
tofile				../toolbox/simulink/slref/tofile.html
toworkspace			../toolbox/simulink/slref/toworkspace.html
transferfcn			../toolbox/simulink/slref/transferfcn.html
transferfcnfirstorder           ../toolbox/simulink/slref/transferfcnfirstorder.html
transferfcnleadorlag            ../toolbox/simulink/slref/transferfcnleadorlag.html
transferfcnrealzero             ../toolbox/simulink/slref/transferfcnrealzero.html
transportdelay			../toolbox/simulink/slref/transportdelay.html
trigger				../toolbox/simulink/slref/trigger.html
triggerbasedlinearization	../toolbox/simulink/slref/triggerbasedlinearization.html
trigonometricfunction		../toolbox/simulink/slref/trigonometricfunction.html
unaryminus                      ../toolbox/simulink/slref/unaryminus.html
uniformrandomnumber		../toolbox/simulink/slref/uniformrandomnumber.html
unitdelay			../toolbox/simulink/slref/unitdelay.html
variabletransportdelay		../toolbox/simulink/slref/variabletransportdelay.html
weightedmovingaverage           ../toolbox/simulink/slref/weightedmovingaverage.html
weightedsampletimemath          ../toolbox/simulink/slref/weightedsampletimemath.html
while				../toolbox/simulink/slref/whileiterator.html
width				../toolbox/simulink/slref/width.html
wraptozero                      ../toolbox/simulink/slref/wraptozero.html
xygraph				../toolbox/simulink/slref/xygraph.html
zeroorderhold			../toolbox/simulink/slref/zeroorderhold.html
zeropole			../toolbox/simulink/slref/zeropole.html
fixedpointstatespace          ../toolbox/simulink/slref/fixedpointstatespace.html
transferfcndirectformii          ../toolbox/simulink/slref/transferfcndirectformii.html
transferfcndirectformiitimevarying          ../toolbox/simulink/slref/transferfcndirectformiitimevarying.html
unitdelayenabled          ../toolbox/simulink/slref/unitdelayenabled.html
unitdelayenabledexternalinitialcondition          ../toolbox/simulink/slref/unitdelayenabledexternalic.html
unitdelayenabledresettable          ../toolbox/simulink/slref/unitdelayenabledresettable.html
unitdelayenabledresettableexternalinitialcondition          ../toolbox/simulink/slref/unitdelayenabledresettableexternalic.html
unitdelayexternalinitialcondition          ../toolbox/simulink/slref/unitdelayexternalic.html
unitdelayresettable          ../toolbox/simulink/slref/unitdelayresettable.html
unitdelayresettableexternalinitialcondition          ../toolbox/simulink/slref/unitdelayresettableexternalic.html
unitdelaywithpreviewenabled          ../toolbox/simulink/slref/unitdelaywithpreviewenabled.html
unitdelaywithpreviewenabledresettable          ../toolbox/simulink/slref/unitdelaywithpreviewenabledresettable.html
unitdelaywithpreviewenabledresettableexternalrv          ../toolbox/simulink/slref/unitdelaywithpreviewenabledresettableexternalrv.html
unitdelaywithpreviewresettable          ../toolbox/simulink/slref/unitdelaywithpreviewresettable.html
unitdelaywithpreviewresettableexternalrv          ../toolbox/simulink/slref/unitdelaywithpreviewresettableexternalrv.html

%
%
% Help for Other Simulink Dialogs
%
%
statepropertiesdialog		../toolbox/simulink/ug/statepropertiesdialog.html
lookuptableeditor               ../toolbox/simulink/ug/working_with_blocks17.html#luteditor
io_manager                      ../toolbox/simulink/ug/working_with_signals11.html
signal_and_scope_mgr            ../toolbox/simulink/ug/working_with_signals11.html
finder                          ../toolbox/simulink/ug/browse_explore8.html

model_explorer                  ../toolbox/simulink/ug/browse_explore2.html

model_config           		../toolbox/simulink/ug/simulation16.html
model_config_solver           	../toolbox/simulink/ug/simulation16.html
model_config_data		../toolbox/simulink/ug/simulation18.html
model_config_optimization	../toolbox/simulink/ug/simulation19.html
model_config_diagnostics	../toolbox/simulink/ug/simulation20.html
model_config_hardware		../toolbox/simulink/ug/simulation21.html
model_config_model_ref		../toolbox/simulink/ug/simulation22.html


root_system_dialog              ../toolbox/simulink/ug/how_simulink_works9.html
parameter_class                 ../toolbox/simulink/slref/simulink.parameter.html
signal_class                    ../toolbox/simulink/slref/simulink.signal.html
data_object_classes             ../toolbox/simulink/slref/simulink_classes_alist.html

% Place holder ...need html created
%                   ../toolbox/simulink/slref/simulink_classes_alist.html

fp_settings_dialog		../toolbox/simulink/ug/working_with_data.html

matlab_variable			../toolbox/simulink/ug/browse_explore3.html#base_workspace

%%%%%%%%%%%%%%%%%%%%%%%%%%%%%%%%%%%%%%%%%%%%%%%%%%%%%%%%%%%%%%%%%%%%%%%%%%%%%%%%%%%%%
% automatically generated GUI callback topic keys (see below)                       %
%                                                                                   %  
%   model_workspace	                                                            %		
%   modelpropertiesdialog		                                            %
%   blockpropertiesdialog		                                            %
%   signalpropertiesdialog                                                          %
%   maskeditordialog	                                                            %	
%   printdetails                                                                    %
%   simulink_root                                                                   %
%   base_workspace                                                                  %
%   bus_editor                                                                      %
%   signal_selector                                                                 %
%                                                                                   %
%%%%%%%%%%%%%%%%%%%%%%%%%%%%%%%%%%%%%%%%%%%%%%%%%%%%%%%%%%%%%%%%%%%%%%%%%%%%%%%%%%%%%

%%%%%%%%%%%%%%%%%%%%%%%%%%%%%%%%%%%%%%%%%%%%%%%%%%%%%%%%%%%%%%%%%%%%%%%%%%%%%%%%%%%%%
*                                                                                   %
% Automatically generated from "Using Simulink"                                     %
%                                                                                   %
%%%%%%%%%%%%%%%%%%%%%%%%%%%%%%%%%%%%%%%%%%%%%%%%%%%%%%%%%%%%%%%%%%%%%%%%%%%%%%%%%%%%%


simulink_prefs   ../toolbox/simulink/ug/quick_start6.html#simulink_prefs
simulink_preferences   ../toolbox/simulink/ug/quick_start6.html#simulink_preferences
how_sl_works_solvers   ../toolbox/simulink/ug/how_simulink_works14.html#how_sl_works_solvers
zero_crossing_detection   ../toolbox/simulink/ug/how_simulink_works15.html#zero_crossing_detection
how_sl_works_algebraic_loops   ../toolbox/simulink/ug/how_simulink_works16.html#how_sl_works_algebraic_loops
undoing_command   ../toolbox/simulink/ug/basics3.html#undoing_command
printing_block_diagram   ../toolbox/simulink/ug/basics6.html#printing_block_diagram
save_r11   ../toolbox/simulink/ug/basics5.html#save_r11
KeyboardShortcuts   ../toolbox/simulink/ug/basics11.html#KeyboardShortcuts
shortcuts   ../toolbox/simulink/ug/basics11.html#shortcuts
printdetails   ../toolbox/simulink/ug/basics10.html#printdetails
blocks:autoconnecting   ../toolbox/simulink/ug/creating_model9.html#blocks:autoconnecting
undoing_subsystem_creation   ../toolbox/simulink/ug/creating_model17.html#undoing_subsystem_creation
windowreuse   ../toolbox/simulink/ug/creating_model17.html#windowreuse
annotations   ../toolbox/simulink/ug/creating_model12.html#annotations
CONTROL_FLOW   ../toolbox/simulink/ug/creating_model25.html#CONTROL_FLOW
modeldiscretizer   ../toolbox/simulink/ug/creating_model36.html#modeldiscretizer
modelpropertiesdialog   ../toolbox/simulink/ug/creating_model47.html#modelpropertiesdialog
matlabenvironment_sourcecontrol   ../toolbox/simulink/ug/creating_model45.html#matlabenvironment_sourcecontrol
model_workspace   ../toolbox/simulink/ug/creating_model44.html#model_workspace
port_callbacks   ../toolbox/simulink/ug/creating_model41.html#port_callbacks
blockpropertiesdialog   ../toolbox/simulink/ug/working_with_blocks9.html#blockpropertiesdialog
StatePropertiesDialog   ../toolbox/simulink/ug/working_with_blocks9.html#StatePropertiesDialog
VirtualBlocks   ../toolbox/simulink/ug/working_with_blocks2.html#VirtualBlocks
luteditor   ../toolbox/simulink/ug/working_with_blocks17.html#luteditor
CreatingLibraryLink   ../toolbox/simulink/ug/working_with_blocks19.html#CreatingLibraryLink
librarybrowser   ../toolbox/simulink/ug/working_with_blocks25.html#librarybrowser
Signal_Basics   ../toolbox/simulink/ug/working_with_signals2.html#Signal_Basics
signal_and_scope_manager   ../toolbox/simulink/ug/working_with_signals11.html#signal_and_scope_manager
scalar_expansion   ../toolbox/simulink/ug/working_with_signals10.html#scalar_expansion
signal_selector   ../toolbox/simulink/ug/working_with_signals14.html#signal_selector
signalpropertiesdialog   ../toolbox/simulink/ug/working_with_signals18.html#signalpropertiesdialog
storage_class   ../toolbox/simulink/ug/working_with_signals18.html#storage_class
signal_names   ../toolbox/simulink/ug/working_with_signals21.html#signal_names
bus_editor   ../toolbox/simulink/ug/working_with_signals30.html#bus_editor
boolean_type_checking   ../toolbox/simulink/ug/working_with_data9.html#boolean_type_checking
fp_settings_dialog   ../toolbox/simulink/ug/working_with_data5.html#fp_settings_dialog
user_data   ../toolbox/simulink/ug/working_with_data14.html#user_data
SimulinkClassWizard   ../toolbox/simulink/ug/working_with_data13.html#SimulinkClassWizard
data_objects   ../toolbox/simulink/ug/working_with_data11.html#data_objects
simulink_root   ../toolbox/simulink/ug/browse_explore3.html#simulink_root
base_workspace   ../toolbox/simulink/ug/browse_explore3.html#base_workspace
matlab_variable   ../toolbox/simulink/ug/browse_explore3.html#matlab_variable
ModelExplorer   ../toolbox/simulink/ug/browse_explore2.html#ModelExplorer
model_config_dialog   ../toolbox/simulink/ug/simulation15.html#model_config_dialog
SimulationParametersDialog   ../toolbox/simulink/ug/simulation14.html#SimulationParametersDialog
ModelConfig   ../toolbox/simulink/ug/simulation14.html#ModelConfig
model_param_cfg_dlg   ../toolbox/simulink/ug/simulation19.html#model_param_cfg_dlg
diagnostic_viewer   ../toolbox/simulink/ug/simulation23.html#diagnostic_viewer
linearizing_models   ../toolbox/simulink/ug/analysis3.html#linearizing_models
the_mask_workspace   ../toolbox/simulink/ug/masking2.html#the_mask_workspace
UsingMasks   ../toolbox/simulink/ug/masking.html#UsingMasks
maskeditordialog   ../toolbox/simulink/ug/masking8.html#maskeditordialog
debugger   ../toolbox/simulink/ug/debug.html#debugger
accelerator   ../toolbox/simulink/ug/accelerator2.html#accelerator
perftools   ../toolbox/simulink/ug/accelerator.html#perftools
profiler   ../toolbox/simulink/ug/accelerator12.html#profiler
profiler   ../toolbox/simulink/ug/accelerator12.html#profiler
eml_functions_simulink   ../toolbox/simulink/ug/eml_blocks.html#eml_functions_simulink
eml_editor   ../toolbox/simulink/ug/eml_blocks13.html#eml_editor
typing_function_argument_and_return_variables   ../toolbox/simulink/ug/eml_blocks23.html#typing_function_argument_and_return_variables
autoinheritance_from_simulink   ../toolbox/simulink/ug/eml_blocks24.html#autoinheritance_from_simulink
specifying_data_size   ../toolbox/simulink/ug/eml_blocks26.html#specifying_data_size
sizing_function_argument_and_return_variables   ../toolbox/simulink/ug/eml_blocks27.html#sizing_function_argument_and_return_variables
emlb_inheriting_argument_and_return_size   ../toolbox/simulink/ug/eml_blocks28a.html#emlb_inheriting_argument_and_return_size
declaring_variables_implicitly   ../toolbox/simulink/ug/eml_blocks32.html#declaring_variables_implicitly
emlb_parameterized_argument   ../toolbox/simulink/ug/eml_blocks30.html#emlb_parameterized_argument
parameter_arguments_in_embedded_matlab_functions   ../toolbox/simulink/ug/eml_blocks30.html#parameter_arguments_in_embedded_matlab_functions
emlb_specifying_argument_and_return_size   ../toolbox/simulink/ug/eml_blocks29.html#emlb_specifying_argument_and_return_size
calling_matlab_functions   ../toolbox/simulink/ug/eml_blocks37.html#calling_matlab_functions


%%%%%%%%%%%%%%%%%%%%%%%%%%%%%%%%%%%%%%%%%%%%%%%%%%%%%%%%%%%%%%%%%%%%%%%%%%%%%%%%%%%%%
*                                                                                   %
% Automatically generated from "Simulink Reference"                                 %
%                                                                                   %
%%%%%%%%%%%%%%%%%%%%%%%%%%%%%%%%%%%%%%%%%%%%%%%%%%%%%%%%%%%%%%%%%%%%%%%%%%%%%%%%%%%%%


datastoreread   ../toolbox/simulink/slref/datastoreread.html#datastoreread
em_block_ref   ../toolbox/simulink/slref/embeddedmatlabfunction.html#em_block_ref
Scope   ../toolbox/simulink/slref/scope.html#Scope
simset.AbsTol   ../toolbox/simulink/slref/simset.html#AbsTol
simset.Debug   ../toolbox/simulink/slref/simset.html#Debug
simset.Decimation   ../toolbox/simulink/slref/simset.html#Decimation
simset.DstWorkspace   ../toolbox/simulink/slref/simset.html#DstWorkspace
simset.FinalStateName   ../toolbox/simulink/slref/simset.html#FinalStateName
simset.FixedStep   ../toolbox/simulink/slref/simset.html#FixedStep
simset.InitialState   ../toolbox/simulink/slref/simset.html#InitialState
simset.InitialStep   ../toolbox/simulink/slref/simset.html#InitialStep
simset.MaxOrder   ../toolbox/simulink/slref/simset.html#MaxOrder
simset.MaxDataPoints   ../toolbox/simulink/slref/simset.html#MaxDataPoints
simset.MaxStep   ../toolbox/simulink/slref/simset.html#MaxStep
simset.OutputPoints   ../toolbox/simulink/slref/simset.html#OutputPoints
simset.OutputVariables   ../toolbox/simulink/slref/simset.html#OutputVariables
simset.Refine   ../toolbox/simulink/slref/simset.html#Refine
simset.RelTol   ../toolbox/simulink/slref/simset.html#RelTol
simset.Solver   ../toolbox/simulink/slref/simset.html#Solver
simset.SrcWorkspace   ../toolbox/simulink/slref/simset.html#SrcWorkspace
simset.Trace   ../toolbox/simulink/slref/simset.html#Trace
simset.ZeroCross   ../toolbox/simulink/slref/simset.html#ZeroCross
fixptbestexp   ../toolbox/simulink/slref/fixptbestexp.html#fixptbestexp
functions:fixdt;fixdt   ../toolbox/simulink/slref/function   ../toolbox/simulink/slref/fixdt.html#functions:fixdt;fixdt   ../toolbox/simulink/slref/function
fxptdlg   ../toolbox/simulink/slref/fxptdlg.html#fxptdlg
uint_function   ../toolbox/simulink/slref/uint.html#uint_function
ufrac_function   ../toolbox/simulink/slref/ufrac.html#ufrac_function
ufix_function   ../toolbox/simulink/slref/ufix.html#ufix_function
sint_function   ../toolbox/simulink/slref/sint.html#sint_function
sfrac_function   ../toolbox/simulink/slref/sfrac.html#sfrac_function
sfix_function   ../toolbox/simulink/slref/sfix.html#sfix_function
num2fixpt_function   ../toolbox/simulink/slref/num2fixpt.html#num2fixpt_function
simulink_bus_element   ../toolbox/simulink/slref/simulink.buselement.html#simulink_bus_element
simulink_bus   ../toolbox/simulink/slref/simulink.bus.html#simulink_bus
simulink_alias_type   ../toolbox/simulink/slref/simulink.aliastype.html#simulink_alias_type
simulink_model_workspace   ../toolbox/simulink/slref/simulink.modelworkspace.html#simulink_model_workspace
simulink_model_data_logs   ../toolbox/simulink/slref/simulink.modeldatalogs.html#simulink_model_data_logs
simulink_numeric_type   ../toolbox/simulink/slref/simulink.numerictype.html#simulink_numeric_type
sfrac_function   ../toolbox/simulink/slref/simulink.numerictype.html#sfrac_function
simulink_signal   ../toolbox/simulink/slref/simulink.signal.html#simulink_signal
simulink_parameter   ../toolbox/simulink/slref/simulink.parameter.html#simulink_parameter
simulink_struct_type   ../toolbox/simulink/slref/simulink.structtype.html#simulink_struct_type
ufix_function   ../toolbox/simulink/slref/simulink.structtype.html#ufix_function
simulink_struct_element   ../toolbox/simulink/slref/simulink.structelement.html#simulink_struct_element
sint_function   ../toolbox/simulink/slref/simulink.structelement.html#sint_function
parameters_model_parameters   ../toolbox/simulink/slref/parameters2.html#parameters_model_parameters
embedded_matlab_run-time_function_library   ../toolbox/simulink/slref/eml_blocks_ref8.html#embedded_matlab_run-time_function_library
limitations_on_indexing_operations   ../toolbox/simulink/slref/eml_blocks_ref13.html#limitations_on_indexing_operations
embedded_matlab_library_bycategory   ../toolbox/simulink/slref/eml_blocks_ref10.html#embedded_matlab_library_bycategory
embedded_matlab_fcn_block_reference   ../toolbox/simulink/slref/eml_blocks_ref.html#embedded_matlab_fcn_block_reference


%
% Generated from "Writing S-Functions"
%
overview ../toolbox/simulink/sfg/sfun_intro.html#overview
sfun_builder ../toolbox/simulink/sfg/sfunc_c2.html#sfun_builder
CustomDataTypes ../toolbox/simulink/sfg/sfun_features9.html#CustomDataTypes
runtime_parameters ../toolbox/simulink/sfg/sfun_features4.html#runtime_parameters
function_call_subsystem ../toolbox/simulink/sfg/sfun_features20.html#function_call_subsystem
function ../toolbox/simulink/sfg/call subsystems sfun_features20.html#function call subsystems

