managing_modeling_requirements   ../toolbox/slvnv/rmi_usin.html#managing_modeling_requirements
requirements_dialog   ../toolbox/slvnv/rmi_usi4.html#requirements_dialog
verification_manager   ../toolbox/slvnv/vblocks3.html#verification_manager
perftools   ../toolbox/slvnv/mc_using.html#perftools
modelcoverage_tool   ../toolbox/slvnv/mc_usin2.html#modelcoverage_tool
covered_blocks   ../toolbox/slvnv/mc_usin4.html#covered_blocks
model_coverage   ../toolbox/slvnv/mc_usin3.html#model_coverage
modelcoverage_dialog   ../toolbox/slvnv/mc_usin7.html#modelcoverage_dialog
modelcoverage_report   ../toolbox/slvnv/mc_usi12.html#modelcoverage_report
html_settings   ../toolbox/slvnv/mc_usi10.html#html_settings
n-dimensional_lookup_table_report   ../toolbox/slvnv/mc_usi18.html#n-dimensional_lookup_table_report
enabling_colored_diagram_display   ../toolbox/slvnv/mc_usi21.html#enabling_colored_diagram_display
model   ../toolbox/slvnv/coverage:enabling   ../toolbox/slvnv/colored   ../toolbox/slvnv/simulink   ../toolbox/slvnv/diagram   ../toolbox/slvnv/display   ../toolbox/slvnv/mc_usi21.html#model   ../toolbox/slvnv/coverage:enabling   ../toolbox/slvnv/colored   ../toolbox/slvnv/simulink   ../toolbox/slvnv/diagram   ../toolbox/slvnv/display
mc_colored_simulink_diagram   ../toolbox/slvnv/mc_usi20.html#mc_colored_simulink_diagram
model   ../toolbox/slvnv/coverage:colored   ../toolbox/slvnv/simulink   ../toolbox/slvnv/diagram   ../toolbox/slvnv/example   ../toolbox/slvnv/mc_usi22.html#model   ../toolbox/slvnv/coverage:colored   ../toolbox/slvnv/simulink   ../toolbox/slvnv/diagram   ../toolbox/slvnv/example
