% WAVELET.MAP
% 
%   M. Misiti, Y. Misiti, G. Oppenheim, J.M. Poggi 12-Dec-2000.
%   Last Revision: 22-Dec-2000.
%   Copyright 1995-2000 The MathWorks, Inc.
%   $Revision: 1.2 $  $Date: 2002/04/13 03:37:05 $ 

%----------------------------------------------------
WAVELET_OVERVIEW 	../toolbox/wavelet/pf2.html
%----------------------------------------------------
GUI_CF1D  	../toolbox/wavelet/ch02_u41.html#1021920
GUI_CF2D  	../toolbox/wavelet/ch02_u42.html#1022002
GUI_CW1D  	../toolbox/wavelet/ch02_us4.html#1000889
GUI_CWIM  	../toolbox/wavelet/ch02_us8.html#1015643
GUI_DW1D  	../toolbox/wavelet/ch02_u12.html#997037
GUI_DW2D  	../toolbox/wavelet/ch02_u16.html#1004908
GUI_EDEN  	../toolbox/wavelet/ch02_u36.html#1021659
GUI_IMGX  	../toolbox/wavelet/ch02_u47.html#1022160
GUI_REGF  	../toolbox/wavelet/ch02_u32.html#1021508
GUI_REGR  	../toolbox/wavelet/ch02_u33.html#1021560
GUI_SIGX  	../toolbox/wavelet/ch02_u44.html#1022064
GUI_SW1D	../toolbox/wavelet/ch02_u25.html#1032577
GUI_SW2D	../toolbox/wavelet/ch02_u29.html#1021388
GUI_THR	../toolbox/wavelet/ch02_u39.html#1021792
GUI_WP1D	../toolbox/wavelet/ch05_us3.html#1002672
GUI_WP2D	../toolbox/wavelet/ch05_us6.html#1003764
GUI_WPDI	../toolbox/wavelet/apxa_20a.html#126589
GUI_WVDI	../toolbox/wavelet/apxa_19a.html#129052

%----------------------------------------------------
WAV_GEN	../toolbox/wavelet/ch06_ad3.html#52433
WAV_in_ACT	../toolbox/wavelet/ch04_act.html#121245
WAV_DISCRET	../toolbox/wavelet/ch01_i19.html#998127
WAV_REC	../toolbox/wavelet/ch01_i22.html#1002594

%----------------------------------------------------
BTN_ZAXE	../toolbox/wavelet/apxa_g10.html#130194
DYNVTOOL	../toolbox/wavelet/apxa_gu9.html#124316
UTCOLMAP	../toolbox/wavelet/apxa_gu7.html#126019
%----------------------------------------------------
