randseed   ../commblks/ref/randseed.html#randseed
blocks_by_category   ../commblks/ref/simref-2.html#blocks_by_category
commblks_comminterleave   ../commblks/ref/simref-6.html#commblks_comminterleave
commblks_commdigbbnd   ../commblks/ref/simref-8.html#commblks_commdigbbnd
blocks_alpha_list   ../commblks/ref/commblka.html#blocks_alpha_list
using_libraries   ../commblks/usersguide/tutor1-b.html#using_libraries
commblks_signalsupport   ../commblks/usersguide/tutor1-2.html#commblks_signalsupport
commblks_signal_terminology   ../commblks/usersguide/tutor1-3.html#commblks_signal_terminology
commblks_frames   ../commblks/usersguide/tutor1-3.html#commblks_frames
doc_pnseq   ../commblks/usersguide/tutor110.html#doc_pnseq
doc_ortho   ../commblks/usersguide/tutor110.html#doc_ortho
sigattr_sources   ../commblks/usersguide/tutor111.html#sigattr_sources
doc_eyediagram   ../commblks/usersguide/tutor115.html#doc_eyediagram
doc_signaldisplays   ../commblks/usersguide/tutor116.html#doc_signaldisplays
doc_scalar_quant_1   ../commblks/usersguide/tutor119.html#doc_scalar_quant_1
doc_scalar_quant_2   ../commblks/usersguide/tutor119.html#doc_scalar_quant_2
doc_scalar_quant_3   ../commblks/usersguide/tutor119.html#doc_scalar_quant_3
doc_compander   ../commblks/usersguide/tutor120.html#doc_compander
Block_coding   ../commblks/usersguide/tutor122.html#Block_coding
commblks_serial_signals   ../commblks/usersguide/tutor127.html#commblks_serial_signals
integer_format   ../commblks/usersguide/tutor127.html#integer_format
doc_hamming   ../commblks/usersguide/tutor129.html#doc_hamming
doc_rscoding   ../commblks/usersguide/tutor129.html#doc_rscoding
Reed-Solomon   ../commblks/usersguide/tutor130.html#Reed-Solomon
commblks_convolutional   ../commblks/usersguide/tutor132.html#commblks_convolutional
Convolutional_coding   ../commblks/usersguide/tutor132.html#Convolutional_coding
doc_convcoding   ../commblks/usersguide/tutor136.html#doc_convcoding
doc_softdecision   ../commblks/usersguide/tutor138.html#doc_softdecision
getting_started_example   ../commblks/usersguide/tutor138.html#getting_started_example
decoding_convolutional_code   ../commblks/usersguide/tutor138.html#decoding_convolutional_code
CRC_coding   ../commblks/usersguide/tutor140.html#CRC_coding
commblks_interleaving   ../commblks/usersguide/tutor2-b.html#commblks_interleaving
Block_Interleavers   ../commblks/usersguide/tutor2-2.html#Block_Interleavers
interlvrdoc   ../commblks/usersguide/tutor2-2.html#interlvrdoc
doc_convinterleaver   ../commblks/usersguide/tutor2-3.html#doc_convinterleaver
doc_fmsampletime   ../commblks/usersguide/tutor2-9.html#doc_fmsampletime
doc_amstepsize   ../commblks/usersguide/tutor2-9.html#doc_amstepsize
doc_filtercutoffs   ../commblks/usersguide/tutor210.html#doc_filtercutoffs
doc_filterdelay   ../commblks/usersguide/tutor210.html#doc_filterdelay
commblks_digitalmod   ../commblks/usersguide/tutor211.html#commblks_digitalmod
Digital_modulation   ../commblks/usersguide/tutor211.html#Digital_modulation
binaryvalued   ../commblks/usersguide/tutor215.html#binaryvalued
Delays_in_Digital_Modulation   ../commblks/usersguide/tutor216.html#Delays_in_Digital_Modulation
delays_in_digital_mod   ../commblks/usersguide/tutor216.html#delays_in_digital_mod
doc_modulation_delay   ../commblks/usersguide/tutor216.html#doc_modulation_delay
upsample   ../commblks/usersguide/tutor217.html#upsample
doc_dqpsk_plot   ../commblks/usersguide/tutor218.html#doc_dqpsk_plot
doc_qam_scatter   ../commblks/usersguide/tutor218.html#doc_qam_scatter
doc_phasetree   ../commblks/usersguide/tutor218.html#doc_phasetree
doc_rcfilters   ../commblks/usersguide/tutor3-4.html#doc_rcfilters
commblks_fadingchannels   ../commblks/usersguide/tutor3-8.html#commblks_fadingchannels
feedforward_method   ../commblks/usersguide/tutor318.html#feedforward_method
feedback_method   ../commblks/usersguide/tutor319.html#feedback_method
doc_squaring   ../commblks/usersguide/tutor322.html#doc_squaring
doc_carrier   ../commblks/usersguide/tutor325.html#doc_carrier
synch_biblio   ../commblks/usersguide/tutor327.html#synch_biblio
doc_lmseq   ../commblks/usersguide/tutor331.html#doc_lmseq
modeling_comms_systems   ../commblks/usersguide/systemle.html#modeling_comms_systems
punctdoc   ../commblks/usersguide/systeml5.html#punctdoc
alignmentdoc   ../commblks/usersguide/systeml8.html#alignmentdoc
gmskintdoc   ../commblks/usersguide/system10.html#gmskintdoc
concatdoc   ../commblks/usersguide/system11.html#concatdoc
conv_encoderdemo   ../commblks/usersguide/tstconv3.html#conv_encoderdemo
sccc_sim   ../commblks/usersguide/tstconv4.html#sccc_sim
tstconvcod   ../commblks/usersguide/tstconv5.html#tstconvcod
cpmphasetree   ../commblks/usersguide/example2.html#cpmphasetree
dmt_sim   ../commblks/usersguide/example3.html#dmt_sim
dmt_sim_alt   ../commblks/usersguide/example3.html#dmt_sim_alt
qpskvsmsk   ../commblks/usersguide/example4.html#qpskvsmsk
gmskvsmsk   ../commblks/usersguide/example5.html#gmskvsmsk
tstgraycod   ../commblks/usersguide/example6.html#tstgraycod
graycode   ../commblks/usersguide/example6.html#graycode
gmsk_softdecision   ../commblks/usersguide/example7.html#gmsk_softdecision
phasenoise_sim   ../commblks/usersguide/exampl9a.html#phasenoise_sim
rayleighfading   ../commblks/usersguide/examp10a.html#rayleighfading
rf_satlink   ../commblks/usersguide/examp11a.html#rf_satlink
adjcochanint   ../commblks/usersguide/examp12a.html#adjcochanint
eq_sim   ../commblks/usersguide/examp14a.html#eq_sim
equalizer_eml   ../commblks/usersguide/examp15a.html#equalizer_eml
fracsyn   ../commblks/usersguide/examp16a.html#fracsyn
gardner_vfracdelay   ../commblks/usersguide/examp17a.html#gardner_vfracdelay
msk_sync   ../commblks/usersguide/examp18a.html#msk_sync
freqsyn   ../commblks/usersguide/examp19a.html#freqsyn
adsl_sim   ../commblks/usersguide/moredem2.html#adsl_sim
wlan80211a   ../commblks/usersguide/moredem3.html#wlan80211a
bluetooth_voice   ../commblks/usersguide/moredem4.html#bluetooth_voice
cdma2000_phlayer   ../commblks/usersguide/moredem5.html#cdma2000_phlayer
milstd_188110Bmodel   ../commblks/usersguide/moredem6.html#milstd_188110Bmodel
dvbt_sim   ../commblks/usersguide/moredem7.html#dvbt_sim
hiperlan2   ../commblks/usersguide/moredem8.html#hiperlan2
wcdma_muxandcoding   ../commblks/usersguide/moredem9.html#wcdma_muxandcoding
wcdma_spreadandmod   ../commblks/usersguide/morede10.html#wcdma_spreadandmod
wcdma_phlayer   ../commblks/usersguide/morede11.html#wcdma_phlayer
scatterdoc   ../commblks/getstarted/buildmo2.html#scatterdoc
channeldoc   ../commblks/getstarted/buildm24.html#channeldoc
hammingdoc   ../commblks/getstarted/buildm30.html#hammingdoc
bpskdoc   ../commblks/getstarted/buildm39.html#bpskdoc
fskdoc   ../commblks/getstarted/buildm46.html#fskdoc
gs_fskdelay   ../commblks/getstarted/buildm50.html#gs_fskdelay
convdoc   ../commblks/getstarted/buildm54.html#convdoc
