TheMathWorks_TargetBox10x120x_Watchdog   ../xpc_targetbox/box_ch5f.html#TheMathWorks_TargetBox10x120x_Watchdog
TargetBox_LEDs   ../xpc_targetbox/box_ch4g.html#TargetBox_LEDs
Diamond_MM-32_DOUT   ../xpc_targetbox/box_c22a.html#Diamond_MM-32_DOUT
Diamond_MM-32_DIN   ../xpc_targetbox/box_c21a.html#Diamond_MM-32_DIN
Diamond_MM-32_DA   ../xpc_targetbox/box_c20a.html#Diamond_MM-32_DA
Diamond_MM-32-Frame_AD   ../xpc_targetbox/box_c19a.html#Diamond_MM-32-Frame_AD
Diamond_MM-32_AD   ../xpc_targetbox/box_c18a.html#Diamond_MM-32_AD
Diamond_Ruby-MM-1612_DOUT   ../xpc_targetbox/box_ch30.html#Diamond_Ruby-MM-1612_DOUT
Diamond_Ruby-MM-1612_DIN   ../xpc_targetbox/box_ch29.html#Diamond_Ruby-MM-1612_DIN
Diamond_Ruby-MM-1612_DA   ../xpc_targetbox/box_ch28.html#Diamond_Ruby-MM-1612_DA
Diamond_Ruby-MM-416_DOUT   ../xpc_targetbox/box_ch38.html#Diamond_Ruby-MM-416_DOUT
Diamond_Ruby-MM-416_DIN   ../xpc_targetbox/box_ch37.html#Diamond_Ruby-MM-416_DIN
Diamond_Ruby-MM-416_DA   ../xpc_targetbox/box_ch36.html#Diamond_Ruby-MM-416_DA
Diamond_Onyx-MM_DOUT   ../xpc_targetbox/box_ch45.html#Diamond_Onyx-MM_DOUT
Diamond_Onyx-MM_DIN   ../xpc_targetbox/box_ch44.html#Diamond_Onyx-MM_DIN
Diamond_QUARTZ-MM-10-1_Counter   ../xpc_targetbox/box_ch54.html#Diamond_QUARTZ-MM-10-1_Counter
Diamond_QUARTZ-MM-10_Counter   ../xpc_targetbox/box_ch53.html#Diamond_QUARTZ-MM-10_Counter
Diamond_QUARTZ-MM-10_DOUT   ../xpc_targetbox/box_ch52.html#Diamond_QUARTZ-MM-10_DOUT
Diamond_QUARTZ-MM-10_DIN   ../xpc_targetbox/box_ch51.html#Diamond_QUARTZ-MM-10_DIN
Diamond_Quartz-MM-10_board   ../xpc_targetbox/box_ch50.html#Diamond_Quartz-MM-10_board
Diamond_QUARTZ-MM-10-5_Counter   ../xpc_targetbox/box_ch58.html#Diamond_QUARTZ-MM-10-5_Counter
Diamond_QUARTZ-MM-10-4_Counter   ../xpc_targetbox/box_ch57.html#Diamond_QUARTZ-MM-10-4_Counter
Diamond_QUARTZ-MM-10-3_Counter   ../xpc_targetbox/box_ch56.html#Diamond_QUARTZ-MM-10-3_Counter
Diamond_QUARTZ-MM-10-2_Counter   ../xpc_targetbox/box_ch55.html#Diamond_QUARTZ-MM-10-2_Counter
RealTimeDevices_DM6814   ../xpc_targetbox/box_ch66.html#RealTimeDevices_DM6814
RTD_DM6814_DOUT   ../xpc_targetbox/box_ch69.html#RTD_DM6814_DOUT
RTD_DM6814_DIN   ../xpc_targetbox/box_ch68.html#RTD_DM6814_DIN
RealTimeDevices_DM6814_Encoder   ../xpc_targetbox/box_ch67.html#RealTimeDevices_DM6814_Encoder
Softing_CAN-AC2-104-SJA-1000_FIFO-Write   ../xpc_targetbox/box_ch80.html#Softing_CAN-AC2-104-SJA-1000_FIFO-Write
Softing_CAN-AC2-104-SJA-1000_FIFO-Setup   ../xpc_targetbox/box_ch79.html#Softing_CAN-AC2-104-SJA-1000_FIFO-Setup
Softing_CAN-AC2-104-SJA-1000_FIFO   ../xpc_targetbox/box_ch78.html#Softing_CAN-AC2-104-SJA-1000_FIFO
Softing_CAN-AC2-104-SJA-1000_Receive   ../xpc_targetbox/box_ch77.html#Softing_CAN-AC2-104-SJA-1000_Receive
Softing_CAN-AC2-104-SJA-1000_Send   ../xpc_targetbox/box_ch76.html#Softing_CAN-AC2-104-SJA-1000_Send
Softing_CAN-AC2-104-SJA-1000_Setup   ../xpc_targetbox/box_ch75.html#Softing_CAN-AC2-104-SJA-1000_Setup
Softing_CAN-AC2-104-SJA-1000_FIFO-Reset-RCV   ../xpc_targetbox/box_ch86.html#Softing_CAN-AC2-104-SJA-1000_FIFO-Reset-RCV
Softing_CAN-AC2-104-SJA-1000_FIFO-Read-RCV-Level   ../xpc_targetbox/box_ch85.html#Softing_CAN-AC2-104-SJA-1000_FIFO-Read-RCV-Level
Softing_CAN-AC2-104-SJA-1000_FIFO-Reset-XMT   ../xpc_targetbox/box_ch84.html#Softing_CAN-AC2-104-SJA-1000_FIFO-Reset-XMT
Softing_CAN-AC2-104-SJA-1000_FIFO-Read-XMT-Level   ../xpc_targetbox/box_ch83.html#Softing_CAN-AC2-104-SJA-1000_FIFO-Read-XMT-Level
Softing_CAN-AC2-104-SJA-1000_FIFO-Read-Filter   ../xpc_targetbox/box_ch82.html#Softing_CAN-AC2-104-SJA-1000_FIFO-Read-Filter
Softing_CAN-AC2-104-SJA-1000_FIFO-Read   ../xpc_targetbox/box_ch81.html#Softing_CAN-AC2-104-SJA-1000_FIFO-Read
