functions_by_category   ../ref/func_by_.html#functions_by_category
development_environment   ../ref/func_by2.html#development_environment
starting_and_quitting   ../ref/func_by3.html#starting_and_quitting
command_window   ../ref/func_by4.html#command_window
getting_help   ../ref/func_by5.html#getting_help
workspace_file_and_path   ../ref/func_by6.html#workspace_file_and_path
programming_tools   ../ref/func_by7.html#programming_tools
performance   ../ref/func_by7.html#performance
system   ../ref/func_by8.html#system
mathematics   ../ref/func_by9.html#mathematics
arrays_and_matrices   ../ref/func_b10.html#arrays_and_matrices
specialized_matrices   ../ref/func_b10.html#specialized_matrices
linear_algebra   ../ref/func_b11.html#linear_algebra
elementary_math   ../ref/func_b12.html#elementary_math
data_analysis_and_fourier_transforms   ../ref/func_b13.html#data_analysis_and_fourier_transforms
polynomials   ../ref/func_b14.html#polynomials
interpolation_and_computational_geometry   ../ref/func_b15.html#interpolation_and_computational_geometry
coordinate_system_conversion   ../ref/func_b16.html#coordinate_system_conversion
nonlinear_numerical_methods   ../ref/func_b17.html#nonlinear_numerical_methods
specialized_math   ../ref/func_b18.html#specialized_math
sparse_matrices   ../ref/func_b19.html#sparse_matrices
special_variables_and_constants   ../ref/func_b20.html#special_variables_and_constants
programming_and_data_types   ../ref/func_b21.html#programming_and_data_types
data_types   ../ref/func_b22.html#data_types
arrays   ../ref/func_b23.html#arrays
operators_and_operations   ../ref/func_b24.html#operators_and_operations
bitwise_operation_category   ../ref/func_b24.html#bitwise_operation_category
programming_in_matlab   ../ref/func_b25.html#programming_in_matlab
file_io   ../ref/func_b26.html#file_io
filename_construction   ../ref/func_b27.html#filename_construction
opening_loading_saving_files   ../ref/func_b28.html#opening_loading_saving_files
low_level_file_io   ../ref/func_b29.html#low_level_file_io
bycategory_text_files   ../ref/func_b30.html#bycategory_text_files
xml_documents   ../ref/func_b31.html#xml_documents
spreadsheets   ../ref/func_b32.html#spreadsheets
scientific_data_formats   ../ref/func_b33.html#scientific_data_formats
audio_and_audio_video   ../ref/func_b34.html#audio_and_audio_video
images   ../ref/func_b35.html#images
internet   ../ref/func_b36.html#internet
graphics_fc   ../ref/func_b37.html#graphics_fc
basic_plots_and_graphs   ../ref/func_b38.html#basic_plots_and_graphs
annotating_plots   ../ref/func_b39.html#annotating_plots
specialized_plotting   ../ref/func_b40.html#specialized_plotting
bit_mapped_images   ../ref/func_b41.html#bit_mapped_images
printing   ../ref/func_b42.html#printing
handle_graphics   ../ref/func_b43.html#handle_graphics
finding_and_identifying_graphics_objects   ../ref/func_b43.html#finding_and_identifying_graphics_objects
object_creation_functions   ../ref/func_b43.html#object_creation_functions
figure_windows   ../ref/func_b43.html#figure_windows
axes_operations   ../ref/func_b43.html#axes_operations
3d_visualization   ../ref/func_b44.html#3d_visualization
surface_and_mesh_plots   ../ref/func_b45.html#surface_and_mesh_plots
creating_surfaces_and_meshes   ../ref/func_b45.html#creating_surfaces_and_meshes
surface   ../ref/func_b45.html#surface
   ../ref/func_b45.html#
   ../ref/func_b45.html#
   ../ref/func_b45.html#
   ../ref/func_b45.html#
   ../ref/func_b45.html#
   ../ref/func_b45.html#
   ../ref/func_b45.html#
domain_generation   ../ref/func_b45.html#domain_generation
color_operations   ../ref/func_b45.html#color_operations
colormaps   ../ref/func_b45.html#colormaps
view_control   ../ref/func_b46.html#view_control
controlling_the_camera_viewpoint   ../ref/func_b46.html#controlling_the_camera_viewpoint
setting_the_aspect_ratio_and_axis_limits   ../ref/func_b46.html#setting_the_aspect_ratio_and_axis_limits
object_manipulation   ../ref/func_b46.html#object_manipulation
selecting_region_of_interest   ../ref/func_b46.html#selecting_region_of_interest
lighting   ../ref/func_b47.html#lighting
transparency   ../ref/func_b48.html#transparency
volume_visualization   ../ref/func_b49.html#volume_visualization
creating_graphical_user_interfaces   ../ref/func_b50.html#creating_graphical_user_interfaces
predefined_dialog_boxes   ../ref/func_b51.html#predefined_dialog_boxes
user_interface_deployment   ../ref/func_b52.html#user_interface_deployment
user_interface_development   ../ref/func_b53.html#user_interface_development
user_interface_objects   ../ref/func_b54.html#user_interface_objects
finding_and_identifying_objects   ../ref/func_b55.html#finding_and_identifying_objects
gui_utility_functions   ../ref/func_b56.html#gui_utility_functions
controlling_program_execution   ../ref/func_b57.html#controlling_program_execution
diary_remarks   ../ref/diary.html#diary_remarks
format_refpage_table1   ../ref/format.html#format_refpage_table1
list   ../ref/format.html#list
matlabenvironment_seealso_ftp   ../ref/ftp.html#matlabenvironment_seealso_ftp
matlab_unix_refpage   ../ref/matlabunix.html#matlab_unix_refpage
matlab_env_matlabcolon   ../ref/matlabcolonmatlab.html#matlab_env_matlabcolon
matlab_ref_matlabroot   ../ref/matlabroot.html#matlab_ref_matlabroot
matlabroot_directory   ../ref/matlabroot.html#matlabroot_directory
dde_events_sol_output   ../ref/dde23.html#dde_events_sol_output
delaunay_ex1   ../ref/delaunay.html#delaunay_ex1
delaunay_ex2   ../ref/delaunay.html#delaunay_ex2
explicit_solvers   ../ref/ode45.html#explicit_solvers
voronoi_ex1   ../ref/voronoi.html#voronoi_ex1
voronoi_ex2   ../ref/voronoi.html#voronoi_ex2
voronoi_ex3   ../ref/voronoi.html#voronoi_ex3
Annotation   ../ref/Arrow.Color   ../ref/annotationarrowproperties.html#Color
Annotation   ../ref/Arrow.HeadLength   ../ref/annotationarrowproperties.html#HeadLength
Annotation   ../ref/Arrow.HeadStyle   ../ref/annotationarrowproperties.html#HeadStyle
Annotation   ../ref/Arrow.HeadWidth   ../ref/annotationarrowproperties.html#HeadWidth
Annotation   ../ref/Arrow.LineStyle   ../ref/annotationarrowproperties.html#LineStyle
Annotation   ../ref/Arrow.LineWidth   ../ref/annotationarrowproperties.html#LineWidth
Annotation   ../ref/Arrow.X   ../ref/annotationarrowproperties.html#X
Annotation   ../ref/Arrow.Y   ../ref/annotationarrowproperties.html#Y
Annotation   ../ref/Doublearrow.Color   ../ref/annotationdoublearrowproperties.html#Color
Annotation   ../ref/Doublearrow.Head1Length   ../ref/annotationdoublearrowproperties.html#Head1Length
Annotation   ../ref/Doublearrow.Head2Length   ../ref/annotationdoublearrowproperties.html#Head2Length
Annotation   ../ref/Doublearrow.Head1Style   ../ref/annotationdoublearrowproperties.html#Head1Style
Annotation   ../ref/Doublearrow.Head2Style   ../ref/annotationdoublearrowproperties.html#Head2Style
Annotation   ../ref/Doublearrow.Head1Width   ../ref/annotationdoublearrowproperties.html#Head1Width
Annotation   ../ref/Doublearrow.Head2Width   ../ref/annotationdoublearrowproperties.html#Head2Width
Annotation   ../ref/Doublearrow.LineStyle   ../ref/annotationdoublearrowproperties.html#LineStyle
Annotation   ../ref/Doublearrow.LineWidth   ../ref/annotationdoublearrowproperties.html#LineWidth
Annotation   ../ref/Doublearrow.X   ../ref/annotationdoublearrowproperties.html#X
Annotation   ../ref/Doublearrow.Y   ../ref/annotationdoublearrowproperties.html#Y
Annotation   ../ref/Ellipse.EdgeColor   ../ref/annotationellipseproperties.html#EdgeColor
Annotation   ../ref/Ellipse.FaceColor   ../ref/annotationellipseproperties.html#FaceColor
Annotation   ../ref/Ellipse.Height   ../ref/annotationellipseproperties.html#Height
Annotation   ../ref/Ellipse.LineStyle   ../ref/annotationellipseproperties.html#LineStyle
Annotation   ../ref/Ellipse.LineWidth   ../ref/annotationellipseproperties.html#LineWidth
Annotation   ../ref/Ellipse.Width   ../ref/annotationellipseproperties.html#Width
Annotation   ../ref/Ellipse.X   ../ref/annotationellipseproperties.html#X
Annotation   ../ref/Ellipse.Y   ../ref/annotationellipseproperties.html#Y
Annotation   ../ref/Line.Color   ../ref/annotationlineproperties.html#Color
Annotation   ../ref/Line.LineStyle   ../ref/annotationlineproperties.html#LineStyle
Annotation   ../ref/Line.LineWidth   ../ref/annotationlineproperties.html#LineWidth
Annotation   ../ref/Line.X   ../ref/annotationlineproperties.html#X
Annotation   ../ref/Line.Y   ../ref/annotationlineproperties.html#Y
Annotation   ../ref/Rectangle.EdgeColor   ../ref/annotationrectangleproperties.html#EdgeColor
Annotation   ../ref/Rectangle.FaceColor   ../ref/annotationrectangleproperties.html#FaceColor
Annotation   ../ref/Rectangle.Height   ../ref/annotationrectangleproperties.html#Height
Annotation   ../ref/Rectangle.LineStyle   ../ref/annotationrectangleproperties.html#LineStyle
Annotation   ../ref/Rectangle.LineWidth   ../ref/annotationrectangleproperties.html#LineWidth
Annotation   ../ref/Rectangle.Width   ../ref/annotationrectangleproperties.html#Width
Annotation   ../ref/Rectangle.X   ../ref/annotationrectangleproperties.html#X
Annotation   ../ref/Rectangle.Y   ../ref/annotationrectangleproperties.html#Y
Annotation   ../ref/Textbox.BackgroundColor   ../ref/annotationtextboxproperties.html#BackgroundColor
Annotation   ../ref/Textbox.Color   ../ref/annotationtextboxproperties.html#Color
Annotation   ../ref/Textbox.EdgeColor   ../ref/annotationtextboxproperties.html#EdgeColor
Annotation   ../ref/Textbox.FaceAlpha   ../ref/annotationtextboxproperties.html#FaceAlpha
Annotation   ../ref/Textbox.FitHeightToText   ../ref/annotationtextboxproperties.html#FitHeightToText
Annotation   ../ref/Textbox.FontAngle   ../ref/annotationtextboxproperties.html#FontAngle
Annotation   ../ref/Textbox.FontName   ../ref/annotationtextboxproperties.html#FontName
Annotation   ../ref/Textbox.FontSize   ../ref/annotationtextboxproperties.html#FontSize
Annotation   ../ref/Textbox.FontWeight   ../ref/annotationtextboxproperties.html#FontWeight
Annotation   ../ref/Textbox.HorizontalAlignment   ../ref/annotationtextboxproperties.html#HorizontalAlignment
Annotation   ../ref/Textbox.Interpreter   ../ref/annotationtextboxproperties.html#Interpreter
Annotation   ../ref/Textbox.LineStyle   ../ref/annotationtextboxproperties.html#LineStyle
Annotation   ../ref/Textbox.LineWidth   ../ref/annotationtextboxproperties.html#LineWidth
Annotation   ../ref/Textbox.Margin   ../ref/annotationtextboxproperties.html#Margin
Annotation   ../ref/Textbox.Position   ../ref/annotationtextboxproperties.html#Position
Annotation   ../ref/Textbox.String   ../ref/annotationtextboxproperties.html#String
Annotation   ../ref/Textbox.VerticalAlignment   ../ref/annotationtextboxproperties.html#VerticalAlignment
Annotation   ../ref/Textarrow.Color   ../ref/annotationtextarrowproperties.html#Color
Annotation   ../ref/Textarrow.FontName   ../ref/annotationtextarrowproperties.html#FontName
Annotation   ../ref/Textarrow.FontSize   ../ref/annotationtextarrowproperties.html#FontSize
Annotation   ../ref/Textarrow.FontWeight   ../ref/annotationtextarrowproperties.html#FontWeight
Annotation   ../ref/Textarrow.HeadLength   ../ref/annotationtextarrowproperties.html#HeadLength
Annotation   ../ref/Textarrow.HeadStyle   ../ref/annotationtextarrowproperties.html#HeadStyle
Annotation   ../ref/Textarrow.HeadWidth   ../ref/annotationtextarrowproperties.html#HeadWidth
Annotation   ../ref/Textarrow.HorizontalAlignment   ../ref/annotationtextarrowproperties.html#HorizontalAlignment
Annotation   ../ref/Textarrow.Interpreter   ../ref/annotationtextarrowproperties.html#Interpreter
Annotation   ../ref/Textarrow.LineStyle   ../ref/annotationtextarrowproperties.html#LineStyle
Annotation   ../ref/Textarrow.LineWidth   ../ref/annotationtextarrowproperties.html#LineWidth
Annotation   ../ref/Textarrow.String   ../ref/annotationtextarrowproperties.html#String
annotationtextarrowproperties.html#HorizontalAlignment   ../ref/annotationtextarrowproperties.html#annotationtextarrowproperties.html#HorizontalAlignment
annotationtextarrowproperties.html#VerticalAlignment   ../ref/annotationtextarrowproperties.html#annotationtextarrowproperties.html#VerticalAlignment
Annotation   ../ref/Textarrow.TextBackgroundColor   ../ref/annotationtextarrowproperties.html#TextBackgroundColor
Annotation   ../ref/Textarrow.TextColor   ../ref/annotationtextarrowproperties.html#TextColor
Annotation   ../ref/Textarrow.TextEdgeColor   ../ref/annotationtextarrowproperties.html#TextEdgeColor
Annotation   ../ref/Textarrow.TextLineWidth   ../ref/annotationtextarrowproperties.html#TextLineWidth
Annotation   ../ref/Textarrow.TextMargin   ../ref/annotationtextarrowproperties.html#TextMargin
Annotation   ../ref/Textarrow.TextRotation   ../ref/annotationtextarrowproperties.html#TextRotation
Annotation   ../ref/Textarrow.VerticalAlignment   ../ref/annotationtextarrowproperties.html#VerticalAlignment
Annotation   ../ref/Textarrow.X   ../ref/annotationtextarrowproperties.html#X
Annotation   ../ref/Textarrow.Y   ../ref/annotationtextarrowproperties.html#Y
../creating_plots/#plot_objects   ../ref/areaseriesproperties.html#../creating_plots/#plot_objects
Areaseries.BaseValue   ../ref/areaseriesproperties.html#BaseValue
Areaseries.BeingDeleted   ../ref/areaseriesproperties.html#BeingDeleted
Areaseries.BusyAction   ../ref/areaseriesproperties.html#BusyAction
Areaseries.ButtonDownFcn   ../ref/areaseriesproperties.html#ButtonDownFcn
Areaseries.Children   ../ref/areaseriesproperties.html#Children
Areaseries.Clipping   ../ref/areaseriesproperties.html#Clipping
Areaseries.CreateFcn   ../ref/areaseriesproperties.html#CreateFcn
Areaseries.DeleteFcn   ../ref/areaseriesproperties.html#DeleteFcn
Areaseries.DisplayName   ../ref/areaseriesproperties.html#DisplayName
Areaseries.EdgeColor   ../ref/areaseriesproperties.html#EdgeColor
Areaseries.EraseMode   ../ref/areaseriesproperties.html#EraseMode
Areaseries.FaceColor   ../ref/areaseriesproperties.html#FaceColor
Areaseries.HandleVisibility   ../ref/areaseriesproperties.html#HandleVisibility
Areaseries.HitTest   ../ref/areaseriesproperties.html#HitTest
Areaseries.HitTestArea   ../ref/areaseriesproperties.html#HitTestArea
Areaseries.Interruptible   ../ref/areaseriesproperties.html#Interruptible
Areaseries.LineStyle   ../ref/areaseriesproperties.html#LineStyle
Areaseries.LineWidth   ../ref/areaseriesproperties.html#LineWidth
Areaseries.Parent   ../ref/areaseriesproperties.html#Parent
Areaseries.Selected   ../ref/areaseriesproperties.html#Selected
Areaseries.SelectionHighlight   ../ref/areaseriesproperties.html#SelectionHighlight
Areaseries.Tag   ../ref/areaseriesproperties.html#Tag
Areaseries.Type   ../ref/areaseriesproperties.html#Type
Areaseries.UIContextMenu   ../ref/areaseriesproperties.html#UIContextMenu
Areaseries.UserData   ../ref/areaseriesproperties.html#UserData
Areaseries.Visible   ../ref/areaseriesproperties.html#Visible
Areaseries.XData   ../ref/areaseriesproperties.html#XData
Areaseries.XDataMode   ../ref/areaseriesproperties.html#XDataMode
Areaseries.XDataSource   ../ref/areaseriesproperties.html#XDataSource
Areaseries.YData   ../ref/areaseriesproperties.html#YData
Areaseries.YDataSource   ../ref/areaseriesproperties.html#YDataSource
stretch_to_fill   ../ref/axes.html#stretch_to_fill
../creating_plots/#types_of_graphics_objects   ../ref/axes.html#../creating_plots/#types_of_graphics_objects
axes_props_table   ../ref/axes.html#axes_props_table
Axes.ActivePositionProperty   ../ref/axes_props.html#ActivePositionProperty
Axes.ALim   ../ref/axes_props.html#ALim
Axes.ALimMode   ../ref/axes_props.html#ALimMode
Axes.AmbientLightColor   ../ref/axes_props.html#AmbientLightColor
Axes.AspectRatio   ../ref/axes_props.html#AspectRatio
Axes.BeingDeleted   ../ref/axes_props.html#BeingDeleted
Axes.Box   ../ref/axes_props.html#Box
Axes.BusyAction   ../ref/axes_props.html#BusyAction
Axes.ButtonDownFcn   ../ref/axes_props.html#ButtonDownFcn
Axes.CameraPosition   ../ref/axes_props.html#CameraPosition
Axes.CameraPositionMode   ../ref/axes_props.html#CameraPositionMode
Axes.CameraTarget   ../ref/axes_props.html#CameraTarget
Axes.CameraTargetMode   ../ref/axes_props.html#CameraTargetMode
Axes.CameraUpVector   ../ref/axes_props.html#CameraUpVector
Axes.CameraUpVectorMode   ../ref/axes_props.html#CameraUpVectorMode
Axes.CameraViewAngle   ../ref/axes_props.html#CameraViewAngle
Axes.CameraViewAngleMode   ../ref/axes_props.html#CameraViewAngleMode
Axes.Children   ../ref/axes_props.html#Children
Axes.CLim   ../ref/axes_props.html#CLim
Axes.CLimMode   ../ref/axes_props.html#CLimMode
Axes.Clipping   ../ref/axes_props.html#Clipping
Axes.Color   ../ref/axes_props.html#Color
Axes.ColorOrder   ../ref/axes_props.html#ColorOrder
Axes.CreateFcn   ../ref/axes_props.html#CreateFcn
Axes.CurrentPoint   ../ref/axes_props.html#CurrentPoint
Axes.DataAspectRatio   ../ref/axes_props.html#DataAspectRatio
Axes.DataAspectRatioMode   ../ref/axes_props.html#DataAspectRatioMode
Axes.DeleteFcn   ../ref/axes_props.html#DeleteFcn
Axes.DrawMode   ../ref/axes_props.html#DrawMode
Axes.FontAngle   ../ref/axes_props.html#FontAngle
Axes.FontName   ../ref/axes_props.html#FontName
Axes.FontSize   ../ref/axes_props.html#FontSize
Axes.FontUnits   ../ref/axes_props.html#FontUnits
Axes.FontWeight   ../ref/axes_props.html#FontWeight
Axes.GridLineStyle   ../ref/axes_props.html#GridLineStyle
Axes.HandleVisibility   ../ref/axes_props.html#HandleVisibility
Axes.HitTest   ../ref/axes_props.html#HitTest
Axes.Interruptible   ../ref/axes_props.html#Interruptible
Axes.Layer   ../ref/axes_props.html#Layer
Axes.LineStyleOrder   ../ref/axes_props.html#LineStyleOrder
Axes.LineWidth   ../ref/axes_props.html#LineWidth
Axes.MinorGridLineStyle   ../ref/axes_props.html#MinorGridLineStyle
Axes.NextPlot   ../ref/axes_props.html#NextPlot
Axes.OuterPosition   ../ref/axes_props.html#OuterPosition
Axes.Parent   ../ref/axes_props.html#Parent
Axes.PlotBoxAspectRatio   ../ref/axes_props.html#PlotBoxAspectRatio
Axes.PlotBoxAspectRatioMode   ../ref/axes_props.html#PlotBoxAspectRatioMode
Axes.Position   ../ref/axes_props.html#Position
Axes.Projection   ../ref/axes_props.html#Projection
Axes.Selected   ../ref/axes_props.html#Selected
Axes.SelectionHighlight   ../ref/axes_props.html#SelectionHighlight
Axes.Tag   ../ref/axes_props.html#Tag
Axes.TickDir   ../ref/axes_props.html#TickDir
Axes.TickDirMode   ../ref/axes_props.html#TickDirMode
Axes.TickLength   ../ref/axes_props.html#TickLength
Axes.TightInset   ../ref/axes_props.html#TightInset
Axes.Title   ../ref/axes_props.html#Title
Axes.Type   ../ref/axes_props.html#Type
Axes.UIContextMenu   ../ref/axes_props.html#UIContextMenu
Axes.Units   ../ref/axes_props.html#Units
Axes.UserData   ../ref/axes_props.html#UserData
Axes.View   ../ref/axes_props.html#View
Axes.Visible   ../ref/axes_props.html#Visible
Axes.XAxisLocation   ../ref/axes_props.html#XAxisLocation
Axes.YAxisLocation   ../ref/axes_props.html#YAxisLocation
Axes.XColor   ../ref/axes_props.html#XColor
Axes.YColor   ../ref/axes_props.html#YColor
Axes.ZColor   ../ref/axes_props.html#ZColor
Axes.XDir   ../ref/axes_props.html#XDir
Axes.YDir   ../ref/axes_props.html#YDir
Axes.ZDir   ../ref/axes_props.html#ZDir
Axes.XGrid   ../ref/axes_props.html#XGrid
Axes.YGrid   ../ref/axes_props.html#YGrid
Axes.ZGrid   ../ref/axes_props.html#ZGrid
Axes.XLabel   ../ref/axes_props.html#XLabel
Axes.YLabel   ../ref/axes_props.html#YLabel
Axes.ZLabel   ../ref/axes_props.html#ZLabel
Axes.XLim   ../ref/axes_props.html#XLim
Axes.YLim   ../ref/axes_props.html#YLim
Axes.ZLim   ../ref/axes_props.html#ZLim
Axes.XLimMode   ../ref/axes_props.html#XLimMode
Axes.YLimMode   ../ref/axes_props.html#YLimMode
Axes.ZLimMode   ../ref/axes_props.html#ZLimMode
Axes.XMinorGrid   ../ref/axes_props.html#XMinorGrid
Axes.YMinorGrid   ../ref/axes_props.html#YMinorGrid
Axes.ZMinorGrid   ../ref/axes_props.html#ZMinorGrid
Axes.XMinorTick   ../ref/axes_props.html#XMinorTick
Axes.YMinorTick   ../ref/axes_props.html#YMinorTick
Axes.ZMinorTick   ../ref/axes_props.html#ZMinorTick
Axes.XScale   ../ref/axes_props.html#XScale
Axes.YScale   ../ref/axes_props.html#YScale
Axes.ZScale   ../ref/axes_props.html#ZScale
Axes.XTick   ../ref/axes_props.html#XTick
Axes.YTick   ../ref/axes_props.html#YTick
Axes.ZTick   ../ref/axes_props.html#ZTick
Axes.XTickLabel   ../ref/axes_props.html#XTickLabel
Axes.YTickLabel   ../ref/axes_props.html#YTickLabel
Axes.ZTickLabel   ../ref/axes_props.html#ZTickLabel
Axes.XTickMode   ../ref/axes_props.html#XTickMode
Axes.YTickMode   ../ref/axes_props.html#YTickMode
Axes.ZTickMode   ../ref/axes_props.html#ZTickMode
Axes.XTickLabelMode   ../ref/axes_props.html#XTickLabelMode
Axes.YTickLabelMode   ../ref/axes_props.html#YTickLabelMode
Axes.ZTickLabelMode   ../ref/axes_props.html#ZTickLabelMode
../creating_plots/#plot_objects   ../ref/barseriesproperties.html#../creating_plots/#plot_objects
Barseries.BarLayout   ../ref/barseriesproperties.html#BarLayout
Barseries.BarWidth   ../ref/barseriesproperties.html#BarWidth
Barseries.BaseLine   ../ref/barseriesproperties.html#BaseLine
Barseries.BaseValue   ../ref/barseriesproperties.html#BaseValue
Barseries.BeingDeleted   ../ref/barseriesproperties.html#BeingDeleted
Barseries.BusyAction   ../ref/barseriesproperties.html#BusyAction
Barseries.ButtonDownFcn   ../ref/barseriesproperties.html#ButtonDownFcn
Barseries.Children   ../ref/barseriesproperties.html#Children
Barseries.Clipping   ../ref/barseriesproperties.html#Clipping
Barseries.CreateFcn   ../ref/barseriesproperties.html#CreateFcn
Barseries.DeleteFcn   ../ref/barseriesproperties.html#DeleteFcn
Barseries.DisplayName   ../ref/barseriesproperties.html#DisplayName
Barseries.EdgeColor   ../ref/barseriesproperties.html#EdgeColor
Barseries.EraseMode   ../ref/barseriesproperties.html#EraseMode
Barseries.FaceColor   ../ref/barseriesproperties.html#FaceColor
Barseries.HandleVisibility   ../ref/barseriesproperties.html#HandleVisibility
Barseries.HitTest   ../ref/barseriesproperties.html#HitTest
Barseries.HitTestArea   ../ref/barseriesproperties.html#HitTestArea
Barseries.Interruptible   ../ref/barseriesproperties.html#Interruptible
Barseries.LineStyle   ../ref/barseriesproperties.html#LineStyle
Barseries.LineWidth   ../ref/barseriesproperties.html#LineWidth
Barseries.Parent   ../ref/barseriesproperties.html#Parent
Barseries.Selected   ../ref/barseriesproperties.html#Selected
Barseries.SelectionHighlight   ../ref/barseriesproperties.html#SelectionHighlight
Barseries.ShowBaseLine   ../ref/barseriesproperties.html#ShowBaseLine
Barseries.Tag   ../ref/barseriesproperties.html#Tag
Barseries.Type   ../ref/barseriesproperties.html#Type
Barseries.UIContextMenu   ../ref/barseriesproperties.html#UIContextMenu
Barseries.UserData   ../ref/barseriesproperties.html#UserData
Barseries.Visible   ../ref/barseriesproperties.html#Visible
Barseries.XData   ../ref/barseriesproperties.html#XData
Barseries.XDataMode   ../ref/barseriesproperties.html#XDataMode
Barseries.XDataSource   ../ref/barseriesproperties.html#XDataSource
Barseries.YData   ../ref/barseriesproperties.html#YData
Barseries.YDataSource   ../ref/barseriesproperties.html#YDataSource
how_color_axis_scaling_works   ../ref/caxis.html#how_color_axis_scaling_works
cmapeditor_ref   ../ref/colormapeditor.html#cmapeditor_ref
coneplot_lighting   ../ref/coneplot.html#coneplot_lighting
../ref/surf.html#surface_algorithm   ../ref/contour.html#../ref/surf.html#surface_algorithm
Contourgroup.BeingDeleted   ../ref/contourgroupproperties.html#BeingDeleted
Contourgroup.BusyAction   ../ref/contourgroupproperties.html#BusyAction
Contourgroup.ButtonDownFcn   ../ref/contourgroupproperties.html#ButtonDownFcn
Contourgroup.Children   ../ref/contourgroupproperties.html#Children
Contourgroup.Clipping   ../ref/contourgroupproperties.html#Clipping
Contourgroup.ContourMatrix   ../ref/contourgroupproperties.html#ContourMatrix
Contourgroup.CreateFcn   ../ref/contourgroupproperties.html#CreateFcn
Contourgroup.DeleteFcn   ../ref/contourgroupproperties.html#DeleteFcn
Contourgroup.DisplayName   ../ref/contourgroupproperties.html#DisplayName
Contourgroup.EraseMode   ../ref/contourgroupproperties.html#EraseMode
Contourgroup.Fill   ../ref/contourgroupproperties.html#Fill
Contourgroup.HandleVisibility   ../ref/contourgroupproperties.html#HandleVisibility
Contourgroup.HitTest   ../ref/contourgroupproperties.html#HitTest
Contourgroup.HitTestArea   ../ref/contourgroupproperties.html#HitTestArea
Contourgroup.Interruptible   ../ref/contourgroupproperties.html#Interruptible
Contourgroup.LabelSpacing   ../ref/contourgroupproperties.html#LabelSpacing
Contourgroup.LevelList   ../ref/contourgroupproperties.html#LevelList
Contourgroup.LevelListMode   ../ref/contourgroupproperties.html#LevelListMode
Contourgroup.LevelStep   ../ref/contourgroupproperties.html#LevelStep
Contourgroup.LevelStepMode   ../ref/contourgroupproperties.html#LevelStepMode
Contourgroup.LineColor   ../ref/contourgroupproperties.html#LineColor
Contourgroup.LineStyle   ../ref/contourgroupproperties.html#LineStyle
Contourgroup.LineWidth   ../ref/contourgroupproperties.html#LineWidth
Contourgroup.Parent   ../ref/contourgroupproperties.html#Parent
Contourgroup.Selected   ../ref/contourgroupproperties.html#Selected
Contourgroup.SelectionHighlight   ../ref/contourgroupproperties.html#SelectionHighlight
Contourgroup.ShowText   ../ref/contourgroupproperties.html#ShowText
Contourgroup.Tag   ../ref/contourgroupproperties.html#Tag
Contourgroup.TextList   ../ref/contourgroupproperties.html#TextList
Contourgroup.TextListMode   ../ref/contourgroupproperties.html#TextListMode
Contourgroup.TextStep   ../ref/contourgroupproperties.html#TextStep
Contourgroup.TextStepMode   ../ref/contourgroupproperties.html#TextStepMode
Contourgroup.Type   ../ref/contourgroupproperties.html#Type
Contourgroup.UIContextMenu   ../ref/contourgroupproperties.html#UIContextMenu
Contourgroup.UserData   ../ref/contourgroupproperties.html#UserData
Contourgroup.Visible   ../ref/contourgroupproperties.html#Visible
Contourgroup.XData   ../ref/contourgroupproperties.html#XData
Contourgroup.XDataMode   ../ref/contourgroupproperties.html#XDataMode
Contourgroup.XDataSource   ../ref/contourgroupproperties.html#XDataSource
Contourgroup.YData   ../ref/contourgroupproperties.html#YData
Contourgroup.YDataMode   ../ref/contourgroupproperties.html#YDataMode
Contourgroup.YDataSource   ../ref/contourgroupproperties.html#YDataSource
Contourgroup.ZData   ../ref/contourgroupproperties.html#ZData
Contourgroup.ZDataSource   ../ref/contourgroupproperties.html#ZDataSource
datacursormode.Enabled   ../ref/datacursormode.html#Enabled
datacursormode.SnapToDataVertex   ../ref/datacursormode.html#SnapToDataVertex
datacursormode.DisplayStyle   ../ref/datacursormode.html#DisplayStyle
datacursormode.Updatefcn   ../ref/datacursormode.html#Updatefcn
Errorbarseries.BeingDeleted   ../ref/errorbarseriesproperties.html#BeingDeleted
Errorbarseries.BusyAction   ../ref/errorbarseriesproperties.html#BusyAction
Errorbarseries.ButtonDownFcn   ../ref/errorbarseriesproperties.html#ButtonDownFcn
Errorbarseries.Children   ../ref/errorbarseriesproperties.html#Children
Errorbarseries.Clipping   ../ref/errorbarseriesproperties.html#Clipping
Errorbarseries.Color   ../ref/errorbarseriesproperties.html#Color
Errorbarseries.CreateFcn   ../ref/errorbarseriesproperties.html#CreateFcn
Errorbarseries.DeleteFcn   ../ref/errorbarseriesproperties.html#DeleteFcn
Errorbarseries.DisplayName   ../ref/errorbarseriesproperties.html#DisplayName
Errorbarseries.EraseMode   ../ref/errorbarseriesproperties.html#EraseMode
Errorbarseries.HandleVisibility   ../ref/errorbarseriesproperties.html#HandleVisibility
Errorbarseries.HitTest   ../ref/errorbarseriesproperties.html#HitTest
Errorbarseries.HitTestArea   ../ref/errorbarseriesproperties.html#HitTestArea
Errorbarseries.Interruptible   ../ref/errorbarseriesproperties.html#Interruptible
Errorbarseries.LData   ../ref/errorbarseriesproperties.html#LData
Errorbarseries.Errorbar   ../ref/errorbarseriesproperties.html#Errorbar
Errorbarseries.LDataSource   ../ref/errorbarseriesproperties.html#LDataSource
Errorbarseries.LineStyle   ../ref/errorbarseriesproperties.html#LineStyle
Errorbarseries.LineWidth   ../ref/errorbarseriesproperties.html#LineWidth
Errorbarseries.Marker   ../ref/errorbarseriesproperties.html#Marker
Errorbarseries.MarkerEdgeColor   ../ref/errorbarseriesproperties.html#MarkerEdgeColor
Errorbarseries.MarkerFaceColor   ../ref/errorbarseriesproperties.html#MarkerFaceColor
Errorbarseries.MarkerSize   ../ref/errorbarseriesproperties.html#MarkerSize
Errorbarseries.Parent   ../ref/errorbarseriesproperties.html#Parent
Errorbarseries.Selected   ../ref/errorbarseriesproperties.html#Selected
Errorbarseries.SelectionHighlight   ../ref/errorbarseriesproperties.html#SelectionHighlight
Errorbarseries.Tag   ../ref/errorbarseriesproperties.html#Tag
Errorbarseries.Type   ../ref/errorbarseriesproperties.html#Type
Errorbarseries.UData   ../ref/errorbarseriesproperties.html#UData
Errorbarseries.Errorbar   ../ref/errorbarseriesproperties.html#Errorbar
Errorbarseries.UDataSource   ../ref/errorbarseriesproperties.html#UDataSource
Errorbarseries.UIContextMenu   ../ref/errorbarseriesproperties.html#UIContextMenu
Errorbarseries.UserData   ../ref/errorbarseriesproperties.html#UserData
Errorbarseries.Visible   ../ref/errorbarseriesproperties.html#Visible
Errorbarseries.XData   ../ref/errorbarseriesproperties.html#XData
Errorbarseries.XDataMode   ../ref/errorbarseriesproperties.html#XDataMode
Errorbarseries.XDataSource   ../ref/errorbarseriesproperties.html#XDataSource
Errorbarseries.YData   ../ref/errorbarseriesproperties.html#YData
Errorbarseries.YDataSource   ../ref/errorbarseriesproperties.html#YDataSource
figure_props_table   ../ref/figure.html#figure_props_table
Figure.Alphamap   ../ref/figure_props.html#Alphamap
Figure.BackingStore   ../ref/figure_props.html#BackingStore
Figure.BeingDeleted   ../ref/figure_props.html#BeingDeleted
Figure.BusyAction   ../ref/figure_props.html#BusyAction
Figure.ButtonDownFcn   ../ref/figure_props.html#ButtonDownFcn
Figure.Children   ../ref/figure_props.html#Children
Figure.Clipping   ../ref/figure_props.html#Clipping
Figure.CloseRequestFcn   ../ref/figure_props.html#CloseRequestFcn
Figure.Color   ../ref/figure_props.html#Color
Figure.Colormap   ../ref/figure_props.html#Colormap
Figure.CreateFcn   ../ref/figure_props.html#CreateFcn
Figure.CurrentAxes   ../ref/figure_props.html#CurrentAxes
Figure.CurrentCharacter   ../ref/figure_props.html#CurrentCharacter
CurrentCharacter   ../ref/figure_props.html#CurrentCharacter
Figure.CurrentMenu   ../ref/figure_props.html#CurrentMenu
Figure.CurrentObject   ../ref/figure_props.html#CurrentObject
Figure.CurrentPoint   ../ref/figure_props.html#CurrentPoint
Figure.DeleteFcn   ../ref/figure_props.html#DeleteFcn
Figure.Dithermap   ../ref/figure_props.html#Dithermap
Figure.DithermapMode   ../ref/figure_props.html#DithermapMode
Figure.DockControls   ../ref/figure_props.html#DockControls
Figure.DoubleBuffer   ../ref/figure_props.html#DoubleBuffer
Figure.FileName   ../ref/figure_props.html#FileName
Figure.FixedColors   ../ref/figure_props.html#FixedColors
Figure.HandleVisibility   ../ref/figure_props.html#HandleVisibility
Figure.HitTest   ../ref/figure_props.html#HitTest
Figure.IntegerHandle   ../ref/figure_props.html#IntegerHandle
Figure.Interruptible   ../ref/figure_props.html#Interruptible
Figure.InvertHardcopy   ../ref/figure_props.html#InvertHardcopy
Figure.KeyPressFcn   ../ref/figure_props.html#KeyPressFcn
Figure.MenuBar   ../ref/figure_props.html#MenuBar
Figure.MinColormap   ../ref/figure_props.html#MinColormap
Figure.Name   ../ref/figure_props.html#Name
Figure.NextPlot   ../ref/figure_props.html#NextPlot
Figure.NumberTitle   ../ref/figure_props.html#NumberTitle
Figure.PaperOrientation   ../ref/figure_props.html#PaperOrientation
Figure.PaperPosition   ../ref/figure_props.html#PaperPosition
Figure.PaperPositionMode   ../ref/figure_props.html#PaperPositionMode
Figure.PaperSize   ../ref/figure_props.html#PaperSize
Figure.PaperType   ../ref/figure_props.html#PaperType
property_papertype   ../ref/figure_props.html#property_papertype
Figure.PaperUnits   ../ref/figure_props.html#PaperUnits
Figure.Parent   ../ref/figure_props.html#Parent
Figure.Pointer   ../ref/figure_props.html#Pointer
Figure.PointerShapeCData   ../ref/figure_props.html#PointerShapeCData
Figure.PointerShapeHotSpot   ../ref/figure_props.html#PointerShapeHotSpot
Figure.Position   ../ref/figure_props.html#Position
Figure.Renderer   ../ref/figure_props.html#Renderer
Figure.RendererMode   ../ref/figure_props.html#RendererMode
opengl_autoselection   ../ref/figure_props.html#opengl_autoselection
Figure.Resize   ../ref/figure_props.html#Resize
Figure.ResizeFcn   ../ref/figure_props.html#ResizeFcn
Figure.Selected   ../ref/figure_props.html#Selected
Figure.SelectionHighlight   ../ref/figure_props.html#SelectionHighlight
Figure.SelectionType   ../ref/figure_props.html#SelectionType
Figure.ShareColors   ../ref/figure_props.html#ShareColors
Figure.Tag   ../ref/figure_props.html#Tag
Figure.Toolbar   ../ref/figure_props.html#Toolbar
Figure.Type   ../ref/figure_props.html#Type
Figure.UIContextMenu   ../ref/figure_props.html#UIContextMenu
Figure.Units   ../ref/figure_props.html#Units
Figure.UserData   ../ref/figure_props.html#UserData
Figure.Visible   ../ref/figure_props.html#Visible
Figure.WindowButtonDownFcn   ../ref/figure_props.html#WindowButtonDownFcn
Figure.WindowButtonMotionFcn   ../ref/figure_props.html#WindowButtonMotionFcn
Figure.WindowButtonUpFcn   ../ref/figure_props.html#WindowButtonUpFcn
Figure.WindowStyle   ../ref/figure_props.html#WindowStyle
Figure.WVisual   ../ref/figure_props.html#WVisual
Figure.WVisualMode   ../ref/figure_props.html#WVisualMode
Figure.XDisplay   ../ref/figure_props.html#XDisplay
Figure.XVisual   ../ref/figure_props.html#XVisual
Figure.XVisualMode   ../ref/figure_props.html#XVisualMode
hg_line_help_button   ../ref/hggroup.html#hg_line_help_button
Hggroup.BeingDeleted   ../ref/hggroupproperties.html#BeingDeleted
Hggroup.BusyAction   ../ref/hggroupproperties.html#BusyAction
Hggroup.ButtonDownFcn   ../ref/hggroupproperties.html#ButtonDownFcn
Hggroup.Children   ../ref/hggroupproperties.html#Children
Hggroup.Clipping   ../ref/hggroupproperties.html#Clipping
Hggroup.CreateFcn   ../ref/hggroupproperties.html#CreateFcn
Hggroup.DeleteFcn   ../ref/hggroupproperties.html#DeleteFcn
Hggroup.EraseMode   ../ref/hggroupproperties.html#EraseMode
Hggroup.HandleVisibility   ../ref/hggroupproperties.html#HandleVisibility
Hggroup.HitTest   ../ref/hggroupproperties.html#HitTest
Hggroup.Interruptible   ../ref/hggroupproperties.html#Interruptible
Hggroup.Parent   ../ref/hggroupproperties.html#Parent
Hggroup.Selected   ../ref/hggroupproperties.html#Selected
Hggroup.SelectionHighlight   ../ref/hggroupproperties.html#SelectionHighlight
Hggroup.Tag   ../ref/hggroupproperties.html#Tag
Hggroup.Type   ../ref/hggroupproperties.html#Type
Hggroup.UIContextMenu   ../ref/hggroupproperties.html#UIContextMenu
Hggroup.UserData   ../ref/hggroupproperties.html#UserData
Hggroup.Visible   ../ref/hggroupproperties.html#Visible
axes_props_table   ../ref/hgtransform.html#axes_props_table
Hgtransform.BeingDeleted   ../ref/hgtransformproperties.html#BeingDeleted
Hgtransform.BusyAction   ../ref/hgtransformproperties.html#BusyAction
Hgtransform.ButtonDownFcn   ../ref/hgtransformproperties.html#ButtonDownFcn
Hgtransform.Children   ../ref/hgtransformproperties.html#Children
Hgtransform.Clipping   ../ref/hgtransformproperties.html#Clipping
Hgtransform.CreateFcn   ../ref/hgtransformproperties.html#CreateFcn
Hgtransform.DeleteFcn   ../ref/hgtransformproperties.html#DeleteFcn
Hgtransform.EraseMode   ../ref/hgtransformproperties.html#EraseMode
Hgtransform.HandleVisibility   ../ref/hgtransformproperties.html#HandleVisibility
Hgtransform.HitTest   ../ref/hgtransformproperties.html#HitTest
Hgtransform.Interruptible   ../ref/hgtransformproperties.html#Interruptible
Hgtransform.Matrix   ../ref/hgtransformproperties.html#Matrix
Hgtransform.Parent   ../ref/hgtransformproperties.html#Parent
Hgtransform.Selected   ../ref/hgtransformproperties.html#Selected
Hgtransform.SelectionHighlight   ../ref/hgtransformproperties.html#SelectionHighlight
Hgtransform.Tag   ../ref/hgtransformproperties.html#Tag
Hgtransform.Type   ../ref/hgtransformproperties.html#Type
Hgtransform.UIContextMenu   ../ref/hgtransformproperties.html#UIContextMenu
Hgtransform.UserData   ../ref/hgtransformproperties.html#UserData
Hgtransform.Visible   ../ref/hgtransformproperties.html#Visible
Image.AlphaData   ../ref/image_props.html#AlphaData
Image.AlphaDataMapping   ../ref/image_props.html#AlphaDataMapping
Image.BeingDeleted   ../ref/image_props.html#BeingDeleted
Image.BusyAction   ../ref/image_props.html#BusyAction
Image.ButtonDownFcn   ../ref/image_props.html#ButtonDownFcn
Image.CData   ../ref/image_props.html#CData
Image.CDataMapping   ../ref/image_props.html#CDataMapping
Image.Children   ../ref/image_props.html#Children
Image.Clipping   ../ref/image_props.html#Clipping
Image.CreateFcn   ../ref/image_props.html#CreateFcn
Image.DeleteFcn   ../ref/image_props.html#DeleteFcn
Image.EraseMode   ../ref/image_props.html#EraseMode
Image.HandleVisibility   ../ref/image_props.html#HandleVisibility
Image.HitTest   ../ref/image_props.html#HitTest
Image.Interruptible   ../ref/image_props.html#Interruptible
Image.Parent   ../ref/image_props.html#Parent
Image.Selected   ../ref/image_props.html#Selected
Image.SelectionHighlight   ../ref/image_props.html#SelectionHighlight
Image.Tag   ../ref/image_props.html#Tag
Image.Type   ../ref/image_props.html#Type
Image.UIContextMenu   ../ref/image_props.html#UIContextMenu
Image.UserData   ../ref/image_props.html#UserData
Image.Visible   ../ref/image_props.html#Visible
Image.XData   ../ref/image_props.html#XData
Image.YData   ../ref/image_props.html#YData
Light.BeingDeleted   ../ref/light_props.html#BeingDeleted
Light.BusyAction   ../ref/light_props.html#BusyAction
Light.ButtonDownFcn   ../ref/light_props.html#ButtonDownFcn
Light.Children   ../ref/light_props.html#Children
Light.Clipping   ../ref/light_props.html#Clipping
Light.Color   ../ref/light_props.html#Color
Light.CreateFcn   ../ref/light_props.html#CreateFcn
Light.DeleteFcn   ../ref/light_props.html#DeleteFcn
Light.HandleVisibility   ../ref/light_props.html#HandleVisibility
Light.HitTest   ../ref/light_props.html#HitTest
Light.Interruptible   ../ref/light_props.html#Interruptible
Light.Parent   ../ref/light_props.html#Parent
Light.Position   ../ref/light_props.html#Position
Light.Selected   ../ref/light_props.html#Selected
Light.SelectionHighlight   ../ref/light_props.html#SelectionHighlight
Light.Style   ../ref/light_props.html#Style
Light.Tag   ../ref/light_props.html#Tag
Light.Type   ../ref/light_props.html#Type
Light.UIContextMenu   ../ref/light_props.html#UIContextMenu
Light.UserData   ../ref/light_props.html#UserData
Light.Visible   ../ref/light_props.html#Visible
hg_line_help_button   ../ref/line.html#hg_line_help_button
Line.BeingDeleted   ../ref/line_props.html#BeingDeleted
Line.BusyAction   ../ref/line_props.html#BusyAction
Line.ButtonDownFcn   ../ref/line_props.html#ButtonDownFcn
Line.Children   ../ref/line_props.html#Children
Line.Clipping   ../ref/line_props.html#Clipping
Line.Color   ../ref/line_props.html#Color
Line.CreateFcn   ../ref/line_props.html#CreateFcn
Line.DeleteFcn   ../ref/line_props.html#DeleteFcn
Line.EraseMode   ../ref/line_props.html#EraseMode
Line.HitTest   ../ref/line_props.html#HitTest
Line.HandleVisibility   ../ref/line_props.html#HandleVisibility
Line.Interruptible   ../ref/line_props.html#Interruptible
Line.LineStyle   ../ref/line_props.html#LineStyle
Line.LineWidth   ../ref/line_props.html#LineWidth
Line.Marker   ../ref/line_props.html#Marker
Line.MarkerEdgeColor   ../ref/line_props.html#MarkerEdgeColor
Line.MarkerFaceColor   ../ref/line_props.html#MarkerFaceColor
Line.MarkerSize   ../ref/line_props.html#MarkerSize
Line.Parent   ../ref/line_props.html#Parent
Line.Selected   ../ref/line_props.html#Selected
Line.SelectionHighlight   ../ref/line_props.html#SelectionHighlight
Line.Tag   ../ref/line_props.html#Tag
Line.Type   ../ref/line_props.html#Type
Line.UIContextMenu   ../ref/line_props.html#UIContextMenu
Line.UserData   ../ref/line_props.html#UserData
Line.Visible   ../ref/line_props.html#Visible
Line.XData   ../ref/line_props.html#XData
Line.YData   ../ref/line_props.html#YData
Line.ZData   ../ref/line_props.html#ZData
Lineseries.BeingDeleted   ../ref/lineseriesproperties.html#BeingDeleted
Lineseries.BusyAction   ../ref/lineseriesproperties.html#BusyAction
Lineseries.ButtonDownFcn   ../ref/lineseriesproperties.html#ButtonDownFcn
Lineseries.Children   ../ref/lineseriesproperties.html#Children
Lineseries.Clipping   ../ref/lineseriesproperties.html#Clipping
Lineseries.Color   ../ref/lineseriesproperties.html#Color
Lineseries.CreateFcn   ../ref/lineseriesproperties.html#CreateFcn
Lineseries.DeleteFcn   ../ref/lineseriesproperties.html#DeleteFcn
Lineseries.DisplayName   ../ref/lineseriesproperties.html#DisplayName
Lineseries.EraseMode   ../ref/lineseriesproperties.html#EraseMode
Lineseries.HitTest   ../ref/lineseriesproperties.html#HitTest
Lineseries.HandleVisibility   ../ref/lineseriesproperties.html#HandleVisibility
Lineseries.Interruptible   ../ref/lineseriesproperties.html#Interruptible
Lineseries.LineStyle   ../ref/lineseriesproperties.html#LineStyle
Lineseries.LineWidth   ../ref/lineseriesproperties.html#LineWidth
Lineseries.Marker   ../ref/lineseriesproperties.html#Marker
Lineseries.MarkerEdgeColor   ../ref/lineseriesproperties.html#MarkerEdgeColor
Lineseries.MarkerFaceColor   ../ref/lineseriesproperties.html#MarkerFaceColor
Lineseries.MarkerSize   ../ref/lineseriesproperties.html#MarkerSize
Lineseries.Parent   ../ref/lineseriesproperties.html#Parent
Lineseries.Selected   ../ref/lineseriesproperties.html#Selected
Lineseries.SelectionHighlight   ../ref/lineseriesproperties.html#SelectionHighlight
Lineseries.Tag   ../ref/lineseriesproperties.html#Tag
Lineseries.Type   ../ref/lineseriesproperties.html#Type
Lineseries.UIContextMenu   ../ref/lineseriesproperties.html#UIContextMenu
Lineseries.UserData   ../ref/lineseriesproperties.html#UserData
Lineseries.Visible   ../ref/lineseriesproperties.html#Visible
Lineseries.XData   ../ref/lineseriesproperties.html#XData
Lineseries.XDataMode   ../ref/lineseriesproperties.html#XDataMode
Lineseries.XDataSource   ../ref/lineseriesproperties.html#XDataSource
Lineseries.YData   ../ref/lineseriesproperties.html#YData
Lineseries.YDataSource   ../ref/lineseriesproperties.html#YDataSource
Lineseries.ZData   ../ref/lineseriesproperties.html#ZData
Lineseries.ZDataSource   ../ref/lineseriesproperties.html#ZDataSource
Patch.AlphaDataMapping   ../ref/patch_props.html#AlphaDataMapping
Patch.AmbientStrength   ../ref/patch_props.html#AmbientStrength
Patch.BackFaceLighting   ../ref/patch_props.html#BackFaceLighting
Patch.BeingDeleted   ../ref/patch_props.html#BeingDeleted
Patch.BusyAction   ../ref/patch_props.html#BusyAction
Patch.ButtonDownFcn   ../ref/patch_props.html#ButtonDownFcn
Patch.CData   ../ref/patch_props.html#CData
Patch.CDataMapping   ../ref/patch_props.html#CDataMapping
Patch.Children   ../ref/patch_props.html#Children
Patch.Clipping   ../ref/patch_props.html#Clipping
Patch.CreateFcn   ../ref/patch_props.html#CreateFcn
Patch.DeleteFcn   ../ref/patch_props.html#DeleteFcn
Patch.DiffuseStrength   ../ref/patch_props.html#DiffuseStrength
Patch.EdgeAlpha   ../ref/patch_props.html#EdgeAlpha
Patch.EdgeColor   ../ref/patch_props.html#EdgeColor
Patch.EdgeLighting   ../ref/patch_props.html#EdgeLighting
Patch.EraseMode   ../ref/patch_props.html#EraseMode
Patch.FaceAlpha   ../ref/patch_props.html#FaceAlpha
Patch.FaceColor   ../ref/patch_props.html#FaceColor
Patch.FaceLighting   ../ref/patch_props.html#FaceLighting
Patch.Faces   ../ref/patch_props.html#Faces
Patch.FaceVertexAlphaData   ../ref/patch_props.html#FaceVertexAlphaData
Patch.FaceVertexCData   ../ref/patch_props.html#FaceVertexCData
Patch.HandleVisibility   ../ref/patch_props.html#HandleVisibility
Patch.HitTest   ../ref/patch_props.html#HitTest
Patch.Interruptible   ../ref/patch_props.html#Interruptible
Patch.LineStyle   ../ref/patch_props.html#LineStyle
Patch.LineWidth   ../ref/patch_props.html#LineWidth
Patch.Marker   ../ref/patch_props.html#Marker
Patch.MarkerEdgeColor   ../ref/patch_props.html#MarkerEdgeColor
Patch.MarkerFaceColor   ../ref/patch_props.html#MarkerFaceColor
Patch.MarkerSize   ../ref/patch_props.html#MarkerSize
Patch.NormalMode   ../ref/patch_props.html#NormalMode
Patch.Parent   ../ref/patch_props.html#Parent
Patch.Selected   ../ref/patch_props.html#Selected
Patch.SelectionHighlight   ../ref/patch_props.html#SelectionHighlight
Patch.SpecularColorReflectance   ../ref/patch_props.html#SpecularColorReflectance
Patch.SpecularExponent   ../ref/patch_props.html#SpecularExponent
Patch.SpecularStrength   ../ref/patch_props.html#SpecularStrength
Patch.Tag   ../ref/patch_props.html#Tag
Patch.Type   ../ref/patch_props.html#Type
Patch.UIContextMenu   ../ref/patch_props.html#UIContextMenu
Patch.UserData   ../ref/patch_props.html#UserData
Patch.VertexNormals   ../ref/patch_props.html#VertexNormals
Patch.Vertices   ../ref/patch_props.html#Vertices
Patch.Visible   ../ref/patch_props.html#Visible
Patch.XData   ../ref/patch_props.html#XData
Patch.YData   ../ref/patch_props.html#YData
Patch.ZData   ../ref/patch_props.html#ZData
devices_target   ../ref/print.html#devices_target
drivers   ../ref/print.html#drivers
graphics_format_files   ../ref/print.html#graphics_format_files
export_formats   ../ref/print.html#export_formats
options_target   ../ref/print.html#options_target
print_paper_size   ../ref/print.html#print_paper_size
print_paper_size_table   ../ref/print.html#print_paper_size_table
batch_processing_target   ../ref/print.html#batch_processing_target
Quivergroup.AutoScale   ../ref/quivergroupproperties.html#AutoScale
Quivergroup.AutoScaleFactor   ../ref/quivergroupproperties.html#AutoScaleFactor
Quivergroup.BeingDeleted   ../ref/quivergroupproperties.html#BeingDeleted
Quivergroup.BusyAction   ../ref/quivergroupproperties.html#BusyAction
Quivergroup.ButtonDownFcn   ../ref/quivergroupproperties.html#ButtonDownFcn
Quivergroup.Children   ../ref/quivergroupproperties.html#Children
Quivergroup.Clipping   ../ref/quivergroupproperties.html#Clipping
Quivergroup.Color   ../ref/quivergroupproperties.html#Color
Quivergroup.CreateFcn   ../ref/quivergroupproperties.html#CreateFcn
Quivergroup.DeleteFcn   ../ref/quivergroupproperties.html#DeleteFcn
Quivergroup.DisplayName   ../ref/quivergroupproperties.html#DisplayName
Quivergroup.EraseMode   ../ref/quivergroupproperties.html#EraseMode
Quivergroup.HandleVisibility   ../ref/quivergroupproperties.html#HandleVisibility
Quivergroup.HitTest   ../ref/quivergroupproperties.html#HitTest
Quivergroup.HitTestArea   ../ref/quivergroupproperties.html#HitTestArea
Quivergroup.Interruptible   ../ref/quivergroupproperties.html#Interruptible
Quivergroup.LineStyle   ../ref/quivergroupproperties.html#LineStyle
Quivergroup.LineWidth   ../ref/quivergroupproperties.html#LineWidth
Quivergroup.Marker   ../ref/quivergroupproperties.html#Marker
Quivergroup.MarkerEdgeColor   ../ref/quivergroupproperties.html#MarkerEdgeColor
Quivergroup.MarkerFaceColor   ../ref/quivergroupproperties.html#MarkerFaceColor
Quivergroup.MarkerSize   ../ref/quivergroupproperties.html#MarkerSize
Quivergroup.MaxHeadSize   ../ref/quivergroupproperties.html#MaxHeadSize
Quivergroup.Parent   ../ref/quivergroupproperties.html#Parent
Quivergroup.Selected   ../ref/quivergroupproperties.html#Selected
Quivergroup.SelectionHighlight   ../ref/quivergroupproperties.html#SelectionHighlight
Quivergroup.ShowArrowHead   ../ref/quivergroupproperties.html#ShowArrowHead
Quivergroup.Tag   ../ref/quivergroupproperties.html#Tag
Quivergroup.Type   ../ref/quivergroupproperties.html#Type
Quivergroup.UIContextMenu   ../ref/quivergroupproperties.html#UIContextMenu
Quivergroup.UserData   ../ref/quivergroupproperties.html#UserData
Quivergroup.Visible   ../ref/quivergroupproperties.html#Visible
Quivergroup.UData   ../ref/quivergroupproperties.html#UData
Quivergroup.UDataSource   ../ref/quivergroupproperties.html#UDataSource
Quivergroup.VData   ../ref/quivergroupproperties.html#VData
Quivergroup.VDataSource   ../ref/quivergroupproperties.html#VDataSource
Quivergroup.WData   ../ref/quivergroupproperties.html#WData
Quivergroup.WDataSource   ../ref/quivergroupproperties.html#WDataSource
Quivergroup.XData   ../ref/quivergroupproperties.html#XData
Quivergroup.XDataMode   ../ref/quivergroupproperties.html#XDataMode
Quivergroup.XDataSource   ../ref/quivergroupproperties.html#XDataSource
Quivergroup.YData   ../ref/quivergroupproperties.html#YData
Quivergroup.YDataMode   ../ref/quivergroupproperties.html#YDataMode
Quivergroup.YDataSource   ../ref/quivergroupproperties.html#YDataSource
Quivergroup.ZData   ../ref/quivergroupproperties.html#ZData
Rectangle   ../ref/properties.BeingDeleted   ../ref/rectangle_props.html#BeingDeleted
Rectangle   ../ref/properties.BusyAction   ../ref/rectangle_props.html#BusyAction
Rectangle   ../ref/properties.ButtonDownFcn   ../ref/rectangle_props.html#ButtonDownFcn
Rectangle   ../ref/properties.Children   ../ref/rectangle_props.html#Children
Rectangle   ../ref/properties.Clipping   ../ref/rectangle_props.html#Clipping
Rectangle   ../ref/properties.CreateFcn   ../ref/rectangle_props.html#CreateFcn
Rectangle   ../ref/properties.Curvature   ../ref/rectangle_props.html#Curvature
Rectangle   ../ref/properties.DeleteFcn   ../ref/rectangle_props.html#DeleteFcn
Rectangle   ../ref/properties.EdgeColor   ../ref/rectangle_props.html#EdgeColor
Rectangle   ../ref/properties.EraseMode   ../ref/rectangle_props.html#EraseMode
Rectangle   ../ref/properties.FaceColor   ../ref/rectangle_props.html#FaceColor
Rectangle   ../ref/properties.HandleVisibility   ../ref/rectangle_props.html#HandleVisibility
Rectangle   ../ref/properties.HitTest   ../ref/rectangle_props.html#HitTest
Rectangle   ../ref/properties.Interruptible   ../ref/rectangle_props.html#Interruptible
Rectangle   ../ref/properties.LineStyle   ../ref/rectangle_props.html#LineStyle
Rectangle   ../ref/properties.LineWidth   ../ref/rectangle_props.html#LineWidth
Rectangle   ../ref/properties.Parent   ../ref/rectangle_props.html#Parent
Rectangle   ../ref/properties.Position   ../ref/rectangle_props.html#Position
Rectangle   ../ref/properties.Selected   ../ref/rectangle_props.html#Selected
Rectangle   ../ref/properties.SelectionHighlight   ../ref/rectangle_props.html#SelectionHighlight
Rectangle   ../ref/properties.Tag   ../ref/rectangle_props.html#Tag
Rectangle   ../ref/properties.Type   ../ref/rectangle_props.html#Type
Rectangle   ../ref/properties.UIContextMenu   ../ref/rectangle_props.html#UIContextMenu
Rectangle   ../ref/properties.UserData   ../ref/rectangle_props.html#UserData
Rectangle   ../ref/properties.Visible   ../ref/rectangle_props.html#Visible
Root.BusyAction   ../ref/rootobject_props.html#BusyAction
Root.ButtonDownFcn   ../ref/rootobject_props.html#ButtonDownFcn
Root.CallbackObject   ../ref/rootobject_props.html#CallbackObject
Root.CaptureMatrix   ../ref/rootobject_props.html#CaptureMatrix
Root.CaptureRect   ../ref/rootobject_props.html#CaptureRect
Root.Children   ../ref/rootobject_props.html#Children
Root.Clipping   ../ref/rootobject_props.html#Clipping
Root.CommandWindowSize   ../ref/rootobject_props.html#CommandWindowSize
Root.CreateFcn   ../ref/rootobject_props.html#CreateFcn
Root.CurrentFigure   ../ref/rootobject_props.html#CurrentFigure
Root.DeleteFcn   ../ref/rootobject_props.html#DeleteFcn
Root.Diary   ../ref/rootobject_props.html#Diary
Root.DiaryFile   ../ref/rootobject_props.html#DiaryFile
Root.Echo   ../ref/rootobject_props.html#Echo
Root.ErrorMessage   ../ref/rootobject_props.html#ErrorMessage
Root.FixedWidthFontName   ../ref/rootobject_props.html#FixedWidthFontName
Root.Format   ../ref/rootobject_props.html#Format
Root.FormatSpacing   ../ref/rootobject_props.html#FormatSpacing
Root.HandleVisibility   ../ref/rootobject_props.html#HandleVisibility
Root.HitTest   ../ref/rootobject_props.html#HitTest
Root.Interruptible   ../ref/rootobject_props.html#Interruptible
Root.Language   ../ref/rootobject_props.html#Language
Root.MonitorPosition   ../ref/rootobject_props.html#MonitorPosition
Root.Parent   ../ref/rootobject_props.html#Parent
Root.PointerLocation   ../ref/rootobject_props.html#PointerLocation
Root.PointerWindow   ../ref/rootobject_props.html#PointerWindow
Root.RecursionLimit   ../ref/rootobject_props.html#RecursionLimit
Root.ScreenDepth   ../ref/rootobject_props.html#ScreenDepth
Root.ScreenSize   ../ref/rootobject_props.html#ScreenSize
Root.Selected   ../ref/rootobject_props.html#Selected
Root.SelectionHighlight   ../ref/rootobject_props.html#SelectionHighlight
Root.ShowHiddenHandles   ../ref/rootobject_props.html#ShowHiddenHandles
Root.Tag   ../ref/rootobject_props.html#Tag
Root.Type   ../ref/rootobject_props.html#Type
Root.UIContextMenu   ../ref/rootobject_props.html#UIContextMenu
Root.Units   ../ref/rootobject_props.html#Units
Root.UserData   ../ref/rootobject_props.html#UserData
Root.Visible   ../ref/rootobject_props.html#Visible
Scattergroup.BeingDeleted   ../ref/scattergroupproperties.html#BeingDeleted
Scattergroup.BusyAction   ../ref/scattergroupproperties.html#BusyAction
Scattergroup.ButtonDownFcn   ../ref/scattergroupproperties.html#ButtonDownFcn
Scattergroup.CData   ../ref/scattergroupproperties.html#CData
Scattergroup.CDataSource   ../ref/scattergroupproperties.html#CDataSource
Scattergroup.Children   ../ref/scattergroupproperties.html#Children
Scattergroup.Clipping   ../ref/scattergroupproperties.html#Clipping
Scattergroup.CreateFcn   ../ref/scattergroupproperties.html#CreateFcn
Scattergroup.DeleteFcn   ../ref/scattergroupproperties.html#DeleteFcn
Scattergroup.DisplayName   ../ref/scattergroupproperties.html#DisplayName
Scattergroup.EraseMode   ../ref/scattergroupproperties.html#EraseMode
Scattergroup.HandleVisibility   ../ref/scattergroupproperties.html#HandleVisibility
Scattergroup.HitTest   ../ref/scattergroupproperties.html#HitTest
Scattergroup.HitTestArea   ../ref/scattergroupproperties.html#HitTestArea
Scattergroup.Interruptible   ../ref/scattergroupproperties.html#Interruptible
Scattergroup.LineWidth   ../ref/scattergroupproperties.html#LineWidth
Scattergroup.Marker   ../ref/scattergroupproperties.html#Marker
Scattergroup.MarkerEdgeColor   ../ref/scattergroupproperties.html#MarkerEdgeColor
Scattergroup.MarkerFaceColor   ../ref/scattergroupproperties.html#MarkerFaceColor
Scattergroup.Parent   ../ref/scattergroupproperties.html#Parent
Scattergroup.Selected   ../ref/scattergroupproperties.html#Selected
Scattergroup.SelectionHighlight   ../ref/scattergroupproperties.html#SelectionHighlight
Scattergroup.SizeData   ../ref/scattergroupproperties.html#SizeData
Scattergroup.Tag   ../ref/scattergroupproperties.html#Tag
Scattergroup.Type   ../ref/scattergroupproperties.html#Type
Scattergroup.UIContextMenu   ../ref/scattergroupproperties.html#UIContextMenu
Scattergroup.UserData   ../ref/scattergroupproperties.html#UserData
Scattergroup.Visible   ../ref/scattergroupproperties.html#Visible
Scattergroup.XData   ../ref/scattergroupproperties.html#XData
Scattergroup.XDataSource   ../ref/scattergroupproperties.html#XDataSource
Scattergroup.YData   ../ref/scattergroupproperties.html#YData
Scattergroup.YDataSource   ../ref/scattergroupproperties.html#YDataSource
Scattergroup.ZData   ../ref/scattergroupproperties.html#ZData
Scattergroup.ZDataSource   ../ref/scattergroupproperties.html#ZDataSource
Stairseries.BeingDeleted   ../ref/stairseriesproperties.html#BeingDeleted
Stairseries.BusyAction   ../ref/stairseriesproperties.html#BusyAction
Stairseries.ButtonDownFcn   ../ref/stairseriesproperties.html#ButtonDownFcn
Stairseries.Children   ../ref/stairseriesproperties.html#Children
Stairseries.Clipping   ../ref/stairseriesproperties.html#Clipping
Stairseries.Color   ../ref/stairseriesproperties.html#Color
Stairseries.CreateFcn   ../ref/stairseriesproperties.html#CreateFcn
Stairseries.DeleteFcn   ../ref/stairseriesproperties.html#DeleteFcn
Stairseries.DisplayName   ../ref/stairseriesproperties.html#DisplayName
Stairseries.EraseMode   ../ref/stairseriesproperties.html#EraseMode
Stairseries.HandleVisibility   ../ref/stairseriesproperties.html#HandleVisibility
Stairseries.HitTest   ../ref/stairseriesproperties.html#HitTest
Stairseries.HitTestArea   ../ref/stairseriesproperties.html#HitTestArea
Stairseries.Interruptible   ../ref/stairseriesproperties.html#Interruptible
Stairseries.LineStyle   ../ref/stairseriesproperties.html#LineStyle
Stairseries.LineWidth   ../ref/stairseriesproperties.html#LineWidth
Stairseries.Marker   ../ref/stairseriesproperties.html#Marker
Stairseries.MarkerEdgeColor   ../ref/stairseriesproperties.html#MarkerEdgeColor
Stairseries.MarkerFaceColor   ../ref/stairseriesproperties.html#MarkerFaceColor
Stairseries.MarkerSize   ../ref/stairseriesproperties.html#MarkerSize
Stairseries.Parent   ../ref/stairseriesproperties.html#Parent
Stairseries.Selected   ../ref/stairseriesproperties.html#Selected
Stairseries.SelectionHighlight   ../ref/stairseriesproperties.html#SelectionHighlight
Stairseries.Tag   ../ref/stairseriesproperties.html#Tag
Stairseries.Type   ../ref/stairseriesproperties.html#Type
Stairseries.UIContextMenu   ../ref/stairseriesproperties.html#UIContextMenu
Stairseries.UserData   ../ref/stairseriesproperties.html#UserData
Stairseries.Visible   ../ref/stairseriesproperties.html#Visible
Stairseries.XData   ../ref/stairseriesproperties.html#XData
Stairseries.XDataMode   ../ref/stairseriesproperties.html#XDataMode
Stairseries.XDataSource   ../ref/stairseriesproperties.html#XDataSource
Stairseries.YData   ../ref/stairseriesproperties.html#YData
Stairseries.YDataSource   ../ref/stairseriesproperties.html#YDataSource
Stemseries.BaseLine   ../ref/stemseriesproperties.html#BaseLine
Stemseries.BaseValue   ../ref/stemseriesproperties.html#BaseValue
Stemseries.BeingDeleted   ../ref/stemseriesproperties.html#BeingDeleted
Stemseries.BusyAction   ../ref/stemseriesproperties.html#BusyAction
Stemseries.ButtonDownFcn   ../ref/stemseriesproperties.html#ButtonDownFcn
Stemseries.Children   ../ref/stemseriesproperties.html#Children
Stemseries.Clipping   ../ref/stemseriesproperties.html#Clipping
Stemseries.Color   ../ref/stemseriesproperties.html#Color
Stemseries.CreateFcn   ../ref/stemseriesproperties.html#CreateFcn
Stemseries.DeleteFcn   ../ref/stemseriesproperties.html#DeleteFcn
Stemseries.DisplayName   ../ref/stemseriesproperties.html#DisplayName
Stemseries.EraseMode   ../ref/stemseriesproperties.html#EraseMode
Stemseries.HandleVisibility   ../ref/stemseriesproperties.html#HandleVisibility
Stemseries.HitTest   ../ref/stemseriesproperties.html#HitTest
Stemseries.HitTestArea   ../ref/stemseriesproperties.html#HitTestArea
Stemseries.Interruptible   ../ref/stemseriesproperties.html#Interruptible
Stemseries.LineStyle   ../ref/stemseriesproperties.html#LineStyle
Stemseries.LineWidth   ../ref/stemseriesproperties.html#LineWidth
Stemseries.Marker   ../ref/stemseriesproperties.html#Marker
Stemseries.MarkerEdgeColor   ../ref/stemseriesproperties.html#MarkerEdgeColor
Stemseries.MarkerFaceColor   ../ref/stemseriesproperties.html#MarkerFaceColor
Stemseries.MarkerSize   ../ref/stemseriesproperties.html#MarkerSize
Stemseries.Parent   ../ref/stemseriesproperties.html#Parent
Stemseries.Selected   ../ref/stemseriesproperties.html#Selected
Stemseries.SelectionHighlight   ../ref/stemseriesproperties.html#SelectionHighlight
Stemseries.ShowBaseLine   ../ref/stemseriesproperties.html#ShowBaseLine
Stemseries.Tag   ../ref/stemseriesproperties.html#Tag
Stemseries.Type   ../ref/stemseriesproperties.html#Type
Stemseries.UIContextMenu   ../ref/stemseriesproperties.html#UIContextMenu
Stemseries.UserData   ../ref/stemseriesproperties.html#UserData
Stemseries.Visible   ../ref/stemseriesproperties.html#Visible
Stemseries.XData   ../ref/stemseriesproperties.html#XData
Stemseries.XDataMode   ../ref/stemseriesproperties.html#XDataMode
Stemseries.XDataSource   ../ref/stemseriesproperties.html#XDataSource
Stemseries.YData   ../ref/stemseriesproperties.html#YData
Stemseries.YDataSource   ../ref/stemseriesproperties.html#YDataSource
Stemseries.ZData   ../ref/stemseriesproperties.html#ZData
Stemseries.ZDataSource   ../ref/stemseriesproperties.html#ZDataSource
surface_algorithm   ../ref/surf.html#surface_algorithm
surface_description   ../ref/surface.html#surface_description
Surface.AlphaData   ../ref/surface_props.html#AlphaData
Surface.AlphaDataMapping   ../ref/surface_props.html#AlphaDataMapping
Surface.AmbientStrength   ../ref/surface_props.html#AmbientStrength
Surface.BackFaceLighting   ../ref/surface_props.html#BackFaceLighting
Surface.BeingDeleted   ../ref/surface_props.html#BeingDeleted
Surface.BusyAction   ../ref/surface_props.html#BusyAction
Surface.ButtonDownFcn   ../ref/surface_props.html#ButtonDownFcn
Surface.CData   ../ref/surface_props.html#CData
Surface.CDataMapping   ../ref/surface_props.html#CDataMapping
Surface.Children   ../ref/surface_props.html#Children
Surface.Clipping   ../ref/surface_props.html#Clipping
Surface.CreateFcn   ../ref/surface_props.html#CreateFcn
Surface.DeleteFcn   ../ref/surface_props.html#DeleteFcn
Surface.DiffuseStrength   ../ref/surface_props.html#DiffuseStrength
Surface.EdgeAlpha   ../ref/surface_props.html#EdgeAlpha
Surface.EdgeColor   ../ref/surface_props.html#EdgeColor
Surface.EdgeLighting   ../ref/surface_props.html#EdgeLighting
Surface.EraseMode   ../ref/surface_props.html#EraseMode
Surface.FaceAlpha   ../ref/surface_props.html#FaceAlpha
Surface.FaceColor   ../ref/surface_props.html#FaceColor
Surface.FaceLighting   ../ref/surface_props.html#FaceLighting
Surface.HandleVisibility   ../ref/surface_props.html#HandleVisibility
Surface.HitTest   ../ref/surface_props.html#HitTest
Surface.Interruptible   ../ref/surface_props.html#Interruptible
Surface.LineStyle   ../ref/surface_props.html#LineStyle
Surface.LineWidth   ../ref/surface_props.html#LineWidth
Surface.Marker   ../ref/surface_props.html#Marker
Surface.MarkerEdgeColor   ../ref/surface_props.html#MarkerEdgeColor
Surface.MarkerFaceColor   ../ref/surface_props.html#MarkerFaceColor
Surface.MarkerSize   ../ref/surface_props.html#MarkerSize
Surface.MeshStyle   ../ref/surface_props.html#MeshStyle
Surface.NormalMode   ../ref/surface_props.html#NormalMode
Surface.Parent   ../ref/surface_props.html#Parent
Surface.Selected   ../ref/surface_props.html#Selected
Surface.SelectionHighlight   ../ref/surface_props.html#SelectionHighlight
Surface.SpecularColorReflectance   ../ref/surface_props.html#SpecularColorReflectance
Surface.SpecularExponent   ../ref/surface_props.html#SpecularExponent
Surface.SpecularStrength   ../ref/surface_props.html#SpecularStrength
Surface.Tag   ../ref/surface_props.html#Tag
Surface.Type   ../ref/surface_props.html#Type
Surface.UIContextMenu   ../ref/surface_props.html#UIContextMenu
Surface.UserData   ../ref/surface_props.html#UserData
Surface.VertexNormals   ../ref/surface_props.html#VertexNormals
Surface.Visible   ../ref/surface_props.html#Visible
Surface.XData   ../ref/surface_props.html#XData
Surface.YData   ../ref/surface_props.html#YData
Surface.ZData   ../ref/surface_props.html#ZData
Surfaceplot.AlphaData   ../ref/surfaceplotproperties.html#AlphaData
Surfaceplot.AlphaDataMapping   ../ref/surfaceplotproperties.html#AlphaDataMapping
Surfaceplot.AmbientStrength   ../ref/surfaceplotproperties.html#AmbientStrength
Surfaceplot.BackFaceLighting   ../ref/surfaceplotproperties.html#BackFaceLighting
Surfaceplot.BeingDeleted   ../ref/surfaceplotproperties.html#BeingDeleted
Surfaceplot.BusyAction   ../ref/surfaceplotproperties.html#BusyAction
Surfaceplot.ButtonDownFcn   ../ref/surfaceplotproperties.html#ButtonDownFcn
Surfaceplot.CData   ../ref/surfaceplotproperties.html#CData
Surfaceplot.CDataMapping   ../ref/surfaceplotproperties.html#CDataMapping
Surfaceplot.CDataMode   ../ref/surfaceplotproperties.html#CDataMode
Surfaceplot.CDataSource   ../ref/surfaceplotproperties.html#CDataSource
Surfaceplot.Children   ../ref/surfaceplotproperties.html#Children
Surfaceplot.Clipping   ../ref/surfaceplotproperties.html#Clipping
Surfaceplot.CreateFcn   ../ref/surfaceplotproperties.html#CreateFcn
Surfaceplot.DeleteFcn   ../ref/surfaceplotproperties.html#DeleteFcn
Surfaceplot.DiffuseStrength   ../ref/surfaceplotproperties.html#DiffuseStrength
Surfaceplot.EdgeAlpha   ../ref/surfaceplotproperties.html#EdgeAlpha
Surfaceplot.EdgeColor   ../ref/surfaceplotproperties.html#EdgeColor
Surfaceplot.EdgeLighting   ../ref/surfaceplotproperties.html#EdgeLighting
Surfaceplot.EraseMode   ../ref/surfaceplotproperties.html#EraseMode
Surfaceplot.FaceAlpha   ../ref/surfaceplotproperties.html#FaceAlpha
Surfaceplot.FaceColor   ../ref/surfaceplotproperties.html#FaceColor
Surfaceplot.FaceLighting   ../ref/surfaceplotproperties.html#FaceLighting
Surfaceplot.HandleVisibility   ../ref/surfaceplotproperties.html#HandleVisibility
Surfaceplot.HitTest   ../ref/surfaceplotproperties.html#HitTest
Surfaceplot.Interruptible   ../ref/surfaceplotproperties.html#Interruptible
Surfaceplot.LineStyle   ../ref/surfaceplotproperties.html#LineStyle
Surfaceplot.LineWidth   ../ref/surfaceplotproperties.html#LineWidth
Surfaceplot.Marker   ../ref/surfaceplotproperties.html#Marker
Surfaceplot.MarkerEdgeColor   ../ref/surfaceplotproperties.html#MarkerEdgeColor
Surfaceplot.MarkerFaceColor   ../ref/surfaceplotproperties.html#MarkerFaceColor
Surfaceplot.MarkerSize   ../ref/surfaceplotproperties.html#MarkerSize
Surfaceplot.MeshStyle   ../ref/surfaceplotproperties.html#MeshStyle
Surfaceplot.NormalMode   ../ref/surfaceplotproperties.html#NormalMode
Surfaceplot.Parent   ../ref/surfaceplotproperties.html#Parent
Surfaceplot.Selected   ../ref/surfaceplotproperties.html#Selected
Surfaceplot.SelectionHighlight   ../ref/surfaceplotproperties.html#SelectionHighlight
Surfaceplot.SpecularColorReflectance   ../ref/surfaceplotproperties.html#SpecularColorReflectance
Surfaceplot.SpecularExponent   ../ref/surfaceplotproperties.html#SpecularExponent
Surfaceplot.SpecularStrength   ../ref/surfaceplotproperties.html#SpecularStrength
Surfaceplot.Tag   ../ref/surfaceplotproperties.html#Tag
Surfaceplot.Type   ../ref/surfaceplotproperties.html#Type
Surfaceplot.UIContextMenu   ../ref/surfaceplotproperties.html#UIContextMenu
Surfaceplot.UserData   ../ref/surfaceplotproperties.html#UserData
Surfaceplot.VertexNormals   ../ref/surfaceplotproperties.html#VertexNormals
Surfaceplot.Visible   ../ref/surfaceplotproperties.html#Visible
Surfaceplot.XData   ../ref/surfaceplotproperties.html#XData
Surfaceplot.XDataMode   ../ref/surfaceplotproperties.html#XDataMode
Surfaceplot.XDataSource   ../ref/surfaceplotproperties.html#XDataSource
Surfaceplot.YData   ../ref/surfaceplotproperties.html#YData
Surfaceplot.YDataMode   ../ref/surfaceplotproperties.html#YDataMode
Surfaceplot.YDataSource   ../ref/surfaceplotproperties.html#YDataSource
Surfaceplot.ZData   ../ref/surfaceplotproperties.html#ZData
Surfaceplot.ZDataSource   ../ref/surfaceplotproperties.html#ZDataSource
Text.BackgroundColor   ../ref/text_props.html#BackgroundColor
Text.BeingDeleted   ../ref/text_props.html#BeingDeleted
Text.BusyAction   ../ref/text_props.html#BusyAction
Text.ButtonDownFcn   ../ref/text_props.html#ButtonDownFcn
Text.Children   ../ref/text_props.html#Children
Text.Clipping   ../ref/text_props.html#Clipping
Text.Color   ../ref/text_props.html#Color
Text.CreateFcn   ../ref/text_props.html#CreateFcn
Text.DeleteFcn   ../ref/text_props.html#DeleteFcn
Text.EdgeColor   ../ref/text_props.html#EdgeColor
Text.Editing   ../ref/text_props.html#Editing
Text.EraseMode   ../ref/text_props.html#EraseMode
Text.Extent   ../ref/text_props.html#Extent
Text.FontAngle   ../ref/text_props.html#FontAngle
Text.FontName   ../ref/text_props.html#FontName
Text.FontSize   ../ref/text_props.html#FontSize
Text.FontWeight   ../ref/text_props.html#FontWeight
Text.FontUnits   ../ref/text_props.html#FontUnits
Text.HandleVisibility   ../ref/text_props.html#HandleVisibility
Text.HitTest   ../ref/text_props.html#HitTest
Text.HorizontalAlignment   ../ref/text_props.html#HorizontalAlignment
Text.Interpreter   ../ref/text_props.html#Interpreter
Text.Interruptible   ../ref/text_props.html#Interruptible
Text.LineStyle   ../ref/text_props.html#LineStyle
Text.LineWidth   ../ref/text_props.html#LineWidth
Text.Margin   ../ref/text_props.html#Margin
Text.Parent   ../ref/text_props.html#Parent
Text.Position   ../ref/text_props.html#Position
Text.Rotation   ../ref/text_props.html#Rotation
Text.Selected   ../ref/text_props.html#Selected
Text.SelectionHighlight   ../ref/text_props.html#SelectionHighlight
Text.String   ../ref/text_props.html#String
Text.Tag   ../ref/text_props.html#Tag
Text.Type   ../ref/text_props.html#Type
Text.Units   ../ref/text_props.html#Units
Text.UserData   ../ref/text_props.html#UserData
Text.UIContextMenu   ../ref/text_props.html#UIContextMenu
Text.VerticalAlignment   ../ref/text_props.html#VerticalAlignment
Text.Visible   ../ref/text_props.html#Visible
uibuttongroup_example   ../ref/uibuttongroup.html#uibuttongroup_example
Uibuttongroup.BackgroundColor   ../ref/uibuttongroupproperties.html#BackgroundColor
Uibuttongroup.BorderType   ../ref/uibuttongroupproperties.html#BorderType
Uibuttongroup.BorderWidth   ../ref/uibuttongroupproperties.html#BorderWidth
Uibuttongroup.BusyAction   ../ref/uibuttongroupproperties.html#BusyAction
Uibuttongroup.ButtonDownFcn   ../ref/uibuttongroupproperties.html#ButtonDownFcn
Uibuttongroup.Children   ../ref/uibuttongroupproperties.html#Children
Uibuttongroup.Clipping   ../ref/uibuttongroupproperties.html#Clipping
Uibuttongroup.CreateFcn   ../ref/uibuttongroupproperties.html#CreateFcn
Uibuttongroup.DeleteFcn   ../ref/uibuttongroupproperties.html#DeleteFcn
Uibuttongroup.FontAngle   ../ref/uibuttongroupproperties.html#FontAngle
Uibuttongroup.FontName   ../ref/uibuttongroupproperties.html#FontName
Uibuttongroup.FontSize   ../ref/uibuttongroupproperties.html#FontSize
Uibuttongroup.FontUnits   ../ref/uibuttongroupproperties.html#FontUnits
Uibuttongroup.FontWeight   ../ref/uibuttongroupproperties.html#FontWeight
Uibuttongroup.ForegroundColor   ../ref/uibuttongroupproperties.html#ForegroundColor
Uibuttongroup.HandleVisibility   ../ref/uibuttongroupproperties.html#HandleVisibility
Uibuttongroup.HighlightColor   ../ref/uibuttongroupproperties.html#HighlightColor
Uibuttongroup.HitTest   ../ref/uibuttongroupproperties.html#HitTest
Uibuttongroup.Interruptible   ../ref/uibuttongroupproperties.html#Interruptible
Uibuttongroup.Parent   ../ref/uibuttongroupproperties.html#Parent
Uibuttongroup.Position   ../ref/uibuttongroupproperties.html#Position
Uibuttongroup.ResizeFcn   ../ref/uibuttongroupproperties.html#ResizeFcn
Uibuttongroup.Selected   ../ref/uibuttongroupproperties.html#Selected
Uibuttongroup.SelectedObject   ../ref/uibuttongroupproperties.html#SelectedObject
Uibuttongroup.SelectionChangeFcn   ../ref/uibuttongroupproperties.html#SelectionChangeFcn
Uibuttongroup.SelectionHighlight   ../ref/uibuttongroupproperties.html#SelectionHighlight
Uibuttongroup.ShadowColor   ../ref/uibuttongroupproperties.html#ShadowColor
Uibuttongroup.Tag   ../ref/uibuttongroupproperties.html#Tag
Uibuttongroup.Title   ../ref/uibuttongroupproperties.html#Title
Uibuttongroup.TitlePosition   ../ref/uibuttongroupproperties.html#TitlePosition
Uibuttongroup.UIContextMenu   ../ref/uibuttongroupproperties.html#UIContextMenu
Uibuttongroup.Units   ../ref/uibuttongroupproperties.html#Units
Uibuttongroup.UserData   ../ref/uibuttongroupproperties.html#UserData
Uibuttongroup.Visible   ../ref/uibuttongroupproperties.html#Visible
Uicontextmenu.BusyAction   ../ref/uicontextmenu_props.html#BusyAction
Uicontextmenu.ButtonDownFcn   ../ref/uicontextmenu_props.html#ButtonDownFcn
Uicontextmenu.Callback   ../ref/uicontextmenu_props.html#Callback
Uicontextmenu.Children   ../ref/uicontextmenu_props.html#Children
Uicontextmenu.Clipping   ../ref/uicontextmenu_props.html#Clipping
Uicontextmenu.CreateFcn   ../ref/uicontextmenu_props.html#CreateFcn
Uicontextmenu.DeleteFcn   ../ref/uicontextmenu_props.html#DeleteFcn
Uicontextmenu.HandleVisibility   ../ref/uicontextmenu_props.html#HandleVisibility
Uicontextmenu.HitTest   ../ref/uicontextmenu_props.html#HitTest
Uicontextmenu.Interruptible   ../ref/uicontextmenu_props.html#Interruptible
Uicontextmenu.Parent   ../ref/uicontextmenu_props.html#Parent
Uicontextmenu.Position   ../ref/uicontextmenu_props.html#Position
Uicontextmenu.Selected   ../ref/uicontextmenu_props.html#Selected
Uicontextmenu.SelectionHighlight   ../ref/uicontextmenu_props.html#SelectionHighlight
Uicontextmenu.Tag   ../ref/uicontextmenu_props.html#Tag
Uicontextmenu.Type   ../ref/uicontextmenu_props.html#Type
Uicontextmenu.UIContextMenu   ../ref/uicontextmenu_props.html#UIContextMenu
Uicontextmenu.UserData   ../ref/uicontextmenu_props.html#UserData
Uicontextmenu.Visible   ../ref/uicontextmenu_props.html#Visible
uicontrol_description   ../ref/uicontrol.html#uicontrol_description
uicontrol_properties   ../ref/uicontrol_props.html#uicontrol_properties
Uicontrol.BackgroundColor   ../ref/uicontrol_props.html#BackgroundColor
Uicontrol.BusyAction   ../ref/uicontrol_props.html#BusyAction
Uicontrol.ButtonDownFcn   ../ref/uicontrol_props.html#ButtonDownFcn
Uicontrol.Callback   ../ref/uicontrol_props.html#Callback
Uicontrol.CData   ../ref/uicontrol_props.html#CData
Uicontrol.Children   ../ref/uicontrol_props.html#Children
Uicontrol.Clipping   ../ref/uicontrol_props.html#Clipping
Uicontrol.CreateFcn   ../ref/uicontrol_props.html#CreateFcn
Uicontrol.DeleteFcn   ../ref/uicontrol_props.html#DeleteFcn
Uicontrol.Enable   ../ref/uicontrol_props.html#Enable
Uicontrol.Extent   ../ref/uicontrol_props.html#Extent
Uicontrol.FontAngle   ../ref/uicontrol_props.html#FontAngle
Uicontrol.FontName   ../ref/uicontrol_props.html#FontName
Uicontrol.FontSize   ../ref/uicontrol_props.html#FontSize
Uicontrol.FontUnits   ../ref/uicontrol_props.html#FontUnits
Uicontrol.FontWeight   ../ref/uicontrol_props.html#FontWeight
Uicontrol.ForegroundColor   ../ref/uicontrol_props.html#ForegroundColor
Uicontrol.HandleVisibility   ../ref/uicontrol_props.html#HandleVisibility
Uicontrol.HitTest   ../ref/uicontrol_props.html#HitTest
Uicontrol.HorizontalAlignment   ../ref/uicontrol_props.html#HorizontalAlignment
Uicontrol.Interruptible   ../ref/uicontrol_props.html#Interruptible
Uicontrol.KeyPressFcn   ../ref/uicontrol_props.html#KeyPressFcn
Uicontrol.ListboxTop   ../ref/uicontrol_props.html#ListboxTop
Uicontrol.Max   ../ref/uicontrol_props.html#Max
Uicontrol.Min   ../ref/uicontrol_props.html#Min
Uicontrol.Parent   ../ref/uicontrol_props.html#Parent
Uicontrol.Position   ../ref/uicontrol_props.html#Position
Uicontrol.Selected   ../ref/uicontrol_props.html#Selected
Uicontrol.SelectionHighlight   ../ref/uicontrol_props.html#SelectionHighlight
Uicontrol.SliderStep   ../ref/uicontrol_props.html#SliderStep
Uicontrol.String   ../ref/uicontrol_props.html#String
Uicontrol.Style   ../ref/uicontrol_props.html#Style
Uicontrol.Tag   ../ref/uicontrol_props.html#Tag
Uicontrol.TooltipString   ../ref/uicontrol_props.html#TooltipString
Uicontrol.Type   ../ref/uicontrol_props.html#Type
Uicontrol.UIContextMenu   ../ref/uicontrol_props.html#UIContextMenu
Uicontrol.Units   ../ref/uicontrol_props.html#Units
Uicontrol.UserData   ../ref/uicontrol_props.html#UserData
Uicontrol.Value   ../ref/uicontrol_props.html#Value
Uicontrol.Visible   ../ref/uicontrol_props.html#Visible
Uimenu.Accelerator   ../ref/uimenu_props.html#Accelerator
Uimenu.BusyAction   ../ref/uimenu_props.html#BusyAction
Uimenu.Callback   ../ref/uimenu_props.html#Callback
Uimenu.Checked   ../ref/uimenu_props.html#Checked
Uimenu.Children   ../ref/uimenu_props.html#Children
Uimenu.CreateFcn   ../ref/uimenu_props.html#CreateFcn
Uimenu.DeleteFcn   ../ref/uimenu_props.html#DeleteFcn
Uimenu.Enable   ../ref/uimenu_props.html#Enable
Uimenu.ForegroundColor   ../ref/uimenu_props.html#ForegroundColor
Uimenu.HandleVisibility   ../ref/uimenu_props.html#HandleVisibility
Uimenu.Interruptible   ../ref/uimenu_props.html#Interruptible
Uimenu.Label   ../ref/uimenu_props.html#Label
Uimenu.Parent   ../ref/uimenu_props.html#Parent
Uimenu.Position   ../ref/uimenu_props.html#Position
Uimenu.Separator   ../ref/uimenu_props.html#Separator
Uimenu.Tag   ../ref/uimenu_props.html#Tag
Uimenu.Type   ../ref/uimenu_props.html#Type
Uimenu.UserData   ../ref/uimenu_props.html#UserData
Uimenu.Visible   ../ref/uimenu_props.html#Visible
Uipanel.BackgroundColor   ../ref/uipanelproperties.html#BackgroundColor
Uipanel.BorderType   ../ref/uipanelproperties.html#BorderType
Uipanel.BorderWidth   ../ref/uipanelproperties.html#BorderWidth
Uipanel.BusyAction   ../ref/uipanelproperties.html#BusyAction
Uipanel.ButtonDownFcn   ../ref/uipanelproperties.html#ButtonDownFcn
Uipanel.Children   ../ref/uipanelproperties.html#Children
Uipanel.Clipping   ../ref/uipanelproperties.html#Clipping
Uipanel.CreateFcn   ../ref/uipanelproperties.html#CreateFcn
Uipanel.DeleteFcn   ../ref/uipanelproperties.html#DeleteFcn
Uipanel.FontAngle   ../ref/uipanelproperties.html#FontAngle
Uipanel.FontName   ../ref/uipanelproperties.html#FontName
Uipanel.FontSize   ../ref/uipanelproperties.html#FontSize
Uipanel.FontUnits   ../ref/uipanelproperties.html#FontUnits
Uipanel.FontWeight   ../ref/uipanelproperties.html#FontWeight
Uipanel.ForegroundColor   ../ref/uipanelproperties.html#ForegroundColor
Uipanel.HandleVisibility   ../ref/uipanelproperties.html#HandleVisibility
Uipanel.HighlightColor   ../ref/uipanelproperties.html#HighlightColor
Uipanel.HitTest   ../ref/uipanelproperties.html#HitTest
Uipanel.Interruptible   ../ref/uipanelproperties.html#Interruptible
Uipanel.Parent   ../ref/uipanelproperties.html#Parent
Uipanel.Position   ../ref/uipanelproperties.html#Position
Uipanel.ResizeFcn   ../ref/uipanelproperties.html#ResizeFcn
Uipanel.Selected   ../ref/uipanelproperties.html#Selected
Uipanel.SelectionHighlight   ../ref/uipanelproperties.html#SelectionHighlight
Uipanel.ShadowColor   ../ref/uipanelproperties.html#ShadowColor
Uipanel.Tag   ../ref/uipanelproperties.html#Tag
Uipanel.Title   ../ref/uipanelproperties.html#Title
Uipanel.TitlePosition   ../ref/uipanelproperties.html#TitlePosition
Uipanel.UIContextMenu   ../ref/uipanelproperties.html#UIContextMenu
Uipanel.Units   ../ref/uipanelproperties.html#Units
Uipanel.UserData   ../ref/uipanelproperties.html#UserData
Uipanel.Visible   ../ref/uipanelproperties.html#Visible
uipushtool_properties   ../ref/uipushtool_props.html#uipushtool_properties
Uipushtool.BeingDeleted   ../ref/uipushtool_props.html#BeingDeleted
Uipushtool.BusyAction   ../ref/uipushtool_props.html#BusyAction
Uipushtool.CData   ../ref/uipushtool_props.html#CData
Uipushtool.ClickedCallback   ../ref/uipushtool_props.html#ClickedCallback
Uipushtool.CreateFcn   ../ref/uipushtool_props.html#CreateFcn
Uipushtool.DeleteFcn   ../ref/uipushtool_props.html#DeleteFcn
Uipushtool.Enable   ../ref/uipushtool_props.html#Enable
Uipushtool.HandleVisibility   ../ref/uipushtool_props.html#HandleVisibility
Uipushtool.Interruptible   ../ref/uipushtool_props.html#Interruptible
Uipushtool.Parent   ../ref/uipushtool_props.html#Parent
Uipushtool.Separator   ../ref/uipushtool_props.html#Separator
Uipushtool.Tag   ../ref/uipushtool_props.html#Tag
Uipushtool.TooltipString   ../ref/uipushtool_props.html#TooltipString
Uipushtool.Type   ../ref/uipushtool_props.html#Type
Uipushtool.UserData   ../ref/uipushtool_props.html#UserData
Uipushtool.Visible   ../ref/uipushtool_props.html#Visible
uitoggletool_properties   ../ref/uitoggletool_props.html#uitoggletool_properties
Uitoggletool.BeingDeleted   ../ref/uitoggletool_props.html#BeingDeleted
Uitoggletool.BusyAction   ../ref/uitoggletool_props.html#BusyAction
Uitoggletool.CData   ../ref/uitoggletool_props.html#CData
Uitoggletool.ClickedCallback   ../ref/uitoggletool_props.html#ClickedCallback
Uitoggletool.CreateFcn   ../ref/uitoggletool_props.html#CreateFcn
Uitoggletool.DeleteFcn   ../ref/uitoggletool_props.html#DeleteFcn
Uitoggletool.Enable   ../ref/uitoggletool_props.html#Enable
Uitoggletool.HandleVisibility   ../ref/uitoggletool_props.html#HandleVisibility
Uitoggletool.Interruptible   ../ref/uitoggletool_props.html#Interruptible
Uitoggletool.OffCallback   ../ref/uitoggletool_props.html#OffCallback
Uitoggletool.OnCallback   ../ref/uitoggletool_props.html#OnCallback
Uitoggletool.Parent   ../ref/uitoggletool_props.html#Parent
Uitoggletool.Separator   ../ref/uitoggletool_props.html#Separator
Uitoggletool.State   ../ref/uitoggletool_props.html#State
Uitoggletool.Tag   ../ref/uitoggletool_props.html#Tag
Uitoggletool.TooltipString   ../ref/uitoggletool_props.html#TooltipString
Uitoggletool.Type   ../ref/uitoggletool_props.html#Type
Uitoggletool.UserData   ../ref/uitoggletool_props.html#UserData
Uitoggletool.Visible   ../ref/uitoggletool_props.html#Visible
uitoolbar_properties   ../ref/uitoolbarproperties.html#uitoolbar_properties
Uitoolbar.BeingDeleted   ../ref/uitoolbarproperties.html#BeingDeleted
uitoolbar_BeingDeleted   ../ref/uitoolbarproperties.html#uitoolbar_BeingDeleted
Uitoolbar.BusyAction   ../ref/uitoolbarproperties.html#BusyAction
uitoolbar_BusyAction   ../ref/uitoolbarproperties.html#uitoolbar_BusyAction
Uitoolbar.Children   ../ref/uitoolbarproperties.html#Children
uitoolbar_Children   ../ref/uitoolbarproperties.html#uitoolbar_Children
Uitoolbar.CreateFcn   ../ref/uitoolbarproperties.html#CreateFcn
uitoolbar_CreateFcn   ../ref/uitoolbarproperties.html#uitoolbar_CreateFcn
Uitoolbar.DeleteFcn   ../ref/uitoolbarproperties.html#DeleteFcn
uitoolbar_DeleteFcn   ../ref/uitoolbarproperties.html#uitoolbar_DeleteFcn
Uitoolbar.HandleVisibility   ../ref/uitoolbarproperties.html#HandleVisibility
uitoolbar_HandleVisibility   ../ref/uitoolbarproperties.html#uitoolbar_HandleVisibility
Uitoolbar.Interruptible   ../ref/uitoolbarproperties.html#Interruptible
uitoolbar_Interruptible   ../ref/uitoolbarproperties.html#uitoolbar_Interruptible
Uitoolbar.Parent   ../ref/uitoolbarproperties.html#Parent
uitoolbar_Parent   ../ref/uitoolbarproperties.html#uitoolbar_Parent
Uitoolbar.Tag   ../ref/uitoolbarproperties.html#Tag
uitoolbar_Tag   ../ref/uitoolbarproperties.html#uitoolbar_Tag
Uitoolbar.Type   ../ref/uitoolbarproperties.html#Type
uitoolbar_Type   ../ref/uitoolbarproperties.html#uitoolbar_Type
Uitoolbar.UserData   ../ref/uitoolbarproperties.html#UserData
uitoolbar_UserData   ../ref/uitoolbarproperties.html#uitoolbar_UserData
Uitoolbar.Visible   ../ref/uitoolbarproperties.html#Visible
uitoolbar_Visible   ../ref/uitoolbarproperties.html#uitoolbar_Visible
arithmetic_operators_defined   ../ref/arithmeticoperators.html#arithmetic_operators_defined
ops_arithmetic_operators   ../ref/arithmeticoperators.html#ops_arithmetic_operators
nondouble_arithmetic_support   ../ref/arithmeticoperators.html#nondouble_arithmetic_support
../ref/#logical_ops_shortcircuit   ../ref/relationaloperators.html#../ref/#logical_ops_shortcircuit
logical_ops_elementwise   ../ref/logicaloperatorselementwise.html#logical_ops_elementwise
logical_ops_shortcircuit   ../ref/logicaloperatorsshortcircuit.html#logical_ops_shortcircuit
ops_special_characters   ../ref/specialcharacters.html#ops_special_characters
../ref/#logical_ops_shortcircuit   ../ref/specialcharacters.html#../ref/#logical_ops_shortcircuit
free_form_specifier_table   ../ref/datestr.html#free_form_specifier_table
function_handle_types   ../ref/functions.html#function_handle_types
if_example2   ../ref/if.html#if_example2
regexp_return_value_table   ../ref/regexp.html#regexp_return_value_table
../matlab_prog/#mlprog_regexp_tokens   ../ref/regexp.html#../matlab_prog/#mlprog_regexp_tokens
if_example2   ../ref/while.html#if_example2
../ref/#logical_ops_shortcircuit   ../ref/xor.html#../ref/#logical_ops_shortcircuit
primary_data_structure   ../ref/fitsinfo.html#primary_data_structure
ascii_table_structure   ../ref/fitsinfo.html#ascii_table_structure
ascii_table_structure   ../ref/fitsinfo.html#ascii_table_structure
binary_table_structure   ../ref/fitsinfo.html#binary_table_structure
image_structure   ../ref/fitsinfo.html#image_structure
unknown_structure   ../ref/fitsinfo.html#unknown_structure
hdfinfo_attributes_table   ../ref/hdfinfo.html#hdfinfo_attributes_table
hdfinfo_raster8_table   ../ref/hdfinfo.html#hdfinfo_raster8_table
hdfinfo_raster24_table   ../ref/hdfinfo.html#hdfinfo_raster24_table
hdfinfo_sds_table   ../ref/hdfinfo.html#hdfinfo_sds_table
hdfinfo_vdata_table   ../ref/hdfinfo.html#hdfinfo_vdata_table
hdfinfo_vgroup_table   ../ref/hdfinfo.html#hdfinfo_vgroup_table
hdfinfo_grid_table   ../ref/hdfinfo.html#hdfinfo_grid_table
hdfinfo_point_table   ../ref/hdfinfo.html#hdfinfo_point_table
hdfinfo_swath_table   ../ref/hdfinfo.html#hdfinfo_swath_table
textscan_conversion_specifiers   ../ref/textscan.html#textscan_conversion_specifiers
