******************************************************************************
          TMS320C6x COFF Linker Version 4.00                   
******************************************************************************
>> Linked Fri Jan 19 14:50:11 2001

OUTPUT FILE NAME:   <rtdxtutorial_6x1x.out>
ENTRY POINT SYMBOL: "_c_int00"  address: 00004320


MEMORY CONFIGURATION

           name     origin    length      used    attributes    fill
         --------  --------  ---------  --------  ----------  --------
         PMEM      00000000  000010000  00007340     RWIX    
         BMEM      80000000  001000000  00000000     RWIX    


SECTION ALLOCATION MAP

 output                                  attributes/
section   page    origin      length       input sections
--------  ----  ----------  ----------   ----------------
.intvecs   0    00000000    00000400     
                  00000000    00000400     intvecs.obj (.intvecs)

.text      0    00000400    000040a0     
                  00000400    00000ca0     rts6201.lib : memory.obj (.text)
                  000010a0    00000000     rtdx.lib : rtdx_buf.obj (.text)
                  000010a0    00000000     rts6201.lib : defs.obj (.text)
                  000010a0    00000000                 : sysmem.obj (.text)
                  000010a0    00000000     intvecs.obj (.text)
                  000010a0    00000000     rtdx.lib : version.obj (.text)
                  000010a0    000008e0     rts6201.lib : trgdrv.obj (.text)
                  00001980    000006e0                 : lowlev.obj (.text)
                  00002060    000004c0                 : fopen.obj (.text)
                  00002520    00000460     rtdx.lib : rtdx_mon.obj (.text)
                  00002980    000003a0     rts6201.lib : fputs.obj (.text)
                  00002d20    00000380     rtdx.lib : buffer1.obj (.text)
                  000030a0    00000260     rts6201.lib : memcpy.obj (.text)
                  00003300    000001e0     int16_rtdx.obj (.text)
                  000034e0    000001e0     rts6201.lib : _io_perm.obj (.text)
                  000036c0    000001c0                 : fflush.obj (.text)
                  00003880    000001c0                 : setvbuf.obj (.text)
                  00003a40    000001a0                 : autoinit.obj (.text)
                  00003be0    00000160     rtdx.lib : rtdx_us2.obj (.text)
                  00003d40    00000160     rts6201.lib : trgmsg.obj (.text)
                  00003ea0    00000140     rtdx.lib : intrpt_stub.obj (.text)
                  00003fe0    00000120     rts6201.lib : fclose.obj (.text)
                  00004100    00000120                 : exit.obj (.text)
                  00004220    00000100                 : fseek.obj (.text)
                  00004320    00000080                 : boot.obj (.text)
                  000043a0    00000080     rtdx.lib : rtdx_us1.obj (.text)
                  00004420    00000060              : buffer2.obj (.text)
                  00004480    00000020     rts6201.lib : remove.obj (.text)

.far       0    000044a0    000009a4     UNINITIALIZED
                  000044a0    00000404     rtdx.lib : rtdx_buf.obj (.far)
                  000048a4    00000374     rts6201.lib : defs.obj (.far)
                  00004c18    000000d0                 : trgdrv.obj (.far)
                  00004ce8    000000cc                 : lowlev.obj (.far)
                  00004db4    00000088                 : exit.obj (.far)
                  00004e3c    00000008                 : memory.obj (.far)

.stack     0    00004e48    00001000     UNINITIALIZED
                  00004e48    00000000     rts6201.lib : boot.obj (.stack)

.bss       0    00005e48    00000050     UNINITIALIZED
                  00005e48    00000024     int16_rtdx.obj (.bss)
                  00005e6c    00000000     rts6201.lib : autoinit.obj (.bss)
                  00005e6c    00000000                 : _io_perm.obj (.bss)
                  00005e6c    00000000                 : trgmsg.obj (.bss)
                  00005e6c    00000000                 : defs.obj (.bss)
                  00005e6c    00000000                 : setvbuf.obj (.bss)
                  00005e6c    00000000                 : fseek.obj (.bss)
                  00005e6c    00000000                 : fflush.obj (.bss)
                  00005e6c    00000000                 : exit.obj (.bss)
                  00005e6c    00000000                 : boot.obj (.bss)
                  00005e6c    00000000     intvecs.obj (.bss)
                  00005e6c    00000000     rts6201.lib : fputs.obj (.bss)
                  00005e6c    00000000                 : trgdrv.obj (.bss)
                  00005e6c    00000000                 : memcpy.obj (.bss)
                  00005e6c    00000000                 : lowlev.obj (.bss)
                  00005e6c    00000000     rtdx.lib : version.obj (.bss)
                  00005e6c    00000000              : rtdx_us2.obj (.bss)
                  00005e6c    00000000              : intrpt_stub.obj (.bss)
                  00005e6c    00000000              : rtdx_buf.obj (.bss)
                  00005e6c    00000000              : buffer2.obj (.bss)
                  00005e6c    00000000              : rtdx_us1.obj (.bss)
                  00005e6c    00000000     rts6201.lib : memory.obj (.bss)
                  00005e6c    00000000                 : fopen.obj (.bss)
                  00005e6c    00000000                 : sysmem.obj (.bss)
                  00005e6c    00000000                 : remove.obj (.bss)
                  00005e6c    00000000                 : fclose.obj (.bss)
                  00005e6c    0000001c     rtdx.lib : rtdx_mon.obj (.bss)
                  00005e88    00000008              : buffer1.obj (.bss:c)
                  00005e90    00000008              : buffer1.obj (.bss)

.cinit     0    00005e98    0000032c     
                  00005e98    00000244     rts6201.lib : defs.obj (.cinit)
                  000060dc    00000004     --HOLE-- [fill = 00000000]
                  000060e0    00000054                 : lowlev.obj (.cinit)
                  00006134    00000004     --HOLE-- [fill = 00000000]
                  00006138    00000024     int16_rtdx.obj (.cinit)
                  0000615c    00000004     --HOLE-- [fill = 00000000]
                  00006160    0000001c     rts6201.lib : sysmem.obj (.cinit)
                  0000617c    00000004     --HOLE-- [fill = 00000000]
                  00006180    0000001c                 : exit.obj (.cinit)
                  0000619c    00000004     --HOLE-- [fill = 00000000]
                  000061a0    00000010     rtdx.lib : buffer1.obj (.cinit:c)
                  000061b0    0000000c     rts6201.lib : memory.obj (.cinit)
                  000061bc    00000008     --HOLE-- [fill = 00000000]

.pinit     0    000061c4    0000000c     
                  000061c4    00000004     rtdx.lib : rtdx_mon.obj (.pinit)
                  000061c8    00000004              : buffer1.obj (.pinit)
                  000061cc    00000004     --HOLE-- [fill = 00000000]

.cio       0    000061d0    00000120     UNINITIALIZED
                  000061d0    00000120     rts6201.lib : trgmsg.obj (.cio)

.const     0    000062f0    00000028     
                  000062f0    00000026     int16_rtdx.obj (.const)
                  00006316    00000002     rts6201.lib : fputs.obj (.const)

.data      0    00000000    00000000     UNINITIALIZED
                  00000000    00000000     intvecs.obj (.data)
                  00000000    00000000     rtdx.lib : version.obj (.data)
                  00000000    00000000              : intrpt_stub.obj (.data)
                  00000000    00000000              : rtdx_mon.obj (.data)
                  00000000    00000000              : rtdx_buf.obj (.data)
                  00000000    00000000              : buffer2.obj (.data)
                  00000000    00000000              : buffer1.obj (.data)
                  00000000    00000000              : rtdx_us2.obj (.data)
                  00000000    00000000              : rtdx_us1.obj (.data)
                  00000000    00000000     rts6201.lib : remove.obj (.data)
                  00000000    00000000                 : fclose.obj (.data)
                  00000000    00000000                 : sysmem.obj (.data)
                  00000000    00000000                 : memory.obj (.data)
                  00000000    00000000                 : fopen.obj (.data)
                  00000000    00000000                 : setvbuf.obj (.data)
                  00000000    00000000                 : fseek.obj (.data)
                  00000000    00000000                 : fflush.obj (.data)
                  00000000    00000000                 : defs.obj (.data)
                  00000000    00000000                 : autoinit.obj (.data)
                  00000000    00000000                 : _io_perm.obj (.data)
                  00000000    00000000                 : trgmsg.obj (.data)
                  00000000    00000000                 : trgdrv.obj (.data)
                  00000000    00000000                 : memcpy.obj (.data)
                  00000000    00000000                 : lowlev.obj (.data)
                  00000000    00000000                 : fputs.obj (.data)
                  00000000    00000000                 : exit.obj (.data)
                  00000000    00000000                 : boot.obj (.data)
                  00000000    00000000     int16_rtdx.obj (.data)

.switch    0    00006318    0000002c     
                  00006318    0000002c     rtdx.lib : rtdx_mon.obj (.switch)

.sysmem    0    00006348    00001000     UNINITIALIZED
                  00006348    00000000     rts6201.lib : sysmem.obj (.sysmem)


GLOBAL SYMBOLS: SORTED ALPHABETICALLY BY Name 

address    name
--------   ----
00005e48   $bss
00005e48   .bss
00000000   .data
00000400   .text
00004200   C$$EXIT
00003dcc   C$$IO$$
00003ea0   RTEMU_exe
00003ea0   RTEMU_msg
000018ec   _HOSTclock
000011b8   _HOSTclose
00001384   _HOSTlseek
000010a0   _HOSTopen
00001244   _HOSTread
00001538   _HOSTrename
00001860   _HOSTtime
00001464   _HOSTunlink
000012e8   _HOSTwrite
00000000   _HWI_Cache_Control
000048a0   _RTDX_Buffer_End
00002f50   _RTDX_Buffer_Initialize
00004420   _RTDX_Buffer_Read
000044a0   _RTDX_Buffer_Start
00002f78   _RTDX_Buffer_Write
00002560   _RTDX_Final_RT_Monitor
00002588   _RTDX_Init_RT_Monitor
000028c0   _RTDX_Mon_Write
000025ec   _RTDX_Poll
00003bf8   _RTDX_disableInput
000043b0   _RTDX_disableOutput
00003be0   _RTDX_enableInput
000043a0   _RTDX_enableOutput
fffffff7   _RTDX_interrupt_mask
00003ca8   _RTDX_readNB
00003c18   _RTDX_read
00000001   _RTDX_ver
00000001   _RTDX_ver_1_0_2
000043c0   _RTDX_write
00005e88   _RTDX_writing
000061d0   __CIOBUF_
00001000   __STACK_SIZE
00001000   __SYSMEM_SIZE
00005e48   ___bss__
00005e98   ___cinit__
00000000   ___data__
00000000   ___edata__
00005e98   ___end__
000044a0   ___etext__
000061c4   ___pinit__
00000400   ___text__
00003a40   __auto_init
00004e38   __cleanup_ptr
00002454   __cleanup
00004ce8   __device
000037b4   __doflush
00004c14   __ft_end
000049e4   __ftable
00003f40   __irest_tn
00004e3c   __memory_size
000034e0   __rd_ok
00004e48   __stack
00004d60   __stream
00006348   __sys_memory
000048a4   __tmpnams
UNDEFED __vectors
000035a8   __wrt_ok
00004200   _abort
00001bd0   _add_device
000041c0   _atexit
UNDEFED _auto_init
00004320   _c_int00
00000720   _calloc
00001f54   _close
00004100   _exit
00003fe0   _fclose
000036c0   _fflush
00001a70   _finddevice
00002060   _fopen
000029e4   _fputs
00000ab8   _free
000020b0   _freopen
00004220   _fseek
00001b04   _getdevice
00001774   _getenv
00001980   _getnexfildes
00005e5c   _ichan
00001f14   _lseek
00003300   _main
000005c8   _malloc
00000d90   _memalign
000030a0   _memcpy
00000590   _minit
00005e68   _ochan
00001dcc   _open
00002980   _puts
00001ed4   _read
00003dd8   _readmsg
000007e8   _realloc
00005e48   _recvd
00004480   _remove
00001d94   _remove_device
00002008   _rename
00003880   _setvbuf
000019dc   _tabinit
00001fc4   _unlink
00001ef4   _write
00003d40   _writemsg
00005e98   cinit
00000000   edata
00005e98   end
000044a0   etext
000061c4   pinit


GLOBAL SYMBOLS: SORTED BY Symbol Address 

address    name
--------   ----
00000000   ___edata__
00000000   ___data__
00000000   .data
00000000   _HWI_Cache_Control
00000000   edata
00000001   _RTDX_ver_1_0_2
00000001   _RTDX_ver
00000400   .text
00000400   ___text__
00000590   _minit
000005c8   _malloc
00000720   _calloc
000007e8   _realloc
00000ab8   _free
00000d90   _memalign
00001000   __SYSMEM_SIZE
00001000   __STACK_SIZE
000010a0   _HOSTopen
000011b8   _HOSTclose
00001244   _HOSTread
000012e8   _HOSTwrite
00001384   _HOSTlseek
00001464   _HOSTunlink
00001538   _HOSTrename
00001774   _getenv
00001860   _HOSTtime
000018ec   _HOSTclock
00001980   _getnexfildes
000019dc   _tabinit
00001a70   _finddevice
00001b04   _getdevice
00001bd0   _add_device
00001d94   _remove_device
00001dcc   _open
00001ed4   _read
00001ef4   _write
00001f14   _lseek
00001f54   _close
00001fc4   _unlink
00002008   _rename
00002060   _fopen
000020b0   _freopen
00002454   __cleanup
00002560   _RTDX_Final_RT_Monitor
00002588   _RTDX_Init_RT_Monitor
000025ec   _RTDX_Poll
000028c0   _RTDX_Mon_Write
00002980   _puts
000029e4   _fputs
00002f50   _RTDX_Buffer_Initialize
00002f78   _RTDX_Buffer_Write
000030a0   _memcpy
00003300   _main
000034e0   __rd_ok
000035a8   __wrt_ok
000036c0   _fflush
000037b4   __doflush
00003880   _setvbuf
00003a40   __auto_init
00003be0   _RTDX_enableInput
00003bf8   _RTDX_disableInput
00003c18   _RTDX_read
00003ca8   _RTDX_readNB
00003d40   _writemsg
00003dcc   C$$IO$$
00003dd8   _readmsg
00003ea0   RTEMU_exe
00003ea0   RTEMU_msg
00003f40   __irest_tn
00003fe0   _fclose
00004100   _exit
000041c0   _atexit
00004200   C$$EXIT
00004200   _abort
00004220   _fseek
00004320   _c_int00
000043a0   _RTDX_enableOutput
000043b0   _RTDX_disableOutput
000043c0   _RTDX_write
00004420   _RTDX_Buffer_Read
00004480   _remove
000044a0   ___etext__
000044a0   etext
000044a0   _RTDX_Buffer_Start
000048a0   _RTDX_Buffer_End
000048a4   __tmpnams
000049e4   __ftable
00004c14   __ft_end
00004ce8   __device
00004d60   __stream
00004e38   __cleanup_ptr
00004e3c   __memory_size
00004e48   __stack
00005e48   .bss
00005e48   _recvd
00005e48   ___bss__
00005e48   $bss
00005e5c   _ichan
00005e68   _ochan
00005e88   _RTDX_writing
00005e98   end
00005e98   cinit
00005e98   ___end__
00005e98   ___cinit__
000061c4   ___pinit__
000061c4   pinit
000061d0   __CIOBUF_
00006348   __sys_memory
fffffff7   _RTDX_interrupt_mask
UNDEFED _auto_init
UNDEFED __vectors

[111 symbols]
