intro_to_matlab_mathematics   ../math/intro_math_anal.html#intro_to_matlab_mathematics
mathematical_analysis   ../math/intro_math_anal.html#mathematical_analysis
matrices_and_linear_algebra   ../math/mat_linalg.html#matrices_and_linear_algebra
mla_function_summary   ../math/mat_linalg2.html#mla_function_summary
polynomials_and_interpolation   ../math/poly_interp.html#polynomials_and_interpolation
one_dimensional_interpolation   ../math/poly_interp14.html#one_dimensional_interpolation
seamount_data_set   ../math/poly_interp18.html#seamount_data_set
tessellation_in_higher_dimensions   ../math/poly_interp19.html#tessellation_in_higher_dimensions
math_voronoi_diagrams_nd   ../math/poly_interp19.html#math_voronoi_diagrams_nd
data_analysis_and_statistics   ../math/datafun.html#data_analysis_and_statistics
basic_data_analysis_functions   ../math/datafun3.html#basic_data_analysis_functions
data_preprocessing   ../math/datafun7.html#data_preprocessing
case_study_curve_fitting   ../math/datafun13.html#case_study_curve_fitting
basic_fitting_interface   ../math/datafun18.html#basic_fitting_interface
basic_fitting_gui   ../math/datafun18.html#basic_fitting_gui
difference_equations_and_filtering   ../math/datafun19.html#difference_equations_and_filtering
fourier_analysis_and_the_fast_fourier_transform   ../math/datafun20.html#fourier_analysis_and_the_fast_fourier_transform
function_functions   ../math/funfun.html#function_functions
funfun_function_summary   ../math/funfun2.html#funfun_function_summary
function_handles_example2   ../math/funfun8.html#function_handles_example2
output_function   ../math/funfun10.html#output_function
parameterizing_functions   ../math/funfun17.html#parameterizing_functions
ordinary_differential_equations   ../math/diffeq.html#ordinary_differential_equations
differential_equations   ../math/diffeq.html#differential_equations
ordinary_differential_equations   ../math/diffeq2.html#ordinary_differential_equations
odeperform   ../math/diffeq9.html#odeperform
ode_solver_output_properties   ../math/diffeq9.html#ode_solver_output_properties
diffeq_dde   ../math/diffeq12.html#diffeq_dde
dde23_performance   ../math/diffeq18.html#dde23_performance
dde_solver_output_properties   ../math/diffeq18.html#dde_solver_output_properties
bvp_problems   ../math/diffeq19.html#bvp_problems
bvpsingular   ../math/diffeq25a.html#bvpsingular
bvp4c_performance   ../math/diffeq26a.html#bvp4c_performance
sparse_matrices   ../math/sparse.html#sparse_matrices
simultaneous_linear_equations   ../math/sparse19.html#simultaneous_linear_equations
nondouble_data_types   ../math/nondouble.html#nondouble_data_types
nondouble   ../math/data   ../math/types   ../math/nondouble.html#nondouble   ../math/data   ../math/types
integer_math   ../math/nondouble3.html#integer_math
integer_largest_and_smallest   ../math/nondouble5.html#integer_largest_and_smallest
single_precision_math   ../math/nondouble9.html#single_precision_math
eps_single   ../math/nondouble12.html#eps_single
largest_and_smallest   ../math/nondouble14.html#largest_and_smallest
