inst_getting_started   ../instrument/ch_getst.html#inst_getting_started
general_preferences   ../instrument/ch_get13.html#general_preferences
inst_session   ../instrument/ch_conce.html#inst_session
GPIB_props_from_set   ../instrument/ch_conc4.html#GPIB_props_from_set
GPIB_props_from_set   ../instrument/ch_inte7.html#GPIB_props_from_set
GPIB_props_from_get   ../instrument/ch_inte7.html#GPIB_props_from_get
inst_gpib   ../instrument/ch_gpib.html#inst_gpib
inst_visa   ../instrument/ch_visa.html#inst_visa
inst_serial   ../instrument/ch_seria.html#inst_serial
serial_data_format   ../instrument/ch_seri7.html#serial_data_format
inst_network   ../instrument/ch_netwo.html#inst_network
inst_saveload   ../instrument/ch_save.html#inst_saveload
example_-_defining_create_code   ../instrument/ch_dri11.html#example_-_defining_create_code
example_-_defining_connect_code   ../instrument/ch_dri11.html#example_-_defining_connect_code
example_-_defining_disconnect_code   ../instrument/ch_dri11.html#example_-_defining_disconnect_code
example_-_defining_driver_summary_and_control_commands   ../instrument/ch_dri10.html#example_-_defining_driver_summary_and_control_commands
example_-_a_simple_function   ../instrument/ch_dri17.html#example_-_a_simple_function
example_-_a_function_with_input_and_output_arguments   ../instrument/ch_dri17.html#example_-_a_function_with_input_and_output_arguments
example_-_an_m-code_style_function   ../instrument/ch_dri17.html#example_-_an_m-code_style_function
example_-_creating_a_double-bounded_property   ../instrument/ch_dri14.html#example_-_creating_a_double-bounded_property
example_-_creating_an_enumerated_property   ../instrument/ch_dri14.html#example_-_creating_an_enumerated_property
example_-_an_m-code_style_property   ../instrument/ch_dri14.html#example_-_an_m-code_style_property
example_-_creating_a_one-element_group   ../instrument/ch_dri20.html#example_-_creating_a_one-element_group
example_-_group_properties_for_one-element_group   ../instrument/ch_dri20.html#example_-_group_properties_for_one-element_group
example_-_creating_a_four-element_group   ../instrument/ch_dri20.html#example_-_creating_a_four-element_group
example_-_group_object_properties_for_four-element_group   ../instrument/ch_dri20.html#example_-_group_object_properties_for_four-element_group
example_midtest_sweep   ../instrument/ch_dri8a.html#example_midtest_sweep
example_midtest_getprop   ../instrument/ch_dri7a.html#example_midtest_getprop
example_midtest_setprop   ../instrument/ch_dri6a.html#example_midtest_setprop
example_midtest_setup   ../instrument/ch_dri4a.html#example_midtest_setup
test_preferences   ../instrument/ch_dri3a.html#test_preferences
example_midtest_function   ../instrument/ch_dri9a.html#example_midtest_function
example_midtest_exportresults   ../instrument/ch_dr15a.html#example_midtest_exportresults
example_midtest_driverfct   ../instrument/ch_dr11a.html#example_midtest_driverfct
inst_funcref   ../instrument/ch_funct.html#inst_funcref
alphabetical_list_of_functions   ../instrument/iniloc.html#alphabetical_list_of_functions
inst_propref   ../instrument/ch_prope.html#inst_propref
alphabetical_list_of_properties   ../instrument/inilop.html#alphabetical_list_of_properties
inst_bib   ../instrument/a1_bibli.html#inst_bib
