******************************************************************************
TMS320C54x COFF Linker           Version 3.50                   
******************************************************************************
>> Linked Tue Jan 30 13:39:13 2001

OUTPUT FILE NAME:   <rtdxdemo_5x.out>
ENTRY POINT SYMBOL: "_c_int00"  address: 0000023f


MEMORY CONFIGURATION

           name     origin    length      used    attributes    fill
         --------  --------  ---------  --------  ----------  --------
PAGE 0: RSV1      00000000  000000080  00000000     R       
         DARAM     00000080  000003f80  000019f7     RWIX    
         EXT0      00004000  00000bf80  00000000     R       
         VECS      0000ff80  000000080  00000074     RWIX    

PAGE 1: MMRS      00000000  000000060  00000000     RW      
         SPAD      00000060  000000020  00000000     RW      
         DARAM     00000080  000003f80  00000000     RWIX    
         EXT0      00004000  00000c000  00000000     R       


SECTION ALLOCATION MAP

 output                                  attributes/
section   page    origin      length       input sections
--------  ----  ----------  ----------   ----------------
.text      0    00000080    00000512     
                  00000080    000001bf     rtdx_lms.obj (.text)
                  0000023f    00000000     rtdx.lib : version.obj (.text)
                  0000023f    00000000              : rtdx_mon.obj (.text)
                  0000023f    00000000     intvecs.obj (.text)
                  0000023f    00000000     rtdx_buf.obj (.text)
                  0000023f    00000045     rts.lib : boot.obj (.text)
                  00000284    00000037             : idiv.obj (.text)
                  000002bb    000000a5             : ldiv.obj (.text)
                  00000360    00000014             : lmpy.obj (.text)
                  00000374    0000000c             : lsl.obj (.text)
                  00000380    00000011             : lsrs.obj (.text)
                  00000391    0000003d             : exit.obj (.text)
                  000003ce    00000031     rtdx.lib : rtdx_us1.obj (.text)
                  000003ff    00000092              : rtdx_us2.obj (.text)
                  00000491    000000d4              : buffer1.obj (.text)
                  00000565    0000001e              : buffer2.obj (.text)
                  00000583    0000000f     rts.lib : memcpy.obj (.text)

.rtdx_text   0    00000592    0000010f     
                  00000592    0000010f     rtdx.lib : rtdx_mon.obj (.rtdx_text)

.cinit     0    000006a1    0000001d     
                  000006a1    00000010     rtdx_lms.obj (.cinit)
                  000006b1    00000006     rts.lib : exit.obj (.cinit)
                  000006b7    00000006     rtdx.lib : buffer1.obj (.cinit)
                  000006bd    00000001     --HOLE-- [fill = 0000]

.pinit     0    000006be    00000004     
                  000006be    00000001     rtdx.lib : buffer1.obj (.pinit)
                  000006bf    00000001              : rtdx_mon.obj (.pinit)
                  000006c0    00000002     --HOLE-- [fill = 0000]

.switch    0    000006c2    00000000     UNINITIALIZED

.cio       0    000006c2    00000000     UNINITIALIZED

.bss       0    000006c2    00001151     UNINITIALIZED
                  000006c2    00000ed2     rtdx_lms.obj (.bss)
                  00001594    00000000     rts.lib : lmpy.obj (.bss)
                  00001594    00000000             : lsl.obj (.bss)
                  00001594    00000000             : lsrs.obj (.bss)
                  00001594    00000000             : ldiv.obj (.bss)
                  00001594    00000000     intvecs.obj (.bss)
                  00001594    00000000     rts.lib : boot.obj (.bss)
                  00001594    00000000             : idiv.obj (.bss)
                  00001594    00000000     rtdx.lib : rtdx_mon.obj (.bss)
                  00001594    00000000              : buffer2.obj (.bss)
                  00001594    00000000     rts.lib : memcpy.obj (.bss)
                  00001594    00000000     rtdx.lib : version.obj (.bss)
                  00001594    00000000              : rtdx_us1.obj (.bss)
                  00001594    00000000              : rtdx_us2.obj (.bss)
                  00001594    00000259     rtdx_buf.obj (.bss)
                  000017ed    00000022     rts.lib : exit.obj (.bss)
                  0000180f    00000004     rtdx.lib : buffer1.obj (.bss)

.rtdx_data   0    00001814    0000000d     
                  00001814    0000000d     rtdx.lib : rtdx_mon.obj (.rtdx_data)

.const     0    00001821    00000000     UNINITIALIZED

.sysmem    0    00001821    00000000     

.stack     0    00001821    00000256     
                  00001821    00000000     rts.lib : boot.obj (.stack)
                  00001821    00000256     --HOLE-- [fill = beef]

.intvecs   0    0000ff80    00000074     
                  0000ff80    00000074     intvecs.obj (.intvecs)

.data      1    00000060    00000000     UNINITIALIZED
                  00000060    00000000     rtdx_lms.obj (.data)
                  00000060    00000000     rts.lib : memcpy.obj (.data)
                  00000060    00000000     rtdx.lib : version.obj (.data)
                  00000060    00000000              : rtdx_mon.obj (.data)
                  00000060    00000000              : buffer2.obj (.data)
                  00000060    00000000              : buffer1.obj (.data)
                  00000060    00000000              : rtdx_us2.obj (.data)
                  00000060    00000000              : rtdx_us1.obj (.data)
                  00000060    00000000     rts.lib : exit.obj (.data)
                  00000060    00000000             : lsrs.obj (.data)
                  00000060    00000000             : lsl.obj (.data)
                  00000060    00000000             : lmpy.obj (.data)
                  00000060    00000000             : ldiv.obj (.data)
                  00000060    00000000             : idiv.obj (.data)
                  00000060    00000000             : boot.obj (.data)
                  00000060    00000000     intvecs.obj (.data)
                  00000060    00000000     rtdx_buf.obj (.data)


GLOBAL SYMBOLS: SORTED ALPHABETICALLY BY Name 

address    name
--------   ----
000006c2   .bss
00000060   .data
00000080   .text
00000594   ATRAP_H
000003cb   C$$EXIT
00000284   I$$DIV
000002a0   I$$MOD
000002bb   L$$DIVS
0000030b   L$$DIVU
000002e3   L$$MODS
00000327   L$$MODU
00000360   L$$MPY
00000374   L$$SL
00000380   L$$SRS
000017ec   _RTDX_Buffer_End
00000514   _RTDX_Buffer_Initialize
00000565   _RTDX_Buffer_Read
00001594   _RTDX_Buffer_Start
00000521   _RTDX_Buffer_Write
0000067b   _RTDX_Final_RT_Monitor
0000068b   _RTDX_Init_RT_Monitor
00000001   _RTDX_JTAGONLY
00000665   _RTDX_Mon_Write
000005f3   _RTDX_Poll
00000410   _RTDX_disableInput
000003da   _RTDX_disableOutput
000003ff   _RTDX_enableInput
000003ce   _RTDX_enableOutput
fffffff7   _RTDX_interrupt_mask
0000045a   _RTDX_readNB
00000429   _RTDX_read
00000001   _RTDX_ver_1_0_5
00000001   _RTDX_ver
000003e6   _RTDX_write
00001811   _RTDX_writing
00000256   __STACK_SIZE
000006c2   ___bss__
000006a1   ___cinit__
00000060   ___data__
00000060   ___edata__
00001813   ___end__
00000592   ___etext__
000006be   ___pinit__
00000080   ___text__
0000180e   __cleanup_ptr
00000001   __lflags
000003cb   _abort
000003b4   _atexit
0000023f   _c_int00
0000118c   _error
00000391   _exit
000006c2   _filtParms
00000b4a   _hPrime
0000158d   _ichan0
00001590   _ichan1
000006c7   _k
00000080   _main
00000583   _memcpy
000006c6   _m
0000158c   _mu
00000d8b   _normError
00000d8a   _normFactor
000006c8   _numFrames
00001593   _ochan0
00000d8c   _outBuf
00000f8c   _outError
000006c9   _shiftBits
00000b09   _xTaps
000006ca   _x
00000b8a   _yPrime
000008ca   _y
000006a1   cinit
00000060   edata
00001813   end
00000592   etext
000006be   pinit


GLOBAL SYMBOLS: SORTED BY Symbol Address 

address    name
--------   ----
00000001   _RTDX_ver
00000001   _RTDX_JTAGONLY
00000001   _RTDX_ver_1_0_5
00000001   __lflags
00000060   edata
00000060   ___edata__
00000060   .data
00000060   ___data__
00000080   ___text__
00000080   _main
00000080   .text
0000023f   _c_int00
00000256   __STACK_SIZE
00000284   I$$DIV
000002a0   I$$MOD
000002bb   L$$DIVS
000002e3   L$$MODS
0000030b   L$$DIVU
00000327   L$$MODU
00000360   L$$MPY
00000374   L$$SL
00000380   L$$SRS
00000391   _exit
000003b4   _atexit
000003cb   _abort
000003cb   C$$EXIT
000003ce   _RTDX_enableOutput
000003da   _RTDX_disableOutput
000003e6   _RTDX_write
000003ff   _RTDX_enableInput
00000410   _RTDX_disableInput
00000429   _RTDX_read
0000045a   _RTDX_readNB
00000514   _RTDX_Buffer_Initialize
00000521   _RTDX_Buffer_Write
00000565   _RTDX_Buffer_Read
00000583   _memcpy
00000592   etext
00000592   ___etext__
00000594   ATRAP_H
000005f3   _RTDX_Poll
00000665   _RTDX_Mon_Write
0000067b   _RTDX_Final_RT_Monitor
0000068b   _RTDX_Init_RT_Monitor
000006a1   cinit
000006a1   ___cinit__
000006be   ___pinit__
000006be   pinit
000006c2   ___bss__
000006c2   _filtParms
000006c2   .bss
000006c6   _m
000006c7   _k
000006c8   _numFrames
000006c9   _shiftBits
000006ca   _x
000008ca   _y
00000b09   _xTaps
00000b4a   _hPrime
00000b8a   _yPrime
00000d8a   _normFactor
00000d8b   _normError
00000d8c   _outBuf
00000f8c   _outError
0000118c   _error
0000158c   _mu
0000158d   _ichan0
00001590   _ichan1
00001593   _ochan0
00001594   _RTDX_Buffer_Start
000017ec   _RTDX_Buffer_End
0000180e   __cleanup_ptr
00001811   _RTDX_writing
00001813   ___end__
00001813   end
fffffff7   _RTDX_interrupt_mask

[76 symbols]
