mech_conveyor_help   ../mech/mech_intro5.html#mech_conveyor_help
mech_spen_help   ../mech/mech_getting5.html#mech_spen_help
mech_four_bar_help   ../mech/mech_getting15.html#mech_four_bar_help
mech_gears_help   ../mech/mech_building11.html#mech_gears_help
mech_angle_unact_help   ../mech/mech_building11.html#mech_angle_unact_help
mech_angle_act_help   ../mech/mech_building11.html#mech_angle_act_help
mech_ballistic_kin_fric_help   ../mech/mech_building12.html#mech_ballistic_kin_fric_help
mech_body_driver_help   ../mech/mech_building13.html#mech_body_driver_help
mech_dpen_sticky_help   ../mech/mech_building13.html#mech_dpen_sticky_help
hg_viewing   ../mech/mech_visualize.html#hg_viewing
mech_conveyor_vr_help   ../mech/mech_visualize15.html#mech_conveyor_vr_help
mech_four_bar_forw_help   ../mech/mech_studies6.html#mech_four_bar_forw_help
mech_four_bar_kin_help   ../mech/mech_studies6.html#mech_four_bar_kin_help
mech_four_bar_stat_help   ../mech/mech_studies6.html#mech_four_bar_stat_help
mech_dpend_invdyn1_help   ../mech/mech_studies7.html#mech_dpend_invdyn1_help
mech_dpend_invdyn2_help   ../mech/mech_studies7.html#mech_dpend_invdyn2_help
mech_dpend_stat_help   ../mech/mech_studies7.html#mech_dpend_stat_help
mech_dpend_trim_help   ../mech/mech_studies9.html#mech_dpend_trim_help
mech_four_bar_trim_help   ../mech/mech_studies10.html#mech_four_bar_trim_help
mech_dpend_forw_help   ../mech/mech_studies12a.html#mech_dpend_forw_help
mech_dpend_lin_help   ../mech/mech_studies12a.html#mech_dpend_lin_help
mech_four_bar_lin_help   ../mech/mech_studies13a.html#mech_four_bar_lin_help
