apiversion   ../ccslink/using_11.html#apiversion
boardnum   ../ccslink/using_11.html#boardnum
ccsappexe   ../ccslink/using_11.html#ccsappexe
numchannels   ../ccslink/using_11.html#numchannels
page   ../ccslink/using_11.html#page
procnum   ../ccslink/using_11.html#procnum
rtdx   ../ccslink/using_11.html#rtdx
rtdxchannel   ../ccslink/using_11.html#rtdxchannel
timeout   ../ccslink/using_11.html#timeout
version   ../ccslink/using_11.html#version
configurelinks   ../ccslink/using_23.html#configurelinks
createlinks   ../ccslink/using_22.html#createlinks
rtdx_tutorial   ../ccslink/using_20.html#rtdx_tutorial
step5a   ../ccslink/using_18.html#step5a
closelinks   ../ccslink/using_25.html#closelinks
runprogram   ../ccslink/using_24.html#runprogram
base_class   ../ccslink/objects3.html#base_class
behavior   ../ccslink/objects3.html#behavior
class   ../ccslink/objects3.html#class
class_diagram   ../ccslink/objects3.html#class_diagram
composition   ../ccslink/objects3.html#composition
constructor   ../ccslink/objects3.html#constructor
container_class   ../ccslink/objects3.html#container_class
container_class   ../ccslink/objects3.html#container_class
inheritance   ../ccslink/objects3.html#inheritance
instance   ../ccslink/objects3.html#instance
instantiate_object   ../ccslink/objects3.html#instantiate_object
method   ../ccslink/objects3.html#method
object   ../ccslink/objects3.html#object
object_diagram   ../ccslink/objects3.html#object_diagram
object-based_programming   ../ccslink/objects3.html#object-based_programming
object-oriented_progamming   ../ccslink/objects3.html#object-oriented_progamming
subclass   ../ccslink/objects3.html#subclass
superclass   ../ccslink/objects3.html#superclass
state   ../ccslink/objects3.html#state
structure   ../ccslink/objects3.html#structure
ref_type   ../ccslink/object36.html#ref_type
ref_func   ../ccslink/object33.html#ref_func
export_to_ccs_gui   ../ccslink/fdatool_.html#export_to_ccs_gui
func_tables   ../ccslink/funcref2.html#func_tables
ref_goto   ../ccslink/goto.html#ref_goto
ref_run   ../ccslink/run.html#ref_run
