external_interfaces_to_matlab   ../matlab_external/intro_ma.html#external_interfaces_to_matlab
external_interfaces_guide   ../matlab_external/intro_ma.html#external_interfaces_guide
data_import_and_export   ../matlab_external/ch01intr.html#data_import_and_export
using_mat_files   ../matlab_external/ch01int2.html#using_mat_files
reading_and_writing_mat_files   ../matlab_external/ch01int6.html#reading_and_writing_mat_files
external_writing_character_data   ../matlab_external/ch01int7.html#external_writing_character_data
mat_directory_organization   ../matlab_external/ch01int8.html#mat_directory_organization
compiling_and_linking_mat_file_programs   ../matlab_external/ch01in13.html#compiling_and_linking_mat_file_programs
calling_shared_libraries   ../matlab_external/ch2_shar.html#calling_shared_libraries
shrlib_primitive_types   ../matlab_external/ch2_sha9.html#shrlib_primitive_types
equivalent_type_table   ../matlab_external/ch2_sha9.html#equivalent_type_table
shrlib_structures   ../matlab_external/ch2_sh11.html#shrlib_structures
shrlib_creating_references   ../matlab_external/ch2_sh12.html#shrlib_creating_references
libpointer_class_methods   ../matlab_external/ch2_sh12.html#libpointer_class_methods
calling_from_matlab   ../matlab_external/ch03crea.html#calling_from_matlab
introducing_mex_files   ../matlab_external/ch03cre2.html#introducing_mex_files
the_matlab_array   ../matlab_external/ch03cre5.html#the_matlab_array
api_complex_matrices   ../matlab_external/ch03cre7.html#api_complex_matrices
building_mex_files   ../matlab_external/ch03cre9.html#building_mex_files
testing_windows_config   ../matlab_external/ch03cr11.html#testing_windows_config
building_a_mex_file   ../matlab_external/ch03cr11.html#building_a_mex_file
using_f_to_specify_an_options_file   ../matlab_external/ch03cr12.html#using_f_to_specify_an_options_file
options_file_table   ../matlab_external/ch03cr12.html#options_file_table
custom_building_mex_files   ../matlab_external/ch03cr13.html#custom_building_mex_files
mex_script_switches   ../matlab_external/ch03cr14.html#mex_script_switches
mex_setup_option   ../matlab_external/ch03cr14.html#mex_setup_option
locating_default_options_file_on_unix   ../matlab_external/ch03cr15.html#locating_default_options_file_on_unix
custom_building_on_unix   ../matlab_external/ch03cr17.html#custom_building_on_unix
custom_building_on_windows   ../matlab_external/ch03cr18.html#custom_building_on_windows
mex_troubleshooting   ../matlab_external/ch2_c_19.html#mex_troubleshooting
understanding_mex_file_problems   ../matlab_external/ch3_me20.html#understanding_mex_file_problems
troubleshooting_mex_file_creation   ../matlab_external/ch3_me20.html#troubleshooting_mex_file_creation
memory_management_compatibility_issues   ../matlab_external/ch3_me22.html#memory_management_compatibility_issues
additional_api_information   ../matlab_external/ch3_me23.html#additional_api_information
api_files_and_directories   ../matlab_external/ch3_me23.html#api_files_and_directories
api_files_and_directories   ../matlab_external/ch3_me24.html#api_files_and_directories
creating_c_language_mex-files   ../matlab_external/ch04crea.html#creating_c_language_mex-files
c_memory_management   ../matlab_external/ch04cr15.html#c_memory_management
automatic_cleanup_of_temporary_arrays   ../matlab_external/ch04cr15.html#automatic_cleanup_of_temporary_arrays
cmex_large_file_io   ../matlab_external/ch04cr16.html#cmex_large_file_io
mex_lapack1   ../matlab_external/ch04cr17.html#mex_lapack1
mex_lapack2   ../matlab_external/ch04cr17.html#mex_lapack2
mex_lapack3   ../matlab_external/ch04cr17.html#mex_lapack3
mex_lapack4   ../matlab_external/ch04cr17.html#mex_lapack4
lapack_factorization_example   ../matlab_external/ch04cr17.html#lapack_factorization_example
creating_fortran_mex-files   ../matlab_external/ch06engi.html#creating_fortran_mex-files
the_val_construct   ../matlab_external/ch06eng3.html#the_val_construct
passing_strings   ../matlab_external/ch06eng6.html#passing_strings
using_the_matlab_engine   ../matlab_external/ch_java.html#using_the_matlab_engine
interprocess_communication   ../matlab_external/ch_java2.html#interprocess_communication
compiling_and_linking_engine_programs   ../matlab_external/ch_java8.html#compiling_and_linking_engine_programs
matlab_interface_to_java   ../matlab_external/ch05matf.html#matlab_interface_to_java
java_classes_in_matlab   ../matlab_external/ch05mat3.html#java_classes_in_matlab
the_java_class_path   ../matlab_external/ch05mat4.html#the_java_class_path
java_static_path   ../matlab_external/ch05mat4.html#java_static_path
java_dynamic_path   ../matlab_external/ch05mat4.html#java_dynamic_path
making_java_classes_available   ../matlab_external/ch05mat5.html#making_java_classes_available
java_calling_syntax   ../matlab_external/ch6_im14.html#java_calling_syntax
mymenuobj_example   ../matlab_external/ch7_ja21.html#mymenuobj_example
matlab_to_java_table   ../matlab_external/ch7_ja26.html#matlab_to_java_table
reading_url_example   ../matlab_external/ch7_ja37.html#reading_url_example
example_reading_url   ../matlab_external/ch7_ja37.html#example_reading_url
ip_address_example   ../matlab_external/ch7_ja38.html#ip_address_example
serial_port_example   ../matlab_external/ch7_ja39.html#serial_port_example
phone_book_example   ../matlab_external/ch7_ja42.html#phone_book_example
pb_lookup_description   ../matlab_external/ch7_ja44.html#pb_lookup_description
pb_add_description   ../matlab_external/ch7_ja45.html#pb_add_description
input_entry_to_add   ../matlab_external/ch7_ja45.html#input_entry_to_add
pb_remove_description   ../matlab_external/ch7_ja46.html#pb_remove_description
pb_change_description   ../matlab_external/ch7_ja47.html#pb_change_description
pb_listall_description   ../matlab_external/ch7_ja48.html#pb_listall_description
pb_display_description   ../matlab_external/ch7_ja49.html#pb_display_description
pb_keyfilter_description   ../matlab_external/ch7_ja50.html#pb_keyfilter_description
client_server_applications   ../matlab_external/ch07clie.html#client_server_applications
matlab_com_integration   ../matlab_external/ch07cli2.html#matlab_com_integration
com_progid   ../matlab_external/ch07cli2.html#com_progid
com_client_support   ../matlab_external/ch07cli5.html#com_client_support
creating_activex_controls   ../matlab_external/ch07cli6.html#creating_activex_controls
com_actxcontrollist_description   ../matlab_external/ch07cli6.html#com_actxcontrollist_description
com_actxcontrolselect_description   ../matlab_external/ch07cli6.html#com_actxcontrolselect_description
../apiref/actxserver.html   ../matlab_external/ch07cli8.html#../apiref/actxserver.html
getting_interfaces_to_the_object   ../matlab_external/ch07cli9.html#getting_interfaces_to_the_object
iunknown_idispatch_interfaces   ../matlab_external/ch07cli9.html#iunknown_idispatch_interfaces
com_custom_interfaces   ../matlab_external/ch07cli9.html#com_custom_interfaces
com_command_syntax   ../matlab_external/ch07cl10.html#com_command_syntax
invoking_methods   ../matlab_external/ch07cl12.html#invoking_methods
COM_enumerated_properties   ../matlab_external/ch07cl12.html#COM_enumerated_properties
com_method_enumeration   ../matlab_external/ch07cl12.html#com_method_enumeration
com_optional_input_arguments   ../matlab_external/ch07cl12.html#com_optional_input_arguments
multiple_get_and_set   ../matlab_external/ch07cl13.html#multiple_get_and_set
COM_enumerated_properties   ../matlab_external/ch07cl13.html#COM_enumerated_properties
com_property_inspector   ../matlab_external/ch07cl13.html#com_property_inspector
COM_custom_properties   ../matlab_external/ch07cl13.html#COM_custom_properties
com_control_events   ../matlab_external/ch07cl14.html#com_control_events
com_control_and_server_events   ../matlab_external/ch07cl14.html#com_control_and_server_events
com_prepare_and_handle_events   ../matlab_external/ch07cl14.html#com_prepare_and_handle_events
com_automation_server_events   ../matlab_external/ch07cl14.html#com_automation_server_events
writing_event_handlers   ../matlab_external/ch07cl15.html#writing_event_handlers
arguments_passed_by_matlab   ../matlab_external/ch07cl15.html#arguments_passed_by_matlab
com_event_structure   ../matlab_external/ch07cl15.html#com_event_structure
com_sample_event_handlers   ../matlab_external/ch07cl15.html#com_sample_event_handlers
sample_event_handlers   ../matlab_external/ch07cl15.html#sample_event_handlers
event_handlers_as_subfunctions   ../matlab_external/ch07cl15.html#event_handlers_as_subfunctions
releasing_interfaces   ../matlab_external/ch07cl17.html#releasing_interfaces
matlab_sample_control   ../matlab_external/ch07cl19.html#matlab_sample_control
data_conversion   ../matlab_external/ch07cl21.html#data_conversion
dcom_server_client   ../matlab_external/ch07cl22.html#dcom_server_client
com_exchanging_server_data   ../matlab_external/ch07cl25.html#com_exchanging_server_data
activex_automation_properties   ../matlab_external/ch07cl26.html#activex_automation_properties
shared_and_dedicated_servers   ../matlab_external/ch8_co27.html#shared_and_dedicated_servers
dde_concepts   ../matlab_external/ch8_co28.html#dde_concepts
clipboard_formats   ../matlab_external/ch8_co28.html#clipboard_formats
accessing_matlab_as_a_server   ../matlab_external/ch8_co29.html#accessing_matlab_as_a_server
dde_advisory_links   ../matlab_external/ch_com33.html#dde_advisory_links
using_web_services   ../matlab_external/ch_soap.html#using_web_services
matlab_serial_port_interface   ../matlab_external/ch_seria.html#matlab_serial_port_interface
serial_data_format   ../matlab_external/ch_seri8.html#serial_data_format
configuring_serial_props   ../matlab_external/ch_ser13.html#configuring_serial_props
displaying_property_names   ../matlab_external/ch_ser13.html#displaying_property_names
serial_props_from_set   ../matlab_external/ch_ser13.html#serial_props_from_set
serial_props_from_get   ../matlab_external/ch_ser13.html#serial_props_from_get
synch_asynch_description   ../matlab_external/ch_ser21.html#synch_asynch_description
recording_info_to_disk   ../matlab_external/ch_ser36.html#recording_info_to_disk
