   ../mpc/chsimulink3.html#
MPCmask   ../mpc/chsimulink3.html#MPCmask
load_project   ../mpc/chmpcrefmpctool6.html#load_project
save_project   ../mpc/chmpcrefmpctool6.html#save_project
import_plant_cshelp   ../mpc/mpcmpctoolcshelp2.html#import_plant_cshelp
import_controller_cshelp   ../mpc/mpcmpctoolcshelp7.html#import_controller_cshelp
MPCIMPORTMPCOBJ   ../mpc/mpcmpctoolcshelp7.html#MPCIMPORTMPCOBJ
MPCOBJEXPORTER   ../mpc/mpcmpctoolcshelp10.html#MPCOBJEXPORTER
MPCGUIMAIN   ../mpc/mpcmpctoolcshelp11.html#MPCGUIMAIN
MPCMODELSMAIN   ../mpc/mpcmpctoolcshelp12.html#MPCMODELSMAIN
MPCCONTROLLERS   ../mpc/mpcmpctoolcshelp14.html#MPCCONTROLLERS
MPCSIMSMAIN   ../mpc/mpcmpctoolcshelp15.html#MPCSIMSMAIN
MPCCONHORIZON   ../mpc/mpcmpctoolcshelp17.html#MPCCONHORIZON
MPCCONCONSTRAINT   ../mpc/mpcmpctoolcshelp18.html#MPCCONCONSTRAINT
MPCCONSOFT   ../mpc/mpcmpctoolcshelp19.html#MPCCONSOFT
MPCCONWEIGHT   ../mpc/mpcmpctoolcshelp20.html#MPCCONWEIGHT
MPCCONESTIMATOR   ../mpc/mpcmpctoolcshelp21.html#MPCCONESTIMATOR
MPCSIMMAIN   ../mpc/mpcmpctoolcshelp22.html#MPCSIMMAIN
