simulink_prefs quick_start5.html#simulink_prefs
simulink_preferences quick_start5.html#simulink_preferences
how_sl_works_solvers how_simulink_works13.html#how_sl_works_solvers
zero_crossing_detection how_simulink_works14.html#zero_crossing_detection
how_sl_works_algebraic_loops how_simulink_works15.html#how_sl_works_algebraic_loops
undoing_command basics2.html#undoing_command
printing_block_diagram basics5.html#printing_block_diagram
save_r11 basics4.html#save_r11
KeyboardShortcuts basics10.html#KeyboardShortcuts
blocks:autoconnecting creating_model9.html#blocks:autoconnecting
undoing_subsystem_creation creating_model15.html#undoing_subsystem_creation
windowreuse creating_model15.html#windowreuse
annotations creating_model12.html#annotations
modeldiscretizer creating_model23.html#modeldiscretizer
CONTROL_FLOW creating_model22.html#CONTROL_FLOW
ModelPropertiesDialog creating_model31.html#ModelPropertiesDialog
matlabenvironment_sourcecontrol creating_model29.html#matlabenvironment_sourcecontrol
port_callbacks creating_model28.html#port_callbacks
BlockPropertiesDialog working_with_blocks8.html#BlockPropertiesDialog
StatePropertiesDialog working_with_blocks8.html#StatePropertiesDialog
VirtualBlocks working_with_blocks2.html#VirtualBlocks
luteditor working_with_blocks13.html#luteditor
CreatingLibraryLink working_with_blocks15.html#CreatingLibraryLink
Signal_Basics working_with_signals2.html#Signal_Basics
librarybrowser working_with_blocks20.html#librarybrowser
signal_properties_dialog working_with_signals8.html#signal_properties_dialog
storage_class working_with_signals8.html#storage_class
signal_names working_with_signals11.html#signal_names
data_objects working_with_data9.html#data_objects
boolean_type_checking working_with_data7.html#boolean_type_checking
data_class_designer working_with_data10.html#data_class_designer
SimulinkClassWizard working_with_data10.html#SimulinkClassWizard
user_data working_with_data12.html#user_data
data_explorer working_with_data11.html#data_explorer
finder browse_explore2.html#finder
SimulationParametersDialog simulation5.html#SimulationParametersDialog
model_param_cfg_dlg simulation8.html#model_param_cfg_dlg
diagnostic_viewer simulation9.html#diagnostic_viewer
the_mask_workspace masking2.html#the_mask_workspace
UsingMasks masking.html#UsingMasks
debugger debug.html#debugger
accelerator performance_tools2.html#accelerator
merging_model_differences performance_tools15.html#merging_model_differences
differences_panes performance_tools13.html#differences_panes
graphical_merge_tool_colors performance_tools13.html#graphical_merge_tool_colors
differences_display_options performance_tools13.html#differences_display_options
graphical_merge_tool performance_tools12.html#graphical_merge_tool
comparing_models performance_tools12.html#comparing_models
perftools performance_tools.html#perftools
profiler performance_tools16.html#profiler
profiler performance_tools16.html#profiler
html_settings performance_tools21.html#html_settings
modelcoverage_dialog performance_tools20.html#modelcoverage_dialog
modelcoverage_report performance_tools19.html#modelcoverage_report
modelcoverage_tool performance_tools17.html#modelcoverage_tool
model_coverage performance_tools17.html#model_coverage
covered_blocks performance_tools17.html#covered_blocks
