visualization_techniques   ../visualize/intro_vi.html#visualization_techniques
creating_3-D_graphs   ../visualize/chbuild3.html#creating_3-D_graphs
a_typical_3d_graph   ../visualize/chbuild2.html#a_typical_3d_graph
line_plots_of_3d_data   ../visualize/chbuil3a.html#line_plots_of_3d_data
representing_a_matrix_as_a_surface   ../visualize/chbuild4.html#representing_a_matrix_as_a_surface
lit_sinc_surface   ../visualize/chbuild6.html#lit_sinc_surface
hidden_line_removal   ../visualize/chbuild9.html#hidden_line_removal
coloring_mesh_and_surface_plots   ../visualize/chbuil10.html#coloring_mesh_and_surface_plots
coloring_mesh_and_surface_plots   ../visualize/chbuil10.html#coloring_mesh_and_surface_plots
colormaps   ../visualize/chbuil11.html#colormaps
rgb_color_components   ../visualize/chbuil11.html#rgb_color_components
indexed_color_surfaces   ../visualize/chbuil12.html#indexed_color_surfaces
indexed_color_surfaces   ../visualize/chbuil12.html#indexed_color_surfaces
altering_colormaps   ../visualize/chbuil14.html#altering_colormaps
truecolor_surfaces   ../visualize/chbuil15.html#truecolor_surfaces
texture_mapping   ../visualize/chbuil16.html#texture_mapping
defining_the_view   ../visualize/chview.html#defining_the_view
setting_the_viewpoint   ../visualize/chview3.html#setting_the_viewpoint
camera_diagram   ../visualize/chview4.html#camera_diagram
view_control_with_the_camera_toolbar   ../visualize/chview5.html#view_control_with_the_camera_toolbar
camera_motion_controls   ../visualize/chview6.html#camera_motion_controls
orbit_camera   ../visualize/chview6.html#orbit_camera
zoom_camera   ../visualize/chview6.html#zoom_camera
camera_commands   ../visualize/chview7.html#camera_commands
dollying_the_camera   ../visualize/chview8.html#dollying_the_camera
creating_a_fly-through   ../visualize/chview9.html#creating_a_fly-through
low-level_camera_properties   ../visualize/chview10.html#low-level_camera_properties
view_projection_types   ../visualize/chview17.html#view_projection_types
axes_aspect_ratio   ../visualize/chview19.html#axes_aspect_ratio
stretch_to_fill   ../visualize/chview19.html#stretch_to_fill
example_axis_command_options   ../visualize/chview22.html#example_axis_command_options
axes_aspect_ratio_properties   ../visualize/chview24.html#axes_aspect_ratio_properties
effects_of_setting_aspect_ratio_properties   ../visualize/chview27.html#effects_of_setting_aspect_ratio_properties
lighting_as_a_visualization_tool   ../visualize/chlighti.html#lighting_as_a_visualization_tool
properties_that_affect_lighting   ../visualize/chlight6.html#properties_that_affect_lighting
selecting_a_lighting_method   ../visualize/chlight7.html#selecting_a_lighting_method
reflectance_characteristics_of_graphics_objects   ../visualize/chlight8.html#reflectance_characteristics_of_graphics_objects
ambient_light   ../visualize/chligh10.html#ambient_light
back_face_lighting   ../visualize/chligh13.html#back_face_lighting
transparency   ../visualize/chtransp.html#transparency
transparency   ../visualize/chtransp.html#transparency
making_objects_transparent   ../visualize/chtrans2.html#making_objects_transparent
specifying_a_single_transparency_value   ../visualize/chtrans4.html#specifying_a_single_transparency_value
mapping_data_to_transparency   ../visualize/chtrans5.html#mapping_data_to_transparency
selecting_an_alphamap   ../visualize/chtrans7.html#selecting_an_alphamap
creating_3-d_models_with_patches   ../visualize/chpatch.html#creating_3-d_models_with_patches
multi_faceted_patches   ../visualize/chpatch5.html#multi_faceted_patches
specifying_faces_and_vertices   ../visualize/chpatch5.html#specifying_faces_and_vertices
specifying_patch_coloring   ../visualize/chpatch6.html#specifying_patch_coloring
patch_index_color_data   ../visualize/chpatc11.html#patch_index_color_data
patch_truecolor_patches   ../visualize/chpatc12.html#patch_truecolor_patches
interpolating_in_indexed_color_vs_truecolor   ../visualize/chpatc12.html#interpolating_in_indexed_color_vs_truecolor
volume_visualization_techniques   ../visualize/chvolvis.html#volume_visualization_techniques
overview_of_volume_visualization   ../visualize/chvolvi2.html#overview_of_volume_visualization
volume_visualization_functions   ../visualize/chvolvi3.html#volume_visualization_functions
visualizing_scalar_volume_data   ../visualize/chvolvi4.html#visualizing_scalar_volume_data
visualizing_mri_data   ../visualize/chvolvi5.html#visualizing_mri_data
visualizing_mri_data__displaying_an_isosurface   ../visualize/chvolvi5.html#visualizing_mri_data__displaying_an_isosurface
exploring_volumes_with_slice_planes   ../visualize/chvolvi6.html#exploring_volumes_with_slice_planes
example_slicing_fluid_flow_data   ../visualize/chvolvi7.html#example_slicing_fluid_flow_data
modifying_the_color_mapping   ../visualize/chvolvi8.html#modifying_the_color_mapping
connecting_equal_values_with_isosurfaces   ../visualize/chvolvi9.html#connecting_equal_values_with_isosurfaces
isocaps_add_context_to_visualization   ../visualize/chvolv10.html#isocaps_add_context_to_visualization
visualizing_vector_volume_data   ../visualize/chvolv12.html#visualizing_vector_volume_data
starting_points_for_stream_plots   ../visualize/chvolv13.html#starting_points_for_stream_plots
stream_line_plots_of_vector_data   ../visualize/chvolv15.html#stream_line_plots_of_vector_data
displaying_curl_with_stream_ribbons   ../visualize/chvolv16.html#displaying_curl_with_stream_ribbons
displaying_divergence_with_stream_tubes   ../visualize/chvolv17.html#displaying_divergence_with_stream_tubes
creating_stream_particle_animations   ../visualize/chvolv18.html#creating_stream_particle_animations
vector_field_displayed_with_cone_plots   ../visualize/chvolv19.html#vector_field_displayed_with_cone_plots
