CW_TRANSFORM   ../wavelet/ch01_i12.html#CW_TRANSFORM
DW1D_DECOMPOS   ../wavelet/ch01_i19.html#DW1D_DECOMPOS
WVDI_FAMILIES   ../wavelet/ch01_29a.html#WVDI_FAMILIES
CW_LOADSAVE   ../wavelet/ch02_us6.html#CW_LOADSAVE
CW1D_GUI   ../wavelet/ch02_us5.html#CW1D_GUI
CW_COEFLINE   ../wavelet/ch02_us5.html#CW_COEFLINE
CW_MAXLINE   ../wavelet/ch02_us5.html#CW_MAXLINE
CW_SCAL2FRQ   ../wavelet/ch02_us5.html#CW_SCAL2FRQ
CWIM_GUI   ../wavelet/ch02_us9.html#CWIM_GUI
DW1D_GUI   ../wavelet/ch02_u13.html#DW1D_GUI
DYNV_ZOOM   ../wavelet/ch02_u13.html#DYNV_ZOOM
DW1D_DISPMODE   ../wavelet/ch02_u13.html#DW1D_DISPMODE
DW1D_DENO_GUI   ../wavelet/ch02_u13.html#DW1D_DENO_GUI
DW1D_COMP_GUI   ../wavelet/ch02_u13.html#DW1D_COMP_GUI
RESI1D_GUI   ../wavelet/ch02_u13.html#RESI1D_GUI
DW1D_STAT_GUI   ../wavelet/ch02_u13.html#DW1D_STAT_GUI
DW1D_LOADSAVE   ../wavelet/ch02_u14.html#DW1D_LOADSAVE
DW2D_GUI   ../wavelet/ch02_u17.html#DW2D_GUI
DW2D_SELECT   ../wavelet/ch02_u17.html#DW2D_SELECT
DYNV_HIST   ../wavelet/ch02_u17.html#DYNV_HIST
DW2D_COMP_GUI   ../wavelet/ch02_u17.html#DW2D_COMP_GUI
RESI2D_GUI   ../wavelet/ch02_u17.html#RESI2D_GUI
DW2D_WORKING   ../wavelet/ch02_u19.html#DW2D_WORKING
DW2D_LOADSAVE   ../wavelet/ch02_u18.html#DW2D_LOADSAVE
SW1D_LOADSAVE   ../wavelet/ch02_u27.html#SW1D_LOADSAVE
SW1D_GUI   ../wavelet/ch02_u26.html#SW1D_GUI
REGF_GUI   ../wavelet/ch02_u32.html#REGF_GUI
SW2D_LOADSAVE   ../wavelet/ch02_u31.html#SW2D_LOADSAVE
SW2D_GUI   ../wavelet/ch02_u30.html#SW2D_GUI
REG_BINS   ../wavelet/ch02_u33.html#REG_BINS
EDEN_GUI   ../wavelet/ch02_u36.html#EDEN_GUI
REG_LOADSAVE   ../wavelet/ch02_u35.html#REG_LOADSAVE
REGR_GUI   ../wavelet/ch02_u34.html#REGR_GUI
EDEN_BINS   ../wavelet/ch02_u37.html#EDEN_BINS
EDEN_LOADSAVE   ../wavelet/ch02_38a.html#EDEN_LOADSAVE
IDTS_GUI   ../wavelet/ch02_u40.html#IDTS_GUI
GENER_VARTHR   ../wavelet/ch02_u40.html#GENER_VARTHR
MODIF_VARTHR   ../wavelet/ch02_u40.html#MODIF_VARTHR
CF1D_GUI   ../wavelet/ch02_u42.html#CF1D_GUI
SIGX_GUI   ../wavelet/ch02_u44.html#SIGX_GUI
CF2D_GUI   ../wavelet/ch02_u43.html#CF2D_GUI
IMGX_GUI   ../wavelet/ch02_u47.html#IMGX_GUI
WFUS_GUI   ../wavelet/ch02_u50.html#WFUS_GUI
WFBM_GUI   ../wavelet/ch02_53a.html#WFBM_GUI
NWAV_GUI   ../wavelet/ch02_u57.html#NWAV_GUI
DW2D_DENO_GUI   ../wavelet/ch03_a10.html#DW2D_DENO_GUI
COMP_IMAGES   ../wavelet/ch03_a11.html#COMP_IMAGES
DW1D_INACTION   ../wavelet/ch04_act.html#DW1D_INACTION
WP1D_GUI   ../wavelet/ch05_us3.html#WP1D_GUI
WP_ENTROPY   ../wavelet/ch05_us3.html#WP_ENTROPY
WP_BESTTREE   ../wavelet/ch05_us3.html#WP_BESTTREE
WP1D_COMP_GUI   ../wavelet/ch05_us4.html#WP1D_COMP_GUI
WP1D_DENO_GUI   ../wavelet/ch05_us5.html#WP1D_DENO_GUI
WP2D_GUI   ../wavelet/ch05_us6.html#WP2D_GUI
WP_LOADSAVE   ../wavelet/ch05_us8.html#WP_LOADSAVE
WP2D_COMP_GUI   ../wavelet/ch05_us7.html#WP2D_COMP_GUI
DW1D_GENERAL   ../wavelet/ch06_ad3.html#DW1D_GENERAL
CW_CONTDISC1   ../wavelet/ch06_ad9.html#CW_CONTDISC1
BORDER_DIST   ../wavelet/ch06_a19.html#BORDER_DIST
SWT   ../wavelet/ch06_a21.html#SWT
CW_CONTDISC2   ../wavelet/ch06_a29.html#CW_CONTDISC2
WVDI_ADVANCED   ../wavelet/ch06_a30.html#WVDI_ADVANCED
UT_WAVELET   ../wavelet/ch06_a41.html#UT_WAVELET
DENO_PROCEDURE   ../wavelet/ch06_a47.html#DENO_PROCEDURE
DENO_SOFTHARD   ../wavelet/ch06_a47.html#DENO_SOFTHARD
DENO_NOISSTRUCT   ../wavelet/ch06_a47.html#DENO_NOISSTRUCT
VARTHR   ../wavelet/ch06_a47.html#VARTHR
COMP_PROCEDURE   ../wavelet/ch06_a48.html#COMP_PROCEDURE
COMP_SCORES   ../wavelet/ch06_a48.html#COMP_SCORES
DENS_EST   ../wavelet/ch06_a49.html#DENS_EST
REG_EST   ../wavelet/ch06_a49.html#REG_EST
WP_PACKETS   ../wavelet/ch06_51a.html#WP_PACKETS
COMP_DENO_METHODS   ../wavelet/ch06_50a.html#COMP_DENO_METHODS
COMP_DENO_STRA   ../wavelet/ch06_50a.html#COMP_DENO_STRA
WPDI_BUILDING   ../wavelet/ch06_a54.html#WPDI_BUILDING
WPDI_ATOMS   ../wavelet/ch06_55a.html#WPDI_ATOMS
WVDI_NEWWAVE   ../wavelet/ch07_add.html#WVDI_NEWWAVE
DYNV_INFO   ../wavelet/apxa_gu5.html#DYNV_INFO
UT_COLMAP   ../wavelet/apxa_gu6.html#UT_COLMAP
CW_COLMODE   ../wavelet/apxa_gu6.html#CW_COLMODE
DYNV_ZAXE   ../wavelet/apxa_gu8.html#DYNV_ZAXE
CW_SCALES   ../wavelet/apxa_g10.html#CW_SCALES
DW1D_MOREDISP   ../wavelet/apxa_12a.html#DW1D_MOREDISP
DW2D_FULLSIZE   ../wavelet/apxa_13a.html#DW2D_FULLSIZE
WP_TOOLS   ../wavelet/apxa_g14.html#WP_TOOLS
WVDI_GUI   ../wavelet/apxa_16a.html#WVDI_GUI
WPDI_GUI   ../wavelet/apxa_17a.html#WPDI_GUI
