install-instr   ../rtw/rtw_ug/rtw_gs_6.html#install-instr
Real-Time   ../rtw/rtw_ug/Workshop:   ../rtw/rtw_ug/installing   ../rtw/rtw_ug/rtw_gs_6.html#Real-Time   ../rtw/rtw_ug/Workshop:   ../rtw/rtw_ug/installing
accel-devel   ../rtw/rtw_ug/rtw_gs_5.html#accel-devel
related-prods   ../rtw/rtw_ug/rtw_gs11.html#related-prods
rtw-demos   ../rtw/rtw_ug/rtw_gs10.html#rtw-demos
rtw_build_directories   ../rtw/rtw_ug/rtw_g16b.html#rtw_build_directories
rtw_quicktutorials   ../rtw/rtw_ug/rtw_gs3b.html#rtw_quicktutorials
basic-concepts   ../rtw/rtw_ug/rtw_gs2b.html#basic-concepts
build_directory   ../rtw/rtw_ug/rtw_gs4a.html#build_directory
gs_tut_4   ../rtw/rtw_ug/rtw_gs7a.html#gs_tut_4
rtwug_top   ../rtw/rtw_ug/ug_colle.html#rtwug_top
mdlreftutorial   ../rtw/rtw_ug/rtw_gs9c.html#mdlreftutorial
rtwug_top   ../rtw/rtw_ug/intro_ov.html#rtwug_top
rtw_productsummary   ../rtw/rtw_ug/intro_o2.html#rtw_productsummary
rtwhtmlreport   ../rtw/rtw_ug/make24.html#rtwhtmlreport
rtw_pane   ../rtw/rtw_ug/make23.html#rtw_pane
rtw_ui_overview   ../rtw/rtw_ug/make22.html#rtw_ui_overview
rtw-gui   ../rtw/rtw_ug/make22.html#rtw-gui
rtw_codegen_build   ../rtw/rtw_ug/make2.html#rtw_codegen_build
rtw_block_reduction_opt   ../rtw/rtw_ug/make28.html#rtw_block_reduction_opt
rtw_boolean_logic_opt   ../rtw/rtw_ug/make28.html#rtw_boolean_logic_opt
rtw_inline_parms_opt   ../rtw/rtw_ug/make28.html#rtw_inline_parms_opt
rtw_sig_storage_reuse   ../rtw/rtw_ug/make28.html#rtw_sig_storage_reuse
rtw_buffer_reuse   ../rtw/rtw_ug/make28.html#rtw_buffer_reuse
rtw_inline_invariant   ../rtw/rtw_ug/make28.html#rtw_inline_invariant
rtw_hilite_sys   ../rtw/rtw_ug/make213.html#rtw_hilite_sys
code_generation_RTW_ug   ../rtw/rtw_ug/make226.html#code_generation_RTW_ug
make_tmplt_options   ../rtw/rtw_ug/make224.html#make_tmplt_options
rtw_ui_overview   ../rtw/rtw_ug/subsys2.html#rtw_ui_overview
rtw_nonvirtual_subsys_codegen   ../rtw/rtw_ug/subsys2.html#rtw_nonvirtual_subsys_codegen
rtw_embeddedformat   ../rtw/rtw_ug/codefor7.html#rtw_embeddedformat
rtw_sfunctionformat   ../rtw/rtw_ug/codefor6.html#rtw_sfunctionformat
rtw_realtimemallocformat   ../rtw/rtw_ug/codefor5.html#rtw_realtimemallocformat
rtw_realtimeformat   ../rtw/rtw_ug/codefor4.html#rtw_realtimeformat
rtw_subsys_code_gen   ../rtw/rtw_ug/subsys5.html#rtw_subsys_code_gen
slprjstruct   ../rtw/rtw_ug/subsys8.html#slprjstruct
rtw_ui_overview   ../rtw/rtw_ug/structs2.html#rtw_ui_overview
rtw_tunable_parms   ../rtw/rtw_ug/structs2.html#rtw_tunable_parms
rtw_tunable_expr   ../rtw/rtw_ug/structs7.html#rtw_tunable_expr
rtw_interface_sigs_ext_code   ../rtw/rtw_ug/struct14.html#rtw_interface_sigs_ext_code
rtw_sig_storage_reuse   ../rtw/rtw_ug/struct12.html#rtw_sig_storage_reuse
rtw_signals_storage   ../rtw/rtw_ug/struct10.html#rtw_signals_storage
rtw_data_objs   ../rtw/rtw_ug/struct18.html#rtw_data_objs
rtw_block_states   ../rtw/rtw_ug/struct22.html#rtw_block_states
rtw_data_store_mem_storage_class   ../rtw/rtw_ug/struct28.html#rtw_data_store_mem_storage_class
rtw_ext_mode_top_lvl   ../rtw/rtw_ug/extm.html#rtw_ext_mode_top_lvl
rtw_data_archiving   ../rtw/rtw_ug/extm8.html#rtw_data_archiving
rtw_sigs_and_trigs   ../rtw/rtw_ug/extm7.html#rtw_sigs_and_trigs
rtw_ext_mode_blocks   ../rtw/rtw_ug/extm10.html#rtw_ext_mode_blocks
rtw_ext_mode_comm   ../rtw/rtw_ug/extm12.html#rtw_ext_mode_comm
rtw_sig_viewing_subsys   ../rtw/rtw_ug/extm11.html#rtw_sig_viewing_subsys
rtw_prog_architecture   ../rtw/rtw_ug/arch.html#rtw_prog_architecture
mdl_execution   ../rtw/rtw_ug/arch3.html#mdl_execution
rtw_multi_rate   ../rtw/rtw_ug/multi.html#rtw_multi_rate
rtw_rate_transitions   ../rtw/rtw_ug/multi8.html#rtw_rate_transitions
rtw_optimize_chapt   ../rtw/rtw_ug/opt_mode.html#rtw_optimize_chapt
rtw_expr_fold   ../rtw/rtw_ug/opt_mod7.html#rtw_expr_fold
modeladvisordoc   ../rtw/rtw_ug/opt_mod4.html#modeladvisordoc
rtw_conditional_branch_execution   ../rtw/rtw_ug/opt_mo10.html#rtw_conditional_branch_execution
rtw_saturate_ovflow_opt   ../rtw/rtw_ug/opt_mo14.html#rtw_saturate_ovflow_opt
rtw_expr_fold_API   ../rtw/rtw_ug/sfcn_r18.html#rtw_expr_fold_API
mdlCheckParameters   ../rtw/rtw_ug/sfcn_r17.html#mdlCheckParameters
mdlStart   ../rtw/rtw_ug/sfcn_r17.html#mdlStart
directlookup_tlc   ../rtw/rtw_ug/sfcn_r17.html#directlookup_tlc
rtw_Sfunc_target   ../rtw/rtw_ug/sfunc_t2.html#rtw_Sfunc_target
rtw_auto_sfun_gen   ../rtw/rtw_ug/sfunc_t7.html#rtw_auto_sfun_gen
rtw_Sfunc_target_tun_parms   ../rtw/rtw_ug/sfunc_t6.html#rtw_Sfunc_target_tun_parms
rtw_rsimtarget   ../rtw/rtw_ug/rsim.html#rtw_rsimtarget
rtw_tornado   ../rtw/rtw_ug/torn.html#rtw_tornado
customcode_doc   ../rtw/rtw_ug/custom_3.html#customcode_doc
rtw_async_support   ../rtw/rtw_ug/asynch.html#rtw_async_support
sig_mon_blk_outputs   ../rtw/rtw_ug/data_ex2.html#sig_mon_blk_outputs
rtw_C_API_tuning   ../rtw/rtw_ug/data_ex2.html#rtw_C_API_tuning
rtw_ext_comm_API   ../rtw/rtw_ug/data_ex8.html#rtw_ext_comm_API
rtw_blocks_abs_time   ../rtw/rtw_ug/app-bloc.html#rtw_blocks_abs_time
rtw_gen_ASAP2   ../rtw/rtw_ug/app_asap.html#rtw_gen_ASAP2
introducing_tlc   ../rtw/tlc_ref/cp_intro.html#introducing_tlc
tlc_process   ../rtw/tlc_ref/cp_intr4.html#tlc_process
code_gen_architect   ../rtw/tlc_ref/cp_archi.html#code_gen_architect
rtwgen_command   ../rtw/tlc_ref/cp_arch4.html#rtwgen_command
configuring_tlc   ../rtw/tlc_ref/cp_arch5.html#configuring_tlc
obj-info-rtw-file   ../rtw/tlc_ref/cp_mode4.html#obj-info-rtw-file
dir_and_builitin_functs   ../rtw/tlc_ref/cp_langu.html#dir_and_builitin_functs
target_lang_values   ../rtw/tlc_ref/cp_lang5.html#target_lang_values
target_lang_values   ../rtw/tlc_ref/cp_lang5.html#target_lang_values
compiler_directives   ../rtw/tlc_ref/cp_lang2.html#compiler_directives
assertdirective   ../rtw/tlc_ref/cp_lang2.html#assertdirective
roll_endroll   ../rtw/tlc_ref/cp_lang2.html#roll_endroll
roll   ../rtw/tlc_ref/cp_lang9.html#roll
target_language_expressions   ../rtw/tlc_ref/cp_lang6.html#target_language_expressions
target_lang_expr_table   ../rtw/tlc_ref/cp_lang6.html#target_lang_expr_table
tlc_data_promotions   ../rtw/tlc_ref/cp_lang6.html#tlc_data_promotions
object_oriented_facility   ../rtw/tlc_ref/cp_lan10.html#object_oriented_facility
generate_and_generate_type   ../rtw/tlc_ref/cp_lan10.html#generate_and_generate_type
built_in_func_and_values   ../rtw/tlc_ref/cp_lan14.html#built_in_func_and_values
feval_function   ../rtw/tlc_ref/cp_lan14.html#feval_function
scoping   ../rtw/tlc_ref/cp_lan17.html#scoping
command_line_arguments   ../rtw/tlc_ref/cp_lan19.html#command_line_arguments
target_language_functions   ../rtw/tlc_ref/cp_lan18.html#target_language_functions
debugging_tlc   ../rtw/tlc_ref/cp_debug.html#debugging_tlc
inlining_s_functions   ../rtw/tlc_ref/cp_inlin.html#inlining_s_functions
blockinstancesetup   ../rtw/tlc_ref/cp_inl11.html#blockinstancesetup
blocktypesetup   ../rtw/tlc_ref/cp_inl11.html#blocktypesetup
enable   ../rtw/tlc_ref/cp_inl11.html#enable
disable   ../rtw/tlc_ref/cp_inl11.html#disable
start   ../rtw/tlc_ref/cp_inl11.html#start
initializeconditions   ../rtw/tlc_ref/cp_inl11.html#initializeconditions
outputs   ../rtw/tlc_ref/cp_inl11.html#outputs
update   ../rtw/tlc_ref/cp_inl11.html#update
derivatives   ../rtw/tlc_ref/cp_inl11.html#derivatives
terminate   ../rtw/tlc_ref/cp_inl11.html#terminate
tlc_function_lib_ref   ../rtw/tlc_ref/cp_fcnli.html#tlc_function_lib_ref
obsolete_functions   ../rtw/tlc_ref/cp_fcnl2.html#obsolete_functions
tlc_error_handling   ../rtw/tlc_ref/app_errm.html#tlc_error_handling
formatting_error_messages   ../rtw/tlc_ref/app_err3.html#formatting_error_messages
using_tlc_with_emacs   ../rtw/tlc_ref/app_emac.html#using_tlc_with_emacs
matlab:sfundemos   ../rtw/rn/rtw14_6-06.html#matlab:sfundemos
rtw_platform_limitations   ../rtw/rn/rtw139.html#rtw_platform_limitations
