creating_plots   ../creating_plots/new_cp_c.html#creating_plots
overview_of_matlab_graphics   ../creating_plots/plot_too.html#overview_of_matlab_graphics
matlab_plotting_tools   ../creating_plots/plot_too.html#matlab_plotting_tools
figure_tool_bars   ../creating_plots/plot_to2.html#figure_tool_bars
plotting_tools_interactive_plotting   ../creating_plots/plot_to3.html#plotting_tools_interactive_plotting
the_figure_palette   ../creating_plots/plot_to4.html#the_figure_palette
the_more_plots_tool   ../creating_plots/plot_to4.html#the_more_plots_tool
the_plot_browser   ../creating_plots/plot_to5.html#the_plot_browser
the_property_editor   ../creating_plots/plot_to6.html#the_property_editor
property_editor   ../creating_plots/plot_to6.html#property_editor
property_inspector   ../creating_plots/plot_to7.html#property_inspector
specifying_a_data_source   ../creating_plots/plot_t11.html#specifying_a_data_source
plot_editor   ../creating_plots/plot_t14.html#plot_editor
saving_your_work   ../creating_plots/plot_t16.html#saving_your_work
saving_a_graph_as_an_mfile   ../creating_plots/plot_t18.html#saving_a_graph_as_an_mfile
data_exploration_tools   ../creating_plots/data_exp.html#data_exploration_tools
data_cursor   ../creating_plots/data_ex3.html#data_cursor
   ../creating_plots/data_ex3.html#
   ../creating_plots/data_ex3.html#
zoom   ../creating_plots/data_ex8.html#zoom
panning   ../creating_plots/data_ex9.html#panning
rotate_3d   ../creating_plots/data_e10.html#rotate_3d
plotting_basic_stats2   ../creating_plots/data_e12.html#plotting_basic_stats2
formatting_graphs   ../creating_plots/annotate.html#formatting_graphs
annotating_graphs   ../creating_plots/annotate.html#annotating_graphs
annotating_graphs   ../creating_plots/annotat2.html#annotating_graphs
annotation_rectangle_ellipse   ../creating_plots/annotat3.html#annotation_rectangle_ellipse
textbox_annotations   ../creating_plots/annotat4.html#textbox_annotations
annotation_lines_and_arrows   ../creating_plots/annotat5.html#annotation_lines_and_arrows
inserting_a_colorbar   ../creating_plots/annotat6.html#inserting_a_colorbar
adding_a_legend_to_a_graph   ../creating_plots/annotat7.html#adding_a_legend_to_a_graph
pinning   ../creating_plots/annotat8.html#pinning
alignment_tool   ../creating_plots/annotat9.html#alignment_tool
adding_titles_to_graphs   ../creating_plots/annota13.html#adding_titles_to_graphs
adding_axis_labels-to_graphs   ../creating_plots/annota17.html#adding_axis_labels-to_graphs
text_alignment   ../creating_plots/annota20.html#text_alignment
mathematical_symbols_greek_letters_and_tex_characters   ../creating_plots/annota22.html#mathematical_symbols_greek_letters_and_tex_characters
drawing_text_in_a_box   ../creating_plots/annota25.html#drawing_text_in_a_box
2-d_graphs   ../creating_plots/graph_co.html#2-d_graphs
basic_plotting_commands   ../creating_plots/graph_c2.html#basic_plotting_commands
creating_line_plots   ../creating_plots/graph_c4.html#creating_line_plots
spec_line_style   ../creating_plots/graph_c5.html#spec_line_style
line_color_style_marker   ../creating_plots/graph_c5.html#line_color_style_marker
creating_specialized_plots   ../creating_plots/special_.html#creating_specialized_plots
bar_and_area_graphs   ../creating_plots/special2.html#bar_and_area_graphs
area_graphs   ../creating_plots/special7.html#area_graphs
histograms   ../creating_plots/specia11.html#histograms
histograms_in_polar_coordinates   ../creating_plots/specia12.html#histograms_in_polar_coordinates
discrete_data_graphs   ../creating_plots/specia14.html#discrete_data_graphs
two_dimensional_stem_plots   ../creating_plots/specia15.html#two_dimensional_stem_plots
three_dimensional_stem_plots   ../creating_plots/specia17.html#three_dimensional_stem_plots
direction_and_velocity_vector_graphs   ../creating_plots/specia19.html#direction_and_velocity_vector_graphs
compass_plots   ../creating_plots/specia20.html#compass_plots
two_dimensional_quivre_plots   ../creating_plots/specia22.html#two_dimensional_quivre_plots
three_dimensional_quiver_plot   ../creating_plots/specia23.html#three_dimensional_quiver_plot
contour_plots   ../creating_plots/specia24.html#contour_plots
the_contouring_algorithm   ../creating_plots/specia29.html#the_contouring_algorithm
interactive_plotting   ../creating_plots/specia32.html#interactive_plotting
cp_animation   ../creating_plots/specia33.html#cp_animation
movie_animation   ../creating_plots/specia34.html#movie_animation
visualizing_an_fft_as_a_movie   ../creating_plots/specia35.html#visualizing_an_fft_as_a_movie
visualizing_an_fft_as_a_movie   ../creating_plots/specia35.html#visualizing_an_fft_as_a_movie
visualizing_an_fft_as_a_movie   ../creating_plots/specia35.html#visualizing_an_fft_as_a_movie
displaying_bit-mapped_images   ../creating_plots/chimage.html#displaying_bit-mapped_images
rgb_truecolor_images   ../creating_plots/chimage8.html#rgb_truecolor_images
summary_of_image_types_and_numeric_classes   ../creating_plots/chimag16.html#summary_of_image_types_and_numeric_classes
reading_writing_images   ../creating_plots/chimag17.html#reading_writing_images
displaying_graphics_images   ../creating_plots/chimag21.html#displaying_graphics_images
print_collection_intro   ../creating_plots/chprinti.html#print_collection_intro
command_line_interface   ../creating_plots/chprint3.html#command_line_interface
using_print_preview   ../creating_plots/chprint6.html#using_print_preview
howto_print   ../creating_plots/chprint7.html#howto_print
print_printingwindows   ../creating_plots/chprint7.html#print_printingwindows
windows_print_figure   ../creating_plots/chprint7.html#windows_print_figure
print_printingunix   ../creating_plots/chprint7.html#print_printingunix
unix_print_figure   ../creating_plots/chprint7.html#unix_print_figure
print_options_figure   ../creating_plots/chprint7.html#print_options_figure
print_printingcommand   ../creating_plots/chprint7.html#print_printingcommand
howto_print2file   ../creating_plots/chprint8.html#howto_print2file
settings_append   ../creating_plots/chprint8.html#settings_append
howto_export   ../creating_plots/chprint9.html#howto_export
print_printingwindows   ../creating_plots/chprint9.html#print_printingwindows
export_figure   ../creating_plots/chprint9.html#export_figure
#print_printingcommand   ../creating_plots/chprint9.html##print_printingcommand
exporting_importing   ../creating_plots/chprint9.html#exporting_importing
howto_copy   ../creating_plots/chprin10.html#howto_copy
copy_options_figure   ../creating_plots/chprin10.html#copy_options_figure
printing_at_screen_size   ../creating_plots/chprin11.html#printing_at_screen_size
settings_figure   ../creating_plots/chprin18.html#settings_figure
which_figure_to_print   ../creating_plots/chprin18.html#which_figure_to_print
settings_printer   ../creating_plots/chprin18.html#settings_printer
settings_figsize   ../creating_plots/chprin19.html#settings_figsize
page_setup1_figure   ../creating_plots/chprin19.html#page_setup1_figure
settings_papertype   ../creating_plots/chprin20.html#settings_papertype
page_setup2_figure   ../creating_plots/chprin20.html#page_setup2_figure
settings_orientation   ../creating_plots/chprin21.html#settings_orientation
settings_renderer   ../creating_plots/chprin22.html#settings_renderer
rendering_painters   ../creating_plots/chprin22.html#rendering_painters
rendering_zbuffer   ../creating_plots/chprin22.html#rendering_zbuffer
rendering_opengl   ../creating_plots/chprin22.html#rendering_opengl
renderer_default   ../creating_plots/chprin22.html#renderer_default
renderer_reasons   ../creating_plots/chprin22.html#renderer_reasons
printing_renderer_menu   ../creating_plots/chprin22.html#printing_renderer_menu
printing_renderer_commands   ../creating_plots/chprin22.html#printing_renderer_commands
settings_resolution   ../creating_plots/chprin23.html#settings_resolution
default_resolution   ../creating_plots/chprin23.html#default_resolution
settings_axes   ../creating_plots/chprin24.html#settings_axes
locking_page_setup   ../creating_plots/chprin24.html#locking_page_setup
page_setup4_figure   ../creating_plots/chprin24.html#page_setup4_figure
locking_commands   ../creating_plots/chprin24.html#locking_commands
settings_background   ../creating_plots/chprin25.html#settings_background
settings_linechar   ../creating_plots/chprin26.html#settings_linechar
figure_copy_template_preferences   ../creating_plots/chprin26.html#figure_copy_template_preferences
copy_template_figure   ../creating_plots/chprin26.html#copy_template_figure
settings_linecolor   ../creating_plots/chprin27.html#settings_linecolor
page_setup3_figure   ../creating_plots/chprin27.html#page_setup3_figure
settings_cmyk   ../creating_plots/chprin28.html#settings_cmyk
settings_uicontrols   ../creating_plots/chprin29.html#settings_uicontrols
settings_boundingbox   ../creating_plots/chprin30.html#settings_boundingbox
boundingbox_menu   ../creating_plots/chprin30.html#boundingbox_menu
boundingbox_commands   ../creating_plots/chprin30.html#boundingbox_commands
exporting_choosing   ../creating_plots/chprin31.html#exporting_choosing
frequently_used_formats   ../creating_plots/chprin31.html#frequently_used_formats
gffactor_implementation   ../creating_plots/chprin31.html#gffactor_implementation
exporting_ghostscript   ../creating_plots/chprin31.html#exporting_ghostscript
gffactor_graphics   ../creating_plots/chprin31.html#gffactor_graphics
exporting_bitmap_vector   ../creating_plots/chprin31.html#exporting_bitmap_vector
gffactor_bitdepth   ../creating_plots/chprin31.html#gffactor_bitdepth
bit_depth   ../creating_plots/chprin31.html#bit_depth
gffactor_color   ../creating_plots/chprin31.html#gffactor_color
gffactor_model   ../creating_plots/chprin31.html#gffactor_model
gffactor_publication   ../creating_plots/chprin31.html#gffactor_publication
gfprop_font   ../creating_plots/chprin32.html#gfprop_font
gfprop_resolution   ../creating_plots/chprin32.html#gfprop_resolution
gfprop_import   ../creating_plots/chprin32.html#gfprop_import
gfprop_complexity   ../creating_plots/chprin32.html#gfprop_complexity
gfprop_lighting   ../creating_plots/chprin32.html#gfprop_lighting
tiff_preview_caution   ../creating_plots/chprin32.html#tiff_preview_caution
gfprop_lines   ../creating_plots/chprin32.html#gfprop_lines
gfprop_filesize   ../creating_plots/chprin32.html#gfprop_filesize
gfprop_resizeable   ../creating_plots/chprin32.html#gfprop_resizeable
gfprop_color   ../creating_plots/chprin32.html#gfprop_color
selected_graphics_formats   ../creating_plots/chprin34.html#selected_graphics_formats
exporting_eps_files   ../creating_plots/chprin34.html#exporting_eps_files
JPEG_files   ../creating_plots/chprin34.html#JPEG_files
drivers_choosing   ../creating_plots/chprin36.html#drivers_choosing
driver_by_platform   ../creating_plots/chprin37.html#driver_by_platform
platform_considerations   ../creating_plots/chprin37.html#platform_considerations
driver_by_printer   ../creating_plots/chprin37.html#driver_by_printer
printer_support   ../creating_plots/chprin37.html#printer_support
driver_by_color   ../creating_plots/chprin37.html#driver_by_color
color_support   ../creating_plots/chprin37.html#color_support
driver_by_font   ../creating_plots/chprin37.html#driver_by_font
post_ghost_fonts   ../creating_plots/chprin37.html#post_ghost_fonts
driver_by_settings   ../creating_plots/chprin37.html#driver_by_settings
driver_specific_settings   ../creating_plots/chprin37.html#driver_specific_settings
printing_preferences   ../creating_plots/chprin38.html#printing_preferences
correcting_windows_color   ../creating_plots/chprin38.html#correcting_windows_color
early_postscript   ../creating_plots/chprin38.html#early_postscript
hpgl_drivers   ../creating_plots/chprin38.html#hpgl_drivers
print_troubleshooting   ../creating_plots/chprin39.html#print_troubleshooting
handle_graphics_objects   ../creating_plots/hg_objec.html#handle_graphics_objects
types_of_graphics_objects   ../creating_plots/hg_obje3.html#types_of_graphics_objects
graphics_windows_the_figure   ../creating_plots/hg_obje4.html#graphics_windows_the_figure
core_graphics_objects   ../creating_plots/hg_obje5.html#core_graphics_objects
plot_objects   ../creating_plots/hg_obj10.html#plot_objects
data_source_properties   ../creating_plots/hg_obj11.html#data_source_properties
plot_objects_and_backward_compatibility   ../creating_plots/hg_obj12.html#plot_objects_and_backward_compatibility
annotation_objects   ../creating_plots/hg_obj13.html#annotation_objects
group_objects   ../creating_plots/hg_obj14.html#group_objects
setting_default_property_values   ../creating_plots/hg_obj23.html#setting_default_property_values
defining_default_values   ../creating_plots/hg_obj24.html#defining_default_values
accessing_object_handles   ../creating_plots/hg_obj26.html#accessing_object_handles
logical_operators_and_regular_expressions   ../creating_plots/hg_obj28.html#logical_operators_and_regular_expressions
controlling_graphics_ourput   ../creating_plots/hg_obj31.html#controlling_graphics_ourput
objects_that_can_contain_other_objects   ../creating_plots/hg_obj42.html#objects_that_can_contain_other_objects
callback_properties_for_graphics_objects   ../creating_plots/hg_obj45.html#callback_properties_for_graphics_objects
function_handle_callbacks   ../creating_plots/hg_obj46.html#function_handle_callbacks
using_function_handles_in_guis   ../creating_plots/hg_obj49.html#using_function_handles_in_guis
figure_properties   ../creating_plots/figure_p.html#figure_properties
docking_figures_in_the_desktop   ../creating_plots/figure_3.html#docking_figures_in_the_desktop
positioning_figures   ../creating_plots/figure_4.html#positioning_figures
selecting_drawing_methods   ../creating_plots/figure_7.html#selecting_drawing_methods
backing_store   ../creating_plots/figure_8.html#backing_store
double_buffering   ../creating_plots/figure_9.html#double_buffering
selecting_a_renderer   ../creating_plots/figure10.html#selecting_a_renderer
specifying_the_figure_pointer   ../creating_plots/figure11.html#specifying_the_figure_pointer
axes_properties   ../creating_plots/axes_pro.html#axes_properties
labeling_and_appearance_properties   ../creating_plots/axes_pr3.html#labeling_and_appearance_properties
axes_position   ../creating_plots/axes_pr4.html#axes_position
positioning_axes   ../creating_plots/axes_pr4.html#positioning_axes
automatic_axes_resize   ../creating_plots/axes_pr5.html#automatic_axes_resize
multiple_axes_per_figure   ../creating_plots/axes_pr6.html#multiple_axes_per_figure
individual_axis_control   ../creating_plots/axes_pr9.html#individual_axis_control
changing_axis_direction   ../creating_plots/axes_p12.html#changing_axis_direction
changing_axis_direction   ../creating_plots/axes_p12.html#changing_axis_direction
changing_axis_direction   ../creating_plots/axes_p12.html#changing_axis_direction
changing_axis_direction   ../creating_plots/axes_p12.html#changing_axis_direction
using_multiple_x_and_y_axes   ../creating_plots/axes_p13.html#using_multiple_x_and_y_axes
automatic_mode_properties   ../creating_plots/axes_p14.html#automatic_mode_properties
colors_controlled_by_axes   ../creating_plots/axes_p15.html#colors_controlled_by_axes
axes_color_limits   ../creating_plots/axes_p17.html#axes_color_limits
calculating_color_limits   ../creating_plots/axes_p18.html#calculating_color_limits
defining_the_color_of_lines_for_plotting   ../creating_plots/axes_p19.html#defining_the_color_of_lines_for_plotting
line_styles_used_for_plotting   ../creating_plots/axes_p20.html#line_styles_used_for_plotting
