managing_modeling_requirements   ../slvnv/rmi_usin.html#managing_modeling_requirements
requirements_dialog   ../slvnv/rmi_usi4.html#requirements_dialog
verification_manager   ../slvnv/vblocks3.html#verification_manager
perftools   ../slvnv/mc_using.html#perftools
modelcoverage_tool   ../slvnv/mc_usin2.html#modelcoverage_tool
covered_blocks   ../slvnv/mc_usin4.html#covered_blocks
model_coverage   ../slvnv/mc_usin3.html#model_coverage
modelcoverage_dialog   ../slvnv/mc_usin7.html#modelcoverage_dialog
modelcoverage_report   ../slvnv/mc_usi12.html#modelcoverage_report
html_settings   ../slvnv/mc_usi10.html#html_settings
n-dimensional_lookup_table_report   ../slvnv/mc_usi18.html#n-dimensional_lookup_table_report
enabling_colored_diagram_display   ../slvnv/mc_usi21.html#enabling_colored_diagram_display
model   ../slvnv/coverage:enabling   ../slvnv/colored   ../slvnv/simulink   ../slvnv/diagram   ../slvnv/display   ../slvnv/mc_usi21.html#model   ../slvnv/coverage:enabling   ../slvnv/colored   ../slvnv/simulink   ../slvnv/diagram   ../slvnv/display
mc_colored_simulink_diagram   ../slvnv/mc_usi20.html#mc_colored_simulink_diagram
model   ../slvnv/coverage:colored   ../slvnv/simulink   ../slvnv/diagram   ../slvnv/example   ../slvnv/mc_usi22.html#model   ../slvnv/coverage:colored   ../slvnv/simulink   ../slvnv/diagram   ../slvnv/example
