currentcompensator csh7.html#currentcompensator
sisorootlocusplot csh6.html#sisorootlocusplot
sisonotchwidthmarker csh5.html#sisonotchwidthmarker
sisonyquistline csh4.html#sisonyquistline
bodegainconstraint csh3.html#bodegainconstraint
sisobode csh2.html#sisobode
feedbacksign csh9.html#feedbacksign
feedbackstructure csh8.html#feedbackstructure
sisoprefilter csh26.html#sisoprefilter
peakgainconstraint csh25.html#peakgainconstraint
gainmarginconstraint csh24.html#gainmarginconstraint
phasemarginconstraint csh23.html#phasemarginconstraint
nicholsgainphasestems csh22.html#nicholsgainphasestems
nicholsgainphasetext csh21.html#nicholsgainphasetext
sisonicholsplot csh20.html#sisonicholsplot
sisostatusbar csh19.html#sisostatusbar
gainphasemargin csh18.html#gainphasemargin
sisosystempolezero csh17.html#sisosystempolezero
nicholssystempole csh17.html#nicholssystempole
nicholssystemzero csh17.html#nicholssystemzero
dampingratioconstraint csh16.html#dampingratioconstraint
naturalfrequencyconstraint csh15.html#naturalfrequencyconstraint
settlingtimeconstraint csh14.html#settlingtimeconstraint
isofrequencygrid csh13.html#isofrequencygrid
isodampinggrid csh12.html#isodampinggrid
nicholscompensatorpole csh11.html#nicholscompensatorpole
nicholscompensatorzero csh11.html#nicholscompensatorzero
sisocompensatorpolezero csh11.html#sisocompensatorpolezero
closedlooppoles csh10.html#closedlooppoles
