design_case_studies demos.html#design_case_studies
harddisk demos7.html#harddisk
lqg demos13.html#lqg
lqg_x_axis demos15.html#lqg_x_axis
kalman demos19a.html#kalman
creating_and_manipulating_models   manipmod/ltisys.html#creating_and_manipulating_models
precedence_rules   manipmod/ltisys6.html#precedence_rules
creating_lti_models   manipmod/ltisys9.html#creating_lti_models
mimo_transfer   manipmod/ltisys10.html#mimo_transfer
frd   manipmod/ltisys14.html#frd
lti_properties   manipmod/ltisys17.html#lti_properties
model_specific   manipmod/ltisys19.html#model_specific
iogroups   manipmod/ltisys23.html#iogroups
time_delays   manipmod/ltisys27.html#time_delays
precedence   manipmod/ltiops2.html#precedence
arithmetic_operations   manipmod/ltiops7.html#arithmetic_operations
extracting_and_modifying_subsystems   manipmod/ltiops3.html#extracting_and_modifying_subsystems
addsub   manipmod/ltiops8.html#addsub
multiply   manipmod/ltiops9.html#multiply
model_interconnection_functions   manipmod/ltiops13.html#model_interconnection_functions
continuous/discrete_conversion_of_lti_models   manipmod/ltiops16.html#continuous/discrete_conversion_of_lti_models
model_analysis_tools   manipmod/modanal.html#model_analysis_tools
arrays_of_lti_models   manipmod/ltiarray.html#arrays_of_lti_models
lti_dimensions   manipmod/ltiarra6.html#lti_dimensions
lti_stack   manipmod/ltiarr12.html#lti_stack
size_lti_ss   manipmod/ltiarr13.html#size_lti_ss
customization intro.html#customization
toolbox_preferences_editor toolbox.html#toolbox_preferences_editor
lti_viewer_preferences_editor tools.html#lti_viewer_preferences_editor
siso_design_preferences tools6.html#siso_design_preferences
root_locus_units tools7.html#root_locus_units
root_locus_style tools8.html#root_locus_style
root_locus_options tools9.html#root_locus_options
root_locus_line_colors tools10.html#root_locus_line_colors
setting_response_plot_properties properti.html#setting_response_plot_properties
property_editor properti.html#property_editor
siso_tool_property_editor propert9.html#siso_tool_property_editor
root_locus_property_editor propert9.html#root_locus_property_editor
openloop_bode_property_editor proper13.html#openloop_bode_property_editor
openloop_nichols_property_editor proper17.html#openloop_nichols_property_editor
sisobode   csh/csh2.html#sisobode
bodegainconstraint   csh/csh3.html#bodegainconstraint
sisonyquistline   csh/csh4.html#sisonyquistline
sisorootlocusplot   csh/csh6.html#sisorootlocusplot
sisonotchwidthmarker   csh/csh5.html#sisonotchwidthmarker
currentcompensator   csh/csh7.html#currentcompensator
feedbackstructure   csh/csh8.html#feedbackstructure
feedbacksign   csh/csh9.html#feedbacksign
closedlooppoles   csh/csh10.html#closedlooppoles
nicholscompensatorpole   csh/csh11.html#nicholscompensatorpole
nicholscompensatorzero   csh/csh11.html#nicholscompensatorzero
sisocompensatorpolezero   csh/csh11.html#sisocompensatorpolezero
isofrequencygrid   csh/csh13.html#isofrequencygrid
isodampinggrid   csh/csh12.html#isodampinggrid
settlingtimeconstraint   csh/csh14.html#settlingtimeconstraint
naturalfrequencyconstraint   csh/csh15.html#naturalfrequencyconstraint
dampingratioconstraint   csh/csh16.html#dampingratioconstraint
sisosystempolezero   csh/csh17.html#sisosystempolezero
nicholssystempole   csh/csh17.html#nicholssystempole
nicholssystemzero   csh/csh17.html#nicholssystemzero
gainphasemargin   csh/csh18.html#gainphasemargin
sisonicholsplot   csh/csh20.html#sisonicholsplot
sisostatusbar   csh/csh19.html#sisostatusbar
nicholsgainphasestems   csh/csh23.html#nicholsgainphasestems
nicholsgainphasetext   csh/csh22.html#nicholsgainphasetext
phasemarginconstraint   csh/csh24.html#phasemarginconstraint
gainmarginconstraint   csh/csh25.html#gainmarginconstraint
sisoprefilter   csh/csh27.html#sisoprefilter
peakgainconstraint   csh/csh26.html#peakgainconstraint
tool_and_viewer_reference introduc.html#tool_and_viewer_reference
sisotoolmainhelp sisocsh.html#sisotoolmainhelp
sisoimportdialog sisocsh3.html#sisoimportdialog
sisoexportdialog sisocsh3.html#sisoexportdialog
sisosystemdata sisocsh5.html#sisosystemdata
sisoeditcompensator sisocsh6.html#sisoeditcompensator
sisopolezeroformat sisocsh6.html#sisopolezeroformat
sisopolezeroadd sisocsh6.html#sisopolezeroadd
sisozeropoledelete sisocsh6.html#sisozeropoledelete
sisoretrievedialog sisocsh6.html#sisoretrievedialog
sisoresponsedialog sisocsh7.html#sisoresponsedialog
sisoresploopdiagram sisocsh7.html#sisoresploopdiagram
sisorespplotlist sisocsh7.html#sisorespplotlist
sisorespplotcontents sisocsh7.html#sisorespplotcontents
sisoconversion sisocsh8.html#sisoconversion
sisoconversiondomain sisocsh8.html#sisoconversiondomain
sisoconversionmethod sisocsh8.html#sisoconversionmethod
siso_right_click_menus sisocs14.html#siso_right_click_menus
sisoconstraintnew sisocs17.html#sisoconstraintnew
settlingtimeconstraint sisocs17.html#settlingtimeconstraint
sisodampingratioconstraint sisocs17.html#sisodampingratioconstraint
naturalfrequencyconstraint sisocs17.html#naturalfrequencyconstraint
sisoconstraintedit sisocs17.html#sisoconstraintedit
lti_viewer ltiviewa.html#lti_viewer
lti_browser ltiview3.html#lti_browser
lti_viewer_export ltiview3.html#lti_viewer_export
plot_configurations_window ltiview4.html#plot_configurations_window
lti_browser_delete ltiview4.html#lti_browser_delete
lti_viewer_line_styles ltiview4.html#lti_viewer_line_styles
lti_right_click_menus ltiview6.html#lti_right_click_menus
rightclick_mimo ltivie12.html#rightclick_mimo
array_selector ltivie13.html#array_selector
axis_grouping plotrig9.html#axis_grouping
io_selector plotri10.html#io_selector
dc_motor   getstart/buildmo4.html#dc_motor
specifying_operating_conditions   getstart/analy19a.html#specifying_operating_conditions
bode_diagram_design   getstart/design7.html#bode_diagram_design
adding_a_notch_filter   getstart/design14.html#adding_a_notch_filter
adding_a_prefilter   getstart/desig15a.html#adding_a_prefilter
root_locus_design   getstart/desig17a.html#root_locus_design
servomechanism   getstart/design18.html#servomechanism
nichols_plot_design   getstart/desig25b.html#nichols_plot_design
reference   ref/refintro.html#reference
reference   ref/refintro.html#reference
casestudies/#kalman   ref/parallel.html#casestudies/#kalman
reliable_computations relcomp.html#reliable_computations
sisotoolmainhelp   quick/guiquic2.html#sisotoolmainhelp
sisoimportexport   quick/guiquic3.html#sisoimportexport
sisoloopresponses   quick/guiqui10.html#sisoloopresponses
sisomodeldata   quick/guiqui11.html#sisomodeldata
sisosavecomp   quick/guiqui12.html#sisosavecomp
sisocustomizing   quick/guiqui13.html#sisocustomizing
viewer_importexport   quick/guiqui15.html#viewer_importexport
viewer_responsetypes   quick/guiqui16.html#viewer_responsetypes
viewer_mimomodels   quick/guiqui17.html#viewer_mimomodels
viewer_customizing   quick/guiqui18.html#viewer_customizing
