application_program_interface_reference   ../apiref/ch00intr.html#application_program_interface_reference
toc_interface_to_java   ../apiref/api_shrl.html#toc_interface_to_java
shrlib_prototype_mfiles   ../apiref/loadlibrary.html#shrlib_prototype_mfiles
external_c_api_matopen   ../apiref/matopen.html#external_c_api_matopen
engine_reference_c   ../apiref/eng-c.html#engine_reference_c
engine_reference_fortran   ../apiref/eng-f.html#engine_reference_fortran
toc_interface_to_java   ../apiref/api_java.html#toc_interface_to_java
javachk_footnote1   ../apiref/javachk.html#javachk_footnote1
javachk_footnote2   ../apiref/javachk.html#javachk_footnote2
usejava_footnote1   ../apiref/usejava.html#usejava_footnote1
usejava_footnote2   ../apiref/usejava.html#usejava_footnote2
toc_activex   ../apiref/api_com_.html#toc_activex
com_client_reference   ../apiref/api_com_.html#com_client_reference
com_functions_reference   ../apiref/api_com_.html#com_functions_reference
com_event_handling_example   ../apiref/actxcontrol.html#com_event_handling_example
com_server_reference   ../apiref/api_coma.html#com_server_reference
toc_dynamic_data_exchange   ../apiref/api_dde.html#toc_dynamic_data_exchange
toc_serial_port_io   ../apiref/api_seri.html#toc_serial_port_io
