helpmenu.rptgen   ../rptgen/getting2.html#helpmenu.rptgen
obj.RptgenML.Root   ../rptgen/getting2.html#obj.RptgenML.Root
topic.LicenseNotFound   ../rptgen/getting9.html#topic.LicenseNotFound
helpmenu.editor   ../rptgen/getting8.html#helpmenu.editor
obj.RptgenML.LibraryRpt   ../rptgen/getting8.html#obj.RptgenML.LibraryRpt
prefs.OutputFormats   ../rptgen/gettin17.html#prefs.OutputFormats
obj.RptgenML.CReport   ../rptgen/generat2.html#obj.RptgenML.CReport
obj.RptgenML.FileConverter   ../rptgen/genera10.html#obj.RptgenML.FileConverter
category.Report_Generator   ../rptgen/ref_int4.html#category.Report_Generator
category.Formatting   ../rptgen/ref_int3.html#category.Formatting
category.Logical_and_Flow_Control   ../rptgen/ref_int5.html#category.Logical_and_Flow_Control
category.Requirements_Management_Interface   ../rptgen/ref_int8.html#category.Requirements_Management_Interface
category.MATLAB   ../rptgen/ref_int7.html#category.MATLAB
category.Handle_Graphics   ../rptgen/ref_int6.html#category.Handle_Graphics
category.Simulink   ../rptgen/ref_int9.html#category.Simulink
category.Simulink_Blocks   ../rptgen/ref_in10.html#category.Simulink_Blocks
category.Stateflow   ../rptgen/ref_in11.html#category.Stateflow
category.Fixed_Point   ../rptgen/ref_in12.html#category.Fixed_Point
obj.rptgen_hg.chg_ax_loop   ../rptgen/axesloop.html#obj.rptgen_hg.chg_ax_loop
obj.rptgen_hg.chg_ax_snap   ../rptgen/axessnapshot.html#obj.rptgen_hg.chg_ax_snap
obj.rptgen_sl.csl_blk_count   ../rptgen/blocktypecount.html#obj.rptgen_sl.csl_blk_count
obj.rptgen_sf.csf_chart_loop   ../rptgen/blocktypecount.html#obj.rptgen_sf.csf_chart_loop
obj.rptgen_sl.csl_blk_loop   ../rptgen/blockloop.html#obj.rptgen_sl.csl_blk_loop
obj.rptgen_sl.csl_blk_sort_list   ../rptgen/blockexecutionorderlist.html#obj.rptgen_sl.csl_blk_sort_list
obj.rptgen.crg_comment   ../rptgen/comment.html#obj.rptgen.crg_comment
obj.rptgen_sf.csf_chart_loop   ../rptgen/chartloop.html#obj.rptgen_sf.csf_chart_loop
obj.rptgen.cfr_section   ../rptgen/chaptersubsection.html#obj.rptgen.cfr_section
obj.rptgen_sl.csl_blk_bus   ../rptgen/bus.html#obj.rptgen_sl.csl_blk_bus
obj.rptgen_hg.chg_fig_snap   ../rptgen/figuresnapshot.html#obj.rptgen_hg.chg_fig_snap
obj.rptgen_hg.chg_fig_loop   ../rptgen/figureloop.html#obj.rptgen_hg.chg_fig_loop
obj.rptgen.cml_eval   ../rptgen/evaluatematlabexpression.html#obj.rptgen.cml_eval
obj.rptgen.crg_empty   ../rptgen/emptycomponent.html#obj.rptgen.crg_empty
obj.rptgen_sl.csl_blk_doc   ../rptgen/documentation.html#obj.rptgen_sl.csl_blk_doc
obj.rptgen_hg.chg_prop_table   ../rptgen/handlegraphicspropertytable.html#obj.rptgen_hg.chg_prop_table
obj.rptgen_hg.chg_property   ../rptgen/handlegraphicsparameter.html#obj.rptgen_hg.chg_property
obj.rptgen_hg.chg_obj_loop   ../rptgen/handlegraphicsobjectloop.html#obj.rptgen_hg.chg_obj_loop
obj.rptgen_hg.chg_obj_name   ../rptgen/handlegraphicsname.html#obj.rptgen_hg.chg_obj_name
obj.rptgen_hg.chg_obj_anchor   ../rptgen/handlegraphicslinkinganchor.html#obj.rptgen_hg.chg_obj_anchor
obj.rptgen_lo.clo_for   ../rptgen/forloop.html#obj.rptgen_lo.clo_for
obj.rptgen_fp.cfp_summ_table   ../rptgen/fixedpointsummarytable.html#obj.rptgen_fp.cfp_summ_table
obj.rptgen_fp.cfp_prop_table   ../rptgen/fixedpointpropertytable.html#obj.rptgen_fp.cfp_prop_table
obj.rptgen_fp.cfp_options   ../rptgen/fixedpointloggingoptions.html#obj.rptgen_fp.cfp_options
obj.rptgen_fp.cfp_blk_loop   ../rptgen/fixedpointblockloop.html#obj.rptgen_fp.cfp_blk_loop
obj.rptgen_lo.clo_then   ../rptgen/logicalthen.html#obj.rptgen_lo.clo_then
obj.rptgen_lo.clo_if   ../rptgen/logicalif.html#obj.rptgen_lo.clo_if
obj.rptgen_lo.clo_else_if   ../rptgen/logicalelseif.html#obj.rptgen_lo.clo_else_if
obj.rptgen_lo.clo_else   ../rptgen/logicalelse.html#obj.rptgen_lo.clo_else
obj.rptgen.cfr_list   ../rptgen/list.html#obj.rptgen.cfr_list
obj.rptgen.cfr_link   ../rptgen/link.html#obj.rptgen.cfr_link
obj.rptgen.cml_variable   ../rptgen/insertvariable.html#obj.rptgen.cml_variable
obj.rptgen.crg_import_file   ../rptgen/importfile.html#obj.rptgen.crg_import_file
obj.rptgen.cfr_image   ../rptgen/image.html#obj.rptgen.cfr_image
obj.rptgen_hg.chg_summ_table   ../rptgen/handlegraphicssummarytable.html#obj.rptgen_hg.chg_summ_table
obj.rptgen.cml_ver   ../rptgen/matlabtoolboxversionnumber.html#obj.rptgen.cml_ver
obj.rptgen.cml_prop_table   ../rptgen/matlabpropertytable.html#obj.rptgen.cml_prop_table
obj.rptgen_sf.csf_machine_loop   ../rptgen/machineloop.html#obj.rptgen_sf.csf_machine_loop
obj.rptgen_sl.csl_blk_lookup   ../rptgen/lookuptable.html#obj.rptgen_sl.csl_blk_lookup
obj.rptgen_sl.csl_mdl_loop   ../rptgen/modelloop.html#obj.rptgen_sl.csl_mdl_loop
obj.rptgen_sl.csl_mdl_changelog   ../rptgen/modelchangelog.html#obj.rptgen_sl.csl_mdl_changelog
obj.rptgen_sl.csl_property   ../rptgen/simulinkproperty.html#obj.rptgen_sl.csl_property
obj.rptgen_sl.csl_obj_name   ../rptgen/simulinkname.html#obj.rptgen_sl.csl_obj_name
obj.rptgen_sl.csl_obj_anchor   ../rptgen/simulinklinkinganchor.html#obj.rptgen_sl.csl_obj_anchor
obj.rptgen_sl.csl_obj_fun_var   ../rptgen/simulinkfunctionsandvariables.html#obj.rptgen_sl.csl_obj_fun_var
obj.rptgen_sl.csl_auto_table   ../rptgen/simulinkautomatictable.html#obj.rptgen_sl.csl_auto_table
obj.rptgen_sl.csl_sig_loop   ../rptgen/signalloop.html#obj.rptgen_sl.csl_sig_loop
obj.rptgen_sl.csl_blk_scope   ../rptgen/scopesnapshot.html#obj.rptgen_sl.csl_blk_scope
obj.RptgenRMI.CReqTable   ../rptgen/requirementstable.html#obj.RptgenRMI.CReqTable
obj.rptgen.cfr_paragraph   ../rptgen/paragraph.html#obj.rptgen.cfr_paragraph
obj.rptgen.crg_nest_set   ../rptgen/nestsetupfile.html#obj.rptgen.crg_nest_set
obj.rptgen_sl.csl_mdl_sim   ../rptgen/modelsimulation.html#obj.rptgen_sl.csl_mdl_sim
obj.rptgen_sf.csf_obj_anchor   ../rptgen/stateflowlinkinganchor.html#obj.rptgen_sf.csf_obj_anchor
obj.rptgen_sf.csf_hier_loop   ../rptgen/stateflowhierarchyloop.html#obj.rptgen_sf.csf_hier_loop
obj.rptgen_sf.csf_obj_anchor   ../rptgen/stateflowhierarchyloop.html#obj.rptgen_sf.csf_obj_anchor
obj.rptgen_sf.csf_hier   ../rptgen/stateflowhierarchy.html#obj.rptgen_sf.csf_hier
obj.rptgen_sf.csf_obj_filter   ../rptgen/stateflowfilter.html#obj.rptgen_sf.csf_obj_filter
obj.rptgen_sf.csf_count   ../rptgen/stateflowcount.html#obj.rptgen_sf.csf_count
obj.rptgen_sf.csf_auto_table   ../rptgen/stateflowautomatictable.html#obj.rptgen_sf.csf_auto_table
obj.rptgen_sf.csf_state_loop   ../rptgen/stateloop.html#obj.rptgen_sf.csf_state_loop
obj.rptgen_sl.csl_summ_table   ../rptgen/simulinksummarytable.html#obj.rptgen_sl.csl_summ_table
obj.rptgen_sl.csl_prop_table   ../rptgen/simulinkpropertytable.html#obj.rptgen_sl.csl_prop_table
obj.rptgen_sl.csl_sys_list   ../rptgen/systemhierarchy.html#obj.rptgen_sl.csl_sys_list
obj.rptgen_sl.csl_sys_filter   ../rptgen/systemfilter.html#obj.rptgen_sl.csl_sys_filter
obj.rptgen.crg_halt_gen   ../rptgen/stopreportgeneration.html#obj.rptgen.crg_halt_gen
obj.rptgen_sf.csf_summ_table   ../rptgen/stateflowsummarytable.html#obj.rptgen_sf.csf_summ_table
obj.rptgen_sf.csf_obj_snap   ../rptgen/stateflowsnapshot.html#obj.rptgen_sf.csf_obj_snap
obj.rptgen_sf.csf_prop_table   ../rptgen/stateflowpropertytable.html#obj.rptgen_sf.csf_prop_table
obj.rptgen_sf.csf_property   ../rptgen/stateflowproperty.html#obj.rptgen_sf.csf_property
obj.rptgen_sf.csf_obj_loop   ../rptgen/stateflowobjectloop.html#obj.rptgen_sf.csf_obj_loop
obj.rptgen_sf.csf_obj_name   ../rptgen/stateflowname.html#obj.rptgen_sf.csf_obj_name
obj.rptgen_sl.csl_sys_loop   ../rptgen/systemloop.html#obj.rptgen_sl.csl_sys_loop
obj.rptgen_sf.csf_truthtable   ../rptgen/truthtable.html#obj.rptgen_sf.csf_truthtable
obj.rptgen_sl.csl_blk_toworkspace   ../rptgen/toworkspaceplot.html#obj.rptgen_sl.csl_blk_toworkspace
obj.rptgen.cfr_titlepage   ../rptgen/titlepage.html#obj.rptgen.cfr_titlepage
obj.rptgen.crg_tds   ../rptgen/timedatestamp.html#obj.rptgen.crg_tds
obj.rptgen.cfr_text   ../rptgen/text.html#obj.rptgen.cfr_text
obj.rptgen.cfr_table   ../rptgen/table.html#obj.rptgen.cfr_table
obj.rptgen_sl.csl_sys_snap   ../rptgen/systemsnapshot.html#obj.rptgen_sl.csl_sys_snap
obj.rptgen_lo.clo_while   ../rptgen/whileloop.html#obj.rptgen_lo.clo_while
obj.rptgen.cml_whos   ../rptgen/variabletable.html#obj.rptgen.cml_whos
