introducing_tlc   ../tlc_ref/cp_intro.html#introducing_tlc
target_language_compiler   ../tlc_ref/collecti.html#target_language_compiler
tlc_process   ../tlc_ref/cp_intr4.html#tlc_process
code_gen_architect   ../tlc_ref/cp_archi.html#code_gen_architect
configuring_tlc   ../tlc_ref/cp_arch5.html#configuring_tlc
rtwgen_command   ../tlc_ref/cp_arch4.html#rtwgen_command
obj-info-rtw-file   ../tlc_ref/cp_mode4.html#obj-info-rtw-file
dir_and_builitin_functs   ../tlc_ref/cp_langu.html#dir_and_builitin_functs
roll   ../tlc_ref/cp_lang9.html#roll
target_language_expressions   ../tlc_ref/cp_lang6.html#target_language_expressions
target_lang_expr_table   ../tlc_ref/cp_lang6.html#target_lang_expr_table
tlc_data_promotions   ../tlc_ref/cp_lang6.html#tlc_data_promotions
target_lang_values   ../tlc_ref/cp_lang5.html#target_lang_values
target_lang_values   ../tlc_ref/cp_lang5.html#target_lang_values
compiler_directives   ../tlc_ref/cp_lang2.html#compiler_directives
assertdirective   ../tlc_ref/cp_lang2.html#assertdirective
roll_endroll   ../tlc_ref/cp_lang2.html#roll_endroll
object_oriented_facility   ../tlc_ref/cp_lan10.html#object_oriented_facility
generate_and_generate_type   ../tlc_ref/cp_lan10.html#generate_and_generate_type
built_in_func_and_values   ../tlc_ref/cp_lan14.html#built_in_func_and_values
feval_function   ../tlc_ref/cp_lan14.html#feval_function
scoping   ../tlc_ref/cp_lan17.html#scoping
command_line_arguments   ../tlc_ref/cp_lan19.html#command_line_arguments
target_language_functions   ../tlc_ref/cp_lan18.html#target_language_functions
debugging_tlc   ../tlc_ref/cp_debug.html#debugging_tlc
inlining_s_functions   ../tlc_ref/cp_inlin.html#inlining_s_functions
blockinstancesetup   ../tlc_ref/cp_inl10.html#blockinstancesetup
blocktypesetup   ../tlc_ref/cp_inl10.html#blocktypesetup
enable   ../tlc_ref/cp_inl10.html#enable
disable   ../tlc_ref/cp_inl10.html#disable
start   ../tlc_ref/cp_inl10.html#start
initializeconditions   ../tlc_ref/cp_inl10.html#initializeconditions
outputs   ../tlc_ref/cp_inl10.html#outputs
update   ../tlc_ref/cp_inl10.html#update
derivatives   ../tlc_ref/cp_inl10.html#derivatives
terminate   ../tlc_ref/cp_inl10.html#terminate
tlc_function_lib_ref   ../tlc_ref/cp_fcnli.html#tlc_function_lib_ref
obsolete_functions   ../tlc_ref/cp_fcnl2.html#obsolete_functions
model_rtw   ../tlc_ref/app_mode.html#model_rtw
mdl_rtw_changes_4.1   ../tlc_ref/app_mod7.html#mdl_rtw_changes_4.1
modelrtw_linear_block_specific_records   ../tlc_ref/app_mo37.html#modelrtw_linear_block_specific_records
model.rtw_parameter_defaults   ../tlc_ref/app_mo25.html#model.rtw_parameter_defaults
tlc_error_handling   ../tlc_ref/app_errm.html#tlc_error_handling
formatting_error_messages   ../tlc_ref/app_err3.html#formatting_error_messages
using_tlc_with_emacs   ../tlc_ref/app_emac.html#using_tlc_with_emacs
