developable_surfaces   ../map/project4.html#developable_surfaces
gstereo   ../map/front16.html#gstereo
eqdconic   ../map/front16.html#eqdconic
axesm.MapProjection   ../map/axesm.html#MapProjection
axesm.Zone   ../map/axesm.html#Zone
axesm.AngleUnits   ../map/axesm.html#AngleUnits
axesm.Aspect   ../map/axesm.html#Aspect
axesm.FalseEasting   ../map/axesm.html#FalseEasting
axesm.FalseNorthing   ../map/axesm.html#FalseNorthing
axesm.FixedOrient   ../map/axesm.html#FixedOrient
axesm.Geoid   ../map/axesm.html#Geoid
axesm.MapLatLimit   ../map/axesm.html#MapLatLimit
axesm.MapLonLimit   ../map/axesm.html#MapLonLimit
axesm.MapParallels   ../map/axesm.html#MapParallels
axesm.Parallels   ../map/axesm.html#Parallels
axesm.Origin   ../map/axesm.html#Origin
axesm.ScaleFactor   ../map/axesm.html#ScaleFactor
axesm.TrimLat   ../map/axesm.html#TrimLat
axesm.TrimLon   ../map/axesm.html#TrimLon
axesm.Frame   ../map/axesm.html#Frame
axesm.FFill   ../map/axesm.html#FFill
axesm.FEdgeColor   ../map/axesm.html#FEdgeColor
axesm.FFaceColor   ../map/axesm.html#FFaceColor
axesm.FLatLimit   ../map/axesm.html#FLatLimit
axesm.FLineWidth   ../map/axesm.html#FLineWidth
axesm.FLonLimit   ../map/axesm.html#FLonLimit
axesm.Grid   ../map/axesm.html#Grid
axesm.GAltitude   ../map/axesm.html#GAltitude
axesm.GColor   ../map/axesm.html#GColor
axesm.GLineStyle   ../map/axesm.html#GLineStyle
axesm.GLineWidth   ../map/axesm.html#GLineWidth
axesm.MLineException   ../map/axesm.html#MLineException
axesm.MLineFill   ../map/axesm.html#MLineFill
axesm.MLineLimit   ../map/axesm.html#MLineLimit
axesm.MLineLocation   ../map/axesm.html#MLineLocation
axesm.PLineException   ../map/axesm.html#PLineException
axesm.PLineFill   ../map/axesm.html#PLineFill
axesm.PLineLimit   ../map/axesm.html#PLineLimit
axesm.PLineLocation   ../map/axesm.html#PLineLocation
axesm.FontAngle   ../map/axesm.html#FontAngle
axesm.FontColor   ../map/axesm.html#FontColor
axesm.FontName   ../map/axesm.html#FontName
axesm.FontSize   ../map/axesm.html#FontSize
axesm.FontUnits   ../map/axesm.html#FontUnits
axesm.FontWeight   ../map/axesm.html#FontWeight
axesm.LabelFormat   ../map/axesm.html#LabelFormat
axesm.LabelRotation   ../map/axesm.html#LabelRotation
axesm.LabelUnits   ../map/axesm.html#LabelUnits
axesm.MeridianLabel   ../map/axesm.html#MeridianLabel
axesm.MLabelLocation   ../map/axesm.html#MLabelLocation
axesm.MLabelParallel   ../map/axesm.html#MLabelParallel
axesm.MLabelRound   ../map/axesm.html#MLabelRound
axesm.ParallelLabel   ../map/axesm.html#ParallelLabel
axesm.PLabelLocation   ../map/axesm.html#PLabelLocation
axesm.PLabelMeridian   ../map/axesm.html#PLabelMeridian
axesm.PLabelRound   ../map/axesm.html#PLabelRound
mapviewref   ../map/mapview.html#mapviewref
scaleruler.Color   ../map/scaleruler.html#Color
scaleruler.FontAngle   ../map/scaleruler.html#FontAngle
scaleruler.FontName   ../map/scaleruler.html#FontName
scaleruler.FontSize   ../map/scaleruler.html#FontSize
scaleruler.FontUnits   ../map/scaleruler.html#FontUnits
scaleruler.FontWeight   ../map/scaleruler.html#FontWeight
scaleruler.Label   ../map/scaleruler.html#Label
scaleruler.LineWidth   ../map/scaleruler.html#LineWidth
scaleruler.MajorTick   ../map/scaleruler.html#MajorTick
scaleruler.MajorTickLabel   ../map/scaleruler.html#MajorTickLabel
scaleruler.MajorTickLength   ../map/scaleruler.html#MajorTickLength
scaleruler.MinorTick   ../map/scaleruler.html#MinorTick
scaleruler.MinorTickLabel   ../map/scaleruler.html#MinorTickLabel
scaleruler.MinorTickLength   ../map/scaleruler.html#MinorTickLength
scaleruler.RulerStyle   ../map/scaleruler.html#RulerStyle
scaleruler.TickDir   ../map/scaleruler.html#TickDir
scaleruler.TickMode   ../map/scaleruler.html#TickMode
scaleruler.XLoc   ../map/scaleruler.html#XLoc
scaleruler.YLoc   ../map/scaleruler.html#YLoc
scaleruler.Azimuth   ../map/scaleruler.html#Azimuth
scaleruler.Lat   ../map/scaleruler.html#Lat
scaleruler.Long   ../map/scaleruler.html#Long
scaleruler.Radius   ../map/scaleruler.html#Radius
scaleruler.Units   ../map/scaleruler.html#Units
scaleruler.Children   ../map/scaleruler.html#Children
aitoff   ../map/aitoffprojection.html#aitoff
eqaconic   ../map/albersequalareaconicprojection.html#eqaconic
apianus   ../map/apianusiiprojection.html#apianus
balthsrt   ../map/balthasartcylindricalprojection.html#balthsrt
behrmann   ../map/behrmanncylindricalprojection.html#behrmann
bonne   ../map/bonneprojection.html#bonne
braun   ../map/braunperspectivecylindricalprojection.html#braun
breusing   ../map/breusingharmonicmeanprojection.html#breusing
bries   ../map/briesemeisterprojection.html#bries
cassini   ../map/cassinicylindricalprojection.html#cassini
ccylin   ../map/centralcylindricalprojection.html#ccylin
collig   ../map/collignonprojection.html#collig
craster   ../map/crasterparabolicprojection.html#craster
eckert1   ../map/eckertiprojection.html#eckert1
eckert2   ../map/eckertllprojection.html#eckert2
eckert3   ../map/eckertlllprojection.html#eckert3
eckert4   ../map/eckertivprojection.html#eckert4
eckert5   ../map/eckertvprojection.html#eckert5
eckert6   ../map/eckertviprojection.html#eckert6
eqacylin   ../map/equalareacylindricalprojection.html#eqacylin
eqdazim   ../map/equidistantazimuthalprojection.html#eqdazim
eqdconic   ../map/equidistantconicprojection.html#eqdconic
eqdcylin   ../map/equidistantcylindricalprojection.html#eqdcylin
fournier   ../map/fournierprojection.html#fournier
giso   ../map/gallisographicprojection.html#giso
gortho   ../map/gallorthographicprojection.html#gortho
gstereo   ../map/gallstereographicprojection.html#gstereo
globe   ../map/globe.html#globe
gnomonic   ../map/gnomonicprojection.html#gnomonic
goode   ../map/goodehomolosineprojection.html#goode
hammer   ../map/hammerprojection.html#hammer
hatano   ../map/hatanoasymmetricalequalareaprojection.html#hatano
kavrsky5   ../map/kavraiskyvprojection.html#kavrsky5
kavrsky6   ../map/kavraiskyviprojection.html#kavrsky6
eqaazim   ../map/lambertazimuthalequalareaprojection.html#eqaazim
lambert   ../map/lambertconformalconicprojection.html#lambert
lambcyln   ../map/lambertequalareacylindricalprojection.html#lambcyln
loximuth   ../map/loximuthalprojection.html#loximuth
flatplrp   ../map/mcbrydethomasflatpolarparabolicprojection.html#flatplrp
flatplrq   ../map/mcbrydethomasflatpolarquarticprojection.html#flatplrq
flatplrs   ../map/mcbrydethomasflatpolarsinusoidalprojection.html#flatplrs
mercator   ../map/mercatorprojection.html#mercator
miller   ../map/millercylindricalprojection.html#miller
mollweid   ../map/mollweideprojection.html#mollweid
murdoch1   ../map/murdochiconicprojection.html#murdoch1
murdoch3   ../map/murdochiiiminimumerrorconicprojection.html#murdoch3
ortho   ../map/orthographicprojection.html#ortho
pcarree   ../map/platecarreacuteeprojection.html#pcarree
polycon   ../map/polyconicprojection.html#polycon
putnins5   ../map/putninsp5projection.html#putnins5
quartic   ../map/quarticauthalicprojection.html#quartic
robinson   ../map/robinsonprojection.html#robinson
sinusoid   ../map/sinusoidalprojection.html#sinusoid
stereo   ../map/stereographicprojection.html#stereo
tranmerc   ../map/transversemercatorprojection.html#tranmerc
modsine   ../map/tissotmodifiedsinusoidalprojection.html#modsine
trystan   ../map/trystanedwardscylindricalprojection.html#trystan
ups   ../map/universalpolarstereographicprojection.html#ups
utm   ../map/universaltransversemercatorprojection.html#utm
vgrint1   ../map/vandergrinteniprojection.html#vgrint1
vperspec   ../map/verticalperspectiveazimuthalprojection.html#vperspec
wagner4   ../map/wagnerivprojection.html#wagner4
werner   ../map/wernerprojection.html#werner
wetch   ../map/wetchcylindricalprojection.html#wetch
wiechel   ../map/wiechelprojection.html#wiechel
winkel   ../map/winkeliprojection.html#winkel
developable_surfaces   ../map/map_glos.html#developable_surfaces
geographicdatastructure   ../map/map_glos.html#geographicdatastructure
