tool_and_viewer_reference introduc.html#tool_and_viewer_reference
sisotoolmainhelp sisocsh.html#sisotoolmainhelp
sisoimportdialog sisocsh3.html#sisoimportdialog
sisoexportdialog sisocsh3.html#sisoexportdialog
sisosystemdata sisocsh5.html#sisosystemdata
sisoeditcompensator sisocsh6.html#sisoeditcompensator
sisopolezeroformat sisocsh6.html#sisopolezeroformat
sisopolezeroadd sisocsh6.html#sisopolezeroadd
sisozeropoledelete sisocsh6.html#sisozeropoledelete
sisoretrievedialog sisocsh6.html#sisoretrievedialog
sisoresponsedialog sisocsh7.html#sisoresponsedialog
sisoresploopdiagram sisocsh7.html#sisoresploopdiagram
sisorespplotlist sisocsh7.html#sisorespplotlist
sisorespplotcontents sisocsh7.html#sisorespplotcontents
sisoconversion sisocsh8.html#sisoconversion
sisoconversiondomain sisocsh8.html#sisoconversiondomain
sisoconversionmethod sisocsh8.html#sisoconversionmethod
siso_right_click_menus sisocs14.html#siso_right_click_menus
sisoconstraintnew sisocs17.html#sisoconstraintnew
settlingtimeconstraint sisocs17.html#settlingtimeconstraint
sisodampingratioconstraint sisocs17.html#sisodampingratioconstraint
naturalfrequencyconstraint sisocs17.html#naturalfrequencyconstraint
sisoconstraintedit sisocs17.html#sisoconstraintedit
lti_viewer ltiviewa.html#lti_viewer
lti_browser ltiview3.html#lti_browser
lti_viewer_export ltiview3.html#lti_viewer_export
plot_configurations_window ltiview4.html#plot_configurations_window
lti_browser_delete ltiview4.html#lti_browser_delete
lti_viewer_line_styles ltiview4.html#lti_viewer_line_styles
lti_right_click_menus ltiview6.html#lti_right_click_menus
rightclick_mimo ltivie12.html#rightclick_mimo
array_selector ltivie13.html#array_selector
axis_grouping plotrig9.html#axis_grouping
io_selector plotri10.html#io_selector
