dspblksWorkingWithSignals   ../dspblks/ch_signa.html#dspblksWorkingWithSignals
adaptive_filters_section   ../dspblks/ch_fil24.html#adaptive_filters_section
multirate_filters_section   ../dspblks/ch_fil29.html#multirate_filters_section
statistics_section   ../dspblks/ch_stat2.html#statistics_section
dspblks_dtype_support   ../dspblks/ch_datat.html#dspblks_dtype_support
dspblks_defining_customDtypes   ../dspblks/ch_data5.html#dspblks_defining_customDtypes
matlab:doc   ../dspblks/boolean   ../dspblks/ch_data2.html#matlab:doc   ../dspblks/boolean
steps_disable_boolean_suppt   ../dspblks/ch_data9.html#steps_disable_boolean_suppt
effect_disable_enable_booleans   ../dspblks/ch_data8.html#effect_disable_enable_booleans
list_boolean_suppting_blks   ../dspblks/ch_data7.html#list_boolean_suppting_blks
concepts   ../dspblks/c_fixpt5.html#concepts
operations   ../dspblks/c_fixpt8.html#operations
setting_block_parameters   ../dspblks/c_fixp14.html#setting_block_parameters
DSPlinearSystemSolversLibraryList   ../dspblks/ch_bloc9.html#DSPlinearSystemSolversLibraryList
DSPmatrixFactorizationsLibraryList   ../dspblks/ch_bloc9.html#DSPmatrixFactorizationsLibraryList
DSPmatrixInversesLibraryList   ../dspblks/ch_bloc9.html#DSPmatrixInversesLibraryList
DSPmatrixOperationsLibraryList   ../dspblks/ch_bloc9.html#DSPmatrixOperationsLibraryList
DSPmathOperationsLibraryList   ../dspblks/ch_bloc8.html#DSPmathOperationsLibraryList
DSPadaptiveFiltersLibraryList   ../dspblks/ch_bloc6.html#DSPadaptiveFiltersLibraryList
DSPfilterDesignsLibraryList   ../dspblks/ch_bloc6.html#DSPfilterDesignsLibraryList
DSPlinearPredictionLibraryList   ../dspblks/ch_bloc5.html#DSPlinearPredictionLibraryList
DSPparametricEstimationLibraryList   ../dspblks/ch_bloc5.html#DSPparametricEstimationLibraryList
DSPpowerSpectrumEstimationLibraryList   ../dspblks/ch_bloc5.html#DSPpowerSpectrumEstimationLibraryList
DSPsourcesLibraryList   ../dspblks/ch_bloc4.html#DSPsourcesLibraryList
DSPsignalOperationsLibraryList   ../dspblks/ch_blo14.html#DSPsignalOperationsLibraryList
DSPbuffersLibraryList   ../dspblks/ch_blo13.html#DSPbuffersLibraryList
indexing:   ../dspblks/blocks   ../dspblks/for   ../dspblks/ch_blo13.html#indexing:   ../dspblks/blocks   ../dspblks/for
DSPindexingLibraryList   ../dspblks/ch_blo13.html#DSPindexingLibraryList
modifying   ../dspblks/signal   ../dspblks/attributes:   ../dspblks/blocks   ../dspblks/for   ../dspblks/ch_blo13.html#modifying   ../dspblks/signal   ../dspblks/attributes:   ../dspblks/blocks   ../dspblks/for
DSPsignalAttributesLibraryList   ../dspblks/ch_blo13.html#DSPsignalAttributesLibraryList
DSPswitchesAndCountersLibraryList   ../dspblks/ch_blo13.html#DSPswitchesAndCountersLibraryList
quantization:   ../dspblks/blocks   ../dspblks/for   ../dspblks/ch_blo12.html#quantization:   ../dspblks/blocks   ../dspblks/for
DSPquantizersLibraryList   ../dspblks/ch_blo12.html#DSPquantizersLibraryList
DSPwin32LibraryList   ../dspblks/ch_blo11.html#DSPwin32LibraryList
DSPpolynomialFunctionsLibraryList   ../dspblks/ch_blo10.html#DSPpolynomialFunctionsLibraryList
DSPtransformsLibraryList   ../dspblks/ch_blo16.html#DSPtransformsLibraryList
DSPstatisticsLibraryList   ../dspblks/ch_blo15.html#DSPstatisticsLibraryList
dspblksfdatool_overview   ../dspblks/digitalfilterdesign.html#dspblksfdatool_overview
fdatool_realizemdl_frame   ../dspblks/filterrealizationwizard.html#fdatool_realizemdl_frame
fdatool_dspfwiz_panel   ../dspblks/filterrealizationwizard.html#fdatool_dspfwiz_panel
dspblks_dsp_links_refpage   ../dspblks/dsp_links.html#dspblks_dsp_links_refpage
