dsplink_working_with_quantized_filters   ../filterdesign/quant_qf.html#dsplink_working_with_quantized_filters
qfilt_structures   ../filterdesign/quant_q6.html#qfilt_structures
lms_adapt   ../filterdesign/adaptiv9.html#lms_adapt
rls_adapt   ../filterdesign/adaptiv9.html#rls_adapt
affineproj_adapt   ../filterdesign/adaptiv9.html#affineproj_adapt
fd_adapt   ../filterdesign/adaptiv9.html#fd_adapt
lattice_adapt   ../filterdesign/adaptiv9.html#lattice_adapt
haykin   ../filterdesign/adapti18.html#haykin
dftransforms   ../filterdesign/uow_ftra.html#dftransforms
#filter_design_and_analysis_tool   ../filterdesign/fdatool_.html##filter_design_and_analysis_tool
fdatool_quantfilt   ../filterdesign/fdatool4.html#fdatool_quantfilt
nlm_fdatool   ../filterdesign/fdatool8.html#nlm_fdatool
filt_structs   ../filterdesign/fdatool9.html#filt_structs
sosview   ../filterdesign/fdatoo12.html#sosview
fdatool_variable_frame   ../filterdesign/fdatoo14.html#fdatool_variable_frame
fdatool_overwrite_checkbox   ../filterdesign/fdatoo14.html#fdatool_overwrite_checkbox
export_qfilt_workspace   ../filterdesign/fdatoo14.html#export_qfilt_workspace
export_qfilt_text   ../filterdesign/fdatoo14.html#export_qfilt_text
export_qfilt_mat   ../filterdesign/fdatoo14.html#export_qfilt_mat
filters,   ../filterdesign/export   ../filterdesign/as   ../filterdesign/MAT-file   ../filterdesign/fdatoo14.html#filters,   ../filterdesign/export   ../filterdesign/as   ../filterdesign/MAT-file
fdatool_trans   ../filterdesign/fdatoo16.html#fdatool_trans
fdatool_xform_orig_specs   ../filterdesign/fdatoo17.html#fdatool_xform_orig_specs
fdatool_xform_point_specs   ../filterdesign/fdatoo18.html#fdatool_xform_point_specs
fdatool_xform_target_specs   ../filterdesign/fdatoo19.html#fdatool_xform_target_specs
fdatool_xform_location_specs   ../filterdesign/fdatoo20.html#fdatool_xform_location_specs
fdatool_realizemdl   ../filterdesign/fdatoo23.html#fdatool_realizemdl
qfilt_structures   ../filterdesign/propref4.html#qfilt_structures
df2_with_quantizers   ../filterdesign/propref4.html#df2_with_quantizers
lms_adapt   ../filterdesign/refchapa.html#lms_adapt
rls_adapt   ../filterdesign/refchapa.html#rls_adapt
affineproj_adapt   ../filterdesign/refchapa.html#affineproj_adapt
fd_adapt   ../filterdesign/refchapa.html#fd_adapt
lattice_adapt   ../filterdesign/refchapa.html#lattice_adapt
lms_adapt   ../filterdesign/adaptfilt.html#lms_adapt
rls_adapt   ../filterdesign/adaptfilt.html#rls_adapt
affineproj_adapt   ../filterdesign/adaptfilt.html#affineproj_adapt
fd_adapt   ../filterdesign/adaptfilt.html#fd_adapt
lattice_adapt   ../filterdesign/adaptfilt.html#lattice_adapt
design_methods_fdesign   ../filterdesign/fdesign.html#design_methods_fdesign
normalize   ../filterdesign/normalize.html#normalize
