restrictions   ../compiler/ch01intro18.html#restrictions
unsupported_functions_in_standalone_mode   ../compiler/ch01intro20.html#unsupported_functions_in_standalone_mode
system_requirements   ../compiler/ch02installconfig2.html#system_requirements
stand-alone_executable   ../compiler/compilation_process4.html#stand-alone_executable
macro_options   ../compiler/mcc_command5.html#macro_options
macro_options   ../compiler/mcc_command5.html#macro_options
interfacing_m_code_to_c   ../compiler/mcc_command14.html#interfacing_m_code_to_c
converting_script_m_files   ../compiler/mcc_command16.html#converting_script_m_files
stand_alone_applications   ../compiler/ch04standalone.html#stand_alone_applications
simple_example   ../compiler/ch04standalone6.html#simple_example
advance_c_example   ../compiler/ch04standalone7.html#advance_c_example
internal_interface_functions   ../compiler/libs_chapter7.html#internal_interface_functions
com_object_target   ../compiler/ch03gettingstarted4.html#com_object_target
building_excel_plugins   ../compiler/ch03gettingstarted6.html#building_excel_plugins
mcc_quick_ref   ../compiler/appaquickref.html#mcc_quick_ref
troubleshooting   ../compiler/troubleshootingapp.html#troubleshooting
utillity_reference   ../compiler/api_appendix.html#utillity_reference
